STACK DUMP @ 20251028-183322 (pid=1308471)
  thread name='MainThread' ident=22903838180352 native_id=1308471
  thread name='faulthandler-rotator' ident=22900769158912 native_id=1309265
--------------------------------------------------------------------------------
Current thread 0x000014d40035f700 (most recent call first):
  File "/nfs/roberts/project/pi_skr2/mcn26/tabula-rasa/notebooks/object_creation/orthos/speedtest.py", line 83 in _worker
  File "/home/mcn26/.conda/envs/env_tensorzinb_redo/lib/python3.10/threading.py", line 953 in run
  File "/home/mcn26/.conda/envs/env_tensorzinb_redo/lib/python3.10/threading.py", line 1016 in _bootstrap_inner
  File "/home/mcn26/.conda/envs/env_tensorzinb_redo/lib/python3.10/threading.py", line 973 in _bootstrap

Thread 0x000014d4b7238400 (most recent call first):
  File "/home/mcn26/.conda/envs/env_tensorzinb_redo/lib/python3.10/site-packages/numpy/core/_asarray.py", line 126 in require
  File "/home/mcn26/.conda/envs/env_tensorzinb_redo/lib/python3.10/site-packages/statsmodels/tools/validation/validation.py", line 143 in array_like
  File "/home/mcn26/.conda/envs/env_tensorzinb_redo/lib/python3.10/site-packages/statsmodels/tools/tools.py", line 535 in matrix_rank
  File "/home/mcn26/.conda/envs/env_tensorzinb_redo/lib/python3.10/site-packages/statsmodels/discrete/discrete_model.py", line 197 in initialize
  File "/home/mcn26/.conda/envs/env_tensorzinb_redo/lib/python3.10/site-packages/statsmodels/base/model.py", line 271 in __init__
  File "/home/mcn26/.conda/envs/env_tensorzinb_redo/lib/python3.10/site-packages/statsmodels/discrete/discrete_model.py", line 185 in __init__
  File "/home/mcn26/.conda/envs/env_tensorzinb_redo/lib/python3.10/site-packages/statsmodels/discrete/discrete_model.py", line 935 in __init__
  File "/home/mcn26/.conda/envs/env_tensorzinb_redo/lib/python3.10/site-packages/tensorzinb/tensorzinb.py", line 483 in _poisson_init_each
  File "/home/mcn26/.conda/envs/env_tensorzinb_redo/lib/python3.10/site-packages/tensorzinb/tensorzinb.py", line 550 in _poisson_init
  File "/home/mcn26/.conda/envs/env_tensorzinb_redo/lib/python3.10/site-packages/tensorzinb/tensorzinb.py", line 266 in fit
  File "/home/mcn26/.conda/envs/env_tensorzinb_redo/lib/python3.10/site-packages/tensorzinb/tensorzinb.py", line 595 in _nb_init
  File "/home/mcn26/.conda/envs/env_tensorzinb_redo/lib/python3.10/site-packages/tensorzinb/tensorzinb.py", line 268 in fit
  File "/nfs/roberts/project/pi_skr2/mcn26/tabula-rasa/notebooks/object_creation/orthos/scMPRAforge/core.py", line 1277 in _tensorzinb_fit
  File "/nfs/roberts/project/pi_skr2/mcn26/tabula-rasa/notebooks/object_creation/orthos/scMPRAforge/core.py", line 1266 in tensorzinb_fit
  File "/nfs/roberts/project/pi_skr2/mcn26/tabula-rasa/notebooks/object_creation/orthos/speedtest.py", line 91 in <module>
