WARNING: All log messages before absl::InitializeLog() is called are written to STDERR
I0000 00:00:1775066750.209338  498965 port.cc:153] oneDNN custom operations are on. You may see slightly different numerical results due to floating-point round-off errors from different computation orders. To turn them off, set the environment variable `TF_ENABLE_ONEDNN_OPTS=0`.
WARNING: All log messages before absl::InitializeLog() is called are written to STDERR
I0000 00:00:1775066755.798114  498965 port.cc:153] oneDNN custom operations are on. You may see slightly different numerical results due to floating-point round-off errors from different computation orders. To turn them off, set the environment variable `TF_ENABLE_ONEDNN_OPTS=0`.
WARNING: All log messages before absl::InitializeLog() is called are written to STDERR
I0000 00:00:1775066763.147411  499756 port.cc:153] oneDNN custom operations are on. You may see slightly different numerical results due to floating-point round-off errors from different computation orders. To turn them off, set the environment variable `TF_ENABLE_ONEDNN_OPTS=0`.
WARNING: All log messages before absl::InitializeLog() is called are written to STDERR
I0000 00:00:1775066763.147407  499752 port.cc:153] oneDNN custom operations are on. You may see slightly different numerical results due to floating-point round-off errors from different computation orders. To turn them off, set the environment variable `TF_ENABLE_ONEDNN_OPTS=0`.
WARNING: All log messages before absl::InitializeLog() is called are written to STDERR
I0000 00:00:1775066763.147410  499761 port.cc:153] oneDNN custom operations are on. You may see slightly different numerical results due to floating-point round-off errors from different computation orders. To turn them off, set the environment variable `TF_ENABLE_ONEDNN_OPTS=0`.
WARNING: All log messages before absl::InitializeLog() is called are written to STDERR
I0000 00:00:1775066763.147413  499749 port.cc:153] oneDNN custom operations are on. You may see slightly different numerical results due to floating-point round-off errors from different computation orders. To turn them off, set the environment variable `TF_ENABLE_ONEDNN_OPTS=0`.
WARNING: All log messages before absl::InitializeLog() is called are written to STDERR
WARNING: All log messages before absl::InitializeLog() is called are written to STDERR
WARNING: All log messages before absl::InitializeLog() is called are written to STDERR
WARNING: All log messages before absl::InitializeLog() is called are written to STDERR
I0000 00:00:1775066764.966607  499752 port.cc:153] oneDNN custom operations are on. You may see slightly different numerical results due to floating-point round-off errors from different computation orders. To turn them off, set the environment variable `TF_ENABLE_ONEDNN_OPTS=0`.
I0000 00:00:1775066764.966606  499756 port.cc:153] oneDNN custom operations are on. You may see slightly different numerical results due to floating-point round-off errors from different computation orders. To turn them off, set the environment variable `TF_ENABLE_ONEDNN_OPTS=0`.
I0000 00:00:1775066764.966609  499749 port.cc:153] oneDNN custom operations are on. You may see slightly different numerical results due to floating-point round-off errors from different computation orders. To turn them off, set the environment variable `TF_ENABLE_ONEDNN_OPTS=0`.
I0000 00:00:1775066764.966610  499761 port.cc:153] oneDNN custom operations are on. You may see slightly different numerical results due to floating-point round-off errors from different computation orders. To turn them off, set the environment variable `TF_ENABLE_ONEDNN_OPTS=0`.
/home/mcn26/.conda/envs/tz/lib/python3.11/site-packages/distributed/node.py:188: UserWarning: Port 8787 is already in use.
Perhaps you already have a cluster running?
Hosting the HTTP server on port 33933 instead
  warnings.warn(
/home/mcn26/.conda/envs/tz/lib/python3.11/site-packages/distributed/node.py:188: UserWarning: Port 8787 is already in use.
Perhaps you already have a cluster running?
Hosting the HTTP server on port 36517 instead
  warnings.warn(
/home/mcn26/.conda/envs/tz/lib/python3.11/site-packages/distributed/node.py:188: UserWarning: Port 8787 is already in use.
Perhaps you already have a cluster running?
Hosting the HTTP server on port 39647 instead
  warnings.warn(
/home/mcn26/.conda/envs/tz/lib/python3.11/site-packages/distributed/node.py:188: UserWarning: Port 8787 is already in use.
Perhaps you already have a cluster running?
Hosting the HTTP server on port 45535 instead
  warnings.warn(
2026-04-01 14:06:06,983 - distributed.nanny - ERROR - Failed to start process
Traceback (most recent call last):
  File "/home/mcn26/.conda/envs/tz/lib/python3.11/site-packages/distributed/nanny.py", line 452, in instantiate
    result = await self.process.start()
             ^^^^^^^^^^^^^^^^^^^^^^^^^^
  File "/home/mcn26/.conda/envs/tz/lib/python3.11/site-packages/distributed/nanny.py", line 750, in start
    await self.process.start()
  File "/home/mcn26/.conda/envs/tz/lib/python3.11/site-packages/distributed/process.py", line 55, in _call_and_set_future
    res = func(*args, **kwargs)
          ^^^^^^^^^^^^^^^^^^^^^
  File "/home/mcn26/.conda/envs/tz/lib/python3.11/site-packages/distributed/process.py", line 215, in _start
    process.start()
  File "/home/mcn26/.conda/envs/tz/lib/python3.11/multiprocessing/process.py", line 121, in start
    self._popen = self._Popen(self)
                  ^^^^^^^^^^^^^^^^^
  File "/home/mcn26/.conda/envs/tz/lib/python3.11/multiprocessing/context.py", line 288, in _Popen
    return Popen(process_obj)
           ^^^^^^^^^^^^^^^^^^
  File "/home/mcn26/.conda/envs/tz/lib/python3.11/multiprocessing/popen_spawn_posix.py", line 32, in __init__
    super().__init__(process_obj)
  File "/home/mcn26/.conda/envs/tz/lib/python3.11/multiprocessing/popen_fork.py", line 19, in __init__
    self._launch(process_obj)
  File "/home/mcn26/.conda/envs/tz/lib/python3.11/multiprocessing/popen_spawn_posix.py", line 42, in _launch
    prep_data = spawn.get_preparation_data(process_obj._name)
                ^^^^^^^^^^^^^^^^^^^^^^^^^^^^^^^^^^^^^^^^^^^^^
  File "/home/mcn26/.conda/envs/tz/lib/python3.11/multiprocessing/spawn.py", line 164, in get_preparation_data
    _check_not_importing_main()
  File "/home/mcn26/.conda/envs/tz/lib/python3.11/multiprocessing/spawn.py", line 140, in _check_not_importing_main
    raise RuntimeError('''
RuntimeError: 
        An attempt has been made to start a new process before the
        current process has finished its bootstrapping phase.

        This probably means that you are not using fork to start your
        child processes and you have forgotten to use the proper idiom
        in the main module:

            if __name__ == '__main__':
                freeze_support()
                ...

        The "freeze_support()" line can be omitted if the program
        is not going to be frozen to produce an executable.

        To fix this issue, refer to the "Safe importing of main module"
        section in https://docs.python.org/3/library/multiprocessing.html
        
2026-04-01 14:06:06,983 - distributed.nanny - ERROR - Failed to start process
Traceback (most recent call last):
  File "/home/mcn26/.conda/envs/tz/lib/python3.11/site-packages/distributed/nanny.py", line 452, in instantiate
    result = await self.process.start()
             ^^^^^^^^^^^^^^^^^^^^^^^^^^
  File "/home/mcn26/.conda/envs/tz/lib/python3.11/site-packages/distributed/nanny.py", line 750, in start
    await self.process.start()
  File "/home/mcn26/.conda/envs/tz/lib/python3.11/site-packages/distributed/process.py", line 55, in _call_and_set_future
    res = func(*args, **kwargs)
          ^^^^^^^^^^^^^^^^^^^^^
  File "/home/mcn26/.conda/envs/tz/lib/python3.11/site-packages/distributed/process.py", line 215, in _start
    process.start()
  File "/home/mcn26/.conda/envs/tz/lib/python3.11/multiprocessing/process.py", line 121, in start
    self._popen = self._Popen(self)
                  ^^^^^^^^^^^^^^^^^
  File "/home/mcn26/.conda/envs/tz/lib/python3.11/multiprocessing/context.py", line 288, in _Popen
    return Popen(process_obj)
           ^^^^^^^^^^^^^^^^^^
  File "/home/mcn26/.conda/envs/tz/lib/python3.11/multiprocessing/popen_spawn_posix.py", line 32, in __init__
    super().__init__(process_obj)
  File "/home/mcn26/.conda/envs/tz/lib/python3.11/multiprocessing/popen_fork.py", line 19, in __init__
    self._launch(process_obj)
  File "/home/mcn26/.conda/envs/tz/lib/python3.11/multiprocessing/popen_spawn_posix.py", line 42, in _launch
    prep_data = spawn.get_preparation_data(process_obj._name)
                ^^^^^^^^^^^^^^^^^^^^^^^^^^^^^^^^^^^^^^^^^^^^^
  File "/home/mcn26/.conda/envs/tz/lib/python3.11/multiprocessing/spawn.py", line 164, in get_preparation_data
    _check_not_importing_main()
  File "/home/mcn26/.conda/envs/tz/lib/python3.11/multiprocessing/spawn.py", line 140, in _check_not_importing_main
    raise RuntimeError('''
RuntimeError: 
        An attempt has been made to start a new process before the
        current process has finished its bootstrapping phase.

        This probably means that you are not using fork to start your
        child processes and you have forgotten to use the proper idiom
        in the main module:

            if __name__ == '__main__':
                freeze_support()
                ...

        The "freeze_support()" line can be omitted if the program
        is not going to be frozen to produce an executable.

        To fix this issue, refer to the "Safe importing of main module"
        section in https://docs.python.org/3/library/multiprocessing.html
        
2026-04-01 14:06:06,984 - distributed.nanny - ERROR - Failed to start process
Traceback (most recent call last):
  File "/home/mcn26/.conda/envs/tz/lib/python3.11/site-packages/distributed/nanny.py", line 452, in instantiate
    result = await self.process.start()
             ^^^^^^^^^^^^^^^^^^^^^^^^^^
  File "/home/mcn26/.conda/envs/tz/lib/python3.11/site-packages/distributed/nanny.py", line 750, in start
    await self.process.start()
  File "/home/mcn26/.conda/envs/tz/lib/python3.11/site-packages/distributed/process.py", line 55, in _call_and_set_future
    res = func(*args, **kwargs)
          ^^^^^^^^^^^^^^^^^^^^^
  File "/home/mcn26/.conda/envs/tz/lib/python3.11/site-packages/distributed/process.py", line 215, in _start
    process.start()
  File "/home/mcn26/.conda/envs/tz/lib/python3.11/multiprocessing/process.py", line 121, in start
    self._popen = self._Popen(self)
                  ^^^^^^^^^^^^^^^^^
  File "/home/mcn26/.conda/envs/tz/lib/python3.11/multiprocessing/context.py", line 288, in _Popen
    return Popen(process_obj)
           ^^^^^^^^^^^^^^^^^^
  File "/home/mcn26/.conda/envs/tz/lib/python3.11/multiprocessing/popen_spawn_posix.py", line 32, in __init__
    super().__init__(process_obj)
  File "/home/mcn26/.conda/envs/tz/lib/python3.11/multiprocessing/popen_fork.py", line 19, in __init__
    self._launch(process_obj)
  File "/home/mcn26/.conda/envs/tz/lib/python3.11/multiprocessing/popen_spawn_posix.py", line 42, in _launch
    prep_data = spawn.get_preparation_data(process_obj._name)
                ^^^^^^^^^^^^^^^^^^^^^^^^^^^^^^^^^^^^^^^^^^^^^
  File "/home/mcn26/.conda/envs/tz/lib/python3.11/multiprocessing/spawn.py", line 164, in get_preparation_data
    _check_not_importing_main()
  File "/home/mcn26/.conda/envs/tz/lib/python3.11/multiprocessing/spawn.py", line 140, in _check_not_importing_main
    raise RuntimeError('''
RuntimeError: 
        An attempt has been made to start a new process before the
        current process has finished its bootstrapping phase.

        This probably means that you are not using fork to start your
        child processes and you have forgotten to use the proper idiom
        in the main module:

            if __name__ == '__main__':
                freeze_support()
                ...

        The "freeze_support()" line can be omitted if the program
        is not going to be frozen to produce an executable.

        To fix this issue, refer to the "Safe importing of main module"
        section in https://docs.python.org/3/library/multiprocessing.html
        
2026-04-01 14:06:06,984 - distributed.nanny - ERROR - Failed to start process
Traceback (most recent call last):
  File "/home/mcn26/.conda/envs/tz/lib/python3.11/site-packages/distributed/nanny.py", line 452, in instantiate
    result = await self.process.start()
             ^^^^^^^^^^^^^^^^^^^^^^^^^^
  File "/home/mcn26/.conda/envs/tz/lib/python3.11/site-packages/distributed/nanny.py", line 750, in start
    await self.process.start()
  File "/home/mcn26/.conda/envs/tz/lib/python3.11/site-packages/distributed/process.py", line 55, in _call_and_set_future
    res = func(*args, **kwargs)
          ^^^^^^^^^^^^^^^^^^^^^
  File "/home/mcn26/.conda/envs/tz/lib/python3.11/site-packages/distributed/process.py", line 215, in _start
    process.start()
  File "/home/mcn26/.conda/envs/tz/lib/python3.11/multiprocessing/process.py", line 121, in start
    self._popen = self._Popen(self)
                  ^^^^^^^^^^^^^^^^^
  File "/home/mcn26/.conda/envs/tz/lib/python3.11/multiprocessing/context.py", line 288, in _Popen
    return Popen(process_obj)
           ^^^^^^^^^^^^^^^^^^
  File "/home/mcn26/.conda/envs/tz/lib/python3.11/multiprocessing/popen_spawn_posix.py", line 32, in __init__
    super().__init__(process_obj)
  File "/home/mcn26/.conda/envs/tz/lib/python3.11/multiprocessing/popen_fork.py", line 19, in __init__
    self._launch(process_obj)
  File "/home/mcn26/.conda/envs/tz/lib/python3.11/multiprocessing/popen_spawn_posix.py", line 42, in _launch
    prep_data = spawn.get_preparation_data(process_obj._name)
                ^^^^^^^^^^^^^^^^^^^^^^^^^^^^^^^^^^^^^^^^^^^^^
  File "/home/mcn26/.conda/envs/tz/lib/python3.11/multiprocessing/spawn.py", line 164, in get_preparation_data
    _check_not_importing_main()
  File "/home/mcn26/.conda/envs/tz/lib/python3.11/multiprocessing/spawn.py", line 140, in _check_not_importing_main
    raise RuntimeError('''
RuntimeError: 
        An attempt has been made to start a new process before the
        current process has finished its bootstrapping phase.

        This probably means that you are not using fork to start your
        child processes and you have forgotten to use the proper idiom
        in the main module:

            if __name__ == '__main__':
                freeze_support()
                ...

        The "freeze_support()" line can be omitted if the program
        is not going to be frozen to produce an executable.

        To fix this issue, refer to the "Safe importing of main module"
        section in https://docs.python.org/3/library/multiprocessing.html
        
2026-04-01 14:06:06,995 - distributed.nanny - ERROR - Failed to start process
Traceback (most recent call last):
  File "/home/mcn26/.conda/envs/tz/lib/python3.11/site-packages/distributed/nanny.py", line 452, in instantiate
    result = await self.process.start()
             ^^^^^^^^^^^^^^^^^^^^^^^^^^
  File "/home/mcn26/.conda/envs/tz/lib/python3.11/site-packages/distributed/nanny.py", line 750, in start
    await self.process.start()
  File "/home/mcn26/.conda/envs/tz/lib/python3.11/site-packages/distributed/process.py", line 55, in _call_and_set_future
    res = func(*args, **kwargs)
          ^^^^^^^^^^^^^^^^^^^^^
  File "/home/mcn26/.conda/envs/tz/lib/python3.11/site-packages/distributed/process.py", line 215, in _start
    process.start()
  File "/home/mcn26/.conda/envs/tz/lib/python3.11/multiprocessing/process.py", line 121, in start
    self._popen = self._Popen(self)
                  ^^^^^^^^^^^^^^^^^
  File "/home/mcn26/.conda/envs/tz/lib/python3.11/multiprocessing/context.py", line 288, in _Popen
    return Popen(process_obj)
           ^^^^^^^^^^^^^^^^^^
  File "/home/mcn26/.conda/envs/tz/lib/python3.11/multiprocessing/popen_spawn_posix.py", line 32, in __init__
    super().__init__(process_obj)
  File "/home/mcn26/.conda/envs/tz/lib/python3.11/multiprocessing/popen_fork.py", line 19, in __init__
    self._launch(process_obj)
  File "/home/mcn26/.conda/envs/tz/lib/python3.11/multiprocessing/popen_spawn_posix.py", line 42, in _launch
    prep_data = spawn.get_preparation_data(process_obj._name)
                ^^^^^^^^^^^^^^^^^^^^^^^^^^^^^^^^^^^^^^^^^^^^^
  File "/home/mcn26/.conda/envs/tz/lib/python3.11/multiprocessing/spawn.py", line 164, in get_preparation_data
    _check_not_importing_main()
  File "/home/mcn26/.conda/envs/tz/lib/python3.11/multiprocessing/spawn.py", line 140, in _check_not_importing_main
    raise RuntimeError('''
RuntimeError: 
        An attempt has been made to start a new process before the
        current process has finished its bootstrapping phase.

        This probably means that you are not using fork to start your
        child processes and you have forgotten to use the proper idiom
        in the main module:

            if __name__ == '__main__':
                freeze_support()
                ...

        The "freeze_support()" line can be omitted if the program
        is not going to be frozen to produce an executable.

        To fix this issue, refer to the "Safe importing of main module"
        section in https://docs.python.org/3/library/multiprocessing.html
        
2026-04-01 14:06:06,995 - distributed.nanny - ERROR - Failed to start process
Traceback (most recent call last):
  File "/home/mcn26/.conda/envs/tz/lib/python3.11/site-packages/distributed/nanny.py", line 452, in instantiate
    result = await self.process.start()
             ^^^^^^^^^^^^^^^^^^^^^^^^^^
  File "/home/mcn26/.conda/envs/tz/lib/python3.11/site-packages/distributed/nanny.py", line 750, in start
    await self.process.start()
  File "/home/mcn26/.conda/envs/tz/lib/python3.11/site-packages/distributed/process.py", line 55, in _call_and_set_future
    res = func(*args, **kwargs)
          ^^^^^^^^^^^^^^^^^^^^^
  File "/home/mcn26/.conda/envs/tz/lib/python3.11/site-packages/distributed/process.py", line 215, in _start
    process.start()
  File "/home/mcn26/.conda/envs/tz/lib/python3.11/multiprocessing/process.py", line 121, in start
    self._popen = self._Popen(self)
                  ^^^^^^^^^^^^^^^^^
  File "/home/mcn26/.conda/envs/tz/lib/python3.11/multiprocessing/context.py", line 288, in _Popen
    return Popen(process_obj)
           ^^^^^^^^^^^^^^^^^^
  File "/home/mcn26/.conda/envs/tz/lib/python3.11/multiprocessing/popen_spawn_posix.py", line 32, in __init__
    super().__init__(process_obj)
  File "/home/mcn26/.conda/envs/tz/lib/python3.11/multiprocessing/popen_fork.py", line 19, in __init__
    self._launch(process_obj)
  File "/home/mcn26/.conda/envs/tz/lib/python3.11/multiprocessing/popen_spawn_posix.py", line 42, in _launch
    prep_data = spawn.get_preparation_data(process_obj._name)
                ^^^^^^^^^^^^^^^^^^^^^^^^^^^^^^^^^^^^^^^^^^^^^
  File "/home/mcn26/.conda/envs/tz/lib/python3.11/multiprocessing/spawn.py", line 164, in get_preparation_data
    _check_not_importing_main()
  File "/home/mcn26/.conda/envs/tz/lib/python3.11/multiprocessing/spawn.py", line 140, in _check_not_importing_main
    raise RuntimeError('''
RuntimeError: 
        An attempt has been made to start a new process before the
        current process has finished its bootstrapping phase.

        This probably means that you are not using fork to start your
        child processes and you have forgotten to use the proper idiom
        in the main module:

            if __name__ == '__main__':
                freeze_support()
                ...

        The "freeze_support()" line can be omitted if the program
        is not going to be frozen to produce an executable.

        To fix this issue, refer to the "Safe importing of main module"
        section in https://docs.python.org/3/library/multiprocessing.html
        
2026-04-01 14:06:06,995 - distributed.nanny - ERROR - Failed to start process
Traceback (most recent call last):
  File "/home/mcn26/.conda/envs/tz/lib/python3.11/site-packages/distributed/nanny.py", line 452, in instantiate
    result = await self.process.start()
             ^^^^^^^^^^^^^^^^^^^^^^^^^^
  File "/home/mcn26/.conda/envs/tz/lib/python3.11/site-packages/distributed/nanny.py", line 750, in start
    await self.process.start()
  File "/home/mcn26/.conda/envs/tz/lib/python3.11/site-packages/distributed/process.py", line 55, in _call_and_set_future
    res = func(*args, **kwargs)
          ^^^^^^^^^^^^^^^^^^^^^
  File "/home/mcn26/.conda/envs/tz/lib/python3.11/site-packages/distributed/process.py", line 215, in _start
    process.start()
  File "/home/mcn26/.conda/envs/tz/lib/python3.11/multiprocessing/process.py", line 121, in start
    self._popen = self._Popen(self)
                  ^^^^^^^^^^^^^^^^^
  File "/home/mcn26/.conda/envs/tz/lib/python3.11/multiprocessing/context.py", line 288, in _Popen
    return Popen(process_obj)
           ^^^^^^^^^^^^^^^^^^
  File "/home/mcn26/.conda/envs/tz/lib/python3.11/multiprocessing/popen_spawn_posix.py", line 32, in __init__
    super().__init__(process_obj)
  File "/home/mcn26/.conda/envs/tz/lib/python3.11/multiprocessing/popen_fork.py", line 19, in __init__
    self._launch(process_obj)
  File "/home/mcn26/.conda/envs/tz/lib/python3.11/multiprocessing/popen_spawn_posix.py", line 42, in _launch
    prep_data = spawn.get_preparation_data(process_obj._name)
                ^^^^^^^^^^^^^^^^^^^^^^^^^^^^^^^^^^^^^^^^^^^^^
  File "/home/mcn26/.conda/envs/tz/lib/python3.11/multiprocessing/spawn.py", line 164, in get_preparation_data
    _check_not_importing_main()
  File "/home/mcn26/.conda/envs/tz/lib/python3.11/multiprocessing/spawn.py", line 140, in _check_not_importing_main
    raise RuntimeError('''
RuntimeError: 
        An attempt has been made to start a new process before the
        current process has finished its bootstrapping phase.

        This probably means that you are not using fork to start your
        child processes and you have forgotten to use the proper idiom
        in the main module:

            if __name__ == '__main__':
                freeze_support()
                ...

        The "freeze_support()" line can be omitted if the program
        is not going to be frozen to produce an executable.

        To fix this issue, refer to the "Safe importing of main module"
        section in https://docs.python.org/3/library/multiprocessing.html
        
2026-04-01 14:06:06,995 - distributed.nanny - ERROR - Failed to start process
Traceback (most recent call last):
  File "/home/mcn26/.conda/envs/tz/lib/python3.11/site-packages/distributed/nanny.py", line 452, in instantiate
    result = await self.process.start()
             ^^^^^^^^^^^^^^^^^^^^^^^^^^
  File "/home/mcn26/.conda/envs/tz/lib/python3.11/site-packages/distributed/nanny.py", line 750, in start
    await self.process.start()
  File "/home/mcn26/.conda/envs/tz/lib/python3.11/site-packages/distributed/process.py", line 55, in _call_and_set_future
    res = func(*args, **kwargs)
          ^^^^^^^^^^^^^^^^^^^^^
  File "/home/mcn26/.conda/envs/tz/lib/python3.11/site-packages/distributed/process.py", line 215, in _start
    process.start()
  File "/home/mcn26/.conda/envs/tz/lib/python3.11/multiprocessing/process.py", line 121, in start
    self._popen = self._Popen(self)
                  ^^^^^^^^^^^^^^^^^
  File "/home/mcn26/.conda/envs/tz/lib/python3.11/multiprocessing/context.py", line 288, in _Popen
    return Popen(process_obj)
           ^^^^^^^^^^^^^^^^^^
  File "/home/mcn26/.conda/envs/tz/lib/python3.11/multiprocessing/popen_spawn_posix.py", line 32, in __init__
    super().__init__(process_obj)
  File "/home/mcn26/.conda/envs/tz/lib/python3.11/multiprocessing/popen_fork.py", line 19, in __init__
    self._launch(process_obj)
  File "/home/mcn26/.conda/envs/tz/lib/python3.11/multiprocessing/popen_spawn_posix.py", line 42, in _launch
    prep_data = spawn.get_preparation_data(process_obj._name)
                ^^^^^^^^^^^^^^^^^^^^^^^^^^^^^^^^^^^^^^^^^^^^^
  File "/home/mcn26/.conda/envs/tz/lib/python3.11/multiprocessing/spawn.py", line 164, in get_preparation_data
    _check_not_importing_main()
  File "/home/mcn26/.conda/envs/tz/lib/python3.11/multiprocessing/spawn.py", line 140, in _check_not_importing_main
    raise RuntimeError('''
RuntimeError: 
        An attempt has been made to start a new process before the
        current process has finished its bootstrapping phase.

        This probably means that you are not using fork to start your
        child processes and you have forgotten to use the proper idiom
        in the main module:

            if __name__ == '__main__':
                freeze_support()
                ...

        The "freeze_support()" line can be omitted if the program
        is not going to be frozen to produce an executable.

        To fix this issue, refer to the "Safe importing of main module"
        section in https://docs.python.org/3/library/multiprocessing.html
        
2026-04-01 14:06:06,996 - distributed.nanny - ERROR - Failed to start process
Traceback (most recent call last):
  File "/home/mcn26/.conda/envs/tz/lib/python3.11/site-packages/distributed/nanny.py", line 452, in instantiate
    result = await self.process.start()
             ^^^^^^^^^^^^^^^^^^^^^^^^^^
  File "/home/mcn26/.conda/envs/tz/lib/python3.11/site-packages/distributed/nanny.py", line 750, in start
    await self.process.start()
  File "/home/mcn26/.conda/envs/tz/lib/python3.11/site-packages/distributed/process.py", line 55, in _call_and_set_future
    res = func(*args, **kwargs)
          ^^^^^^^^^^^^^^^^^^^^^
  File "/home/mcn26/.conda/envs/tz/lib/python3.11/site-packages/distributed/process.py", line 215, in _start
    process.start()
  File "/home/mcn26/.conda/envs/tz/lib/python3.11/multiprocessing/process.py", line 121, in start
    self._popen = self._Popen(self)
                  ^^^^^^^^^^^^^^^^^
  File "/home/mcn26/.conda/envs/tz/lib/python3.11/multiprocessing/context.py", line 288, in _Popen
    return Popen(process_obj)
           ^^^^^^^^^^^^^^^^^^
  File "/home/mcn26/.conda/envs/tz/lib/python3.11/multiprocessing/popen_spawn_posix.py", line 32, in __init__
    super().__init__(process_obj)
  File "/home/mcn26/.conda/envs/tz/lib/python3.11/multiprocessing/popen_fork.py", line 19, in __init__
    self._launch(process_obj)
  File "/home/mcn26/.conda/envs/tz/lib/python3.11/multiprocessing/popen_spawn_posix.py", line 42, in _launch
    prep_data = spawn.get_preparation_data(process_obj._name)
                ^^^^^^^^^^^^^^^^^^^^^^^^^^^^^^^^^^^^^^^^^^^^^
  File "/home/mcn26/.conda/envs/tz/lib/python3.11/multiprocessing/spawn.py", line 164, in get_preparation_data
    _check_not_importing_main()
  File "/home/mcn26/.conda/envs/tz/lib/python3.11/multiprocessing/spawn.py", line 140, in _check_not_importing_main
    raise RuntimeError('''
RuntimeError: 
        An attempt has been made to start a new process before the
        current process has finished its bootstrapping phase.

        This probably means that you are not using fork to start your
        child processes and you have forgotten to use the proper idiom
        in the main module:

            if __name__ == '__main__':
                freeze_support()
                ...

        The "freeze_support()" line can be omitted if the program
        is not going to be frozen to produce an executable.

        To fix this issue, refer to the "Safe importing of main module"
        section in https://docs.python.org/3/library/multiprocessing.html
        
2026-04-01 14:06:06,996 - distributed.nanny - ERROR - Failed to start process
Traceback (most recent call last):
  File "/home/mcn26/.conda/envs/tz/lib/python3.11/site-packages/distributed/nanny.py", line 452, in instantiate
    result = await self.process.start()
             ^^^^^^^^^^^^^^^^^^^^^^^^^^
  File "/home/mcn26/.conda/envs/tz/lib/python3.11/site-packages/distributed/nanny.py", line 750, in start
    await self.process.start()
  File "/home/mcn26/.conda/envs/tz/lib/python3.11/site-packages/distributed/process.py", line 55, in _call_and_set_future
    res = func(*args, **kwargs)
          ^^^^^^^^^^^^^^^^^^^^^
  File "/home/mcn26/.conda/envs/tz/lib/python3.11/site-packages/distributed/process.py", line 215, in _start
    process.start()
  File "/home/mcn26/.conda/envs/tz/lib/python3.11/multiprocessing/process.py", line 121, in start
    self._popen = self._Popen(self)
                  ^^^^^^^^^^^^^^^^^
  File "/home/mcn26/.conda/envs/tz/lib/python3.11/multiprocessing/context.py", line 288, in _Popen
    return Popen(process_obj)
           ^^^^^^^^^^^^^^^^^^
  File "/home/mcn26/.conda/envs/tz/lib/python3.11/multiprocessing/popen_spawn_posix.py", line 32, in __init__
    super().__init__(process_obj)
  File "/home/mcn26/.conda/envs/tz/lib/python3.11/multiprocessing/popen_fork.py", line 19, in __init__
    self._launch(process_obj)
  File "/home/mcn26/.conda/envs/tz/lib/python3.11/multiprocessing/popen_spawn_posix.py", line 42, in _launch
    prep_data = spawn.get_preparation_data(process_obj._name)
                ^^^^^^^^^^^^^^^^^^^^^^^^^^^^^^^^^^^^^^^^^^^^^
  File "/home/mcn26/.conda/envs/tz/lib/python3.11/multiprocessing/spawn.py", line 164, in get_preparation_data
    _check_not_importing_main()
  File "/home/mcn26/.conda/envs/tz/lib/python3.11/multiprocessing/spawn.py", line 140, in _check_not_importing_main
    raise RuntimeError('''
RuntimeError: 
        An attempt has been made to start a new process before the
        current process has finished its bootstrapping phase.

        This probably means that you are not using fork to start your
        child processes and you have forgotten to use the proper idiom
        in the main module:

            if __name__ == '__main__':
                freeze_support()
                ...

        The "freeze_support()" line can be omitted if the program
        is not going to be frozen to produce an executable.

        To fix this issue, refer to the "Safe importing of main module"
        section in https://docs.python.org/3/library/multiprocessing.html
        
2026-04-01 14:06:06,996 - distributed.nanny - ERROR - Failed to start process
Traceback (most recent call last):
  File "/home/mcn26/.conda/envs/tz/lib/python3.11/site-packages/distributed/nanny.py", line 452, in instantiate
    result = await self.process.start()
             ^^^^^^^^^^^^^^^^^^^^^^^^^^
  File "/home/mcn26/.conda/envs/tz/lib/python3.11/site-packages/distributed/nanny.py", line 750, in start
    await self.process.start()
  File "/home/mcn26/.conda/envs/tz/lib/python3.11/site-packages/distributed/process.py", line 55, in _call_and_set_future
    res = func(*args, **kwargs)
          ^^^^^^^^^^^^^^^^^^^^^
  File "/home/mcn26/.conda/envs/tz/lib/python3.11/site-packages/distributed/process.py", line 215, in _start
    process.start()
  File "/home/mcn26/.conda/envs/tz/lib/python3.11/multiprocessing/process.py", line 121, in start
    self._popen = self._Popen(self)
                  ^^^^^^^^^^^^^^^^^
  File "/home/mcn26/.conda/envs/tz/lib/python3.11/multiprocessing/context.py", line 288, in _Popen
    return Popen(process_obj)
           ^^^^^^^^^^^^^^^^^^
  File "/home/mcn26/.conda/envs/tz/lib/python3.11/multiprocessing/popen_spawn_posix.py", line 32, in __init__
    super().__init__(process_obj)
  File "/home/mcn26/.conda/envs/tz/lib/python3.11/multiprocessing/popen_fork.py", line 19, in __init__
    self._launch(process_obj)
  File "/home/mcn26/.conda/envs/tz/lib/python3.11/multiprocessing/popen_spawn_posix.py", line 42, in _launch
    prep_data = spawn.get_preparation_data(process_obj._name)
                ^^^^^^^^^^^^^^^^^^^^^^^^^^^^^^^^^^^^^^^^^^^^^
  File "/home/mcn26/.conda/envs/tz/lib/python3.11/multiprocessing/spawn.py", line 164, in get_preparation_data
    _check_not_importing_main()
  File "/home/mcn26/.conda/envs/tz/lib/python3.11/multiprocessing/spawn.py", line 140, in _check_not_importing_main
    raise RuntimeError('''
RuntimeError: 
        An attempt has been made to start a new process before the
        current process has finished its bootstrapping phase.

        This probably means that you are not using fork to start your
        child processes and you have forgotten to use the proper idiom
        in the main module:

            if __name__ == '__main__':
                freeze_support()
                ...

        The "freeze_support()" line can be omitted if the program
        is not going to be frozen to produce an executable.

        To fix this issue, refer to the "Safe importing of main module"
        section in https://docs.python.org/3/library/multiprocessing.html
        
2026-04-01 14:06:06,996 - distributed.nanny - ERROR - Failed to start process
Traceback (most recent call last):
  File "/home/mcn26/.conda/envs/tz/lib/python3.11/site-packages/distributed/nanny.py", line 452, in instantiate
    result = await self.process.start()
             ^^^^^^^^^^^^^^^^^^^^^^^^^^
  File "/home/mcn26/.conda/envs/tz/lib/python3.11/site-packages/distributed/nanny.py", line 750, in start
    await self.process.start()
  File "/home/mcn26/.conda/envs/tz/lib/python3.11/site-packages/distributed/process.py", line 55, in _call_and_set_future
    res = func(*args, **kwargs)
          ^^^^^^^^^^^^^^^^^^^^^
  File "/home/mcn26/.conda/envs/tz/lib/python3.11/site-packages/distributed/process.py", line 215, in _start
    process.start()
  File "/home/mcn26/.conda/envs/tz/lib/python3.11/multiprocessing/process.py", line 121, in start
    self._popen = self._Popen(self)
                  ^^^^^^^^^^^^^^^^^
  File "/home/mcn26/.conda/envs/tz/lib/python3.11/multiprocessing/context.py", line 288, in _Popen
    return Popen(process_obj)
           ^^^^^^^^^^^^^^^^^^
  File "/home/mcn26/.conda/envs/tz/lib/python3.11/multiprocessing/popen_spawn_posix.py", line 32, in __init__
    super().__init__(process_obj)
  File "/home/mcn26/.conda/envs/tz/lib/python3.11/multiprocessing/popen_fork.py", line 19, in __init__
    self._launch(process_obj)
  File "/home/mcn26/.conda/envs/tz/lib/python3.11/multiprocessing/popen_spawn_posix.py", line 42, in _launch
    prep_data = spawn.get_preparation_data(process_obj._name)
                ^^^^^^^^^^^^^^^^^^^^^^^^^^^^^^^^^^^^^^^^^^^^^
  File "/home/mcn26/.conda/envs/tz/lib/python3.11/multiprocessing/spawn.py", line 164, in get_preparation_data
    _check_not_importing_main()
  File "/home/mcn26/.conda/envs/tz/lib/python3.11/multiprocessing/spawn.py", line 140, in _check_not_importing_main
    raise RuntimeError('''
RuntimeError: 
        An attempt has been made to start a new process before the
        current process has finished its bootstrapping phase.

        This probably means that you are not using fork to start your
        child processes and you have forgotten to use the proper idiom
        in the main module:

            if __name__ == '__main__':
                freeze_support()
                ...

        The "freeze_support()" line can be omitted if the program
        is not going to be frozen to produce an executable.

        To fix this issue, refer to the "Safe importing of main module"
        section in https://docs.python.org/3/library/multiprocessing.html
        
2026-04-01 14:06:06,996 - distributed.nanny - ERROR - Failed to start process
Traceback (most recent call last):
  File "/home/mcn26/.conda/envs/tz/lib/python3.11/site-packages/distributed/nanny.py", line 452, in instantiate
    result = await self.process.start()
             ^^^^^^^^^^^^^^^^^^^^^^^^^^
  File "/home/mcn26/.conda/envs/tz/lib/python3.11/site-packages/distributed/nanny.py", line 750, in start
    await self.process.start()
  File "/home/mcn26/.conda/envs/tz/lib/python3.11/site-packages/distributed/process.py", line 55, in _call_and_set_future
    res = func(*args, **kwargs)
          ^^^^^^^^^^^^^^^^^^^^^
  File "/home/mcn26/.conda/envs/tz/lib/python3.11/site-packages/distributed/process.py", line 215, in _start
    process.start()
  File "/home/mcn26/.conda/envs/tz/lib/python3.11/multiprocessing/process.py", line 121, in start
    self._popen = self._Popen(self)
                  ^^^^^^^^^^^^^^^^^
  File "/home/mcn26/.conda/envs/tz/lib/python3.11/multiprocessing/context.py", line 288, in _Popen
    return Popen(process_obj)
           ^^^^^^^^^^^^^^^^^^
  File "/home/mcn26/.conda/envs/tz/lib/python3.11/multiprocessing/popen_spawn_posix.py", line 32, in __init__
    super().__init__(process_obj)
  File "/home/mcn26/.conda/envs/tz/lib/python3.11/multiprocessing/popen_fork.py", line 19, in __init__
    self._launch(process_obj)
  File "/home/mcn26/.conda/envs/tz/lib/python3.11/multiprocessing/popen_spawn_posix.py", line 42, in _launch
    prep_data = spawn.get_preparation_data(process_obj._name)
                ^^^^^^^^^^^^^^^^^^^^^^^^^^^^^^^^^^^^^^^^^^^^^
  File "/home/mcn26/.conda/envs/tz/lib/python3.11/multiprocessing/spawn.py", line 164, in get_preparation_data
    _check_not_importing_main()
  File "/home/mcn26/.conda/envs/tz/lib/python3.11/multiprocessing/spawn.py", line 140, in _check_not_importing_main
    raise RuntimeError('''
RuntimeError: 
        An attempt has been made to start a new process before the
        current process has finished its bootstrapping phase.

        This probably means that you are not using fork to start your
        child processes and you have forgotten to use the proper idiom
        in the main module:

            if __name__ == '__main__':
                freeze_support()
                ...

        The "freeze_support()" line can be omitted if the program
        is not going to be frozen to produce an executable.

        To fix this issue, refer to the "Safe importing of main module"
        section in https://docs.python.org/3/library/multiprocessing.html
        
2026-04-01 14:06:06,996 - distributed.nanny - ERROR - Failed to start process
Traceback (most recent call last):
  File "/home/mcn26/.conda/envs/tz/lib/python3.11/site-packages/distributed/nanny.py", line 452, in instantiate
    result = await self.process.start()
             ^^^^^^^^^^^^^^^^^^^^^^^^^^
  File "/home/mcn26/.conda/envs/tz/lib/python3.11/site-packages/distributed/nanny.py", line 750, in start
    await self.process.start()
  File "/home/mcn26/.conda/envs/tz/lib/python3.11/site-packages/distributed/process.py", line 55, in _call_and_set_future
    res = func(*args, **kwargs)
          ^^^^^^^^^^^^^^^^^^^^^
  File "/home/mcn26/.conda/envs/tz/lib/python3.11/site-packages/distributed/process.py", line 215, in _start
    process.start()
  File "/home/mcn26/.conda/envs/tz/lib/python3.11/multiprocessing/process.py", line 121, in start
    self._popen = self._Popen(self)
                  ^^^^^^^^^^^^^^^^^
  File "/home/mcn26/.conda/envs/tz/lib/python3.11/multiprocessing/context.py", line 288, in _Popen
    return Popen(process_obj)
           ^^^^^^^^^^^^^^^^^^
  File "/home/mcn26/.conda/envs/tz/lib/python3.11/multiprocessing/popen_spawn_posix.py", line 32, in __init__
    super().__init__(process_obj)
  File "/home/mcn26/.conda/envs/tz/lib/python3.11/multiprocessing/popen_fork.py", line 19, in __init__
    self._launch(process_obj)
  File "/home/mcn26/.conda/envs/tz/lib/python3.11/multiprocessing/popen_spawn_posix.py", line 42, in _launch
    prep_data = spawn.get_preparation_data(process_obj._name)
                ^^^^^^^^^^^^^^^^^^^^^^^^^^^^^^^^^^^^^^^^^^^^^
  File "/home/mcn26/.conda/envs/tz/lib/python3.11/multiprocessing/spawn.py", line 164, in get_preparation_data
    _check_not_importing_main()
  File "/home/mcn26/.conda/envs/tz/lib/python3.11/multiprocessing/spawn.py", line 140, in _check_not_importing_main
    raise RuntimeError('''
RuntimeError: 
        An attempt has been made to start a new process before the
        current process has finished its bootstrapping phase.

        This probably means that you are not using fork to start your
        child processes and you have forgotten to use the proper idiom
        in the main module:

            if __name__ == '__main__':
                freeze_support()
                ...

        The "freeze_support()" line can be omitted if the program
        is not going to be frozen to produce an executable.

        To fix this issue, refer to the "Safe importing of main module"
        section in https://docs.python.org/3/library/multiprocessing.html
        
2026-04-01 14:06:06,996 - distributed.nanny - ERROR - Failed to start process
Traceback (most recent call last):
  File "/home/mcn26/.conda/envs/tz/lib/python3.11/site-packages/distributed/nanny.py", line 452, in instantiate
    result = await self.process.start()
             ^^^^^^^^^^^^^^^^^^^^^^^^^^
  File "/home/mcn26/.conda/envs/tz/lib/python3.11/site-packages/distributed/nanny.py", line 750, in start
    await self.process.start()
  File "/home/mcn26/.conda/envs/tz/lib/python3.11/site-packages/distributed/process.py", line 55, in _call_and_set_future
    res = func(*args, **kwargs)
          ^^^^^^^^^^^^^^^^^^^^^
  File "/home/mcn26/.conda/envs/tz/lib/python3.11/site-packages/distributed/process.py", line 215, in _start
    process.start()
  File "/home/mcn26/.conda/envs/tz/lib/python3.11/multiprocessing/process.py", line 121, in start
    self._popen = self._Popen(self)
                  ^^^^^^^^^^^^^^^^^
  File "/home/mcn26/.conda/envs/tz/lib/python3.11/multiprocessing/context.py", line 288, in _Popen
    return Popen(process_obj)
           ^^^^^^^^^^^^^^^^^^
  File "/home/mcn26/.conda/envs/tz/lib/python3.11/multiprocessing/popen_spawn_posix.py", line 32, in __init__
    super().__init__(process_obj)
  File "/home/mcn26/.conda/envs/tz/lib/python3.11/multiprocessing/popen_fork.py", line 19, in __init__
    self._launch(process_obj)
  File "/home/mcn26/.conda/envs/tz/lib/python3.11/multiprocessing/popen_spawn_posix.py", line 42, in _launch
    prep_data = spawn.get_preparation_data(process_obj._name)
                ^^^^^^^^^^^^^^^^^^^^^^^^^^^^^^^^^^^^^^^^^^^^^
  File "/home/mcn26/.conda/envs/tz/lib/python3.11/multiprocessing/spawn.py", line 164, in get_preparation_data
    _check_not_importing_main()
  File "/home/mcn26/.conda/envs/tz/lib/python3.11/multiprocessing/spawn.py", line 140, in _check_not_importing_main
    raise RuntimeError('''
RuntimeError: 
        An attempt has been made to start a new process before the
        current process has finished its bootstrapping phase.

        This probably means that you are not using fork to start your
        child processes and you have forgotten to use the proper idiom
        in the main module:

            if __name__ == '__main__':
                freeze_support()
                ...

        The "freeze_support()" line can be omitted if the program
        is not going to be frozen to produce an executable.

        To fix this issue, refer to the "Safe importing of main module"
        section in https://docs.python.org/3/library/multiprocessing.html
        
2026-04-01 14:06:06,996 - distributed.nanny - ERROR - Failed to start process
Traceback (most recent call last):
  File "/home/mcn26/.conda/envs/tz/lib/python3.11/site-packages/distributed/nanny.py", line 452, in instantiate
    result = await self.process.start()
             ^^^^^^^^^^^^^^^^^^^^^^^^^^
  File "/home/mcn26/.conda/envs/tz/lib/python3.11/site-packages/distributed/nanny.py", line 750, in start
    await self.process.start()
  File "/home/mcn26/.conda/envs/tz/lib/python3.11/site-packages/distributed/process.py", line 55, in _call_and_set_future
    res = func(*args, **kwargs)
          ^^^^^^^^^^^^^^^^^^^^^
  File "/home/mcn26/.conda/envs/tz/lib/python3.11/site-packages/distributed/process.py", line 215, in _start
    process.start()
  File "/home/mcn26/.conda/envs/tz/lib/python3.11/multiprocessing/process.py", line 121, in start
    self._popen = self._Popen(self)
                  ^^^^^^^^^^^^^^^^^
  File "/home/mcn26/.conda/envs/tz/lib/python3.11/multiprocessing/context.py", line 288, in _Popen
    return Popen(process_obj)
           ^^^^^^^^^^^^^^^^^^
  File "/home/mcn26/.conda/envs/tz/lib/python3.11/multiprocessing/popen_spawn_posix.py", line 32, in __init__
    super().__init__(process_obj)
  File "/home/mcn26/.conda/envs/tz/lib/python3.11/multiprocessing/popen_fork.py", line 19, in __init__
    self._launch(process_obj)
  File "/home/mcn26/.conda/envs/tz/lib/python3.11/multiprocessing/popen_spawn_posix.py", line 42, in _launch
    prep_data = spawn.get_preparation_data(process_obj._name)
                ^^^^^^^^^^^^^^^^^^^^^^^^^^^^^^^^^^^^^^^^^^^^^
  File "/home/mcn26/.conda/envs/tz/lib/python3.11/multiprocessing/spawn.py", line 164, in get_preparation_data
    _check_not_importing_main()
  File "/home/mcn26/.conda/envs/tz/lib/python3.11/multiprocessing/spawn.py", line 140, in _check_not_importing_main
    raise RuntimeError('''
RuntimeError: 
        An attempt has been made to start a new process before the
        current process has finished its bootstrapping phase.

        This probably means that you are not using fork to start your
        child processes and you have forgotten to use the proper idiom
        in the main module:

            if __name__ == '__main__':
                freeze_support()
                ...

        The "freeze_support()" line can be omitted if the program
        is not going to be frozen to produce an executable.

        To fix this issue, refer to the "Safe importing of main module"
        section in https://docs.python.org/3/library/multiprocessing.html
        
slurmstepd: error: *** JOB 6961606 ON a1132u05n03 CANCELLED AT 2026-04-01T14:24:03 ***
