WARNING: All log messages before absl::InitializeLog() is called are written to STDERR
I0000 00:00:1775684732.923847  413401 port.cc:153] oneDNN custom operations are on. You may see slightly different numerical results due to floating-point round-off errors from different computation orders. To turn them off, set the environment variable `TF_ENABLE_ONEDNN_OPTS=0`.
WARNING: All log messages before absl::InitializeLog() is called are written to STDERR
I0000 00:00:1775684738.509097  413401 port.cc:153] oneDNN custom operations are on. You may see slightly different numerical results due to floating-point round-off errors from different computation orders. To turn them off, set the environment variable `TF_ENABLE_ONEDNN_OPTS=0`.
/home/mcn26/.conda/envs/tz/lib/python3.11/site-packages/distributed/client.py:3398: UserWarning: Sending large graph of size 20.99 MiB.
This may cause some slowdown.
Consider loading the data with Dask directly
 or using futures or delayed objects to embed the data into the graph without repetition.
See also https://docs.dask.org/en/stable/best-practices.html#load-data-with-dask for more information.
  warnings.warn(
/home/mcn26/.conda/envs/tz/lib/python3.11/site-packages/distributed/client.py:3398: UserWarning: Sending large graph of size 26.22 MiB.
This may cause some slowdown.
Consider loading the data with Dask directly
 or using futures or delayed objects to embed the data into the graph without repetition.
See also https://docs.dask.org/en/stable/best-practices.html#load-data-with-dask for more information.
  warnings.warn(
2026-04-08 17:46:03,618 - distributed.shuffle._scheduler_plugin - WARNING - Shuffle 1cfbc9dec71a34a250d333f212af6b20 initialized by task ('shuffle-transfer-1cfbc9dec71a34a250d333f212af6b20', 0) executed on worker inproc://10.18.22.92/413401/4
2026-04-08 17:46:03,752 - distributed.shuffle._scheduler_plugin - WARNING - Shuffle 1cfbc9dec71a34a250d333f212af6b20 deactivated due to stimulus 'task-finished-1775684763.7518337'
scMPRAforge: INFO: QC: MOIB mode, p_transfected=0.011010 (MOI=73.5715, n_lib=6646).
scMPRAforge: INFO: QC regression for 'reference': dropped 1 of 1344 anti-levels with NaN before linregress.
scMPRAforge: INFO: QC regression for 'K562': dropped 10 of 1344 anti-levels with NaN before linregress.
2026-04-08 17:46:12,796 - distributed.shuffle._scheduler_plugin - WARNING - Shuffle 1cfbc9dec71a34a250d333f212af6b20 initialized by task ('shuffle-transfer-1cfbc9dec71a34a250d333f212af6b20', 0) executed on worker inproc://10.18.22.92/413401/4
2026-04-08 17:46:12,921 - distributed.shuffle._scheduler_plugin - WARNING - Shuffle 1cfbc9dec71a34a250d333f212af6b20 deactivated due to stimulus 'task-finished-1775684772.9208715'
scMPRAforge: INFO: QC: MOIB mode, p_transfected=0.011010 (MOI=73.5715, n_lib=6646).
