
CondaError: Run 'conda init' before 'conda deactivate'

Traceback (most recent call last):
  File "/gpfs/gibbs/project/reilly/eng26/.conda/scmpra/lib/python3.12/site-packages/pandas/core/indexes/base.py", line 3805, in get_loc
    return self._engine.get_loc(casted_key)
           ^^^^^^^^^^^^^^^^^^^^^^^^^^^^^^^^
  File "index.pyx", line 167, in pandas._libs.index.IndexEngine.get_loc
  File "index.pyx", line 196, in pandas._libs.index.IndexEngine.get_loc
  File "pandas/_libs/hashtable_class_helper.pxi", line 7081, in pandas._libs.hashtable.PyObjectHashTable.get_item
  File "pandas/_libs/hashtable_class_helper.pxi", line 7089, in pandas._libs.hashtable.PyObjectHashTable.get_item
KeyError: 'max_cluster_norm_mBC_UMI'

The above exception was the direct cause of the following exception:

Traceback (most recent call last):
  File "/gpfs/gibbs/project/reilly/eng26/scmpra/bin/tabula-rasa/Bootstrapping/compute_empirical_pvalues.py", line 150, in <module>
    main()
  File "/gpfs/gibbs/project/reilly/eng26/scmpra/bin/tabula-rasa/Bootstrapping/compute_empirical_pvalues.py", line 52, in main
    exp_cre = df_boot_oi[df_boot_oi['cre_id'] == cre]['max_cluster_norm_mBC_UMI']
              ~~~~~~~~~~~~~~~~~~~~~~~~~~~~~~~~~~~~~~~^^^^^^^^^^^^^^^^^^^^^^^^^^^^
  File "/gpfs/gibbs/project/reilly/eng26/.conda/scmpra/lib/python3.12/site-packages/pandas/core/frame.py", line 4102, in __getitem__
    indexer = self.columns.get_loc(key)
              ^^^^^^^^^^^^^^^^^^^^^^^^^
  File "/gpfs/gibbs/project/reilly/eng26/.conda/scmpra/lib/python3.12/site-packages/pandas/core/indexes/base.py", line 3812, in get_loc
    raise KeyError(key) from err
KeyError: 'max_cluster_norm_mBC_UMI'
