
CondaError: Run 'conda init' before 'conda deactivate'

---FILE SRR21787462_1_uniq.hist ---
---LC_EXTRAP---
TOTAL_READS	EXPECTED_DISTINCT	LOWER_0.95CI	UPPER_0.95CI
0	0	0	0
10000000.0	789676.0	783776.8	795460.0
20000000.0	1164646.5	1156341.4	1173106.8
30000000.0	1460641.0	1450223.9	1471399.5
40000000.0	1718988.0	1706489.8	1731819.8
50000000.0	1953778.0	1939344.9	1968548.9
60000000.0	2171911.0	2155747.9	2188421.1
70000000.0	2377236.0	2359175.1	2395408.6
80000000.0	2572294.0	2552500.8	2592039.1
90000000.0	2758762.5	2737529.3	2780027.3
100000000.0	2938055.5	2915371.8	2960650.1
110000000.0	3111096.0	3086939.2	3135071.9
120000000.0	3278549.0	3252972.4	3303932.9
130000000.0	3441136.0	3414155.8	3467866.9
140000000.0	3599337.5	3570991.3	3627369.9
150000000.0	3753471.0	3723882.9	3782871.9
160000000.0	3904004.0	3873197.5	3934724.1
170000000.0	4051299.5	4019221.3	4083241.4
180000000.0	4195598.0	4162265.0	4228679.5
190000000.0	4337050.5	4302532.3	4371272.6
200000000.0	4475854.5	4440208.4	4511217.8
210000000.0	4612182.5	4575451.7	4648694.2
220000000.0	4746196.5	4708366.0	4783836.2
230000000.0	4878082.5	4839137.6	4916857.2
240000000.0	5007969.5	4967911.0	5047862.6
250000000.0	5135941.5	5094792.5	5176931.4
260000000.0	5262084.5	5219888.8	5304113.1
270000000.0	5386520.0	5343333.0	5429569.8
280000000.0	5509349.5	5465172.8	5553393.1
290000000.0	5630656.0	5585481.7	5675656.7
300000000.0	5750494.5	5704330.8	5796440.2
310000000.0	5868899.0	5821788.9	5915809.7
320000000.0	5985932.5	5937912.1	6033824.3
330000000.0	6101683.5	6052761.3	6150549.8
340000000.0	6216263.5	6166388.8	6266058.7
350000000.0	6329678.5	6278844.2	6380375.7
360000000.0	6441963.0	6390170.8	6493551.6
370000000.0	6553157.5	6500415.4	6605716.2
380000000.0	6663256.6	6609616.1	6716834.2
390000000.0	6772337.2	6717782.0	6826853.8
400000000.0	6880465.7	6824956.4	6935866.8
410000000.0	6987667.1	6931194.9	7043929.2
420000000.0	7093949.0	7036529.0	7151072.7
430000000.0	7199319.8	7140988.4	7257327.6
440000000.0	7303872.2	7244601.4	7362722.2
450000000.0	7407616.1	7347394.4	7467283.4
460000000.0	7510561.0	7449445.5	7571036.8
470000000.0	7612755.5	7550735.2	7674006.5
480000000.0	7714190.0	7651279.0	7776215.7
490000000.0	7814856.9	7751099.5	7877685.7
500000000.0	7914752.8	7850216.3	7978435.4
510000000.0	8013971.2	7948648.9	8078487.0
520000000.0	8112546.7	8046415.8	8177859.7
530000000.0	8210469.2	8143535.0	8276571.4
540000000.0	8307755.8	8239990.8	8374639.7
550000000.0	8404420.4	8335803.1	8472081.1
560000000.0	8500472.6	8431012.4	8568916.0
570000000.0	8595934.0	8525634.7	8665174.1
580000000.0	8690820.1	8619682.6	8760852.5
590000000.0	8785133.5	8713199.0	8855965.4
600000000.0	8878899.2	8806134.3	8950526.4
610000000.0	8972147.2	8898535.9	9044548.6
620000000.0	9064858.1	8990415.9	9138044.4
630000000.0	9157058.4	9081785.9	9231026.1
640000000.0	9248814.8	9172657.1	9323505.2
650000000.0	9340058.2	9263040.5	9415493.0
660000000.0	9430845.9	9352946.3	9507000.3
670000000.0	9521200.2	9442384.6	9598037.4
680000000.0	9611048.1	9531365.1	9688614.3
690000000.0	9700429.0	9619897.2	9778740.5
700000000.0	9789329.7	9707989.8	9868425.4
710000000.0	9877797.7	9795651.7	9957677.5
720000000.0	9965883.6	9882891.4	10046505.5
730000000.0	10053543.3	9969717.0	10134917.2
740000000.0	10140793.7	10056136.4	10222920.4
750000000.0	10227601.7	10142157.3	10310522.2
760000000.0	10313984.6	10227786.9	10397729.7
770000000.0	10399980.4	10313033.0	10484549.2
780000000.0	10485662.3	10397903.9	10570986.9
790000000.0	10571043.8	10482404.8	10657048.6
800000000.0	10655986.8	10566542.0	10742739.7
810000000.0	10740465.5	10650322.0	10828065.2
820000000.0	10824643.0	10733814.0	10913029.9
830000000.0	10908504.1	10816974.4	10997638.0
840000000.0	10991954.1	10899800.2	11081682.0
850000000.0	11075112.3	10982297.3	11165280.2
860000000.0	11158064.3	11064897.4	11248940.6
870000000.0	11240475.8	11147361.6	11332520.6
880000000.0	11322640.2	11228373.3	11415510.1
890000000.0	11404477.0	11309119.4	11498073.4
900000000.0	11486012.5	11390038.2	11580475.7
910000000.0	11567235.2	11469718.8	11662605.9
920000000.0	11648157.7	11549917.1	11744426.0
930000000.0	11728725.9	11629839.9	11825945.4
940000000.0	11808958.5	11709473.3	11907167.9
950000000.0	11888984.7	11787982.5	11988012.1
960000000.0	11968857.4	11867070.1	12068658.5
970000000.0	12048260.4	11946008.3	12149109.6
980000000.0	12127480.3	12023755.3	12228684.3
990000000.0	12206122.5	12101307.0	12308044.1
1000000000.0	12284406.2	12178565.1	12387361.1
1010000000.0	12362690.3	12255076.8	12466409.3
1020000000.0	12440912.3	12330043.2	12545188.4
1030000000.0	12518848.5	12407286.8	12623371.0
1040000000.0	12596455.7	12484287.1	12701935.6
1050000000.0	12673957.0	12560634.6	12779961.5
1060000000.0	12750845.9	12636334.8	12858266.2
1070000000.0	12827584.8	12712635.8	12936452.4
1080000000.0	12904364.7	12788709.0	13013651.2
1090000000.0	12980439.7	12864547.3	13090590.8
1100000000.0	13056353.5	12939338.4	13167274.1
1110000000.0	13131905.4	13014565.8	13243709.4
1120000000.0	13207410.0	13089315.2	13319905.0
1130000000.0	13282599.7	13164081.0	13395890.7
1140000000.0	13357913.7	13238525.9	13471658.0
1150000000.0	13432931.4	13311982.3	13547194.6
1160000000.0	13507635.7	13385215.4	13622480.9
1170000000.0	13582079.6	13457357.6	13697541.2
1180000000.0	13656247.2	13530932.2	13773498.2
1190000000.0	13730301.7	13603453.4	13850122.4
1200000000.0	13803747.1	13675984.8	13924844.6
1210000000.0	13877009.6	13748451.5	14002083.4
1220000000.0	13950156.6	13819499.5	14075639.9
1230000000.0	14023158.5	13891174.7	14148459.3
1240000000.0	14096237.6	13962529.4	14221927.6
1250000000.0	14169103.8	14033689.1	14295025.1
1260000000.0	14241431.6	14104631.0	14367749.4
1270000000.0	14313102.6	14175356.8	14441052.4
1280000000.0	14385259.8	14245892.6	14514447.0
1290000000.0	14456818.1	14316140.4	14587642.0
1300000000.0	14528669.1	14385513.0	14659967.6
1310000000.0	14599844.8	14453799.3	14732457.2
1320000000.0	14671390.3	14521823.8	14805358.0
1330000000.0	14742416.4	14588513.3	14877947.7
1340000000.0	14813945.9	14657227.4	14951182.9
1350000000.0	14884083.6	14724564.8	15023402.0
1360000000.0	14954162.8	14790780.6	15095430.5
1370000000.0	15024542.5	14858668.0	15167289.0
1380000000.0	15095006.8	14925723.7	15238923.9
1390000000.0	15164884.8	14993642.6	15310539.3
1400000000.0	15234158.8	15061363.6	15381929.2
1410000000.0	15302918.6	15128885.8	15453142.4
1420000000.0	15372602.2	15196098.2	15524309.3
1430000000.0	15442174.6	15263323.8	15595339.8
1440000000.0	15511143.8	15330244.4	15666214.0
1450000000.0	15579978.1	15396971.7	15736933.4
1460000000.0	15649264.6	15463507.1	15807496.1
1470000000.0	15718428.3	15529852.0	15877842.4
1480000000.0	15787120.0	15594820.5	15948036.2
1490000000.0	15855281.5	15660032.8	16017564.8
1500000000.0	15922902.7	15726351.4	16087821.3
1510000000.0	15991201.7	15792062.6	16157704.3
1520000000.0	16059239.7	15855263.7	16227509.6
1530000000.0	16127179.0	15919713.2	16298370.0
1540000000.0	16194005.0	15984287.3	16369075.9
1550000000.0	16261188.6	16048671.6	16439407.7
1560000000.0	16328057.6	16112867.4	16508838.7
1570000000.0	16395042.9	16176687.6	16578602.2
1580000000.0	16461840.5	16236402.3	16648827.7
1590000000.0	16529197.6	16295893.5	16718405.3
1600000000.0	16595656.3	16355166.2	16787861.4
1610000000.0	16662099.4	16415299.2	16857151.4
1620000000.0	16728682.1	16477901.4	16925621.6
1630000000.0	16795318.8	16540369.7	16993530.4
1640000000.0	16862307.2	16602838.8	17061305.6
1650000000.0	16928388.2	16665595.7	17128948.5
1660000000.0	16993884.9	16728180.0	17196460.0
1670000000.0	17059677.1	16790592.8	17263841.1
1680000000.0	17125137.9	16852834.9	17331306.0
1690000000.0	17190277.9	16914907.5	17401709.9
1700000000.0	17255490.3	16976811.3	17472029.9
1710000000.0	17320504.7	17035822.7	17542234.4
1720000000.0	17386694.3	17094487.8	17609023.3
1730000000.0	17450337.0	17153571.3	17675274.5
1740000000.0	17515172.5	17211034.9	17742456.1
1750000000.0	17580127.5	17269808.2	17811368.3
1760000000.0	17644255.6	17330544.7	17880179.3
1770000000.0	17708876.6	17391118.2	17948889.6
1780000000.0	17772814.3	17451596.2	18017499.4
1790000000.0	17836792.2	17511935.3	18085377.6
1800000000.0	17900136.0	17572114.8	18152333.9
1810000000.0	17963611.2	17632135.6	18217262.9
1820000000.0	18027447.4	17691998.6	18282061.0
1830000000.0	18090992.4	17751704.6	18346729.0
1840000000.0	18154274.6	17811254.5	18411267.6
1850000000.0	18216768.4	17870504.2	18475677.6
1860000000.0	18280738.3	17929096.7	18540323.6
1870000000.0	18343466.0	17987531.2	18607215.1
1880000000.0	18406694.9	18044981.0	18673980.7
1890000000.0	18469276.6	18102102.8	18740642.8
1900000000.0	18532559.2	18160778.7	18807201.7
1910000000.0	18595022.9	18217911.9	18873658.1
1920000000.0	18657709.8	18274047.3	18940012.2
1930000000.0	18720341.7	18328774.5	19006264.5
1940000000.0	18782856.7	18384980.0	19072415.5
1950000000.0	18844349.5	18441028.8	19138253.5
1960000000.0	18905934.7	18496829.2	19203679.0
1970000000.0	18966862.2	18552221.6	19267732.1
1980000000.0	19027555.8	18607460.9	19331667.9
1990000000.0	19089103.0	18662547.7	19395487.0
2000000000.0	19151339.9	18717482.7	19459189.8
2010000000.0	19212848.0	18773504.1	19522776.9
2020000000.0	19273977.0	18829687.3	19586487.6
2030000000.0	19335122.2	18884576.3	19650084.1
2040000000.0	19396012.9	18939315.6	19715357.5
2050000000.0	19456700.8	18993905.9	19782545.0
2060000000.0	19518017.9	19048347.7	19849687.6
2070000000.0	19579351.0	19102641.9	19916786.1
2080000000.0	19639998.2	19156789.1	19982939.6
2090000000.0	19701146.6	19210790.0	20046806.7
2100000000.0	19761329.8	19264645.1	20110591.7
2110000000.0	19821829.1	19318355.2	20174233.6
2120000000.0	19880989.6	19371921.0	20237792.9
2130000000.0	19939607.5	19425343.0	20301270.4
2140000000.0	20000069.5	19478621.9	20364666.9
2150000000.0	20060003.3	19531758.4	20427982.9
2160000000.0	20120171.4	19584753.2	20491208.0
2170000000.0	20180196.9	19637606.7	20554339.6
2180000000.0	20240203.6	19690319.7	20617392.0
2190000000.0	20300068.7	19742892.8	20680365.6
2200000000.0	20359833.8	19795326.6	20743852.6
2210000000.0	20419894.6	19847621.8	20808273.8
2220000000.0	20479370.3	19899778.8	20872628.1
2230000000.0	20538281.0	19951812.7	20936915.7
2240000000.0	20596752.6	20003719.6	21001137.3
2250000000.0	20655339.0	20055490.4	21065293.1
2260000000.0	20714494.1	20107125.6	21128298.0
2270000000.0	20773624.7	20158625.8	21190257.8
2280000000.0	20832419.6	20209991.7	21252097.9
2290000000.0	20891149.3	20261223.8	21313786.0
2300000000.0	20950327.3	20312322.6	21375370.7
2310000000.0	21007708.5	20363288.8	21436852.3
2320000000.0	21065516.7	20414123.0	21498231.2
2330000000.0	21122410.9	20464825.6	21559507.9
2340000000.0	21180832.2	20515397.4	21620682.6
2350000000.0	21238679.0	20563884.8	21681755.7
2360000000.0	21295590.2	20611071.7	21742727.5
2370000000.0	21352857.4	20661695.1	21805182.7
2380000000.0	21410226.8	20712192.7	21866675.6
2390000000.0	21466889.7	20762564.8	21927275.8
2400000000.0	21522829.7	20812812.2	21987795.5
2410000000.0	21579113.0	20862953.2	22048235.1
2420000000.0	21636120.4	20913023.8	22109002.9
2430000000.0	21692325.5	20962971.3	22171397.6
2440000000.0	21748284.6	21012813.1	22233739.8
2450000000.0	21804209.0	21062537.2	22296029.7
2460000000.0	21860680.5	21111712.7	22358268.0
2470000000.0	21917343.5	21160627.0	22420455.0
2480000000.0	21973121.8	21209417.9	22482591.0
2490000000.0	22029092.3	21257933.3	22544674.5
2500000000.0	22085517.2	21306229.5	22606655.7
2510000000.0	22141489.5	21354404.4	22668586.3
2520000000.0	22197889.3	21402458.7	22730466.7
2530000000.0	22254046.7	21450392.8	22792297.2
2540000000.0	22309403.9	21498207.2	22854078.3
2550000000.0	22364640.7	21545902.4	22915810.3
2560000000.0	22419898.0	21593478.9	22977493.6
2570000000.0	22474269.4	21640937.2	23039128.6
2580000000.0	22529577.2	21688277.8	23100888.7
2590000000.0	22584284.0	21735501.1	23163289.1
2600000000.0	22638246.4	21782607.7	23225645.0
2610000000.0	22692649.4	21829597.9	23287956.7
2620000000.0	22748073.1	21876472.3	23350224.3
2630000000.0	22803354.2	21923231.4	23412448.3
2640000000.0	22857465.5	21969875.5	23474629.1
2650000000.0	22912320.5	22016405.2	23535024.4
2660000000.0	22967151.8	22062820.8	23594828.4
2670000000.0	23022577.0	22109123.0	23654499.4
2680000000.0	23077438.9	22155312.0	23714091.3
2690000000.0	23132458.9	22201388.5	23774627.1
2700000000.0	23187396.9	22247352.7	23833430.5
2710000000.0	23242253.4	22293205.2	23892525.4
2720000000.0	23297028.4	22338946.3	23951862.7
2730000000.0	23351548.6	22384576.6	24011765.0
2740000000.0	23405717.4	22430096.5	24072009.7
2750000000.0	23459778.9	22475506.3	24132180.9
2760000000.0	23512902.4	22520806.6	24192278.7
2770000000.0	23565777.7	22565997.7	24252303.2
2780000000.0	23619167.4	22611080.1	24312254.6
2790000000.0	23673288.1	22656054.2	24372817.1
2800000000.0	23726336.0	22701123.2	24433975.3
2810000000.0	23779116.0	22746494.8	24495059.6
2820000000.0	23832712.5	22791759.6	24556081.9
2830000000.0	23886392.6	22836918.1	24617055.6
2840000000.0	23940294.6	22881970.6	24677980.9
2850000000.0	23994634.7	22926917.5	24738858.1
2860000000.0	24048476.3	22971759.3	24798966.9
2870000000.0	24102048.0	23016496.4	24857775.2
2880000000.0	24155477.3	23061129.1	24916529.6
2890000000.0	24207970.0	23105657.9	24975230.3
2900000000.0	24261019.3	23150102.8	25033877.7
2910000000.0	24313485.9	23194448.9	25092471.9
2920000000.0	24365603.4	23238692.2	25151013.2
2930000000.0	24417664.8	23282833.1	25210500.6
2940000000.0	24469551.0	23326872.2	25270918.7
2950000000.0	24521715.1	23370809.6	25331263.1
2960000000.0	24573388.7	23414645.8	25391571.9
2970000000.0	24625317.0	23458381.3	25451846.8
2980000000.0	24677177.7	23502005.4	25512088.2
2990000000.0	24728578.9	23545123.5	25572296.3
3000000000.0	24779424.0	23588141.0	25632471.3
3010000000.0	24831222.7	23631058.4	25692613.4
3020000000.0	24882660.9	23673876.0	25752722.9
3030000000.0	24934018.6	23717026.5	25812481.6
3040000000.0	24985973.4	23760373.5	25870853.5
3050000000.0	25037230.3	23803624.2	25929173.2
3060000000.0	25089179.7	23846779.0	25987441.1
3070000000.0	25140446.2	23888817.5	26045657.3
3080000000.0	25191446.3	23930514.4	26103822.0
3090000000.0	25242366.3	23972113.9	26161935.4
3100000000.0	25293206.4	24013616.2	26219997.6
3110000000.0	25343966.8	24055021.8	26278008.8
3120000000.0	25394647.9	24096455.5	26335969.3
3130000000.0	25445249.7	24138166.8	26393879.2
3140000000.0	25495772.7	24179782.5	26452482.6
3150000000.0	25546567.3	24221303.0	26512216.4
3160000000.0	25597818.3	24262728.7	26571920.7
3170000000.0	25648438.3	24304071.3	26631595.7
3180000000.0	25698335.4	24345338.7	26691241.6
3190000000.0	25748154.7	24386512.3	26750858.6
3200000000.0	25798002.5	24427592.4	26810446.9
3210000000.0	25848455.4	24469017.2	26870006.6
3220000000.0	25898381.6	24510569.8	26929538.1
3230000000.0	25947909.8	24552031.2	26989041.4
3240000000.0	25998092.5	24593401.8	27048516.7
3250000000.0	26048202.9	24634681.8	27107921.3
3260000000.0	26098241.1	24675871.7	27167252.7
3270000000.0	26148207.5	24716971.7	27226555.5
3280000000.0	26198102.2	24757982.2	27285830.0
3290000000.0	26247925.4	24798903.4	27345076.3
3300000000.0	26297983.9	24839735.6	27404294.5
3310000000.0	26348151.2	24880479.2	27460504.1
3320000000.0	26398250.2	24921134.5	27516059.0
3330000000.0	26448281.1	24961701.7	27571542.0
3340000000.0	26498244.0	25002181.2	27626953.2
3350000000.0	26548006.0	25042573.2	27682292.9
3360000000.0	26597539.6	25082878.2	27737561.0
3370000000.0	26647678.1	25123096.2	27792757.8
3380000000.0	26697420.3	25163227.8	27850902.3
3390000000.0	26747046.4	25203273.1	27909042.9
3400000000.0	26796605.7	25243232.4	27967107.4
3410000000.0	26846098.4	25283106.0	28025142.2
3420000000.0	26895781.1	25322894.3	28083147.5
3430000000.0	26945652.0	25362597.5	28141123.5
3440000000.0	26995459.7	25402215.9	28199070.3
3450000000.0	27044492.2	25441749.8	28256988.0
3460000000.0	27092639.8	25481199.4	28314876.9
3470000000.0	27141399.8	25520565.1	28372737.1
3480000000.0	27189852.0	25559847.1	28430568.7
3490000000.0	27238236.4	25599045.7	28488372.0
3500000000.0	27286553.2	25638161.3	28546147.0
3510000000.0	27334802.6	25677193.9	28604471.5
3520000000.0	27382681.3	25716144.0	28662990.4
3530000000.0	27430334.2	25755011.9	28721485.5
3540000000.0	27477917.8	25793797.7	28779465.8
3550000000.0	27525432.5	25832501.8	28835401.1
3560000000.0	27572878.3	25871124.4	28892358.4
3570000000.0	27620255.5	25909665.8	28950078.0
3580000000.0	27667564.3	25948126.2	29007942.2
3590000000.0	27715212.9	25986276.2	29065782.0
3600000000.0	27762889.5	26024313.9	29123597.4
3610000000.0	27810562.2	26062271.1	29181388.7
3620000000.0	27857882.8	26100147.9	29239156.0
3630000000.0	27905878.4	26137860.1	29296899.3
3640000000.0	27954039.8	26175178.1	29354618.9
3650000000.0	28002221.2	26212416.4	29412314.9
3660000000.0	28050379.9	26249575.5	29470611.1
3670000000.0	28098414.4	26286655.5	29529456.9
3680000000.0	28145613.9	26323656.7	29588274.6
3690000000.0	28193292.0	26360579.5	29647064.4
3700000000.0	28241087.8	26397423.9	29705826.4
3710000000.0	28288822.8	26434190.4	29764560.7
3720000000.0	28336497.2	26470879.1	29823267.2
3730000000.0	28384040.9	26507294.5	29881946.2
3740000000.0	28430753.1	26543341.9	29940589.6
3750000000.0	28477709.7	26579311.6	29999125.4
3760000000.0	28524511.8	26615203.9	30054850.5
3770000000.0	28571110.5	26651019.0	30109403.9
3780000000.0	28618118.1	26686757.1	30163907.2
3790000000.0	28665064.7	26722418.6	30218360.6
3800000000.0	28711950.4	26758003.6	30274954.4
3810000000.0	28758775.4	26793512.5	30332303.6
3820000000.0	28805079.9	26828945.4	30389631.2
3830000000.0	28851184.7	26864302.7	30446937.4
3840000000.0	28897272.2	26899584.5	30504222.2
3850000000.0	28943649.0	26934791.1	30561482.5
3860000000.0	28990183.3	26969922.9	30618713.1
3870000000.0	29036658.0	27004979.9	30675922.9
3880000000.0	29083073.2	27039962.5	30733112.1
3890000000.0	29128468.7	27074870.9	30790280.6
3900000000.0	29173551.1	27109705.3	30847428.8
3910000000.0	29218568.0	27144466.1	30904556.5
3920000000.0	29263519.4	27179153.3	30961664.1
3930000000.0	29308405.7	27213767.3	31018751.6
3940000000.0	29353632.5	27248308.3	31075819.0
3950000000.0	29398943.7	27282776.6	31132866.6
3960000000.0	29442891.9	27317172.3	31189894.4
3970000000.0	29486113.6	27351495.8	31246902.5
3980000000.0	29529265.9	27385747.2	31303891.0
3990000000.0	29572349.0	27419926.7	31360860.1
4000000000.0	29615363.0	27454034.7	31417809.8
4010000000.0	29659698.7	27488071.3	31474740.3
4020000000.0	29704774.2	27522036.8	31531651.7
4030000000.0	29749791.0	27555931.3	31588544.0
4040000000.0	29794749.2	27589755.2	31645417.4
4050000000.0	29839649.1	27623511.6	31702272.0
4060000000.0	29884490.7	27657207.3	31759011.8
4070000000.0	29930216.8	27690833.0	31815728.6
4080000000.0	29975926.0	27724389.0	31872426.1
4090000000.0	30021020.5	27757875.4	31929104.4
4100000000.0	30065701.8	27791292.5	31985763.7
4110000000.0	30110325.2	27824640.4	32042404.0
4120000000.0	30154962.4	27857919.5	32099025.4
4130000000.0	30200632.9	27891130.0	32155628.1
4140000000.0	30245244.5	27924271.9	32212212.2
4150000000.0	30289671.2	27957345.7	32268777.6
4160000000.0	30334040.9	27990351.4	32323913.3
4170000000.0	30378353.5	28023289.4	32380828.0
4180000000.0	30422018.5	28056159.7	32437831.3
4190000000.0	30464919.2	28088962.7	32494816.3
4200000000.0	30507758.7	28121698.5	32551732.9
4210000000.0	30550537.3	28154367.4	32608292.0
4220000000.0	30593255.0	28187710.3	32664833.9
4230000000.0	30635912.0	28221157.0	32721358.6
4240000000.0	30678607.4	28254538.2	32777866.3
4250000000.0	30721879.2	28287853.8	32834356.9
4260000000.0	30765093.7	28321104.3	32890830.6
4270000000.0	30808251.3	28354289.8	32947287.5
4280000000.0	30851352.0	28387410.4	33003727.7
4290000000.0	30894395.8	28420466.3	33060151.2
4300000000.0	30937383.1	28453457.9	33116558.1
4310000000.0	30980313.9	28486385.2	33172948.6
4320000000.0	31023188.3	28519248.4	33229322.7
4330000000.0	31066006.4	28552047.8	33285680.4
4340000000.0	31109755.0	28584783.4	33342021.9
4350000000.0	31153472.9	28617455.7	33398347.3
4360000000.0	31196433.3	28650064.6	33454656.6
4370000000.0	31239081.0	28682610.4	33510949.9
4380000000.0	31281672.2	28715093.3	33567227.3
4390000000.0	31324207.2	28747513.5	33623488.9
4400000000.0	31366686.1	28779876.4	33679734.7
4410000000.0	31409548.7	28812183.0	33735964.8
4420000000.0	31452763.5	28844431.1	33792179.4
4430000000.0	31495925.5	28876619.0	33848378.4
4440000000.0	31538922.9	28908745.0	33904562.0
4450000000.0	31580916.0	28940809.5	33960730.3
4460000000.0	31622852.2	28972812.5	34016883.2
4470000000.0	31664731.8	29004754.3	34073021.0
4480000000.0	31706554.9	29036635.0	34129143.6
4490000000.0	31748321.6	29068454.8	34185251.1
4500000000.0	31790032.0	29100213.9	34241343.6
4510000000.0	31831686.2	29131912.4	34297384.4
4520000000.0	31873284.4	29163550.6	34353408.2
4530000000.0	31915769.5	29195128.6	34409416.8
4540000000.0	31958208.5	29226646.6	34465410.5
4550000000.0	32000595.3	29258104.8	34521389.2
4560000000.0	32042929.8	29289503.3	34577353.0
4570000000.0	32085212.2	29320842.3	34633302.0
4580000000.0	32127442.7	29352122.0	34689236.3
4590000000.0	32169621.2	29383342.6	34745155.8
4600000000.0	32211748.0	29414504.2	34800813.3
4610000000.0	32253823.2	29445607.0	34855461.7
4620000000.0	32295846.7	29476651.1	34910082.1
4630000000.0	32337818.8	29507636.9	34964674.7
4640000000.0	32379739.6	29538564.3	35019239.3
4650000000.0	32421609.2	29569433.6	35073776.2
4660000000.0	32463427.6	29600244.9	35128285.4
4670000000.0	32505195.0	29630998.5	35182766.9
4680000000.0	32546911.5	29661694.4	35237220.7
4690000000.0	32588577.1	29692332.9	35291647.0
4700000000.0	32630796.5	29722914.1	35346045.8
4710000000.0	32673008.5	29753438.2	35400417.1
4720000000.0	32715172.2	29783905.3	35454760.9
4730000000.0	32757287.9	29814315.6	35509077.4
4740000000.0	32799355.5	29844669.2	35563366.6
4750000000.0	32841142.6	29874966.4	35617603.4
4760000000.0	32881916.2	29905207.3	35671760.1
4770000000.0	32922638.8	29935392.0	35725889.1
4780000000.0	32963310.3	29965520.7	35779990.3
4790000000.0	33003930.8	29995190.9	35834063.9
4800000000.0	33044795.4	30024774.2	35888109.8
4810000000.0	33086253.5	30054301.9	35942128.2
4820000000.0	33127160.1	30083774.0	35996119.0
4830000000.0	33167941.6	30113190.9	36050082.3
4840000000.0	33208478.3	30142552.5	36104018.3
4850000000.0	33248677.1	30171859.1	36157926.8
4860000000.0	33288637.6	30201110.8	36211807.9
4870000000.0	33328750.2	30230307.8	36266176.6
4880000000.0	33368993.5	30259450.3	36319590.9
4890000000.0	33409187.3	30288538.3	36373487.2
4900000000.0	33449331.7	30317572.1	36427357.0
4910000000.0	33489437.6	30346551.8	36481200.3
4920000000.0	33529685.4	30375477.6	36535017.2
4930000000.0	33570031.1	30404349.5	36588807.8
4940000000.0	33610412.6	30433167.9	36642571.9
4950000000.0	33650356.1	30461932.7	36696805.5
4960000000.0	33690251.0	30490644.2	36751755.0
4970000000.0	33730097.3	30519302.5	36806690.3
4980000000.0	33769895.1	30547907.8	36861611.5
4990000000.0	33809644.5	30576460.2	36916518.7
5000000000.0	33849345.8	30604959.9	36971411.8
5010000000.0	33888998.8	30633407.0	37026291.0
5020000000.0	33928603.8	30661801.6	37081156.3
5030000000.0	33968160.8	30690144.0	37136007.8
5040000000.0	34007220.1	30718434.2	37190845.4
5050000000.0	34046162.5	30746672.4	37245669.3
5060000000.0	34085056.1	30774858.7	37300479.5
5070000000.0	34123901.0	30802993.4	37355276.0
5080000000.0	34162697.5	30831076.4	37410058.9
5090000000.0	34201445.5	30859108.1	37464828.3
5100000000.0	34240145.1	30887088.4	37519584.2
5110000000.0	34278796.5	30915017.7	37574326.6
5120000000.0	34317399.8	30942895.9	37629055.6
5130000000.0	34355955.0	30970723.3	37683771.2
5140000000.0	34394462.2	30998500.0	37738473.5
5150000000.0	34432921.7	31026226.1	37793162.6
5160000000.0	34471333.3	31053901.7	37847838.4
5170000000.0	34509697.3	31081527.1	37902501.1
5180000000.0	34548013.7	31109102.3	37957150.6
5190000000.0	34586282.7	31136627.5	38011787.1
5200000000.0	34624504.3	31164102.9	38066410.5
5210000000.0	34662760.3	31191528.5	38121020.9
5220000000.0	34701681.7	31218904.5	38175618.4
5230000000.0	34740558.0	31246231.0	38230203.0
5240000000.0	34779389.1	31273508.2	38284774.7
5250000000.0	34818175.1	31300736.2	38339333.6
5260000000.0	34856916.2	31327915.1	38393879.7
5270000000.0	34895612.5	31355045.1	38448413.1
5280000000.0	34934264.0	31382126.3	38502933.9
5290000000.0	34972870.8	31409158.9	38557442.0
5300000000.0	35011433.0	31436142.9	38611937.5
5310000000.0	35049950.7	31463078.6	38666420.5
5320000000.0	35088423.9	31489965.9	38720890.9
5330000000.0	35127048.5	31516805.2	38775348.9
5340000000.0	35165855.6	31543596.4	38829794.4
5350000000.0	35204619.4	31570339.8	38884227.6
5360000000.0	35243340.0	31597035.4	38938648.4
5370000000.0	35282017.4	31623683.5	38993057.0
5380000000.0	35320651.8	31650284.0	39047453.2
5390000000.0	35359243.2	31676837.2	39101837.3
5400000000.0	35396719.3	31703343.1	39156209.2
5410000000.0	35434114.8	31729802.0	39210568.9
5420000000.0	35471464.9	31756213.9	39264916.5
5430000000.0	35508769.7	31782579.0	39319252.1
5440000000.0	35546029.4	31808897.3	39373575.7
5450000000.0	35583243.9	31835169.0	39427887.3
5460000000.0	35620413.5	31861394.3	39482186.9
5470000000.0	35658522.6	31887573.2	39536474.7
5480000000.0	35696934.1	31913705.9	39590750.5
5490000000.0	35735303.5	31939792.5	39644991.0
5500000000.0	35773631.0	31965833.2	39699181.7
5510000000.0	35811916.7	31991828.0	39753360.3
5520000000.0	35850160.5	32017777.0	39807526.8
5530000000.0	35888362.6	32043680.5	39861681.4
5540000000.0	35926523.0	32069538.5	39915824.0
5550000000.0	35964641.9	32095351.1	39969954.7
5560000000.0	36002719.2	32121118.4	40024073.5
5570000000.0	36040755.1	32146840.7	40078180.4
5580000000.0	36078749.7	32172518.0	40132275.5
5590000000.0	36116703.0	32198150.3	40186358.8
5600000000.0	36154154.1	32223737.9	40240430.4
5610000000.0	36191307.1	32249280.9	40294490.3
5620000000.0	36228417.9	32274779.3	40348538.4
5630000000.0	36265486.5	32300233.4	40402575.0
5640000000.0	36302513.1	32325643.1	40456600.0
5650000000.0	36339497.6	32351008.7	40510613.3
5660000000.0	36376440.2	32376330.2	40564615.2
5670000000.0	36413341.0	32401607.7	40618605.5
5680000000.0	36450200.0	32426841.5	40672584.4
5690000000.0	36487017.3	32452031.5	40726551.9
5700000000.0	36523793.0	32477177.9	40780507.9
5710000000.0	36560527.1	32502280.8	40834452.6
5720000000.0	36597219.8	32527340.4	40888386.0
5730000000.0	36633871.1	32552356.7	40942308.0
5740000000.0	36670481.0	32577329.9	40996218.8
5750000000.0	36707049.8	32602260.1	41050118.4
5760000000.0	36743577.4	32627147.3	41104006.8
5770000000.0	36780063.9	32651991.7	41157884.0
5780000000.0	36816509.4	32676793.5	41211750.1
5790000000.0	36852321.4	32701552.6	41265605.0
5800000000.0	36887637.4	32726269.3	41319448.9
5810000000.0	36922910.3	32750943.6	41373281.8
5820000000.0	36958140.5	32775575.7	41427103.7
5830000000.0	36993327.8	32800165.6	41480914.5
5840000000.0	37028472.4	32824713.5	41534714.5
5850000000.0	37063574.3	32849219.5	41588503.5
5860000000.0	37098633.8	32873683.6	41642281.7
5870000000.0	37133650.7	32898106.1	41696049.0
5880000000.0	37168625.2	32922486.9	41749805.5
5890000000.0	37203557.5	32946826.2	41803551.2
5900000000.0	37238447.5	32971124.2	41857286.1
5910000000.0	37273295.4	32995380.9	41911010.3
5920000000.0	37308101.2	33019596.4	41964723.9
5930000000.0	37342865.0	33043770.9	42018426.7
5940000000.0	37377984.5	33067904.4	42072118.9
5950000000.0	37413674.2	33091997.0	42125800.5
5960000000.0	37449324.1	33116048.9	42177816.2
5970000000.0	37484934.4	33140060.1	42229712.3
5980000000.0	37520505.2	33164030.8	42281587.5
5990000000.0	37556036.4	33187961.0	42333441.9
6000000000.0	37591528.3	33211850.9	42385275.4
6010000000.0	37626980.8	33235700.6	42437088.2
6020000000.0	37662394.0	33259510.1	42490529.6
6030000000.0	37697768.0	33283279.6	42544418.8
6040000000.0	37733102.8	33307009.2	42598299.2
6050000000.0	37768262.1	33330699.0	42652170.9
6060000000.0	37803246.7	33354349.0	42706033.9
6070000000.0	37838191.9	33377959.4	42759888.3
6080000000.0	37873098.0	33401530.3	42813734.1
6090000000.0	37907964.8	33425061.8	42867571.4
6100000000.0	37942699.9	33448553.9	42921400.0
6110000000.0	37976975.2	33472006.8	42975220.2
6120000000.0	38011210.0	33495250.2	43029031.9
6130000000.0	38045404.3	33518298.9	43082835.1
6140000000.0	38079558.4	33541308.7	43136629.8
6150000000.0	38113672.2	33564279.7	43190416.2
6160000000.0	38147745.8	33587212.0	43244194.2
6170000000.0	38181779.2	33610105.6	43297963.8
6180000000.0	38215772.7	33632960.7	43351725.0
6190000000.0	38249726.1	33655777.4	43405478.0
6200000000.0	38283639.7	33678555.7	43459222.7
6210000000.0	38317513.5	33701295.8	43512959.1
6220000000.0	38351347.5	33723997.8	43566687.4
6230000000.0	38385141.8	33746661.7	43620407.4
6240000000.0	38418896.6	33769287.7	43674119.2
6250000000.0	38452611.8	33791875.9	43727822.9
6260000000.0	38486287.6	33814426.3	43781518.4
6270000000.0	38519933.7	33836939.0	43835205.9
6280000000.0	38554128.7	33859414.2	43888885.3
6290000000.0	38588285.2	33881851.9	43942556.6
6300000000.0	38622403.2	33904252.2	43996220.0
6310000000.0	38656482.8	33926615.3	44049875.3
6320000000.0	38690524.0	33948941.1	44103522.6
6330000000.0	38724527.0	33971229.9	44155087.7
6340000000.0	38758491.8	33993481.7	44202911.6
6350000000.0	38792418.5	34015696.5	44250702.3
6360000000.0	38826307.1	34037874.6	44298459.6
6370000000.0	38860157.8	34060015.9	44346183.7
6380000000.0	38893970.4	34082172.9	44393874.5
6390000000.0	38927310.6	34104679.1	44441532.2
6400000000.0	38960545.9	34127148.7	44489156.7
6410000000.0	38993742.9	34149581.8	44536748.1
6420000000.0	39026901.4	34171978.6	44585592.7
6430000000.0	39060021.7	34194339.0	44639058.8
6440000000.0	39093103.8	34216663.3	44692509.8
6450000000.0	39126147.8	34238951.5	44745952.9
6460000000.0	39159153.7	34261203.7	44799388.0
6470000000.0	39192121.5	34283420.0	44852815.2
6480000000.0	39225051.5	34305600.4	44906234.6
6490000000.0	39257943.6	34327745.0	44959646.0
6500000000.0	39290797.9	34349854.0	45013049.7
6510000000.0	39323614.4	34371927.5	45066445.5
6520000000.0	39356393.3	34393965.4	45119833.5
6530000000.0	39389134.6	34415967.9	45173213.7
6540000000.0	39421838.4	34437935.2	45226586.2
6550000000.0	39454504.7	34459867.2	45279951.0
6560000000.0	39487133.6	34481764.0	45333308.1
6570000000.0	39519725.2	34503625.8	45386657.4
6580000000.0	39552279.5	34525452.6	45439999.1
6590000000.0	39584796.6	34547244.5	45493333.2
6600000000.0	39617466.1	34569001.6	45546659.6
6610000000.0	39650274.7	34590724.0	45599978.5
6620000000.0	39683047.4	34612411.7	45653289.7
6630000000.0	39715784.0	34634064.9	45706593.4
6640000000.0	39748484.8	34655683.6	45759889.6
6650000000.0	39781149.8	34677267.9	45813178.2
6660000000.0	39813778.9	34698817.9	45866459.3
6670000000.0	39846372.4	34720333.7	45919733.0
6680000000.0	39878930.2	34741815.3	45972999.2
6690000000.0	39911452.4	34763262.9	46026258.0
6700000000.0	39943939.1	34784676.5	46079509.4
6710000000.0	39976390.3	34806056.2	46132753.3
6720000000.0	40008806.2	34827402.1	46185989.9
6730000000.0	40041186.6	34848714.2	46239219.1
6740000000.0	40073531.8	34869992.7	46292441.0
6750000000.0	40105841.8	34891237.6	46345655.6
6760000000.0	40138116.6	34912449.0	46398862.9
6770000000.0	40170356.3	34933627.0	46452062.9
6780000000.0	40202561.0	34954771.7	46505255.7
6790000000.0	40234974.1	34975883.1	46558441.2
6800000000.0	40267399.8	34996961.3	46611619.5
6810000000.0	40299609.3	35018006.4	46664790.6
6820000000.0	40331784.1	35039018.5	46717954.5
6830000000.0	40363924.4	35059997.7	46771111.3
6840000000.0	40396030.2	35080943.9	46824260.9
6850000000.0	40428101.6	35101857.4	46877403.4
6860000000.0	40460138.7	35122738.2	46930538.8
6870000000.0	40492141.4	35143586.4	46983667.1
6880000000.0	40524109.8	35164402.0	47036788.3
6890000000.0	40556044.1	35185185.1	47089902.5
6900000000.0	40587944.2	35205935.8	47142998.9
6910000000.0	40619810.3	35226654.2	47196024.0
6920000000.0	40651642.3	35247340.4	47249041.7
6930000000.0	40683380.9	35267994.3	47302052.2
6940000000.0	40715041.6	35288616.2	47355055.4
6950000000.0	40746668.3	35309206.0	47408051.3
6960000000.0	40778261.1	35329763.9	47461040.0
6970000000.0	40809820.1	35350290.0	47514021.5
6980000000.0	40841345.3	35370784.2	47566995.8
6990000000.0	40872836.8	35391246.7	47619962.9
7000000000.0	40904294.6	35411677.5	47672922.9
7010000000.0	40935718.8	35432076.8	47725875.7
7020000000.0	40967109.4	35452444.5	47778821.4
7030000000.0	40998466.6	35472780.9	47831760.0
7040000000.0	41029790.2	35493085.8	47882272.6
7050000000.0	41061080.5	35513359.5	47931921.8
7060000000.0	41092337.5	35533602.0	47981551.1
7070000000.0	41123400.6	35553813.3	48031160.6
7080000000.0	41154364.9	35573993.6	48080750.1
7090000000.0	41185421.1	35594094.8	48133553.1
7100000000.0	41216653.3	35614095.2	48186812.0
7110000000.0	41247712.0	35634077.8	48240064.4
7120000000.0	41278681.4	35654029.8	48293254.8
7130000000.0	41309617.7	35673951.1	48346432.9
7140000000.0	41340520.9	35693841.9	48399604.2
7150000000.0	41371391.1	35713702.1	48452768.9
7160000000.0	41402228.4	35733531.9	48505927.0
7170000000.0	41433032.8	35753331.4	48558746.7
7180000000.0	41463804.3	35773100.6	48609230.1
7190000000.0	41494543.1	35792839.5	48659697.5
7200000000.0	41525249.1	35812548.3	48710149.1
7210000000.0	41555922.4	35832227.1	48760584.8
7220000000.0	41586563.1	35851875.8	48811004.6
7230000000.0	41617171.3	35871494.6	48861408.5
7240000000.0	41647746.9	35891083.5	48911796.6
7250000000.0	41678290.1	35910642.6	48962168.9
7260000000.0	41708800.8	35930171.9	49012525.4
7270000000.0	41739279.2	35949671.7	49062866.1
7280000000.0	41769725.3	35969141.8	49113191.0
7290000000.0	41800139.1	35988582.3	49163500.2
7300000000.0	41830520.8	36007993.5	49213793.6
7310000000.0	41860870.3	36027375.2	49264071.3
7320000000.0	41891187.7	36046727.6	49314333.3
7330000000.0	41921473.0	36066050.7	49364579.6
7340000000.0	41951726.4	36085344.6	49414810.2
7350000000.0	41981947.9	36104609.4	49465025.1
7360000000.0	42012137.4	36123845.2	49515224.4
7370000000.0	42042295.2	36143051.9	49565408.1
7380000000.0	42072421.1	36162229.7	49615576.1
7390000000.0	42102515.4	36181378.7	49665728.6
7400000000.0	42132880.0	36200498.8	49715865.4
7410000000.0	42163515.2	36219590.3	49765986.7
7420000000.0	42194119.4	36238653.0	49816092.4
7430000000.0	42224692.8	36257687.1	49866182.6
7440000000.0	42255235.3	36276692.8	49916257.2
7450000000.0	42285746.9	36295669.9	49966316.3
7460000000.0	42316227.9	36314618.6	50016360.0
7470000000.0	42346523.6	36333539.0	50066388.1
7480000000.0	42376702.8	36352431.1	50116400.8
7490000000.0	42406851.3	36371294.9	50166398.0
7500000000.0	42436968.9	36390130.7	50216379.8
7510000000.0	42467055.8	36408938.3	50266346.1
7520000000.0	42497112.1	36427717.9	50316297.1
7530000000.0	42527137.7	36446469.5	50366232.6
7540000000.0	42557132.8	36465193.2	50416152.8
7550000000.0	42587097.3	36483889.1	50466932.2
7560000000.0	42617031.4	36502557.2	50518956.6
7570000000.0	42646935.0	36521197.6	50570972.3
7580000000.0	42676808.3	36539810.4	50622979.3
7590000000.0	42706651.2	36558395.5	50674977.8
7600000000.0	42736463.9	36576953.1	50726967.6
7610000000.0	42766246.3	36595483.3	50778948.8
7620000000.0	42795998.5	36613986.0	50830921.5
7630000000.0	42825720.6	36632461.4	50882885.5
7640000000.0	42855412.6	36650909.5	50934841.0
7650000000.0	42885025.8	36669330.4	50986788.0
7660000000.0	42914488.8	36687724.1	51038723.1
7670000000.0	42943921.7	36706090.8	51090645.5
7680000000.0	42973324.4	36724430.3	51142559.4
7690000000.0	43002697.0	36742742.9	51194464.8
7700000000.0	43032039.6	36761028.6	51246361.7
7710000000.0	43061352.3	36779287.4	51298250.1
7720000000.0	43090635.0	36797519.4	51350130.0
7730000000.0	43119887.8	36815724.6	51402001.5
7740000000.0	43149110.8	36833903.2	51453864.5
7750000000.0	43178304.0	36852055.1	51505599.1
7760000000.0	43207467.4	36870180.5	51557219.1
7770000000.0	43236601.2	36888279.3	51608830.0
7780000000.0	43265705.3	36906351.7	51660431.9
7790000000.0	43294779.8	36924397.7	51712024.7
7800000000.0	43323824.7	36942417.4	51763608.4
7810000000.0	43352840.2	36960410.8	51815183.1
7820000000.0	43381826.2	36978377.9	51866748.8
7830000000.0	43410782.7	36996319.0	51918305.4
7840000000.0	43439709.9	37014233.9	51969853.0
7850000000.0	43468607.8	37032122.7	52021391.6
7860000000.0	43497476.4	37049985.6	52072921.3
7870000000.0	43526315.7	37067822.5	52124442.0
7880000000.0	43555125.9	37085633.6	52175953.7
7890000000.0	43583906.9	37103418.8	52227456.4
7900000000.0	43612658.8	37121178.3	52277426.2
7910000000.0	43641381.7	37138912.0	52320683.6
7920000000.0	43670075.6	37156620.1	52363909.5
7930000000.0	43698740.5	37174302.6	52407104.0
7940000000.0	43727376.5	37191959.6	52450267.1
7950000000.0	43755983.6	37209591.1	52493398.9
7960000000.0	43784561.9	37227197.2	52536499.3
7970000000.0	43813111.5	37244777.8	52579568.4
7980000000.0	43841632.2	37262333.2	52622606.3
7990000000.0	43870124.3	37279863.3	52665613.0
8000000000.0	43898587.8	37297368.2	52708588.5
8010000000.0	43927235.9	37314847.9	52751532.8
8020000000.0	43956187.0	37332302.5	52794446.1
8030000000.0	43984919.9	37349732.1	52839600.1
8040000000.0	44013625.2	37367136.7	52888740.3
8050000000.0	44042302.9	37384516.4	52937865.8
8060000000.0	44070953.0	37401871.1	52986976.6
8070000000.0	44099575.5	37419201.1	53036072.6
8080000000.0	44128170.6	37436506.2	53085153.8
8090000000.0	44156738.3	37453786.7	53134220.3
8100000000.0	44185278.6	37471042.4	53183272.1
8110000000.0	44213791.5	37488273.6	53232309.2
8120000000.0	44242277.1	37505480.2	53281331.6
8130000000.0	44270735.5	37522662.2	53330339.4
8140000000.0	44299166.6	37539819.8	53379332.4
8150000000.0	44327570.5	37556953.0	53428310.8
8160000000.0	44355947.3	37574061.9	53477274.6
8170000000.0	44384297.0	37591146.4	53526223.7
8180000000.0	44412619.7	37608206.7	53575158.2
8190000000.0	44440915.3	37625242.8	53624078.1
8200000000.0	44469183.9	37642254.8	53672983.4
8210000000.0	44497425.6	37659242.6	53721874.1
8220000000.0	44525640.3	37676206.4	53770750.2
8230000000.0	44553828.3	37693146.2	53819611.8
8240000000.0	44581989.3	37710062.1	53868458.8
8250000000.0	44610123.7	37726954.1	53917291.3
8260000000.0	44638231.2	37743822.2	53966109.3
8270000000.0	44665833.9	37760666.6	54014912.7
8280000000.0	44693337.4	37777487.2	54063701.6
8290000000.0	44720813.3	37794284.1	54112476.1
8300000000.0	44748261.6	37811057.4	54161236.0
8310000000.0	44775682.5	37827807.1	54209981.5
8320000000.0	44803076.0	37844533.2	54258712.6
8330000000.0	44830442.1	37861235.9	54307429.2
8340000000.0	44857780.8	37877915.1	54356131.3
8350000000.0	44885092.3	37894570.9	54404819.1
8360000000.0	44912376.4	37911203.4	54453492.4
8370000000.0	44939633.4	37927812.6	54502151.3
8380000000.0	44966863.2	37944398.6	54550795.8
8390000000.0	44994065.8	37960961.4	54599426.0
8400000000.0	45021241.4	37977501.0	54648392.5
8410000000.0	45048389.9	37994017.5	54699976.0
8420000000.0	45075511.3	38010511.0	54751552.6
8430000000.0	45102605.9	38026981.5	54803122.4
8440000000.0	45129673.4	38043429.0	54854685.3
8450000000.0	45156714.1	38059853.6	54906241.4
8460000000.0	45183728.0	38076255.4	54957790.6
8470000000.0	45210715.0	38092634.4	55009333.0
8480000000.0	45237675.3	38108990.6	55060868.5
8490000000.0	45264608.9	38125324.1	55112397.2
8500000000.0	45291515.7	38141769.6	55163781.6
8510000000.0	45318396.0	38158275.0	55215011.9
8520000000.0	45345249.6	38174757.7	55266234.8
8530000000.0	45372076.6	38191217.8	55317450.3
8540000000.0	45398877.2	38207655.4	55368658.3
8550000000.0	45425651.2	38224070.4	55419859.0
8560000000.0	45452398.8	38240462.9	55471052.3
8570000000.0	45479120.0	38256833.0	55522238.2
8580000000.0	45505814.9	38273180.7	55573416.7
8590000000.0	45532483.4	38289506.1	55624587.9
8600000000.0	45559125.6	38305809.2	55675751.8
8610000000.0	45585741.6	38322090.1	55726908.2
8620000000.0	45612331.4	38338348.7	55778057.4
8630000000.0	45638895.1	38354585.2	55829199.2
8640000000.0	45665432.6	38370799.6	55880333.7
8650000000.0	45691944.0	38386991.9	55931460.9
8660000000.0	45718429.3	38403162.2	55982580.8
8670000000.0	45744888.7	38419310.5	56033693.5
8680000000.0	45771322.1	38435436.9	56073412.6
8690000000.0	45797729.6	38451541.4	56123693.0
8700000000.0	45824111.2	38467624.1	56174777.2
8710000000.0	45850466.9	38483685.0	56225854.8
8720000000.0	45876796.8	38499724.1	56276925.7
8730000000.0	45903100.9	38515741.5	56327990.0
8740000000.0	45929379.4	38531737.3	56379047.6
8750000000.0	45955632.1	38547711.4	56430098.6
8760000000.0	45981859.1	38563664.0	56481143.0
8770000000.0	46008060.5	38579595.1	56532180.7
8780000000.0	46034236.4	38595504.6	56583211.9
8790000000.0	46060386.7	38611392.7	56634236.5
8800000000.0	46086511.5	38627259.4	56685254.4
8810000000.0	46112610.9	38643104.8	56736265.8
8820000000.0	46138684.8	38658928.8	56787270.6
8830000000.0	46164733.3	38674731.6	56838268.9
8840000000.0	46190756.4	38690513.1	56889260.5
8850000000.0	46216754.3	38706273.5	56940245.6
8860000000.0	46242726.9	38722012.7	56991224.2
8870000000.0	46268674.2	38737730.9	57042196.3
8880000000.0	46294596.3	38753427.9	57093161.8
8890000000.0	46320493.3	38769104.0	57144120.7
8900000000.0	46346365.1	38784759.1	57195073.2
8910000000.0	46372211.9	38800393.2	57246019.2
8920000000.0	46398033.6	38816006.5	57296958.6
8930000000.0	46423830.2	38831598.9	57347891.6
8940000000.0	46449601.9	38847170.5	57398818.1
8950000000.0	46475348.7	38862721.4	57449738.0
8960000000.0	46501070.6	38878251.6	57500651.6
8970000000.0	46526767.5	38893761.0	57551558.6
8980000000.0	46552439.7	38909249.9	57602459.2
8990000000.0	46578087.0	38924718.1	57653353.4
9000000000.0	46603709.6	38940165.8	57704241.1
9010000000.0	46629307.5	38955592.9	57755098.8
9020000000.0	46654880.7	38970999.6	57805816.3
9030000000.0	46680429.2	38986385.9	57856527.0
9040000000.0	46705953.2	39001751.8	57907230.8
9050000000.0	46731452.5	39017097.3	57956437.6
9060000000.0	46756927.3	39032422.5	58001394.2
9070000000.0	46782377.6	39047727.5	58046329.8
9080000000.0	46807803.5	39063012.2	58091244.2
9090000000.0	46833204.9	39078276.7	58136137.6
9100000000.0	46858581.9	39093521.1	58181009.9
9110000000.0	46883934.5	39108745.4	58225861.2
9120000000.0	46909262.9	39123949.6	58270691.5
9130000000.0	46934566.9	39139133.8	58315500.8
9140000000.0	46959846.7	39154298.0	58360289.1
9150000000.0	46985102.2	39169442.2	58410044.2
9160000000.0	47010333.6	39184566.6	58461305.8
9170000000.0	47035540.8	39199671.1	58512563.3
9180000000.0	47060724.0	39214755.7	58563816.8
9190000000.0	47085883.0	39229820.5	58615066.1
9200000000.0	47111018.0	39244865.6	58666311.4
9210000000.0	47136129.0	39259891.0	58717552.6
9220000000.0	47161216.0	39274896.7	58768789.7
9230000000.0	47186279.1	39289882.8	58820022.8
9240000000.0	47211318.3	39304849.3	58871251.8
9250000000.0	47236333.6	39319796.2	58922476.7
9260000000.0	47261325.1	39334723.6	58973697.7
9270000000.0	47286292.8	39349631.5	59024914.6
9280000000.0	47311236.7	39364520.0	59076127.5
9290000000.0	47336156.9	39379389.0	59127336.3
9300000000.0	47361053.4	39394238.7	59178541.2
9310000000.0	47385926.2	39409069.1	59229742.0
9320000000.0	47410775.4	39423880.2	59280938.9
9330000000.0	47435601.1	39438672.0	59332131.8
9340000000.0	47460403.1	39453444.6	59383320.6
9350000000.0	47485181.7	39468198.0	59434505.6
9360000000.0	47509936.7	39482932.3	59485686.5
9370000000.0	47534668.3	39497647.5	59536863.5
9380000000.0	47559376.5	39512343.6	59588036.5
9390000000.0	47584061.3	39527020.7	59639205.6
9400000000.0	47608722.7	39541678.8	59690370.7
9410000000.0	47633360.8	39556317.9	59741531.9
9420000000.0	47657975.6	39570938.1	59792689.2
9430000000.0	47682567.2	39585539.5	59843842.6
9440000000.0	47707135.6	39600122.0	59894992.0
9450000000.0	47731680.7	39614685.7	59946137.6
9460000000.0	47756202.7	39629230.6	59997279.2
9470000000.0	47780701.6	39643756.7	60048416.9
9480000000.0	47805177.5	39658264.2	60099550.8
9490000000.0	47829630.2	39672753.0	60150680.8
9500000000.0	47854059.9	39687223.2	60201806.9
9510000000.0	47878466.7	39701674.8	60252929.1
9520000000.0	47902850.5	39716107.9	60304047.5
9530000000.0	47927211.4	39730522.4	60355162.0
9540000000.0	47951549.4	39744918.4	60406272.7
9550000000.0	47975864.5	39759296.0	60457379.5
9560000000.0	48000156.8	39773655.2	60508482.5
9570000000.0	48024426.3	39787996.0	60559581.6
9580000000.0	48048673.1	39802318.4	60610677.0
9590000000.0	48072897.1	39816622.6	60661768.5
9600000000.0	48097098.5	39830908.5	60712856.2
9610000000.0	48121277.1	39845176.1	60763940.1
9620000000.0	48145433.2	39859425.6	60815020.2
9630000000.0	48169566.7	39873656.8	60866096.5
9640000000.0	48193677.6	39887870.0	60917169.0
9650000000.0	48217765.9	39902065.0	60968237.8
9660000000.0	48241831.8	39916242.0	61019302.8
9670000000.0	48265875.2	39930401.0	61070364.0
9680000000.0	48289896.2	39944542.0	61121421.4
9690000000.0	48313894.7	39958647.5	61172475.1
9700000000.0	48337870.9	39972360.5	61223525.0
9710000000.0	48361824.8	39986055.8	61274540.4
9720000000.0	48385756.3	39999733.4	61325509.9
9730000000.0	48409665.6	40013393.3	61376475.5
9740000000.0	48433552.6	40027035.6	61427437.1
9750000000.0	48457417.4	40040660.4	61478394.8
9760000000.0	48481260.0	40054267.6	61529348.6
9770000000.0	48505080.5	40067857.3	61580298.4
9780000000.0	48528878.9	40081429.5	61631137.7
9790000000.0	48552655.1	40094984.2	61678641.6
9800000000.0	48576409.3	40108521.5	61726131.3
9810000000.0	48600141.5	40122041.5	61773606.9
9820000000.0	48623851.7	40135544.1	61821068.3
9830000000.0	48647539.9	40149029.4	61868515.6
9840000000.0	48671206.2	40162497.4	61915948.8
9850000000.0	48694850.6	40175948.1	61963367.9
9860000000.0	48718473.1	40189381.7	62010772.9
9870000000.0	48742073.8	40202798.0	62058163.8
9880000000.0	48765788.8	40216197.3	62105934.3
9890000000.0	48789782.6	40229579.4	62156755.6
9900000000.0	48813755.1	40242944.4	62207572.0
9910000000.0	48837706.2	40256292.3	62258383.6
9920000000.0	48861636.0	40269623.3	62309190.3
9930000000.0	48885544.4	40282937.3	62359992.2
9940000000.0	48909431.6	40296234.3	62410789.3
9950000000.0	48933297.5	40309514.4	62461581.5
9960000000.0	48957142.2	40322777.6	62512368.9
9970000000.0	48980965.7	40336023.9	62563151.5
9980000000.0	49004768.0	40349253.5	62613929.3
9990000000.0	49028549.2	40362466.2	62664702.3
---BOUND_POP---
median_estimated_unobs	lower_ci	upper_ci
46118725.7	36999962.0	322500553.8
