
CondaError: Run 'conda init' before 'conda deactivate'

---FILE SRR21787460_1_uniq.hist ---
---LC_EXTRAP---
TOTAL_READS	EXPECTED_DISTINCT	LOWER_0.95CI	UPPER_0.95CI
0	0	0	0
10000000.0	4373809.5	4368054.9	4377751.0
20000000.0	6349955.5	6342094.6	6355630.5
30000000.0	7920874.5	7910581.8	7928430.2
40000000.0	9346603.0	9334138.7	9356144.0
50000000.0	10698644.0	10683554.4	10710181.8
60000000.0	12003840.0	11986039.2	12017296.3
70000000.0	13274692.0	13254556.3	13290179.7
80000000.0	14518261.0	14495729.6	14535782.0
90000000.0	15738715.0	15713933.4	15758228.4
100000000.0	16938889.0	16911941.6	16960593.9
110000000.0	18121081.0	18091875.9	18144834.8
120000000.0	19286660.0	19255281.0	19312288.0
130000000.0	20436767.0	20403428.4	20464438.6
140000000.0	21572791.0	21537350.7	21602262.0
150000000.0	22695363.0	22657939.6	22726664.7
160000000.0	23805302.0	23765900.6	23838398.1
170000000.0	24903282.0	24861935.6	24938116.2
180000000.0	25989846.0	25946563.9	26026410.2
190000000.0	27065544.5	27020347.5	27103719.0
200000000.0	28130793.5	28083732.4	28170682.9
210000000.0	29186066.0	29137193.4	29227716.8
220000000.0	30231739.0	30181092.4	30275059.9
230000000.0	31268254.5	31215800.6	31313172.5
240000000.0	32295861.5	32241664.2	32342375.2
250000000.0	33314901.5	33258973.8	33362982.2
260000000.0	34325692.0	34268032.3	34375305.0
270000000.0	35328445.5	35269106.6	35379597.1
280000000.0	36323457.0	36262459.6	36376120.2
290000000.0	37310888.0	37248326.5	37365121.1
300000000.0	38291120.5	38226932.2	38346833.9
310000000.0	39264267.5	39198354.3	39321466.5
320000000.0	40230595.0	40162902.0	40289224.0
330000000.0	41190318.0	41120739.9	41250302.4
340000000.0	42143388.5	42072100.9	42204881.6
350000000.0	43090134.9	43017161.8	43153139.1
360000000.0	44030780.8	43956088.7	44095242.6
370000000.0	44965522.1	44889038.9	45031350.3
380000000.0	45894225.7	45816163.4	45961614.5
390000000.0	46817331.2	46737606.6	46886178.1
400000000.0	47734901.9	47653506.9	47805182.8
410000000.0	48647052.4	48563996.8	48718762.4
420000000.0	49553910.6	49469203.3	49627045.0
430000000.0	50455599.0	50369248.5	50530153.7
440000000.0	51352235.5	51264249.5	51428206.8
450000000.0	52244004.4	52154319.1	52321318.0
460000000.0	53130983.6	53039565.6	53209596.8
470000000.0	54013297.5	53920093.6	54093148.7
480000000.0	54890925.2	54796003.5	54972075.4
490000000.0	55763904.8	55667470.5	55846475.1
500000000.0	56632406.8	56534623.3	56716347.3
510000000.0	57496643.7	57397441.1	57581804.0
520000000.0	58356636.3	58256011.4	58442996.6
530000000.0	59212453.0	59110418.5	59300010.5
540000000.0	60064294.0	59960743.9	60152928.1
550000000.0	60911987.1	60807066.5	61001829.3
560000000.0	61755597.9	61649462.8	61846791.5
570000000.0	62595510.0	62488008.6	62687884.4
580000000.0	63431646.8	63322777.7	63525185.5
590000000.0	64264080.1	64153835.6	64358766.0
600000000.0	65092884.6	64981249.8	65188695.1
610000000.0	65918001.0	65805085.5	66015039.7
620000000.0	66739629.0	66625406.0	66837865.4
630000000.0	67557942.2	67442272.9	67657346.1
640000000.0	68372916.1	68255745.9	68473461.6
650000000.0	69184560.6	69065883.1	69286244.8
660000000.0	69992931.5	69872660.3	70095753.0
670000000.0	70798082.4	70676212.7	70901836.4
680000000.0	71599995.2	71476597.0	71704601.6
690000000.0	72398818.4	72273865.1	72504341.7
700000000.0	73194484.4	73068067.1	73301220.6
710000000.0	73987176.6	73859252.3	74095113.3
720000000.0	74776821.7	74647468.3	74886048.8
730000000.0	75563642.6	75432761.4	75673715.9
740000000.0	76347429.7	76215177.0	76458489.9
750000000.0	77128676.1	76994811.2	77240018.1
760000000.0	77907058.0	77772282.5	78019448.2
770000000.0	78682547.8	78546371.9	78796468.2
780000000.0	79455217.1	79317750.1	79570783.3
790000000.0	80225569.3	80086456.7	80342448.1
800000000.0	80993293.0	80852530.5	81111502.7
810000000.0	81758261.1	81616043.0	81877300.8
820000000.0	82520500.6	82376920.2	82640498.1
830000000.0	83280454.2	83135310.9	83401398.3
840000000.0	84037663.7	83891214.3	84160344.3
850000000.0	84792627.1	84644664.5	84916857.3
860000000.0	85544995.1	85395695.2	85671000.4
870000000.0	86295124.4	86144338.9	86422796.6
880000000.0	87043632.8	86890627.6	87172246.4
890000000.0	87789595.5	87634592.6	87919375.2
900000000.0	88532644.1	88376265.0	88663630.6
910000000.0	89273276.4	89115677.1	89405401.6
920000000.0	90011651.1	89852855.1	90144929.9
930000000.0	90747887.9	90587827.5	90882243.8
940000000.0	91482257.0	91320622.1	91617797.9
950000000.0	92214631.1	92050907.4	92352101.4
960000000.0	92945229.0	92778588.1	93084332.5
970000000.0	93673487.2	93504981.0	93814525.5
980000000.0	94399306.5	94229310.2	94541177.7
990000000.0	95122891.3	94951601.5	95265755.8
1000000000.0	95844693.4	95671888.0	95988296.3
1010000000.0	96565234.3	96390759.0	96711716.5
1020000000.0	97283229.6	97107724.2	97433295.1
1030000000.0	97999002.2	97822075.8	98150124.0
1040000000.0	98712567.5	98534501.1	98864989.6
1050000000.0	99424510.1	99245028.6	99577913.9
1060000000.0	100135034.1	99953724.5	100288947.2
1070000000.0	100842911.1	100660460.3	100998110.8
1080000000.0	101549928.6	101364893.0	101706713.3
1090000000.0	102254399.0	102067499.1	102413071.7
1100000000.0	102958295.5	102768397.2	103118362.3
1110000000.0	103659707.4	103467876.7	103822475.0
1120000000.0	104359487.8	104165602.3	104524320.3
1130000000.0	105058285.2	104861794.5	105224379.8
1140000000.0	105753316.4	105556076.5	105922762.8
1150000000.0	106447476.1	106248324.0	106619488.4
1160000000.0	107139122.8	106939135.0	107313566.2
1170000000.0	107830107.8	107628266.4	108006972.1
1180000000.0	108519621.7	108315735.0	108698592.5
1190000000.0	109208147.7	108999913.3	109389693.7
1200000000.0	109894021.7	109682237.3	110079091.2
1210000000.0	110579273.1	110364115.6	110766316.0
1220000000.0	111262623.3	111044421.9	111452184.6
1230000000.0	111945403.8	111723129.9	112138940.3
1240000000.0	112625306.3	112401058.3	112819579.7
1250000000.0	113302917.4	113076523.7	113500011.9
1260000000.0	113979538.4	113751167.9	114181815.1
1270000000.0	114655400.0	114424281.1	114862150.1
1280000000.0	115330028.1	115094461.3	115536966.4
1290000000.0	116002991.9	115763225.3	116213365.1
1300000000.0	116674008.7	116430373.9	116888348.0
1310000000.0	117343246.3	117096746.3	117561381.5
1320000000.0	118011537.4	117761682.1	118231168.7
1330000000.0	118679052.6	118425216.8	118901404.6
1340000000.0	119344838.9	119087421.2	119568701.5
1350000000.0	120009229.9	119747794.6	120234633.1
1360000000.0	120672750.6	120405407.8	120899416.0
1370000000.0	121334026.2	121064296.8	121566054.8
1380000000.0	121994587.8	121721083.1	122231456.2
1390000000.0	122652684.2	122375655.0	122895482.2
1400000000.0	123309600.5	123028808.1	123555945.3
1410000000.0	123964706.7	123680569.7	124216440.9
1420000000.0	124619135.8	124329750.3	124877646.6
1430000000.0	125272414.8	124978963.2	125537640.8
1440000000.0	125925010.1	125627201.8	126193586.3
1450000000.0	126574482.9	126273512.2	126847546.1
1460000000.0	127224114.1	126918829.5	127500288.6
1470000000.0	127872375.0	127562432.3	128151824.8
1480000000.0	128519932.1	128204740.5	128802165.4
1490000000.0	129167496.9	128846758.7	129451646.9
1500000000.0	129813033.9	129487618.6	130101370.3
1510000000.0	130456380.2	130126581.7	130749981.2
1520000000.0	131098947.4	130764282.3	131397490.3
1530000000.0	131740954.9	131400771.5	132043908.5
1540000000.0	132382601.9	132036041.0	132689271.1
1550000000.0	133022190.0	132671678.6	133333609.7
1560000000.0	133659443.7	133306402.0	133976889.7
1570000000.0	134295929.1	133936495.8	134619191.8
1580000000.0	134931141.4	134564639.8	135261023.8
1590000000.0	135564548.9	135193690.5	135901813.2
1600000000.0	136197860.0	135821546.8	136541679.8
1610000000.0	136829685.6	136448252.5	137180551.2
1620000000.0	137460459.6	137073848.2	137818436.7
1630000000.0	138089535.5	137694348.5	138455345.7
1640000000.0	138716302.4	138317671.6	139091287.1
1650000000.0	139343531.3	138943653.3	139726263.1
1660000000.0	139970555.2	139564387.8	140358454.9
1670000000.0	140596725.3	140182633.8	140990788.8
1680000000.0	141221985.0	140800858.3	141623377.5
1690000000.0	141845835.4	141419525.4	142256769.9
1700000000.0	142468089.7	142037170.9	142887113.6
1710000000.0	143089358.2	142652490.3	143516527.5
1720000000.0	143709349.9	143266648.1	144144378.4
1730000000.0	144326554.7	143879707.9	144772617.2
1740000000.0	144946576.1	144486898.9	145395773.2
1750000000.0	145563566.9	145095902.2	146021502.4
1760000000.0	146179820.5	145703408.2	146646318.6
1770000000.0	146794707.0	146308971.9	147270224.5
1780000000.0	147407697.5	146913427.9	147891445.8
1790000000.0	148019680.4	147517351.6	148511741.4
1800000000.0	148632202.8	148124244.7	149131140.0
1810000000.0	149243441.6	148730111.9	149749655.9
1820000000.0	149853479.7	149334956.8	150367295.8
1830000000.0	150461784.0	149938785.3	150987408.5
1840000000.0	151070539.8	150541603.3	151605201.8
1850000000.0	151678677.2	151140442.4	152223037.8
1860000000.0	152285804.1	151735387.5	152838672.8
1870000000.0	152891578.6	152329306.7	153452748.3
1880000000.0	153496861.7	152922175.1	154066013.5
1890000000.0	154100430.3	153517055.0	154678475.0
1900000000.0	154704442.9	154108504.5	155291395.8
1910000000.0	155306275.7	154702693.8	155904796.2
1920000000.0	155908060.0	155294370.9	156517420.4
1930000000.0	156508478.3	155883416.4	157129274.0
1940000000.0	157107245.9	156471457.9	157740362.6
1950000000.0	157706790.6	157058848.5	158350691.8
1960000000.0	158304959.4	157646705.4	158960539.5
1970000000.0	158900770.0	158233596.1	159569988.2
1980000000.0	159493997.6	158819525.6	160178739.4
1990000000.0	160089496.1	159404498.9	160786799.2
2000000000.0	160682993.2	159988523.7	161394173.4
2010000000.0	161273807.5	160571644.1	162000867.9
2020000000.0	161867429.3	161153822.9	162606888.5
2030000000.0	162460813.4	161735064.9	163212163.4
2040000000.0	163051650.7	162315374.8	163814184.1
2050000000.0	163642375.5	162894757.1	164418775.8
2060000000.0	164232151.0	163473216.6	165022716.4
2070000000.0	164820059.5	164050757.7	165626011.4
2080000000.0	165405727.0	164626760.9	166228115.0
2090000000.0	165990545.1	165198831.0	166828351.0
2100000000.0	166578607.0	165769942.5	167427920.1
2110000000.0	167166353.5	166340099.6	168026837.2
2120000000.0	167751063.0	166910867.0	168625306.6
2130000000.0	168334449.7	167482402.8	169223797.5
2140000000.0	168917010.0	168053064.9	169821651.0
2150000000.0	169497627.1	168622902.7	170418885.3
2160000000.0	170078398.4	169191836.8	171015084.5
2170000000.0	170659297.0	169758175.3	171609799.0
2180000000.0	171239326.2	170325940.0	172204615.6
2190000000.0	171817149.6	170893076.9	172799824.2
2200000000.0	172394029.8	171458333.7	173394384.8
2210000000.0	172970397.3	172022704.9	173988568.7
2220000000.0	173547693.0	172586194.3	174582083.3
2230000000.0	174122694.4	173148816.9	175175005.6
2240000000.0	174696284.1	173710625.0	175767207.9
2250000000.0	175270448.6	174271563.1	176358464.6
2260000000.0	175843881.9	174831634.7	176948904.1
2270000000.0	176417089.2	175390843.5	177538777.9
2280000000.0	176988969.3	175948607.7	178128090.3
2290000000.0	177557998.3	176505350.6	178716845.4
2300000000.0	178126771.8	177061254.6	179305047.2
2310000000.0	178698394.6	177616323.1	179892699.9
2320000000.0	179268270.2	178170559.7	180479807.3
2330000000.0	179837722.1	178723967.9	181066367.7
2340000000.0	180407390.6	179276551.1	181652222.9
2350000000.0	180976367.5	179828312.7	182235034.1
2360000000.0	181543444.8	180379256.0	182817234.4
2370000000.0	182106922.8	180927163.6	183398849.5
2380000000.0	182669592.9	181476259.2	183982579.8
2390000000.0	183232818.1	182022908.6	184564598.0
2400000000.0	183795695.3	182567556.9	185146208.3
2410000000.0	184358299.8	183111358.3	185729299.9
2420000000.0	184920503.1	183654316.0	186312091.8
2430000000.0	185482022.7	184196433.0	186893967.7
2440000000.0	186042432.4	184737712.4	187474669.7
2450000000.0	186600329.2	185278157.4	188054912.1
2460000000.0	187158138.3	185817770.9	188634651.0
2470000000.0	187716325.0	186356555.9	189213889.7
2480000000.0	188273250.1	186894515.5	189792631.6
2490000000.0	188829661.0	187431652.6	190370879.7
2500000000.0	189385395.5	187967970.1	190949342.1
2510000000.0	189940456.4	188503470.9	191528035.7
2520000000.0	190494424.9	189038158.0	192106252.1
2530000000.0	191047239.2	189572034.1	192683994.5
2540000000.0	191600541.4	190105102.2	193261265.7
2550000000.0	192154193.2	190637365.0	193838068.7
2560000000.0	192707818.7	191168825.4	194414400.0
2570000000.0	193261100.6	191699486.0	194990258.5
2580000000.0	193812186.5	192229349.7	195565079.5
2590000000.0	194362206.7	192758419.2	196126840.8
2600000000.0	194911906.2	193286749.0	196701444.5
2610000000.0	195461620.9	193814592.5	197275858.2
2620000000.0	196010702.1	194345035.8	197849824.7
2630000000.0	196558707.0	194874742.9	198422933.5
2640000000.0	197105880.7	195403746.4	198992011.8
2650000000.0	197652428.7	195932057.9	199560615.3
2660000000.0	198199802.5	196459641.9	200128746.5
2670000000.0	198745690.2	196986500.8	200698239.4
2680000000.0	199290766.8	197512637.3	201267664.9
2690000000.0	199835938.9	198038053.8	201836655.1
2700000000.0	200380403.9	198562752.9	202405212.7
2710000000.0	200921938.1	199086737.0	202973340.1
2720000000.0	201462637.0	199610008.6	203541039.9
2730000000.0	202002702.7	200132570.2	204108314.8
2740000000.0	202541824.1	200654424.1	204675167.1
2750000000.0	203079208.9	201175572.8	205241599.4
2760000000.0	203618492.2	201696018.6	205808510.6
2770000000.0	204156678.5	202215763.9	206375033.9
2780000000.0	204693611.7	202734811.1	206941163.2
2790000000.0	205231062.4	203250704.8	207506900.8
2800000000.0	205768460.9	203765835.0	208072249.3
2810000000.0	206305306.8	204280243.1	208637211.1
2820000000.0	206841555.8	204793931.3	209201788.6
2830000000.0	207377210.0	205306901.8	209765984.1
2840000000.0	207912271.4	205819157.0	210329800.1
2850000000.0	208446742.1	206330699.0	210893217.8
2860000000.0	208980624.1	206841530.1	211456211.8
2870000000.0	209512605.8	207351652.4	212018832.1
2880000000.0	210043815.3	207861068.0	212581081.0
2890000000.0	210575213.8	208369779.2	213142527.7
2900000000.0	211106986.4	208877788.1	213700739.0
2910000000.0	211638345.9	209385096.8	214258542.0
2920000000.0	212169135.0	209891707.4	214815938.9
2930000000.0	212699355.6	210397622.1	215372931.7
2940000000.0	213227667.8	210902842.8	215929522.3
2950000000.0	213755879.9	211407371.7	216485712.8
2960000000.0	214283393.3	211911210.8	217044321.7
2970000000.0	214809186.0	212414362.2	217605043.6
2980000000.0	215334206.2	212916827.8	218165404.2
2990000000.0	215858650.7	213418609.8	218725405.3
3000000000.0	216382942.4	213920075.7	219285048.7
3010000000.0	216908229.5	214421955.5	219844336.4
3020000000.0	217432966.4	214923174.1	220403269.9
3030000000.0	217956965.3	215423733.6	220961851.2
3040000000.0	218478093.6	215923635.9	221520081.9
3050000000.0	218998652.1	216422882.8	222077963.9
3060000000.0	219518642.7	216921476.4	222635498.7
3070000000.0	220038123.9	217419418.5	223192688.2
3080000000.0	220557417.9	217916711.0	223749533.9
3090000000.0	221078485.6	218413355.8	224306037.7
3100000000.0	221600292.1	218909354.8	224862190.2
3110000000.0	222121575.6	219404709.8	225416362.7
3120000000.0	222642337.8	219899422.6	225969801.8
3130000000.0	223162949.5	220393495.1	226522909.3
3140000000.0	223681168.8	220886929.0	227075633.1
3150000000.0	224198658.4	221379726.3	227626338.9
3160000000.0	224715614.6	221870762.3	228176461.5
3170000000.0	225232038.8	222358567.4	228726251.0
3180000000.0	225747782.3	222845713.4	229275136.5
3190000000.0	226262368.1	223332201.9	229823451.5
3200000000.0	226776419.5	223818034.9	230371425.9
3210000000.0	227289938.0	224303214.0	230919061.0
3220000000.0	227804054.2	224787741.1	231466358.6
3230000000.0	228318707.4	225271618.0	232013320.4
3240000000.0	228831822.3	225754846.4	232563282.0
3250000000.0	229344427.1	226237428.0	233113109.3
3260000000.0	229856177.9	226719364.7	233660155.8
3270000000.0	230366627.8	227200658.0	234206890.2
3280000000.0	230876274.8	227681309.9	234753314.0
3290000000.0	231385713.4	228162289.6	235299428.8
3300000000.0	231896710.1	228643703.1	235845394.0
3310000000.0	232407218.3	229122420.2	236396502.4
3320000000.0	232917239.6	229597343.5	236947344.7
3330000000.0	233426775.5	230074672.5	237497928.8
3340000000.0	233934583.5	230551444.0	238048256.3
3350000000.0	234440259.4	231027695.3	238597303.8
3360000000.0	234945269.1	231506860.7	239141168.1
3370000000.0	235449308.6	231985614.8	239684726.5
3380000000.0	235953077.4	232463761.2	240227980.6
3390000000.0	236457880.7	232941375.0	240770878.3
3400000000.0	236961022.2	233418385.0	241313426.7
3410000000.0	237465300.0	233894792.3	241855674.2
3420000000.0	237969881.0	234370598.5	242397622.1
3430000000.0	238473306.2	234845805.1	242939271.7
3440000000.0	238975885.3	235318912.2	243480624.5
3450000000.0	239477348.0	235791175.3	244021681.9
3460000000.0	239978140.1	236262836.0	244562445.1
3470000000.0	240478443.2	236733896.0	245102915.5
3480000000.0	240978258.5	237204356.7	245643094.5
3490000000.0	241477587.5	237674219.6	246182983.4
3500000000.0	241976431.3	238143486.2	246722583.5
3510000000.0	242474791.3	238612158.1	247261896.0
3520000000.0	242972577.6	239080236.6	247800922.3
3530000000.0	243468304.9	239547723.2	248339663.6
3540000000.0	243964053.4	240014619.4	248878331.7
3550000000.0	244463139.4	240480926.6	249421706.0
3560000000.0	244959377.7	240946646.3	249964846.5
3570000000.0	245454861.0	241411780.0	250507754.5
3580000000.0	245949869.1	241876328.9	251050431.2
3590000000.0	246444403.4	242340294.6	251592878.0
3600000000.0	246938464.9	242803678.5	252135096.2
3610000000.0	247432054.9	243266481.9	252677087.0
3620000000.0	247925703.9	243728706.3	253218851.7
3630000000.0	248418875.4	244190353.1	253760391.5
3640000000.0	248910914.3	244651423.6	254301707.8
3650000000.0	249402065.8	245111919.2	254842801.8
3660000000.0	249892973.9	245572062.9	255383674.7
3670000000.0	250383759.6	246032161.8	255924327.7
3680000000.0	250874082.0	246491692.3	256464762.0
3690000000.0	251363942.3	246950655.9	257004978.8
3700000000.0	251853341.4	247409053.9	257544979.4
3710000000.0	252342280.6	247866887.5	258084764.9
3720000000.0	252830761.1	248324158.2	258624336.6
3730000000.0	253318783.8	248780867.1	259163695.5
3740000000.0	253806349.9	249237015.8	259702842.8
3750000000.0	254293460.6	249692605.3	260241779.6
3760000000.0	254780116.8	250147637.2	260780368.5
3770000000.0	255266319.7	250602112.5	261315849.8
3780000000.0	255752070.4	251056032.7	261851096.6
3790000000.0	256237369.9	251509398.9	262386109.7
3800000000.0	256722219.4	251962212.5	262920829.4
3810000000.0	257206619.8	252414474.8	263455277.3
3820000000.0	257687190.3	252866231.1	263989493.9
3830000000.0	258170361.2	253317443.4	264523480.1
3840000000.0	258654173.3	253768108.3	265057237.0
3850000000.0	259137541.4	254218227.1	265590765.6
3860000000.0	259620466.4	254667800.9	266124066.8
3870000000.0	260102949.5	255116831.1	266657141.7
3880000000.0	260584937.5	255565318.8	267189991.3
3890000000.0	261065783.1	256013265.2	267722616.5
3900000000.0	261546188.9	256460671.7	268255018.3
3910000000.0	262026156.0	256907539.3	268787197.7
3920000000.0	262505685.3	257354049.3	269319155.7
3930000000.0	262984777.9	257800972.5	269850893.1
3940000000.0	263463434.6	258247365.8	270382043.2
3950000000.0	263941656.6	258693230.4	270912530.2
3960000000.0	264419444.7	259138567.5	271442791.2
3970000000.0	264896799.9	259581273.0	271972807.2
3980000000.0	265373723.3	260023241.2	272502594.7
3990000000.0	265850215.7	260464676.0	273032158.5
4000000000.0	266326278.1	260905578.6	273561499.5
4010000000.0	266801911.5	261346549.6	274090618.6
4020000000.0	267277116.7	261787508.2	274619516.5
4030000000.0	267751894.8	262227941.8	275148194.3
4040000000.0	268226246.7	262667851.6	275676652.8
4050000000.0	268700173.2	263107238.7	276204892.8
4060000000.0	269173675.4	263546104.3	276732915.2
4070000000.0	269646754.1	263984449.5	277260720.8
4080000000.0	270119410.2	264422275.4	277788310.4
4090000000.0	270591644.7	264859583.1	278315684.9
4100000000.0	271063458.4	265296373.8	278842845.2
4110000000.0	271534852.3	265732648.5	279369792.0
4120000000.0	272005827.2	266168408.4	279896526.1
4130000000.0	272476384.1	266603654.6	280422891.1
4140000000.0	272946523.8	267038388.1	280948997.4
4150000000.0	273415983.5	267472610.1	281474885.5
4160000000.0	273884855.0	267906321.6	282000556.3
4170000000.0	274353306.2	268339523.8	282526010.4
4180000000.0	274821338.1	268772217.6	283051248.7
4190000000.0	275288951.5	269204404.2	283576271.8
4200000000.0	275756285.3	269636084.7	284101080.5
4210000000.0	276223371.8	270067260.1	284625675.6
4220000000.0	276690043.2	270497931.4	285150057.7
4230000000.0	277156300.5	270928099.7	285674227.7
4240000000.0	277622144.4	271357766.2	286199091.1
4250000000.0	278088335.7	271786931.7	286725171.2
4260000000.0	278554334.9	272215597.5	287249080.0
4270000000.0	279019931.4	272643764.4	287772788.4
4280000000.0	279485126.1	273071433.6	288296296.9
4290000000.0	279949919.9	273498606.1	288819606.5
4300000000.0	280414313.5	273925282.8	289342717.7
4310000000.0	280878307.8	274351464.9	289865631.3
4320000000.0	281341903.5	274777153.4	290388348.0
4330000000.0	281805101.5	275202349.2	290912027.9
4340000000.0	282267902.5	275627053.4	291438295.6
4350000000.0	282730307.4	276051266.9	291964404.2
4360000000.0	283192316.8	276474990.9	292490354.7
4370000000.0	283653653.0	276898226.2	293016147.6
4380000000.0	284113160.6	277320974.0	293541783.9
4390000000.0	284572263.5	277743235.1	294067264.1
4400000000.0	285030962.5	278165010.5	294592589.1
4410000000.0	285489258.3	278586301.4	295117759.6
4420000000.0	285947151.8	279007108.5	295642776.4
4430000000.0	286404643.6	279427433.0	296167640.0
4440000000.0	286861734.6	279847275.7	296691966.4
4450000000.0	287318425.5	280266637.7	297211583.5
4460000000.0	287774717.0	280685519.9	297730963.9
4470000000.0	288230610.0	281103923.3	298250131.4
4480000000.0	288686105.2	281521848.9	298769060.4
4490000000.0	289141203.3	281939297.5	299287787.6
4500000000.0	289595905.1	282356270.2	299806313.3
4510000000.0	290050211.2	282772767.9	300324638.2
4520000000.0	290504381.0	283188791.5	300842762.9
4530000000.0	290960408.6	283604342.1	301362887.1
4540000000.0	291416060.0	284019420.4	301883703.4
4550000000.0	291871335.9	284434027.5	302404358.7
4560000000.0	292326237.0	284848164.4	302924853.7
4570000000.0	292780763.9	285261831.8	303445188.9
4580000000.0	293234917.6	285675030.8	303965365.1
4590000000.0	293689382.3	286087762.2	304485382.8
4600000000.0	294144502.1	286500027.1	305005242.6
4610000000.0	294599259.6	286911826.2	305524945.3
4620000000.0	295053655.5	287323160.6	306044491.3
4630000000.0	295507690.5	287734031.1	306563881.4
4640000000.0	295961365.2	288144438.6	307083116.1
4650000000.0	296414680.3	288554384.0	307602196.1
4660000000.0	296867636.6	288963868.3	308121121.8
4670000000.0	297320234.6	289372892.3	308639894.1
4680000000.0	297772475.1	289781457.0	309158513.3
4690000000.0	298223482.9	290189563.1	309676980.2
4700000000.0	298673390.1	290597211.6	310195295.2
4710000000.0	299122932.5	291004403.5	310713459.1
4720000000.0	299572110.8	291411139.5	311231472.3
4730000000.0	300020925.6	291817420.5	311749335.5
4740000000.0	300469377.5	292223247.4	312267049.2
4750000000.0	300917467.2	292628621.2	312783732.9
4760000000.0	301365195.4	293033542.5	313299973.3
4770000000.0	301812562.8	293438012.4	313816053.9
4780000000.0	302259569.9	293842031.7	314331975.2
4790000000.0	302706217.4	294245601.3	314847737.7
4800000000.0	303152505.9	294648721.9	315363341.9
4810000000.0	303598436.2	295051397.3	315878788.3
4820000000.0	304044008.7	295453633.0	316394077.5
4830000000.0	304489224.3	295855422.4	316909210.0
4840000000.0	304934083.4	296256766.3	317424186.3
4850000000.0	305378586.7	296657665.6	317939007.0
4860000000.0	305822734.8	297058121.1	318453672.4
4870000000.0	306265877.5	297458133.7	318968183.2
4880000000.0	306707232.5	297857704.1	319482539.7
4890000000.0	307148223.3	298256833.3	319996742.6
4900000000.0	307588850.5	298655521.9	320510792.3
4910000000.0	308029115.0	299053771.0	321024689.4
4920000000.0	308469017.1	299451581.3	321538434.2
4930000000.0	308908557.6	299848953.5	322052027.2
4940000000.0	309347737.1	300245888.6	322565469.1
4950000000.0	309786556.2	300642387.3	323078760.2
4960000000.0	310225015.4	301038450.5	323591901.0
4970000000.0	310665600.3	301434079.0	324104891.9
4980000000.0	311107255.6	301829273.5	324617733.6
4990000000.0	311548573.7	302224034.9	325130426.3
5000000000.0	311986628.6	302618364.0	325642970.7
5010000000.0	312423427.0	303012285.9	326155367.1
5020000000.0	312859870.3	303405795.9	326667586.5
5030000000.0	313295959.0	303798876.0	327179586.8
5040000000.0	313731693.7	304191527.2	327691439.2
5050000000.0	314166467.3	304583750.2	328203144.4
5060000000.0	314600084.6	304975545.7	328714702.8
5070000000.0	315033341.3	305366914.6	329226114.7
5080000000.0	315466237.9	305757857.7	329737380.7
5090000000.0	315898775.0	306148375.6	330248501.1
5100000000.0	316330953.3	306538469.3	330759476.5
5110000000.0	316762773.3	306928139.4	331270307.1
5120000000.0	317194235.6	307317386.8	331780993.6
5130000000.0	317625340.8	307706212.2	332291536.2
5140000000.0	318056089.4	308094616.3	332801935.4
5150000000.0	318486482.1	308482600.0	333312191.7
5160000000.0	318916519.3	308870164.0	333809788.5
5170000000.0	319346201.7	309257309.1	334303049.3
5180000000.0	319775529.9	309644036.0	334796062.5
5190000000.0	320204504.4	310030345.5	335288828.4
5200000000.0	320633125.8	310416238.3	335781347.3
5210000000.0	321061394.6	310801715.2	336273619.7
5220000000.0	321489311.4	311186776.9	336765645.9
5230000000.0	321916876.8	311571424.2	337257426.3
5240000000.0	322344091.3	311955657.8	337748961.2
5250000000.0	322770955.5	312339478.5	338240251.0
5260000000.0	323197469.9	312722887.0	338731296.1
5270000000.0	323623635.1	313105884.0	339241505.5
5280000000.0	324049451.6	313488470.4	339752046.2
5290000000.0	324474920.1	313870646.7	340262469.9
5300000000.0	324900040.9	314252413.7	340772777.1
5310000000.0	325324814.7	314633772.2	341282968.2
5320000000.0	325749242.1	315014722.9	341793043.6
5330000000.0	326173323.5	315395266.6	342303003.7
5340000000.0	326597059.5	315775403.8	342812849.0
5350000000.0	327020450.7	316155135.5	343322579.7
5360000000.0	327443497.5	316534462.2	343832196.4
5370000000.0	327866200.5	316913384.6	344341699.5
5380000000.0	328288560.3	317291903.6	344851089.3
5390000000.0	328710577.4	317670019.9	345360366.2
5400000000.0	329132252.2	318047734.0	345869530.7
5410000000.0	329553585.4	318425046.8	346378583.1
5420000000.0	329974577.4	318801958.9	346887523.9
5430000000.0	330395665.3	319178471.0	347396353.3
5440000000.0	330817743.4	319554583.9	347905071.9
5450000000.0	331239487.9	319930298.3	348413680.0
5460000000.0	331660899.2	320305614.8	348922177.9
5470000000.0	332081977.9	320680534.1	349430566.1
5480000000.0	332502724.4	321055056.9	349938844.9
5490000000.0	332923139.3	321429184.0	350447014.8
5500000000.0	333343223.1	321802915.9	350955076.0
5510000000.0	333762976.2	322176253.5	351463029.0
5520000000.0	334182399.3	322549197.3	351969962.5
5530000000.0	334601492.6	322921748.1	352471141.7
5540000000.0	335020256.9	323293906.5	352972158.9
5550000000.0	335438692.5	323665673.3	353473014.5
5560000000.0	335856799.9	324037049.1	353973803.2
5570000000.0	336274579.7	324408034.5	354480888.6
5580000000.0	336692032.3	324778630.3	354987862.5
5590000000.0	337109158.2	325148837.1	355494725.2
5600000000.0	337525957.9	325518655.6	356001477.1
5610000000.0	337942431.9	325888086.4	356508118.5
5620000000.0	338358580.7	326257130.3	357014649.8
5630000000.0	338774404.7	326625787.8	357521071.2
5640000000.0	339189904.4	326994059.8	358027383.1
5650000000.0	339605080.4	327361946.7	358533585.9
5660000000.0	340019933.0	327729449.3	359039679.9
5670000000.0	340434462.8	328096568.2	359545665.3
5680000000.0	340848670.2	328463304.1	360051542.6
5690000000.0	341262555.7	328829657.6	360557312.0
5700000000.0	341676119.8	329195629.4	361062973.9
5710000000.0	342091174.8	329561220.2	361568528.5
5720000000.0	342505990.5	329926430.5	362073976.2
5730000000.0	342920492.8	330291261.0	362579317.3
5740000000.0	343334682.2	330655712.5	363084552.2
5750000000.0	343748559.1	331019785.4	363589681.0
5760000000.0	344162124.0	331383480.5	364094704.3
5770000000.0	344575377.4	331746798.4	364599622.1
5780000000.0	344988319.7	332109739.7	365104434.9
5790000000.0	345400951.4	332472305.1	365609143.0
5800000000.0	345813272.8	332834495.2	366113746.6
5810000000.0	346225284.5	333196310.6	366618246.1
5820000000.0	346636986.9	333557752.0	367122641.8
5830000000.0	347046438.2	333918820.0	367626933.9
5840000000.0	347455293.3	334279515.2	368131122.8
5850000000.0	347863832.5	334639838.2	368635208.7
5860000000.0	348272056.2	334999789.7	369139192.0
5870000000.0	348679965.0	335359370.3	369643072.9
5880000000.0	349087559.3	335718580.6	370146851.8
5890000000.0	349494839.5	336077421.2	370650528.8
5900000000.0	349901806.1	336435892.8	371154104.4
5910000000.0	350308459.5	336793996.0	371657578.7
5920000000.0	350714800.1	337151731.3	372160952.2
5930000000.0	351123381.3	337509099.4	372664193.0
5940000000.0	351533622.1	337866100.8	373167275.3
5950000000.0	351943570.1	338222736.3	373670257.1
5960000000.0	352353225.6	338579006.4	374173138.4
5970000000.0	352762589.1	338934911.8	374675919.6
5980000000.0	353171660.9	339290452.9	375178601.0
5990000000.0	353580441.5	339645630.5	375681182.9
6000000000.0	353988931.2	340000445.1	376183665.5
6010000000.0	354397130.6	340354897.3	376686049.0
6020000000.0	354805040.0	340708987.7	377189433.4
6030000000.0	355212057.4	341062717.0	377695396.0
6040000000.0	355617064.5	341416085.7	378201281.3
6050000000.0	356021772.2	341769094.4	378706539.1
6060000000.0	356426180.8	342121743.6	379205607.8
6070000000.0	356830290.8	342474034.1	379704565.5
6080000000.0	357234102.6	342825966.3	380203412.6
6090000000.0	357637616.6	343177540.9	380702306.5
6100000000.0	358040833.1	343528758.5	381203989.9
6110000000.0	358443752.7	343879619.6	381705577.8
6120000000.0	358846375.6	344230124.8	382207070.5
6130000000.0	359248702.4	344580274.7	382708468.3
6140000000.0	359650733.4	344930069.8	383209771.3
6150000000.0	360052469.0	345279510.9	383710979.9
6160000000.0	360453440.4	345628598.3	384212094.3
6170000000.0	360852298.5	345977332.8	384713114.7
6180000000.0	361250855.3	346325714.8	385213963.5
6190000000.0	361649111.2	346673745.0	385714608.8
6200000000.0	362047066.7	347021423.9	386215160.0
6210000000.0	362443573.9	347368752.1	386715617.2
6220000000.0	362838409.3	347715730.2	387215980.7
6230000000.0	363232937.2	348062358.7	387716250.8
6240000000.0	363627157.9	348408638.1	388216427.7
6250000000.0	364021071.9	348754569.2	388716511.7
6260000000.0	364414679.6	349100152.3	389216502.9
6270000000.0	364807981.4	349445388.1	389716401.6
6280000000.0	365200977.7	349790277.2	390216208.0
6290000000.0	365593669.0	350134820.0	390715922.4
6300000000.0	365986055.6	350479017.2	391215545.0
6310000000.0	366378137.9	350822869.4	391715076.1
6320000000.0	366769916.4	351166376.9	392214515.8
6330000000.0	367161391.6	351509540.5	392713864.5
6340000000.0	367552563.6	351852360.6	393213122.2
6350000000.0	367943433.1	352194837.9	393712289.4
6360000000.0	368334000.4	352536972.8	394211366.1
6370000000.0	368724265.9	352878765.9	394707564.3
6380000000.0	369114230.0	353220217.8	395203027.2
6390000000.0	369503893.1	353561329.0	395698293.5
6400000000.0	369893255.6	353902100.0	396193377.0
6410000000.0	370282318.0	354242544.6	396688354.5
6420000000.0	370671080.6	354583692.2	397180598.7
6430000000.0	371059543.7	354924503.7	397672389.6
6440000000.0	371447707.9	355264979.7	398164060.1
6450000000.0	371835573.6	355605120.7	398655610.7
6460000000.0	372223141.0	355944927.2	399147041.3
6470000000.0	372610410.6	356284399.9	399638352.4
6480000000.0	372997382.8	356623539.1	400129544.0
6490000000.0	373384058.1	356962345.4	400620616.3
6500000000.0	373770436.7	357300819.4	401111569.6
6510000000.0	374156519.0	357638961.6	401602404.1
6520000000.0	374542305.6	357976772.4	402093119.9
6530000000.0	374929048.6	358314252.4	402583717.2
6540000000.0	375316375.6	358651402.2	403074196.3
6550000000.0	375703415.1	358988222.2	403564557.2
6560000000.0	376090167.4	359324713.0	404054800.4
6570000000.0	376476632.8	359660875.0	404544925.8
6580000000.0	376862811.8	359996708.8	405034933.7
6590000000.0	377248704.6	360332214.9	405524824.3
6600000000.0	377634311.8	360667393.7	406014597.8
6610000000.0	378019633.6	361002245.9	406504254.4
6620000000.0	378404670.5	361336772.0	406993794.2
6630000000.0	378789422.7	361670972.3	407483217.5
6640000000.0	379173890.7	362004847.5	407972524.4
6650000000.0	379558074.9	362338398.0	408461715.1
6660000000.0	379941975.5	362671624.3	408950789.8
6670000000.0	380325593.0	363004527.0	409439748.7
6680000000.0	380708927.7	363337106.5	409930001.3
6690000000.0	381091980.1	363669363.4	410422296.5
6700000000.0	381474750.4	364001298.1	410914493.5
6710000000.0	381857327.9	364332911.1	411406592.6
6720000000.0	382239824.8	364664203.0	411898594.0
6730000000.0	382622041.8	364995174.2	412390497.9
6740000000.0	383003979.4	365325825.2	412882304.3
6750000000.0	383386056.1	365656156.5	413374013.6
6760000000.0	383768688.8	365986168.6	413865625.9
6770000000.0	384151189.6	366315862.0	414357141.4
6780000000.0	384533712.2	366645237.2	414848560.2
6790000000.0	384915962.0	366974294.7	415339882.6
6800000000.0	385297939.4	367303034.9	415831108.6
6810000000.0	385679644.5	367631458.3	416322238.6
6820000000.0	386061077.9	367959565.5	416813272.7
6830000000.0	386442239.8	368287356.9	417304211.0
6840000000.0	386823130.6	368614833.0	417795053.7
6850000000.0	387203750.6	368941994.3	418285801.0
6860000000.0	387584100.1	369268841.2	418776453.1
6870000000.0	387964179.6	369595374.2	419267398.0
6880000000.0	388343989.2	369921593.9	419760324.9
6890000000.0	388723529.5	370247500.6	420253168.8
6900000000.0	389102800.6	370573094.9	420745929.7
6910000000.0	389481803.0	370898377.2	421238607.9
6920000000.0	389860537.0	371223348.1	421731203.6
6930000000.0	390239002.9	371548007.9	422223716.8
6940000000.0	390617201.0	371872357.2	422716147.8
6950000000.0	390995131.7	372196396.4	423208496.7
6960000000.0	391372795.3	372520126.0	423700763.7
6970000000.0	391750192.2	372843546.4	424192949.1
6980000000.0	392127322.6	373166658.2	424685052.8
6990000000.0	392504186.9	373489461.8	425177075.2
7000000000.0	392880785.5	373811957.6	425669016.4
7010000000.0	393257118.6	374134146.2	426160876.5
7020000000.0	393633186.6	374456027.9	426652655.8
7030000000.0	394008989.8	374777603.3	427144354.3
7040000000.0	394384528.6	375098872.8	427635972.3
7050000000.0	394759803.2	375419836.9	428127509.9
7060000000.0	395134814.0	375740496.0	428618967.2
7070000000.0	395509561.3	376060850.5	429110344.6
7080000000.0	395884045.4	376380901.0	429601642.0
7090000000.0	396258266.7	376700648.0	430092859.6
7100000000.0	396632225.4	377020091.7	430583997.7
7110000000.0	397005922.0	377339232.8	431075056.4
7120000000.0	397379356.7	377658071.6	431566035.8
7130000000.0	397752529.8	377976608.6	432056936.1
7140000000.0	398125441.6	378294844.3	432547757.5
7150000000.0	398498092.6	378612779.0	433038500.1
7160000000.0	398870482.9	378930413.4	433529164.0
7170000000.0	399242612.9	379247747.7	434018266.8
7180000000.0	399614483.0	379564782.5	434505832.4
7190000000.0	399986093.3	379881518.2	434993306.6
7200000000.0	400357444.4	380197955.2	435480689.6
7210000000.0	400728536.4	380514094.0	435967981.4
7220000000.0	401099369.6	380829935.0	436455182.4
7230000000.0	401469944.5	381145478.7	436942292.5
7240000000.0	401840261.2	381460725.5	437429311.9
7250000000.0	402210320.2	381775675.9	437916240.9
7260000000.0	402580121.7	382090330.2	438403079.4
7270000000.0	402949666.0	382404688.9	438889827.8
7280000000.0	403318953.4	382718752.5	439376486.1
7290000000.0	403687984.3	383032521.5	439863054.4
7300000000.0	404056758.9	383345996.1	440349532.9
7310000000.0	404425277.6	383659176.9	440835921.8
7320000000.0	404793540.7	383972064.3	441322221.2
7330000000.0	405161548.4	384284658.7	441808431.1
7340000000.0	405529301.1	384596960.6	442294551.9
7350000000.0	405896364.1	384908970.3	442780583.6
7360000000.0	406262091.1	385220688.4	443266526.3
7370000000.0	406627560.1	385532115.3	443752380.1
7380000000.0	406992771.5	385843251.3	444238145.4
7390000000.0	407357725.6	386154096.9	444723822.0
7400000000.0	407722422.7	386464652.5	445209410.3
7410000000.0	408086863.1	386774918.6	445694910.2
7420000000.0	408451047.1	387084895.6	446180322.1
7430000000.0	408814975.0	387394583.8	446665645.9
7440000000.0	409178647.0	387703983.8	447150881.9
7450000000.0	409542063.6	388013095.9	447636030.1
7460000000.0	409905225.1	388321920.6	448121090.7
7470000000.0	410268131.6	388630458.2	448606063.9
7480000000.0	410630783.5	388938709.2	449090949.7
7490000000.0	410993181.2	389246674.1	449575748.3
7500000000.0	411355324.9	389554353.2	450060459.8
7510000000.0	411717214.9	389861746.9	450545084.4
7520000000.0	412078851.6	390168855.7	451029622.2
7530000000.0	412440235.1	390475679.9	451514073.2
7540000000.0	412801365.9	390782220.1	451998437.7
7550000000.0	413162244.2	391088476.5	452482715.8
7560000000.0	413522870.3	391394449.7	452966907.6
7570000000.0	413883244.5	391700139.9	453451013.1
7580000000.0	414243367.1	392005547.7	453935032.7
7590000000.0	414603238.5	392310673.5	454418966.3
7600000000.0	414962858.8	392615517.6	454902814.1
7610000000.0	415322228.4	392920080.4	455386576.2
7620000000.0	415681347.6	393224362.4	455870252.7
7630000000.0	416040941.1	393528363.9	456353843.9
7640000000.0	416400697.2	393832085.4	456837349.7
7650000000.0	416760206.2	394135527.3	457320770.3
7660000000.0	417119468.4	394438689.9	457804105.9
7670000000.0	417478484.0	394741573.8	458287356.5
7680000000.0	417837253.3	395044179.2	458770522.3
7690000000.0	418195776.6	395346506.5	459253603.4
7700000000.0	418554054.2	395648556.3	459736600.0
7710000000.0	418912086.4	395950328.8	460219512.0
7720000000.0	419269873.4	396251824.5	460702339.8
7730000000.0	419627415.6	396553043.7	461185083.3
7740000000.0	419984713.2	396853986.9	461667742.7
7750000000.0	420341766.5	397154654.5	462150318.1
7760000000.0	420698575.7	397455046.8	462632809.6
7770000000.0	421055141.3	397755164.2	463115217.4
7780000000.0	421410987.2	398055007.2	463597541.6
7790000000.0	421766225.8	398354576.1	464079782.2
7800000000.0	422121219.5	398653871.3	464561939.5
7810000000.0	422475968.5	398952893.3	465044013.4
7820000000.0	422830473.3	399251642.3	465527364.6
7830000000.0	423184734.0	399550118.8	466012343.4
7840000000.0	423538750.9	399848323.2	466497250.5
7850000000.0	423892524.4	400146255.8	466982085.9
7860000000.0	424246054.6	400443917.1	467466849.7
7870000000.0	424599342.0	400741307.5	467951542.1
7880000000.0	424952386.6	401038427.2	468436163.3
7890000000.0	425305188.9	401335276.7	468920713.2
7900000000.0	425657749.1	401631856.4	469405192.0
7910000000.0	426010067.5	401928166.7	469889599.8
7920000000.0	426362144.3	402224207.9	470373936.8
7930000000.0	426713979.8	402519980.5	470858203.0
7940000000.0	427065574.4	402815484.7	471342398.6
7950000000.0	427416928.2	403110721.0	471826523.7
7960000000.0	427768041.6	403405689.8	472310578.3
7970000000.0	428118914.8	403700391.4	472794562.7
7980000000.0	428469548.1	403994826.3	473278476.8
7990000000.0	428819941.8	404288994.7	473762320.9
8000000000.0	429170096.1	404582897.1	474246094.9
8010000000.0	429520011.3	404876533.9	474729799.1
8020000000.0	429869687.7	405169905.3	475213433.6
8030000000.0	430219125.5	405463011.8	475696998.3
8040000000.0	430568325.1	405755853.8	476180493.6
8050000000.0	430917286.6	406048431.6	476663919.3
8060000000.0	431266010.4	406340745.7	477147275.8
8070000000.0	431614496.8	406632796.3	477630563.0
8080000000.0	431962745.9	406924583.8	478113781.0
8090000000.0	432310758.1	407216108.6	478596930.1
8100000000.0	432658533.6	407507371.1	479080010.2
8110000000.0	433006072.7	407798371.7	479563021.5
8120000000.0	433353375.6	408089110.6	480045964.1
8130000000.0	433700442.7	408379588.4	480528838.1
8140000000.0	434047274.1	408669805.2	481011643.6
8150000000.0	434393870.2	408959761.6	481494380.7
8160000000.0	434740231.2	409249457.8	481977049.5
8170000000.0	435086357.4	409538894.3	482459650.0
8180000000.0	435432249.0	409828071.3	482942182.5
8190000000.0	435777906.3	410116989.3	483424647.0
8200000000.0	436123329.6	410405648.6	483907043.6
8210000000.0	436468519.1	410694049.6	484389372.4
8220000000.0	436813475.1	410982192.6	484871633.4
8230000000.0	437158197.8	411270077.9	485353826.9
8240000000.0	437502687.5	411557706.0	485835952.9
8250000000.0	437846944.5	411845077.3	486318011.5
8260000000.0	438190968.9	412132191.9	486800002.8
8270000000.0	438534761.2	412419050.4	487281926.8
8280000000.0	438878321.5	412705653.0	487763783.8
8290000000.0	439221650.1	412992000.2	488245573.7
8300000000.0	439564747.2	413278092.2	488727296.7
8310000000.0	439907613.1	413563929.5	489208952.9
8320000000.0	440250248.1	413849512.3	489690542.4
8330000000.0	440592652.4	414134841.1	490172065.2
8340000000.0	440934826.3	414419916.1	490653521.5
8350000000.0	441276769.9	414704737.8	491134911.4
8360000000.0	441618483.7	414989306.4	491616234.9
8370000000.0	441959967.8	415273622.3	492097492.2
8380000000.0	442301222.5	415557686.0	492578683.3
8390000000.0	442642248.0	415841497.6	493059808.3
8400000000.0	442983044.5	416125057.6	493540867.4
8410000000.0	443323612.5	416408366.3	494021860.6
8420000000.0	443663952.0	416691424.1	494502788.0
8430000000.0	444004063.3	416974231.2	494983649.7
8440000000.0	444343946.7	417256788.1	495464445.8
8450000000.0	444683602.5	417539095.1	495945176.3
8460000000.0	445023030.9	417821152.5	496425841.5
8470000000.0	445362232.0	418102960.7	496906441.3
8480000000.0	445701206.3	418384520.0	497386975.9
8490000000.0	446039953.9	418665830.7	497867445.3
8500000000.0	446378475.1	418946893.2	498347849.6
8510000000.0	446716770.1	419227707.9	498828189.0
8520000000.0	447054839.2	419508275.0	499308463.5
8530000000.0	447392682.6	419788594.9	499788673.2
8540000000.0	447730435.2	420068667.9	500268818.2
8550000000.0	448068346.5	420348494.4	500751694.5
8560000000.0	448406033.7	420628074.8	501236702.3
8570000000.0	448743497.2	420907409.2	501721664.7
8580000000.0	449080737.1	421186498.2	502206581.7
8590000000.0	449417753.7	421465342.0	502691453.4
8600000000.0	449754547.3	421743940.9	503176279.9
8610000000.0	450091118.0	422022295.3	503661061.4
8620000000.0	450427466.2	422300405.5	504145797.9
8630000000.0	450763592.0	422578271.8	504630489.4
8640000000.0	451099495.7	422855894.6	505115136.2
8650000000.0	451435177.6	423133274.2	505599738.2
8660000000.0	451770637.8	423410411.0	506084295.6
8670000000.0	452105876.7	423687305.2	506568808.5
8680000000.0	452440894.4	423963957.1	507053276.9
8690000000.0	452775691.2	424240367.2	507537701.0
8700000000.0	453110267.3	424516535.8	508022080.8
8710000000.0	453444623.0	424792463.1	508506416.4
8720000000.0	453778758.6	425068149.5	508990707.9
8730000000.0	454112674.1	425343595.3	509474955.5
8740000000.0	454446369.9	425618800.8	509959159.1
8750000000.0	454779846.2	425893766.4	510443318.9
8760000000.0	455113103.3	426168492.4	510927434.9
8770000000.0	455446141.3	426442979.1	511411507.3
8780000000.0	455778960.6	426717226.8	511895536.2
8790000000.0	456111561.3	426991235.9	512379521.5
8800000000.0	456443943.7	427265006.6	512863463.5
8810000000.0	456776108.0	427538539.4	513347362.2
8820000000.0	457108054.4	427811834.4	513831217.6
8830000000.0	457439783.2	428084892.1	514315030.0
8840000000.0	457771294.6	428357712.7	514798799.2
8850000000.0	458102588.9	428630296.6	515282525.5
8860000000.0	458433666.2	428902644.1	515766209.0
8870000000.0	458764526.8	429174755.4	516249849.6
8880000000.0	459095170.9	429446631.0	516733447.5
8890000000.0	459425598.8	429718271.1	517217002.8
8900000000.0	459755810.7	429989676.0	517700515.6
8910000000.0	460085806.8	430260846.1	518183985.8
8920000000.0	460415587.3	430531781.7	518667413.7
8930000000.0	460745152.5	430802483.0	519150799.3
8940000000.0	461074502.6	431072950.4	519634142.7
8950000000.0	461403637.9	431343184.2	520117444.0
8960000000.0	461732558.4	431613184.8	520600703.2
8970000000.0	462061264.6	431882952.4	521083920.4
8980000000.0	462389756.6	432152487.3	521567095.7
8990000000.0	462718034.6	432421789.8	522050229.3
9000000000.0	463046098.8	432690860.3	522533321.1
9010000000.0	463373949.5	432959699.0	523016371.2
9020000000.0	463701587.0	433228306.4	523499379.8
9030000000.0	464029011.3	433496682.6	523982346.8
9040000000.0	464356222.8	433764827.9	524465272.5
9050000000.0	464683221.7	434032742.8	524948156.8
9060000000.0	465010008.2	434300427.4	525430999.9
9070000000.0	465336582.5	434567882.2	525913801.8
9080000000.0	465662944.8	434835107.3	526396562.5
9090000000.0	465989095.4	435102103.2	526879282.3
9100000000.0	466315034.5	435368870.0	527361961.1
9110000000.0	466640762.3	435635408.1	527844599.0
9120000000.0	466966279.1	435901717.9	528327196.2
9130000000.0	467291584.9	436167799.6	528809752.6
9140000000.0	467616680.2	436433653.5	529292268.4
9150000000.0	467941565.0	436699279.8	529774743.6
9160000000.0	468266239.7	436964679.0	530257178.3
9170000000.0	468590704.3	437229851.3	530739572.6
9180000000.0	468914959.2	437494797.0	531221926.6
9190000000.0	469239004.6	437759516.5	531704240.3
9200000000.0	469562840.6	438024009.9	532185232.4
9210000000.0	469886467.6	438288277.6	532662562.4
9220000000.0	470209885.7	438552319.9	533139836.1
9230000000.0	470533095.1	438816137.1	533617053.5
9240000000.0	470856096.0	439079729.5	534094214.7
9250000000.0	471178888.7	439343097.3	534571319.9
9260000000.0	471501473.4	439606240.9	535048369.0
9270000000.0	471823850.3	439869160.6	535525362.1
9280000000.0	472146019.6	440131856.7	536002299.3
9290000000.0	472467981.5	440394329.4	536479180.7
9300000000.0	472789736.2	440656579.0	536956006.3
9310000000.0	473111284.1	440918605.9	537432776.2
9320000000.0	473432625.1	441180410.3	537909490.4
9330000000.0	473753759.7	441441992.5	538386149.1
9340000000.0	474074687.9	441703352.9	538862752.2
9350000000.0	474395410.1	441964491.6	539339299.9
9360000000.0	474715926.4	442225409.0	539815792.3
9370000000.0	475036237.0	442486105.3	540292229.3
9380000000.0	475356342.1	442746581.0	540768611.1
9390000000.0	475676242.0	443006836.1	541244937.7
9400000000.0	475995936.8	443266871.1	541721209.2
9410000000.0	476315426.9	443526686.2	542197425.6
9420000000.0	476634712.3	443786281.8	542673587.0
9430000000.0	476953793.3	444045658.0	543149693.5
9440000000.0	477272670.1	444304815.1	543625745.2
9450000000.0	477591342.9	444563753.6	544101742.0
9460000000.0	477909812.0	444822473.6	544577684.1
9470000000.0	478228077.4	445080975.3	545053571.6
9480000000.0	478546139.5	445339259.2	545529404.4
9490000000.0	478863998.5	445597325.5	546005182.7
9500000000.0	479181654.5	445855174.5	546480906.5
9510000000.0	479499107.8	446112806.4	546956575.9
9520000000.0	479816358.5	446370221.5	547432190.9
9530000000.0	480133406.9	446627420.1	547907751.7
9540000000.0	480450253.2	446884402.5	548383258.1
9550000000.0	480766897.6	447141169.0	548858710.5
9560000000.0	481083340.2	447397719.9	549334108.7
9570000000.0	481399581.4	447654055.3	549809452.8
9580000000.0	481715772.6	447910175.6	550284743.0
9590000000.0	482032481.9	448166081.2	550759979.2
9600000000.0	482348991.6	448421772.2	551235161.6
9610000000.0	482665301.8	448677248.9	551710290.2
9620000000.0	482981412.8	448932511.6	552185365.0
9630000000.0	483297324.7	449187560.5	552660386.1
9640000000.0	483613037.7	449442396.1	553135353.6
9650000000.0	483928552.1	449697018.4	553610267.5
9660000000.0	484243868.0	449951427.9	554085127.9
9670000000.0	484558985.6	450205624.7	554559934.9
9680000000.0	484873905.2	450459609.2	555034688.4
9690000000.0	485188626.9	450713381.6	555509388.7
9700000000.0	485503150.9	450966942.2	555983846.9
9710000000.0	485817477.5	451220291.2	556458228.1
9720000000.0	486131606.8	451473429.0	556932555.4
9730000000.0	486445539.1	451726355.8	557406829.0
9740000000.0	486759274.4	451979071.8	557881048.9
9750000000.0	487072813.1	452231577.4	558355215.1
9760000000.0	487386155.3	452483872.8	558829327.7
9770000000.0	487699301.3	452735958.2	559303386.8
9780000000.0	488012251.1	452987834.0	559777392.4
9790000000.0	488325005.0	453239500.4	560251344.6
9800000000.0	488637563.3	453490957.7	560725243.4
9810000000.0	488949926.0	453742206.1	561199089.0
9820000000.0	489262093.5	453993245.9	561672881.2
9830000000.0	489574065.8	454244077.4	562146620.3
9840000000.0	489885843.2	454494700.8	562620306.2
9850000000.0	490197425.9	454745116.5	563097014.3
9860000000.0	490508814.1	454995324.6	563577393.0
9870000000.0	490820007.9	455245325.4	564057740.6
9880000000.0	491131007.6	455495119.2	564538057.3
9890000000.0	491441813.3	455744706.3	565018343.0
9900000000.0	491752425.3	455994086.8	565498598.0
9910000000.0	492062843.7	456243261.2	565978822.1
9920000000.0	492373068.8	456492229.6	566459015.5
9930000000.0	492683100.6	456740992.3	566939178.2
9940000000.0	492992939.5	456989549.5	567419310.3
9950000000.0	493302585.6	457237901.6	567899411.9
9960000000.0	493612039.1	457486048.7	568379483.0
9970000000.0	493921300.1	457733991.2	568859523.7
9980000000.0	494230369.0	457981729.3	569339534.0
9990000000.0	494539245.8	458229263.2	569819514.0
---BOUND_POP---
median_estimated_unobs	lower_ci	upper_ci
487235228.8	416592432.2	1251581698.9
