
CondaError: Run 'conda init' before 'conda deactivate'

---FILE SRR32774353_2_uniq.hist ---
---LC_EXTRAP---
TOTAL_READS	EXPECTED_DISTINCT	LOWER_0.95CI	UPPER_0.95CI
0	0	0	0
10000000.0	1400918.5	1378606.8	1422709.2
20000000.0	2593229.0	2551741.3	2634064.9
30000000.0	3720003.5	3660449.2	3778516.5
40000000.0	4802896.0	4726051.6	4878165.5
50000000.0	5852641.5	5759079.3	5944044.3
60000000.0	6875870.5	6765992.5	6982892.1
70000000.0	7877049.5	7751332.8	7999440.3
80000000.0	8859620.5	8718340.7	8997005.8
90000000.0	9826173.0	9669438.6	9978234.9
100000000.0	10778569.0	10606702.1	10945157.6
110000000.0	11718515.0	11531664.0	11899403.2
120000000.0	12647275.5	12445630.1	12842359.1
130000000.0	13565960.0	13349690.6	13775121.2
140000000.0	14475485.0	14244754.4	14698649.8
150000000.0	15376702.0	15131622.5	15613740.9
160000000.0	16270289.0	16010957.8	16521124.4
170000000.0	17156851.0	16883532.9	17421383.5
180000000.0	18036898.0	17749690.2	18315069.2
190000000.0	18910989.0	18609897.4	19202637.2
200000000.0	19779456.0	19464545.8	20084508.9
210000000.0	20642658.0	20314008.8	20961060.5
220000000.0	21500898.5	21158599.9	21832610.2
230000000.0	22354467.5	21998606.0	22699483.4
240000000.0	23203666.5	22834301.0	23561925.6
250000000.0	24048737.0	23665914.9	24420190.7
260000000.0	24889894.5	24493669.9	25274499.7
270000000.0	25727345.5	25317757.0	26125061.5
280000000.0	26561271.0	26138363.9	26972059.2
290000000.0	27391840.0	26955655.8	27815662.8
300000000.0	28219208.0	27769785.8	28656029.3
310000000.0	29043520.5	28580896.8	29493307.6
320000000.0	29864910.5	29389117.9	30327628.8
330000000.0	30683498.5	30194573.9	31159119.9
340000000.0	31499401.4	30997375.0	31987894.8
350000000.0	32312726.8	31797629.3	32814064.5
360000000.0	33123581.0	32595435.3	33637727.8
370000000.0	33932105.2	33390884.0	34458978.8
380000000.0	34738330.7	34184061.8	35277905.6
390000000.0	35542339.3	34975049.5	36094590.7
400000000.0	36344214.8	35763923.1	36909111.7
410000000.0	37144029.6	36550754.2	37721541.5
420000000.0	37941845.4	37335610.2	38531948.9
430000000.0	38737726.4	38118554.8	39340398.5
440000000.0	39531732.9	38899648.0	40146951.6
450000000.0	40323922.4	39678946.8	40951665.9
460000000.0	41114349.0	40456505.0	41754596.4
470000000.0	41903064.1	41232373.8	42555794.8
480000000.0	42690116.5	42006603.2	43355310.4
490000000.0	43475552.4	42779238.8	44153190.0
500000000.0	44259416.0	43550323.4	44949478.0
510000000.0	45041749.1	44319898.6	45744216.8
520000000.0	45822591.8	45088004.3	46537446.7
530000000.0	46601982.1	45854678.5	47329206.0
540000000.0	47379956.4	46619957.3	48119531.6
550000000.0	48156549.4	47383875.5	48908458.3
560000000.0	48931794.4	48146466.1	49696019.7
570000000.0	49705723.1	48907760.9	50482247.9
580000000.0	50478366.0	49667790.1	51267173.4
590000000.0	51249752.1	50426583.0	52050825.7
600000000.0	52019909.5	51184167.3	52833232.8
610000000.0	52788865.0	51940569.9	53614421.9
620000000.0	53556644.3	52695816.5	54394418.7
630000000.0	54323272.2	53449931.8	55173248.3
640000000.0	55088772.3	54202939.6	55950934.5
650000000.0	55853167.7	54954862.6	56727500.4
660000000.0	56616480.2	55705723.0	57502968.1
670000000.0	57378731.1	56455541.8	58277358.9
680000000.0	58139940.7	57204339.5	59050693.3
690000000.0	58900128.8	57952135.9	59822991.2
700000000.0	59659314.3	58698949.8	60594271.5
710000000.0	60417515.4	59444799.5	61364552.8
720000000.0	61174750.0	60189702.9	62133852.7
730000000.0	61931034.9	60933676.9	62902188.4
740000000.0	62686386.8	61676738.0	63669576.5
750000000.0	63440821.5	62418902.2	64436033.1
760000000.0	64194354.5	63160185.0	65201573.4
770000000.0	64947000.6	63900601.2	65966212.6
780000000.0	65698701.6	64640165.3	66729965.2
790000000.0	66449383.7	65378891.3	67492845.0
800000000.0	67199498.9	66116792.8	68254865.8
810000000.0	67948782.1	66853884.5	69016040.7
820000000.0	68697245.8	67590180.7	69776382.3
830000000.0	69444902.3	68325690.8	70535903.1
840000000.0	70191763.3	69060427.0	71294615.1
850000000.0	70937840.2	69794400.7	72052529.8
860000000.0	71683144.2	70527623.4	72809658.6
870000000.0	72427630.5	71260105.8	73566012.3
880000000.0	73171190.0	71991858.7	74321601.7
890000000.0	73913907.4	72722892.3	75076437.0
900000000.0	74655661.4	73453216.8	75830528.2
910000000.0	75396770.4	74182841.8	76583885.1
920000000.0	76137257.4	74911776.8	77336517.2
930000000.0	76877216.3	75640031.0	78088433.6
940000000.0	77616576.1	76367613.5	78839643.4
950000000.0	78355242.0	77094532.8	79590155.3
960000000.0	79093222.7	77820797.6	80339977.6
970000000.0	79830716.4	78546416.1	81089118.8
980000000.0	80567825.1	79271396.3	81837586.7
990000000.0	81304292.7	79995746.1	82585343.7
1000000000.0	82040127.5	80719473.1	83331984.4
1010000000.0	82774901.2	81442584.7	84077954.9
1020000000.0	83509032.2	82165088.2	84823262.0
1030000000.0	84242535.7	82886990.7	85567912.5
1040000000.0	84975418.5	83608299.0	86311912.9
1050000000.0	85707670.3	84329019.9	87055269.6
1060000000.0	86439083.0	85049159.9	87797988.7
1070000000.0	87169887.8	85768725.4	88540076.3
1080000000.0	87900090.8	86487722.7	89281538.4
1090000000.0	88629697.9	87206157.8	90022345.3
1100000000.0	89358714.8	87924036.7	90762441.5
1110000000.0	90087757.6	88641365.1	91497844.5
1120000000.0	90815364.5	89358148.9	92232059.5
1130000000.0	91543757.2	90074393.4	92971538.1
1140000000.0	92271462.9	90790104.2	93710594.8
1150000000.0	92997940.1	91505168.3	94450025.3
1160000000.0	93724757.7	92218174.6	95188974.2
1170000000.0	94450930.3	92930610.7	95927129.3
1180000000.0	95175900.8	93642481.1	96662669.3
1190000000.0	95900251.0	94353790.3	97397988.2
1200000000.0	96624071.7	95064542.4	98133938.8
1210000000.0	97346056.6	95774741.6	98869380.5
1220000000.0	98067539.8	96484392.0	99604318.1
1230000000.0	98788829.5	97193497.7	100338756.4
1240000000.0	99509689.0	97902062.4	101072700.1
1250000000.0	100230356.6	98610128.2	101806111.9
1260000000.0	100950918.9	99318919.6	102539027.6
1270000000.0	101671150.4	100025580.3	103271460.5
1280000000.0	102391255.8	100731707.0	104003414.8
1290000000.0	103110870.7	101437303.0	104734894.8
1300000000.0	103828437.3	102142371.9	105465904.6
1310000000.0	104545934.7	102846916.8	106196448.2
1320000000.0	105263995.9	103551155.4	106926529.7
1330000000.0	105981089.8	104254088.3	107656152.9
1340000000.0	106697587.7	104956934.4	108385321.6
1350000000.0	107413609.5	105659441.8	109114039.5
1360000000.0	108129158.5	106361441.5	109842310.5
1370000000.0	108844237.9	107062936.4	110570138.0
1380000000.0	109558851.0	107763929.4	111297105.0
1390000000.0	110272287.4	108464423.2	112023035.6
1400000000.0	110986198.6	109164420.6	112748504.7
1410000000.0	111699660.7	109863924.3	113473515.5
1420000000.0	112411724.4	110562936.9	114198070.8
1430000000.0	113122899.4	111261461.1	114922173.7
1440000000.0	113833597.0	111959499.4	115645827.1
1450000000.0	114543819.7	112657054.3	116369033.8
1460000000.0	115253841.0	113354128.1	117091796.5
1470000000.0	115963757.9	114051887.7	117814118.2
1480000000.0	116673219.4	114749755.6	118536001.3
1490000000.0	117382934.1	115447184.9	119257448.6
1500000000.0	118092432.2	116137346.7	119978462.7
1510000000.0	118800108.2	116832092.3	120699046.1
1520000000.0	119508152.3	117527850.6	121420348.4
1530000000.0	120215904.4	118225201.7	122141630.4
1540000000.0	120923227.5	118921552.0	122862516.3
1550000000.0	121630123.9	119614795.6	123583008.8
1560000000.0	122337464.3	120307586.9	124303110.1
1570000000.0	123045485.4	120999927.9	125022822.7
1580000000.0	123750739.1	121691820.8	125742148.8
1590000000.0	124456094.4	122383267.3	126461090.8
1600000000.0	125161914.7	123074269.5	127179651.0
1610000000.0	125867188.9	123764829.3	127897831.4
1620000000.0	126571564.3	124442683.8	128615634.3
1630000000.0	127276736.2	125131485.9	129333061.9
1640000000.0	127981254.3	125820258.0	130050116.2
1650000000.0	128685967.2	126508588.0	130766799.3
1660000000.0	129389730.7	127178601.9	131483113.2
1670000000.0	130092754.6	127867741.3	132198973.8
1680000000.0	130795128.7	128556649.7	132914466.3
1690000000.0	131497120.2	129245157.9	133629593.6
1700000000.0	132198220.9	129933267.8	134344357.8
1710000000.0	132898578.0	130611484.3	135057688.9
1720000000.0	133598501.9	131295391.9	135768137.4
1730000000.0	134297457.1	131985185.5	136478165.7
1740000000.0	134996005.7	132666231.2	137187775.5
1750000000.0	135694399.5	133351383.8	137896968.4
1760000000.0	136393018.3	134036130.1	138605745.9
1770000000.0	137090796.4	134720471.5	139314109.4
1780000000.0	137788184.8	135404409.4	140022060.6
1790000000.0	138484580.9	136083267.0	140729579.5
1800000000.0	139181612.2	136746510.4	141436652.3
1810000000.0	139880780.6	137424891.1	142143316.2
1820000000.0	140574427.8	138110390.6	142849572.4
1830000000.0	141269332.8	138795805.6	143555422.5
1840000000.0	141964549.4	139480891.7	144260867.8
1850000000.0	142658500.6	140165650.5	144965907.8
1860000000.0	143350467.4	140850083.6	145670499.3
1870000000.0	144042412.2	141534192.3	146374689.1
1880000000.0	144736243.2	142217978.4	147078478.6
1890000000.0	145428035.1	142898116.9	147782033.8
1900000000.0	146120523.7	143575902.4	148487291.8
1910000000.0	146815619.8	144253283.3	149192190.9
1920000000.0	147510395.1	144921767.1	149896732.6
1930000000.0	148202782.6	145580045.7	150600918.1
1940000000.0	148893012.3	146259518.2	151304748.7
1950000000.0	149585030.5	146938638.1	152008225.6
1960000000.0	150277330.8	147617406.5	152711350.1
1970000000.0	150967392.3	148295824.6	153414123.5
1980000000.0	151655817.7	148973893.5	154116547.0
1990000000.0	152343860.1	149651614.4	154818621.6
2000000000.0	153031520.5	150328988.3	155525544.7
2010000000.0	153721172.2	151000995.4	156232533.0
2020000000.0	154412336.7	151674048.4	156938634.1
2030000000.0	155097253.7	152349250.3	157644211.6
2040000000.0	155781624.6	153020795.3	158350569.7
2050000000.0	156470498.8	153691942.7	159056668.1
2060000000.0	157157259.1	154362749.7	159762508.4
2070000000.0	157844246.2	155032248.6	160463746.5
2080000000.0	158535669.0	155686488.9	161166874.3
2090000000.0	159223059.9	156340198.8	161873221.1
2100000000.0	159906885.1	156993379.7	162571715.8
2110000000.0	160593456.8	157646032.5	163269856.0
2120000000.0	161280949.4	158310997.8	163967392.9
2130000000.0	161967147.6	158963750.6	164669219.7
2140000000.0	162652638.9	159612239.9	165370505.1
2150000000.0	163337821.2	160263270.5	166063487.7
2160000000.0	164018091.9	160932856.2	166762752.0
2170000000.0	164704082.8	161602095.4	167455793.6
2180000000.0	165389049.4	162271326.6	168148466.2
2190000000.0	166068245.0	162940465.6	168841537.3
2200000000.0	166753519.1	163609321.1	169536632.8
2210000000.0	167438493.5	164277994.2	170231398.9
2220000000.0	168121485.0	164946333.6	170925836.4
2230000000.0	168803675.6	165614340.4	171621077.6
2240000000.0	169485539.8	166282015.3	172318917.9
2250000000.0	170168226.4	166949359.1	173016355.4
2260000000.0	170849298.5	167616372.6	173713520.8
2270000000.0	171529992.5	168282903.9	174410415.1
2280000000.0	172210361.5	168948809.6	175107039.3
2290000000.0	172887719.6	169599429.7	175803394.1
2300000000.0	173564541.4	170247377.0	176499480.7
2310000000.0	174244957.4	170903006.0	177195299.9
2320000000.0	174925719.7	171558574.9	177890852.5
2330000000.0	175602881.6	172213720.4	178586139.4
2340000000.0	176281015.0	172875060.5	179281161.7
2350000000.0	176958622.2	173538404.0	179975920.0
2360000000.0	177633022.9	174201417.7	180667881.0
2370000000.0	178310572.1	174864102.3	181356363.6
2380000000.0	178988273.7	175526458.4	182044515.6
2390000000.0	179659923.1	176188486.8	182732337.5
2400000000.0	180335561.4	176850188.0	183419830.1
2410000000.0	181010873.6	177511562.9	184106994.1
2420000000.0	181685108.1	178172612.0	184804567.0
2430000000.0	182358858.2	178833378.5	185503281.1
2440000000.0	183033474.3	179494066.6	186201659.9
2450000000.0	183709030.8	180154433.8	186897501.3
2460000000.0	184384906.6	180797450.5	187582558.7
2470000000.0	185051313.8	181422311.7	188267242.3
2480000000.0	185717986.1	182047386.8	188951481.2
2490000000.0	186392730.5	182707487.1	189635389.8
2500000000.0	187067180.8	183367457.0	190318968.7
2510000000.0	187743745.9	184027126.1	191002218.5
2520000000.0	188419695.9	184686495.1	191685139.9
2530000000.0	189095375.2	185345564.5	192367733.5
2540000000.0	189767143.9	186004335.0	193050000.0
2550000000.0	190437116.9	186662807.1	193731939.9
2560000000.0	191110648.3	187320981.5	194413553.8
2570000000.0	191787678.1	187978858.7	195094842.3
2580000000.0	192466392.9	188636439.3	195775806.1
2590000000.0	193138867.3	189293723.9	196456445.7
2600000000.0	193810338.5	189926310.1	197144992.5
2610000000.0	194479021.6	190580269.4	197839046.7
2620000000.0	195146670.1	191235238.2	198532910.2
2630000000.0	195816604.8	191887194.4	199226583.7
2640000000.0	196488265.6	192522422.7	199920067.6
2650000000.0	197158075.2	193157180.7	200613362.5
2660000000.0	197825425.5	193791469.1	201306469.1
2670000000.0	198494830.2	194437594.5	201999387.9
2680000000.0	199164444.4	195090469.3	202692119.5
2690000000.0	199832992.7	195743039.8	203384664.3
2700000000.0	200506622.3	196395306.5	204076930.5
2710000000.0	201180026.7	197047269.9	204768934.2
2720000000.0	201849430.3	197699010.2	205460751.3
2730000000.0	202518583.9	198351008.0	206152382.4
2740000000.0	203191122.7	199002709.4	206843827.8
2750000000.0	203855379.4	199654115.0	207532854.3
2760000000.0	204518971.6	200305225.3	208226155.7
2770000000.0	205185189.6	200956040.7	208917964.2
2780000000.0	205852080.8	201606561.7	209609071.0
2790000000.0	206516593.1	202256788.8	210299962.2
2800000000.0	207179858.0	202906722.5	210987840.5
2810000000.0	207843637.5	203556363.2	211671657.8
2820000000.0	208508730.1	204205711.3	212355246.2
2830000000.0	209177230.7	204854767.4	213038606.3
2840000000.0	209845485.3	205503531.9	213721738.7
2850000000.0	210513494.3	206152005.2	214404643.7
2860000000.0	211179175.9	206800187.8	215087246.6
2870000000.0	211839677.0	207448080.1	215769170.8
2880000000.0	212498343.5	208095682.6	216450864.9
2890000000.0	213161447.6	208742995.7	217131966.4
2900000000.0	213828634.3	209390019.8	217811636.8
2910000000.0	214493441.0	210036755.4	218495465.3
2920000000.0	215154640.2	210683202.9	219176834.8
2930000000.0	215814973.1	211329362.7	219857981.7
2940000000.0	216474252.9	211973868.3	220538906.6
2950000000.0	217138351.7	212614461.6	221219610.0
2960000000.0	217797676.5	213264563.1	221900092.4
2970000000.0	218456115.3	213910411.5	222580150.2
2980000000.0	219114259.0	214554807.6	223259903.5
2990000000.0	219773022.2	215198915.9	223939420.3
3000000000.0	220432683.4	215840981.9	224618528.4
3010000000.0	221087756.0	216478532.9	225303679.8
3020000000.0	221745851.3	217115754.5	225989897.8
3030000000.0	222408222.3	217752646.8	226663845.6
3040000000.0	223069094.6	218389210.4	227333510.3
3050000000.0	223727914.4	219025445.8	228011967.8
3060000000.0	224382177.8	219661353.2	228702425.0
3070000000.0	225037756.3	220296933.1	229393100.5
3080000000.0	225701205.2	220932359.1	230076335.0
3090000000.0	226363842.2	221567594.4	230751911.4
3100000000.0	227024162.2	222202505.7	231427100.9
3110000000.0	227683851.8	222837093.4	232101666.2
3120000000.0	228342399.1	223471357.8	232775990.2
3130000000.0	228995071.8	224105299.4	233450073.1
3140000000.0	229651925.6	224745732.8	234123915.3
3150000000.0	230308103.8	225389252.2	234797517.2
3160000000.0	230966112.3	226011541.8	235470508.8
3170000000.0	231625032.9	226636380.3	236138166.1
3180000000.0	232284232.9	227267780.2	236808848.9
3190000000.0	232934246.2	227898853.0	237484022.3
3200000000.0	233589088.4	228529854.6	238158982.1
3210000000.0	234244365.0	229160891.8	238833728.6
3220000000.0	234894345.7	229791607.5	239506955.6
3230000000.0	235545406.7	230420504.2	240178861.8
3240000000.0	236197990.5	231029482.5	240850532.5
3250000000.0	236850302.8	231616231.6	241521968.2
3260000000.0	237497000.9	232211712.1	242193169.1
3270000000.0	238143130.0	232837519.8	242864135.5
3280000000.0	238788949.1	233463870.3	243534867.9
3290000000.0	239435322.0	234090188.2	244205366.5
3300000000.0	240084446.5	234716174.7	244875631.6
3310000000.0	240738845.1	235341830.3	245548411.7
3320000000.0	241397277.2	235967155.3	246233139.4
3330000000.0	242048162.9	236585695.7	246915025.3
3340000000.0	242702739.8	237186565.9	247587421.1
3350000000.0	243351171.3	237814811.8	248259611.6
3360000000.0	243996463.3	238442754.8	248931597.1
3370000000.0	244647210.4	239070395.3	249603377.9
3380000000.0	245309208.6	239697733.7	250274781.1
3390000000.0	245956793.5	240324770.3	250945408.1
3400000000.0	246602687.0	240951505.4	251615826.2
3410000000.0	247248298.4	241574208.4	252286035.8
3420000000.0	247894259.1	242195378.8	252949645.7
3430000000.0	248554318.1	242816218.1	253603200.4
3440000000.0	249199162.1	243436726.5	254256437.9
3450000000.0	249838608.7	244056904.5	254909358.7
3460000000.0	250479745.4	244676752.4	255568386.7
3470000000.0	251130748.1	245296270.5	256236744.0
3480000000.0	251777292.1	245915459.3	256915018.2
3490000000.0	252420516.9	246534319.0	257593157.5
3500000000.0	253068431.1	247152850.1	258271162.1
3510000000.0	253716094.7	247771052.8	258949032.5
3520000000.0	254363677.5	248388927.5	259626769.0
3530000000.0	255015241.1	249006474.6	260311285.1
3540000000.0	255666788.1	249623834.3	260985694.3
3550000000.0	256311610.3	250241634.5	261659898.1
3560000000.0	256953963.2	250859112.6	262337414.7
3570000000.0	257597706.3	251476269.1	263014119.6
3580000000.0	258244671.5	252093104.3	263667774.8
3590000000.0	258899176.6	252709618.6	264334971.0
3600000000.0	259541307.3	253325812.2	265009453.4
3610000000.0	260182872.0	253941685.4	265683786.6
3620000000.0	260830327.1	254557238.7	266357971.0
3630000000.0	261477553.6	255172472.4	267032006.9
3640000000.0	262123068.9	255787386.7	267705894.5
3650000000.0	262765769.1	256401982.0	268379634.2
3660000000.0	263407266.0	257016258.6	269053226.2
3670000000.0	264050552.9	257630216.9	269726670.7
3680000000.0	264693414.4	258243857.1	270399968.2
3690000000.0	265335253.7	258857179.6	271073118.7
3700000000.0	265979068.1	259470184.8	271745928.5
3710000000.0	266622792.1	260082872.8	272418008.7
3720000000.0	267267301.3	260678417.1	273088346.2
3730000000.0	267905031.4	261266011.3	273732854.6
3740000000.0	268538802.6	261853176.9	274377048.9
3750000000.0	269177190.1	262439914.5	275020929.3
3760000000.0	269816236.5	263026224.6	275664496.3
3770000000.0	270455025.0	263612107.7	276307750.1
3780000000.0	271096215.9	264197564.2	276975608.7
3790000000.0	271740210.1	264782594.7	277648845.7
3800000000.0	272381171.3	265367199.8	278321958.1
3810000000.0	273015128.1	265951379.9	278994946.1
3820000000.0	273652420.6	266535135.5	279667810.2
3830000000.0	274293513.8	267118467.1	280340550.5
3840000000.0	274927178.2	267701375.3	281013167.3
3850000000.0	275561192.0	268283860.5	281685526.7
3860000000.0	276196767.0	268865923.3	282357679.1
3870000000.0	276843710.0	269447564.1	283029707.6
3880000000.0	277475535.3	270028783.4	283701612.5
3890000000.0	278106153.2	270622393.9	284373394.0
3900000000.0	278734922.2	271234054.0	285045052.5
3910000000.0	279363402.3	271845433.4	285716588.0
3920000000.0	279992009.2	272456532.4	286388001.1
3930000000.0	280623175.7	273067351.4	287059291.8
3940000000.0	281254993.4	273677890.5	287730460.4
3950000000.0	281886608.7	274288150.1	288401507.3
3960000000.0	282522068.8	274898130.4	289072432.7
3970000000.0	283157285.2	275507831.6	289743236.8
3980000000.0	283790934.8	276117254.1	290414237.1
3990000000.0	284419138.1	276726398.0	291085248.2
4000000000.0	285047266.3	277335263.6	291756141.4
4010000000.0	285676009.2	277943851.3	292426917.1
4020000000.0	286303113.2	278552161.2	293097575.5
4030000000.0	286930885.0	279160193.6	293768116.7
4040000000.0	287562127.1	279767948.7	294438541.2
4050000000.0	288201103.9	280376417.4	295108849.0
4060000000.0	288833940.0	280984631.4	295779040.5
4070000000.0	289461724.8	281592573.3	296449115.8
4080000000.0	290089789.5	282200243.3	297119075.3
4090000000.0	290718466.8	282807641.8	297788919.1
4100000000.0	291348490.9	283414768.8	298458647.6
4110000000.0	291990348.2	284021624.7	299128122.8
4120000000.0	292630222.0	284628209.8	299797388.7
4130000000.0	293261147.4	285234524.2	300466538.5
4140000000.0	293892885.7	285840568.2	301135572.3
4150000000.0	294525415.2	286446342.0	301804490.4
4160000000.0	295164940.5	287051845.9	302473293.1
4170000000.0	295804976.1	287657080.1	303141980.5
4180000000.0	296429193.9	288262044.9	303810552.9
4190000000.0	297046026.6	288866740.4	304479010.5
4200000000.0	297665559.0	289471167.0	305147353.5
4210000000.0	298295804.7	290038119.8	305823420.3
4220000000.0	298928116.5	290602090.7	306500072.0
4230000000.0	299556942.8	291165636.8	307176659.2
4240000000.0	300184452.4	291728758.6	307853182.1
4250000000.0	300813005.5	292291456.5	308529640.8
4260000000.0	301442527.0	292853731.1	309201806.9
4270000000.0	302071819.3	293415582.9	309867039.1
4280000000.0	302700100.1	293977012.3	310532138.9
4290000000.0	303324385.3	294538020.0	311197106.2
4300000000.0	303950784.7	295132097.6	311861941.5
4310000000.0	304576287.1	295738275.4	312526644.7
4320000000.0	305197274.9	296344213.1	313191216.2
4330000000.0	305817984.7	296949911.0	313855656.1
4340000000.0	306443858.9	297555369.2	314519964.5
4350000000.0	307065411.5	298160587.9	315184141.7
4360000000.0	307686708.9	298765567.4	315848187.7
4370000000.0	308307751.3	299341684.3	316512102.9
4380000000.0	308928539.0	299906738.0	317175887.3
4390000000.0	309552813.5	300471395.7	317839541.1
4400000000.0	310180502.0	301035657.9	318503064.5
4410000000.0	310799084.7	301599524.8	319166457.7
4420000000.0	311417406.1	302162997.1	319828872.6
4430000000.0	312035466.6	302726075.0	320491557.9
4440000000.0	312653266.3	303288759.1	321156513.6
4450000000.0	313276100.0	303851049.8	321821356.4
4460000000.0	313908869.1	304412947.5	322486086.3
4470000000.0	314531602.9	304974452.7	323150703.6
4480000000.0	315154960.5	305535565.8	323800019.3
4490000000.0	315776629.9	306096287.2	324462123.1
4500000000.0	316392749.6	306656617.3	325124096.8
4510000000.0	317007298.8	307216556.6	325785940.7
4520000000.0	317627675.2	307776105.6	326447654.8
4530000000.0	318244823.7	308335264.6	327109239.3
4540000000.0	318857627.2	308894034.1	327770694.4
4550000000.0	319467321.8	309452414.5	328432020.1
4560000000.0	320076624.7	310010406.2	329093216.8
4570000000.0	320689741.8	310568009.7	329754284.5
4580000000.0	321305842.7	311125225.3	330415223.3
4590000000.0	321924971.3	311682053.6	331076033.5
4600000000.0	322542681.7	312238871.9	331736715.1
4610000000.0	323159192.2	312795763.4	332397268.3
4620000000.0	323775457.9	313352271.6	333057693.3
4630000000.0	324391478.8	313908396.9	333717990.2
4640000000.0	325007947.2	314464139.8	334378159.2
4650000000.0	325622006.8	315019500.6	335038200.4
4660000000.0	326238533.3	315574479.8	335698113.9
4670000000.0	326858199.4	316129077.7	336357899.9
4680000000.0	327477518.0	316683294.8	337017558.5
4690000000.0	328095529.8	317237131.6	337677089.9
4700000000.0	328713314.3	317790588.3	338336494.2
4710000000.0	329328269.3	318343665.5	338995771.5
4720000000.0	329942268.5	318896363.5	339654922.1
4730000000.0	330557926.8	319448682.7	340314305.4
4740000000.0	331177991.8	320000623.6	340984192.4
4750000000.0	331797275.2	320552186.6	341654011.6
4760000000.0	332408652.1	321103372.0	342323763.2
4770000000.0	333018526.2	321654180.3	342993447.3
4780000000.0	333622721.1	322204611.8	343663008.5
4790000000.0	334226643.1	322754667.1	344332085.3
4800000000.0	334836421.8	323304346.4	345001092.8
4810000000.0	335452510.4	323853650.2	345651986.0
4820000000.0	336072226.8	324402578.8	346295194.6
4830000000.0	336689807.8	324961023.7	346938215.9
4840000000.0	337307174.7	325533546.5	347589173.0
4850000000.0	337921361.1	326106537.1	348255925.5
4860000000.0	338531886.9	326679237.2	348922608.6
4870000000.0	339145664.6	327251646.8	349589038.8
4880000000.0	339754842.5	327823766.4	350255382.0
4890000000.0	340362760.5	328395596.2	350921655.3
4900000000.0	340970829.3	328972566.1	351587859.0
4910000000.0	341586819.1	329550210.9	352253993.1
4920000000.0	342196294.5	330127588.3	352920057.8
4930000000.0	342804084.5	330704698.4	353586053.3
4940000000.0	343413652.5	331281541.5	354251979.8
4950000000.0	344022986.2	331858117.8	354917837.3
4960000000.0	344628855.9	332434427.5	355583626.2
4970000000.0	345236790.7	333010470.9	356249346.5
4980000000.0	345847860.9	333586248.1	356914998.4
4990000000.0	346453495.7	334161759.3	357580582.0
5000000000.0	347065369.4	334737004.8	358246097.6
5010000000.0	347680697.0	335311984.7	358911545.2
5020000000.0	348296666.9	335886699.3	359576925.0
5030000000.0	348910553.8	336461148.9	360242237.2
5040000000.0	349520389.2	337035333.5	360902869.3
5050000000.0	350126443.6	337609253.4	361551673.3
5060000000.0	350732185.6	338182908.8	362200317.8
5070000000.0	351335560.0	338756032.6	362848803.1
5080000000.0	351938690.5	339296169.5	363497129.1
5090000000.0	352546729.5	339835934.7	364145296.1
5100000000.0	353155367.5	340375328.5	364793304.1
5110000000.0	353761992.0	340914351.2	365441153.2
5120000000.0	354365168.6	341469696.0	366088843.6
5130000000.0	354965444.7	342046986.7	366736375.3
5140000000.0	355569910.2	342624034.6	367383748.4
5150000000.0	356169906.6	343200839.8	368030963.1
5160000000.0	356772195.8	343777402.6	368678019.4
5170000000.0	357378504.4	344353723.1	369324917.5
5180000000.0	357984952.6	344929801.4	369971657.4
5190000000.0	358589734.5	345505637.8	370618239.3
5200000000.0	359192366.2	346081232.5	371264663.2
5210000000.0	359797150.3	346656585.6	371910333.5
5220000000.0	360401706.7	347231697.3	372555702.4
5230000000.0	361003752.7	347806567.8	373200910.6
5240000000.0	361600128.1	348381197.3	373845958.1
5250000000.0	362196252.4	348937597.9	374490844.9
5260000000.0	362797219.4	349462807.2	375135571.3
5270000000.0	363400848.1	349987624.8	375781463.1
5280000000.0	364004255.2	350512051.0	376443354.5
5290000000.0	364607441.1	351036086.5	377095538.5
5300000000.0	365210883.2	351586044.2	377722789.1
5310000000.0	365813347.6	352144793.0	378358873.6
5320000000.0	366412944.5	352703258.8	379012895.5
5330000000.0	367008455.7	353261441.9	379679947.9
5340000000.0	367609562.5	353819342.5	380346954.5
5350000000.0	368219946.8	354376960.8	381013915.4
5360000000.0	368823681.9	354934297.1	381680830.7
5370000000.0	369427202.9	355491351.6	382347700.5
5380000000.0	370024198.2	356048124.5	383014525.0
5390000000.0	370618718.7	356604616.1	383681304.3
5400000000.0	371212996.4	357160826.5	384348038.6
5410000000.0	371807031.3	357716756.1	385014727.9
5420000000.0	372400823.7	358272405.1	385681372.3
5430000000.0	372994795.0	358827773.6	386347972.1
5440000000.0	373589915.0	359382862.0	387014527.3
5450000000.0	374184799.1	359937670.5	387681038.0
5460000000.0	374778176.1	360492199.2	388347504.4
5470000000.0	375372677.9	361046448.4	389013926.6
5480000000.0	375968036.8	361600418.4	389680304.7
5490000000.0	376561978.5	362154109.4	390346638.8
5500000000.0	377155684.9	362707521.6	391008890.1
5510000000.0	377753012.8	363260655.2	391670424.0
5520000000.0	378350820.0	363813510.5	392331899.9
5530000000.0	378942002.5	364366087.6	392993317.9
5540000000.0	379532944.5	364918387.0	393654677.9
5550000000.0	380123646.4	365470408.6	394315980.2
5560000000.0	380714108.3	366022152.8	394977224.9
5570000000.0	381301468.0	366573619.9	395638412.2
5580000000.0	381888984.8	367124810.0	396299542.0
5590000000.0	382476254.4	367675723.3	396960614.7
5600000000.0	383063277.1	368226360.1	397621630.2
5610000000.0	383652290.8	368776720.6	398282411.7
5620000000.0	384239206.8	369326805.1	398943013.1
5630000000.0	384829391.8	369876613.7	399603556.5
5640000000.0	385424823.4	370426146.7	400264041.9
5650000000.0	386020039.4	370975404.3	400924469.6
5660000000.0	386610533.2	371524386.8	401584839.5
5670000000.0	387197520.0	372073094.3	402245151.9
5680000000.0	387784266.4	372621527.0	402905406.8
5690000000.0	388369866.8	373169685.3	403562301.3
5700000000.0	388954684.5	373717569.3	404215630.4
5710000000.0	389539257.6	374265179.3	404868867.9
5720000000.0	390123586.3	374812515.4	405521616.8
5730000000.0	390707670.9	375359577.9	406174088.7
5740000000.0	391291511.4	375906367.0	406817680.5
5750000000.0	391875108.0	376452883.0	407461138.7
5760000000.0	392458461.0	376999126.0	408104463.5
5770000000.0	393046293.0	377545096.2	408747654.9
5780000000.0	393634198.5	378090794.0	409390713.0
5790000000.0	394221627.6	378636219.5	410033637.9
5800000000.0	394808289.5	379181377.3	410676429.6
5810000000.0	395396546.2	379727024.3	411319088.4
5820000000.0	395983539.6	380272401.5	411961614.1
5830000000.0	396570305.3	380817509.1	412605300.2
5840000000.0	397156843.6	381362347.5	413265962.1
5850000000.0	397743154.5	381906916.8	413926578.7
5860000000.0	398329238.2	382451217.1	414587150.0
5870000000.0	398915094.8	382995248.8	415247676.2
5880000000.0	399505804.5	383539012.0	415908157.4
5890000000.0	400097109.2	384082506.9	416568593.7
5900000000.0	400688204.8	384625733.8	417228985.2
5910000000.0	401279091.6	385168692.9	417889332.1
5920000000.0	401869769.5	385711384.3	418549634.4
5930000000.0	402460238.8	386253808.3	419209892.3
5940000000.0	403050499.6	386795965.1	419863594.0
5950000000.0	403640552.0	387337854.9	420511291.3
5960000000.0	404230396.1	387879477.9	421151612.0
5970000000.0	404820032.1	388420834.4	421791803.6
5980000000.0	405407880.9	388961924.4	422431866.2
5990000000.0	405987465.1	389502748.3	423071799.9
6000000000.0	406571755.4	390043306.3	423711604.7
6010000000.0	407158579.7	390583598.4	424351280.7
6020000000.0	407748768.9	391123625.1	424990828.1
6030000000.0	408338758.0	391663386.4	425630246.9
6040000000.0	408925533.0	392202882.6	426269537.2
6050000000.0	409507007.0	392742113.9	426908699.0
6060000000.0	410086206.8	393281080.4	427547732.6
6070000000.0	410665175.4	393819782.5	428186637.9
6080000000.0	411246836.4	394358220.2	428825415.0
6090000000.0	411834625.7	394891931.7	429464064.0
6100000000.0	412418171.6	395419135.4	430102585.0
6110000000.0	412999502.0	395946047.7	430740978.1
6120000000.0	413580611.1	396472669.1	431400623.6
6130000000.0	414161498.9	396998999.7	432060402.7
6140000000.0	414742165.7	397525039.7	432720136.5
6150000000.0	415322611.5	398050789.5	433379825.0
6160000000.0	415902836.6	398576249.3	434039468.4
6170000000.0	416482841.1	399101419.2	434699066.8
6180000000.0	417061967.0	399626299.6	435358620.1
6190000000.0	417637566.8	400150890.8	436018128.6
6200000000.0	418212935.7	400675192.9	436677592.3
6210000000.0	418788089.4	401199206.1	437337011.2
6220000000.0	419369068.2	401722930.9	437996385.5
6230000000.0	419949833.5	402246367.3	438655715.2
6240000000.0	420530385.3	402769515.7	439315000.5
6250000000.0	421110723.8	403292376.2	439974241.3
6260000000.0	421690849.0	403814949.2	440633437.9
6270000000.0	422271862.1	404337234.8	441292590.2
6280000000.0	422855020.9	404859233.3	441942853.7
6290000000.0	423437956.6	405380945.0	442590979.1
6300000000.0	424020689.5	405902370.1	443239017.9
6310000000.0	424603219.7	406423508.9	443886970.2
6320000000.0	425185547.3	406944361.5	444534835.9
6330000000.0	425767672.5	407464928.2	445182615.3
6340000000.0	426348985.1	407985209.4	445830308.4
6350000000.0	426926129.4	408505205.1	446477915.2
6360000000.0	427503058.4	409024915.6	447125435.8
6370000000.0	428079772.4	409544341.3	447772870.3
6380000000.0	428656271.3	410063482.3	448420218.7
6390000000.0	429234671.5	410582338.8	449067481.1
6400000000.0	429808624.9	411100911.2	449714657.6
6410000000.0	430384479.7	411619199.6	450361748.3
6420000000.0	430960120.1	412137204.3	451008753.2
6430000000.0	431535546.2	412654925.6	451655672.4
6440000000.0	432110758.1	413172363.6	452302505.9
6450000000.0	432685756.0	413689518.6	452949253.8
6460000000.0	433260540.0	414206390.8	453595691.2
6470000000.0	433835199.7	414722980.5	454241785.7
6480000000.0	434412442.1	415239288.0	454887792.8
6490000000.0	434989375.1	415755313.4	455533712.6
6500000000.0	435560544.7	416271057.0	456179545.1
6510000000.0	436140661.5	416786519.0	456825290.5
6520000000.0	436719364.0	417301699.7	457470948.7
6530000000.0	437295583.1	417816599.2	458116519.9
6540000000.0	437865660.6	418331217.9	458762004.1
6550000000.0	438434657.8	418845556.0	459407401.4
6560000000.0	439003433.1	419359613.7	460052711.7
6570000000.0	439572971.1	419873391.2	460697935.3
6580000000.0	440146994.5	420386888.8	461343072.1
6590000000.0	440720810.3	420900106.8	461988122.3
6600000000.0	441294418.6	421413045.2	462633085.8
6610000000.0	441865497.8	421925704.4	463277962.8
6620000000.0	442433324.3	422438084.7	463922753.3
6630000000.0	443000930.3	422950186.2	464567457.3
6640000000.0	443568316.1	423462009.1	465212075.0
6650000000.0	444138559.7	423973553.8	465856606.4
6660000000.0	444710010.9	424484820.4	466505601.9
6670000000.0	445281253.5	424995809.2	467157405.8
6680000000.0	445851935.2	425506520.3	467809164.3
6690000000.0	446421835.6	426015789.4	468460877.3
6700000000.0	446991525.1	426522533.5	469112545.0
6710000000.0	447561004.0	427028992.8	469751202.4
6720000000.0	448128070.8	427535167.5	470387873.4
6730000000.0	448694036.1	428041057.7	471024426.4
6740000000.0	449259783.5	428546663.8	471660861.5
6750000000.0	449825313.2	429051985.9	472299107.8
6760000000.0	450390625.3	429557024.5	472943093.6
6770000000.0	450955720.0	430061779.5	473586995.7
6780000000.0	451520597.4	430566251.4	474230814.3
6790000000.0	452085257.5	431070440.4	474874549.2
6800000000.0	452649700.7	431574346.7	475518200.7
6810000000.0	453213927.0	432077970.5	476166147.7
6820000000.0	453777936.5	432581312.1	476815997.0
6830000000.0	454341729.3	433084371.7	477465783.6
6840000000.0	454905305.7	433587149.6	478115507.4
6850000000.0	455469890.1	434089646.0	478765168.6
6860000000.0	456039010.8	434591861.2	479414767.1
6870000000.0	456611580.7	435093795.3	480064303.0
6880000000.0	457180590.7	435595448.7	480713776.5
6890000000.0	457744253.7	436096821.5	481363187.5
6900000000.0	458320978.4	436597914.0	482012536.1
6910000000.0	458895882.0	437098726.5	482661822.3
6920000000.0	459461224.7	437599259.2	483311046.3
6930000000.0	460024718.5	438099512.3	483960208.0
6940000000.0	460581673.4	438599486.1	484609307.5
6950000000.0	461141671.1	439099180.7	485258344.9
6960000000.0	461709514.0	439598596.5	485907320.2
6970000000.0	462282467.6	440097733.7	486556233.6
6980000000.0	462856622.9	440596592.4	487205084.9
6990000000.0	463428333.3	441095173.0	487853874.3
7000000000.0	463993485.9	441593475.7	488502601.9
7010000000.0	464558437.1	442091500.7	489151267.7
7020000000.0	465123187.1	442589248.3	489799871.7
7030000000.0	465687736.0	443086718.7	490448414.0
7040000000.0	466252083.9	443583912.0	491096894.7
7050000000.0	466816230.9	444080828.7	491745313.7
7060000000.0	467380176.1	444577468.8	492393671.2
7070000000.0	467940059.8	445073832.7	493041967.3
7080000000.0	468499500.7	445569920.5	493690201.8
7090000000.0	469058730.6	446065732.5	494338375.0
7100000000.0	469617749.7	446561268.9	494986486.9
7110000000.0	470176558.0	447056530.0	495634537.4
7120000000.0	470736107.0	447551516.0	496282526.7
7130000000.0	471298316.8	448046227.1	496930454.9
7140000000.0	471860324.4	448540663.6	497578321.8
7150000000.0	472422130.1	449034825.6	498226127.7
7160000000.0	472983734.0	449528713.5	498873872.6
7170000000.0	473545136.0	450022327.4	499521556.4
7180000000.0	474106336.5	450513036.1	500169179.3
7190000000.0	474667335.4	450998535.4	500816741.4
7200000000.0	475228132.9	451483751.7	501464242.5
7210000000.0	475788729.1	451968685.4	502111682.9
7220000000.0	476349124.2	452453336.6	502759062.6
7230000000.0	476910254.1	452937705.6	503406381.5
7240000000.0	477471309.6	453421792.7	504053639.8
7250000000.0	478032169.6	453905598.1	504700837.5
7260000000.0	478592834.1	454389122.1	505347974.6
7270000000.0	479153303.3	454872364.9	505995031.8
7280000000.0	479713577.3	455355326.8	506641396.4
7290000000.0	480269846.1	455838008.0	507287698.2
7300000000.0	480825704.4	456320408.8	507933937.3
7310000000.0	481382024.4	456802529.3	508580113.9
7320000000.0	481940476.1	457284370.0	509226227.8
7330000000.0	482497996.6	457765930.9	509872279.2
7340000000.0	483054816.8	458247212.4	510518268.1
7350000000.0	483605645.5	458728214.7	511164194.5
7360000000.0	484156582.4	459208938.1	511810058.6
7370000000.0	484711017.9	459689382.8	512441039.7
7380000000.0	485272436.2	460169549.0	513063967.7
7390000000.0	485837174.3	460649437.0	513686767.4
7400000000.0	486401734.5	461129047.0	514309438.9
7410000000.0	486961265.1	461608379.3	514931982.3
7420000000.0	487515849.2	462087434.2	515554397.6
7430000000.0	488070234.1	462566211.8	516176684.9
7440000000.0	488629928.8	463044712.4	516798844.3
7450000000.0	489192786.7	463522936.3	517420875.8
7460000000.0	489753433.2	464000883.7	518061042.2
7470000000.0	490309002.8	464478554.8	518711078.8
7480000000.0	490864377.9	464955949.9	519361063.7
7490000000.0	491419558.6	465433069.3	520010997.1
7500000000.0	491974458.1	465909913.1	520660878.9
7510000000.0	492525080.6	466386481.7	521310709.2
7520000000.0	493079562.4	466862775.2	521960488.1
7530000000.0	493632400.3	467338793.9	522610215.4
7540000000.0	494187447.7	467814538.1	523259891.4
7550000000.0	494743926.6	468290007.9	523909516.0
7560000000.0	495306229.2	468765203.7	524559089.3
7570000000.0	495867377.9	469240125.6	525208611.2
7580000000.0	496418957.3	469714773.9	525858081.9
7590000000.0	496966392.9	470189148.9	526507501.4
7600000000.0	497513288.3	470663250.8	527156869.6
7610000000.0	498060814.9	471137079.8	527806186.7
7620000000.0	498618084.8	471610636.1	528455452.7
7630000000.0	499175168.9	472083920.0	529104667.5
7640000000.0	499728208.2	472556931.8	529753831.3
7650000000.0	500278923.1	473029671.7	530402944.1
7660000000.0	500829574.9	473502139.9	531052005.9
7670000000.0	501386609.4	473974336.6	531701016.7
7680000000.0	501935010.5	474446262.1	532349976.5
7690000000.0	502483209.9	474917916.6	532998885.5
7700000000.0	503031207.7	475389300.4	533647743.6
7710000000.0	503579004.1	475860413.7	534296441.6
7720000000.0	504126599.2	476331256.8	534945008.1
7730000000.0	504673993.0	476801829.8	535593523.3
7740000000.0	505221185.8	477272133.0	536241987.3
7750000000.0	505768177.5	477742166.6	536890399.9
7760000000.0	506314968.4	478211931.0	537538761.3
7770000000.0	506864423.5	478681426.2	538187071.5
7780000000.0	507412390.3	479150652.6	538835330.6
7790000000.0	507956510.2	479619610.3	539483538.4
7800000000.0	508500787.2	480088299.7	540121438.0
7810000000.0	509047368.8	480556720.9	540757722.8
7820000000.0	509593752.7	481024874.2	541393926.8
7830000000.0	510141620.9	481492759.8	542030050.0
7840000000.0	510693188.7	481960377.9	542666092.6
7850000000.0	511243976.8	482427728.9	543302054.6
7860000000.0	511788097.1	482894812.8	543937935.9
7870000000.0	512332016.8	483361629.9	544582403.8
7880000000.0	512875735.9	483828180.6	545242145.6
7890000000.0	513419254.6	484294464.9	545901874.0
7900000000.0	513961644.0	484760483.2	546561589.1
7910000000.0	514504768.3	485226235.6	547221290.9
7920000000.0	515050080.9	485691722.4	547880979.5
7930000000.0	515595198.8	486156943.8	548540654.8
7940000000.0	516140122.0	486621900.1	549200242.0
7950000000.0	516682694.5	487086591.5	549845392.2
7960000000.0	517224953.2	487551018.2	550488408.8
7970000000.0	517770666.8	488015180.4	551131367.5
7980000000.0	518316731.2	488479078.4	551774268.1
7990000000.0	518854280.3	488942712.4	552417110.9
8000000000.0	519389850.7	489406082.6	553059895.7
8010000000.0	519925211.4	489869189.3	553702622.7
8020000000.0	520460362.6	490332032.6	554345291.8
8030000000.0	520995304.3	490794612.9	554987903.2
8040000000.0	521530451.1	491256930.2	555630456.8
8050000000.0	522072120.8	491718985.0	556272952.7
8060000000.0	522614994.8	492180777.3	556915390.8
8070000000.0	523157675.9	492642307.4	557557771.4
8080000000.0	523697806.5	493103575.6	558200094.3
8090000000.0	524235505.3	493564582.0	558842359.6
8100000000.0	524773002.9	494025327.0	559484567.4
8110000000.0	525310299.4	494485810.6	560126717.7
8120000000.0	525847399.2	494946033.2	560768810.5
8130000000.0	526389739.3	495405994.9	561410845.8
8140000000.0	526931889.1	495865696.0	562052823.8
8150000000.0	527473848.5	496325136.8	562694744.3
8160000000.0	528015617.8	496784317.3	563336607.5
8170000000.0	528557197.1	497243238.0	563978413.4
8180000000.0	529098586.4	497701898.9	564620162.0
8190000000.0	529639421.2	498160300.3	565261853.3
8200000000.0	530170236.6	498618442.4	565903487.5
8210000000.0	530700843.1	499076325.5	566545064.4
8220000000.0	531232342.0	499533949.7	567186584.3
8230000000.0	531765459.2	499991315.4	567828046.9
8240000000.0	532298373.8	500448422.6	568469452.6
8250000000.0	532831085.8	500905271.7	569110801.1
8260000000.0	533363595.4	501361862.9	569752092.6
8270000000.0	533895902.8	501818196.3	570393327.2
8280000000.0	534428007.9	502274272.2	571034504.8
8290000000.0	534959911.0	502730090.8	571675625.5
8300000000.0	535491612.1	503185652.4	572316689.3
8310000000.0	536023111.4	503640957.1	572957696.2
8320000000.0	536554409.0	504096005.2	573598646.3
8330000000.0	537094446.6	504550796.9	574239539.6
8340000000.0	537634499.3	505005332.4	574880376.1
8350000000.0	538174367.3	505459612.0	575521155.9
8360000000.0	538714050.9	505913635.7	576161879.0
8370000000.0	539253550.0	506367404.0	576802545.4
8380000000.0	539792864.8	506820916.9	577443155.2
8390000000.0	540331995.5	507274174.8	578083708.4
8400000000.0	540870942.0	507727177.7	578724205.0
8410000000.0	541409704.5	508179926.1	579364645.1
8420000000.0	541948283.1	508632419.9	580005028.6
8430000000.0	542486677.9	509084659.5	580645355.7
8440000000.0	543024889.0	509536645.2	581285626.3
8450000000.0	543562916.5	509988377.0	581925840.4
8460000000.0	544095881.3	510439855.2	582565998.2
8470000000.0	544628091.8	510891080.1	583206099.6
8480000000.0	545160108.9	511342051.8	583846144.7
8490000000.0	545691932.7	511792770.6	584486133.5
8500000000.0	546223563.2	512243236.7	585126066.0
8510000000.0	546755000.6	512693450.2	585765942.2
8520000000.0	547286245.0	513143411.5	586405762.3
8530000000.0	547817296.4	513593120.7	587045526.1
8540000000.0	548350646.3	514042578.0	587685233.8
8550000000.0	548888812.6	514491783.7	588324885.4
8560000000.0	549426799.3	514940737.9	588964480.9
8570000000.0	549964606.7	515389440.9	589604020.3
8580000000.0	550502234.8	515837892.9	590243503.6
8590000000.0	551043108.0	516286094.1	590882931.0
8600000000.0	551587016.6	516734044.7	591522302.4
8610000000.0	552130758.4	517181745.0	592161617.8
8620000000.0	552674333.7	517629195.0	592800877.3
8630000000.0	553215969.5	518076395.2	593440080.9
8640000000.0	553749703.2	518523345.5	594079228.6
8650000000.0	554283253.8	518970046.4	594718320.5
8660000000.0	554816621.5	519416497.9	595357356.6
8670000000.0	555344332.3	519862700.3	595996336.9
8680000000.0	555869220.9	520308653.9	596635261.4
8690000000.0	556393912.3	520754358.7	597274130.2
8700000000.0	556918406.6	521199815.1	597912943.4
8710000000.0	557442703.9	521645023.1	598551700.8
8720000000.0	557966804.4	522089983.2	599190402.6
8730000000.0	558490708.1	522534695.3	599829048.8
8740000000.0	559012565.8	522979159.9	600467639.4
8750000000.0	559537925.9	523423377.0	601106174.5
8760000000.0	560061240.1	523867346.9	601744654.0
8770000000.0	560584358.0	524311069.7	602383078.0
8780000000.0	561109656.4	524754545.8	603021446.5
8790000000.0	561638886.8	525197775.2	603659759.6
8800000000.0	562167932.9	525640758.3	604298017.3
8810000000.0	562696795.0	526083495.1	604936034.3
8820000000.0	563226089.9	526525986.0	605573835.0
8830000000.0	563760037.3	526968231.1	606211579.6
8840000000.0	564285899.2	527410230.7	606849268.1
8850000000.0	564811572.9	527851984.8	607486900.6
8860000000.0	565337058.4	528293493.9	608124477.1
8870000000.0	565862356.0	528734757.9	608761997.5
8880000000.0	566381519.1	529175777.3	609399462.0
8890000000.0	566896578.5	529616552.1	610036870.5
8900000000.0	567413621.9	530057082.5	610674223.1
8910000000.0	567933816.5	530497368.8	611311519.8
8920000000.0	568453816.7	530937411.2	611948760.7
8930000000.0	568973622.5	531377209.9	612585945.7
8940000000.0	569493234.1	531816765.1	613223074.9
8950000000.0	570018800.9	532256076.9	613860148.3
8960000000.0	570544773.1	532695145.7	614497165.9
8970000000.0	571073573.5	533133971.5	615134127.8
8980000000.0	571602961.0	533572554.6	615771034.0
8990000000.0	572132171.4	534010895.2	616407884.5
9000000000.0	572661204.9	534448993.6	617044679.4
9010000000.0	573190061.6	534886849.8	617681418.6
9020000000.0	573718741.6	535324464.1	618318102.2
9030000000.0	574247244.8	535761836.8	618954730.2
9040000000.0	574771136.8	536198967.9	619591302.7
9050000000.0	575293545.3	536635857.8	620227819.6
9060000000.0	575815768.2	537073645.0	620864281.1
9070000000.0	576337805.7	537523521.3	621500687.0
9080000000.0	576859657.8	537973172.1	622137037.5
9090000000.0	577386590.6	538422597.3	622773332.6
9100000000.0	577916576.7	538871797.4	623409572.2
9110000000.0	578440848.0	539320772.3	624045756.5
9120000000.0	578961512.1	539769522.3	624681885.4
9130000000.0	579481990.5	540218047.5	625317959.0
9140000000.0	580002208.8	540666348.1	625953977.3
9150000000.0	580518675.2	541114424.4	626589940.3
9160000000.0	581034950.4	541562276.3	627225848.0
9170000000.0	581551034.5	542009904.2	627861700.6
9180000000.0	582066927.5	542457308.2	628497497.9
9190000000.0	582582629.6	542904488.5	629133240.0
9200000000.0	583098140.9	543351445.1	629768926.9
9210000000.0	583613461.5	543798178.4	630404558.8
9220000000.0	584128591.5	544244688.5	631040135.5
9230000000.0	584643907.8	544690975.4	631675657.1
9240000000.0	585161084.3	545137039.5	632311123.6
9250000000.0	585678074.2	545582880.9	632946693.4
9260000000.0	586194877.7	546028499.7	633587692.1
9270000000.0	586712091.3	546473896.1	634228652.1
9280000000.0	587229306.1	546919070.3	634869573.4
9290000000.0	587746335.9	547364022.4	635500434.9
9300000000.0	588263180.9	547808752.7	636126727.2
9310000000.0	588781616.8	548253261.2	636758880.4
9320000000.0	589301019.4	548697548.2	637394292.2
9330000000.0	589820241.9	549141613.8	638029650.1
9340000000.0	590339284.5	549585458.2	638664954.2
9350000000.0	590858147.2	550029081.5	639300204.5
9360000000.0	591376830.1	550472484.0	639935400.9
9370000000.0	591895333.4	550915665.7	640570543.6
9380000000.0	592413657.1	551358626.8	641205632.6
9390000000.0	592931801.4	551801367.6	641840667.8
9400000000.0	593449766.2	552243888.2	642475649.3
9410000000.0	593967551.8	552686188.7	643110577.1
9420000000.0	594485158.2	553128269.3	643745451.3
9430000000.0	595002585.5	553570130.2	644380271.8
9440000000.0	595519833.8	554011771.6	645015038.7
9450000000.0	596036903.2	554453193.5	645649752.0
9460000000.0	596553793.9	554894396.2	646284411.8
9470000000.0	597070505.8	555335379.9	646919018.0
9480000000.0	597587039.1	555776144.6	647553570.6
9490000000.0	598103393.9	556216690.6	648188069.8
9500000000.0	598619570.2	556657018.1	648822515.5
9510000000.0	599135568.3	557097127.1	649456907.7
9520000000.0	599651388.1	557537017.9	650091246.5
9530000000.0	600167029.8	557976690.6	650725531.8
9540000000.0	600681881.0	558416145.4	651359763.8
9550000000.0	601194671.7	558855382.4	651993942.4
9560000000.0	601707281.2	559294401.9	652628067.7
9570000000.0	602219709.5	559733203.9	653262139.6
9580000000.0	602731956.7	560171788.7	653896158.2
9590000000.0	603240842.2	560610156.3	654530123.6
9600000000.0	603751707.6	561048307.0	655164035.6
9610000000.0	604263318.9	561486241.0	655797894.5
9620000000.0	604776283.9	561923958.3	656431700.1
9630000000.0	605289070.6	562361459.2	657065452.5
9640000000.0	605803160.9	562798743.8	657699151.7
9650000000.0	606319606.4	563235812.2	658332797.8
9660000000.0	606835879.7	563672664.7	658966390.8
9670000000.0	607351980.7	564109301.4	659599930.6
9680000000.0	607864184.1	564545722.4	660233417.3
9690000000.0	608375960.4	564981927.9	660866851.0
9700000000.0	608887559.2	565417918.1	661500231.6
9710000000.0	609398980.5	565853693.2	662133559.2
9720000000.0	609910224.5	566289253.2	662766833.8
9730000000.0	610417368.9	566724598.4	663400055.4
9740000000.0	610922619.0	567159729.0	664033224.1
9750000000.0	611427683.5	567594645.0	664666339.7
9760000000.0	611932562.7	568029346.6	665299402.5
9770000000.0	612437256.6	568463834.0	665932412.4
9780000000.0	612941765.3	568898107.4	666565369.4
9790000000.0	613446088.9	569332166.9	667198273.5
9800000000.0	613950227.6	569766012.7	667831124.8
9810000000.0	614454181.3	570199644.9	668463923.2
9820000000.0	614957950.3	570633063.7	669096668.9
9830000000.0	615463403.5	571066269.3	669729361.7
9840000000.0	615972577.8	571499261.7	670362001.9
9850000000.0	616481575.7	571932041.3	670994589.2
9860000000.0	616990397.4	572364608.0	671627123.9
9870000000.0	617499043.0	572796962.2	672259605.8
9880000000.0	618007512.6	573229103.8	672892035.1
9890000000.0	618515806.3	573661033.2	673524411.7
9900000000.0	619022946.8	574092750.5	674156735.7
9910000000.0	619522180.2	574524255.7	674789007.1
9920000000.0	620021226.0	574955549.1	675421225.8
9930000000.0	620520084.3	575386630.9	676053392.0
9940000000.0	621018755.2	575817501.1	676685505.6
9950000000.0	621517238.9	576248160.0	677317566.7
9960000000.0	622015535.3	576678607.7	677949575.3
9970000000.0	622513644.7	577108844.3	678581531.3
9980000000.0	623011567.0	577538870.0	679213434.9
9990000000.0	623509302.6	577968685.0	679845286.0
---BOUND_POP---
median_estimated_unobs	lower_ci	upper_ci
1051823037.0	908891072.3	2631103137.7
