
CondaError: Run 'conda init' before 'conda deactivate'

---FILE SRR21787461_1_uniq.hist ---
---LC_EXTRAP---
TOTAL_READS	EXPECTED_DISTINCT	LOWER_0.95CI	UPPER_0.95CI
0	0	0	0
10000000.0	2973310.5	2970498.2	2976104.8
20000000.0	4378151.0	4373046.9	4382845.3
30000000.0	5648607.0	5641299.5	5655528.3
40000000.0	6863312.0	6853685.4	6872793.7
50000000.0	8041104.0	8029087.7	8052942.4
60000000.0	9189766.0	9175615.1	9203734.8
70000000.0	10313760.0	10297497.7	10329948.6
80000000.0	11416017.5	11397611.4	11434274.6
90000000.0	12498706.0	12478221.0	12518987.5
100000000.0	13563512.5	13541007.2	13585777.1
110000000.0	14611836.0	14587300.2	14635998.1
120000000.0	15644796.0	15618273.7	15670820.0
130000000.0	16663361.0	16634896.3	16691188.0
140000000.0	17668363.5	17638002.4	17697973.8
150000000.0	18660552.5	18628327.2	18691909.3
160000000.0	19640676.5	19606565.4	19673688.8
170000000.0	20609209.0	20573289.9	20643886.8
180000000.0	21566785.5	21529060.0	21603209.2
190000000.0	22513821.5	22474353.4	22551919.9
200000000.0	23450815.5	23409651.6	23490553.1
210000000.0	24378102.5	24335403.6	24419543.1
220000000.0	25296219.0	25251773.9	25339272.0
230000000.0	26205371.0	26159381.1	26250108.8
240000000.0	27105995.0	27058464.2	27152406.8
250000000.0	27998437.0	27949337.1	28046524.9
260000000.0	28882990.5	28832290.9	28932689.9
270000000.0	29759798.0	29707603.5	29811177.1
280000000.0	30629170.5	30575531.9	30682239.5
290000000.0	31491422.4	31436320.2	31546129.2
300000000.0	32346757.5	32290199.1	32403076.5
310000000.0	33195377.5	33137384.4	33253170.2
320000000.0	34037505.3	33978016.6	34096673.2
330000000.0	34873336.8	34812347.2	34933849.2
340000000.0	35703043.0	35640568.4	35764885.2
350000000.0	36526801.5	36462857.4	36589967.9
360000000.0	37344781.6	37279382.7	37409410.0
370000000.0	38157144.7	38090307.4	38223231.1
380000000.0	38964079.3	38895783.2	39031585.9
390000000.0	39765660.3	39695956.6	39834621.8
400000000.0	40562076.5	40491009.3	40632480.2
410000000.0	41353428.6	41281172.8	41425294.8
420000000.0	42139869.5	42066288.9	42213194.2
430000000.0	42921528.4	42846457.5	42996304.8
440000000.0	43698543.5	43621972.2	43774746.0
450000000.0	44470992.0	44393076.3	44548632.2
460000000.0	45239014.2	45159805.9	45318074.0
470000000.0	46002729.3	45922201.9	46083177.4
480000000.0	46762200.8	46680364.5	46844045.2
490000000.0	47517517.1	47434390.3	47600566.3
500000000.0	48268770.4	48184372.2	48352959.6
510000000.0	49016026.3	48930399.4	49101561.2
520000000.0	49759453.3	49672558.3	49846461.9
530000000.0	50499225.5	50410931.7	50587577.3
540000000.0	51235171.0	51145599.9	51324988.7
550000000.0	51967474.9	51876640.1	52058774.5
560000000.0	52696097.0	52604126.8	52789010.4
570000000.0	53421328.0	53328132.0	53515761.6
580000000.0	54143302.2	54048725.5	54239097.2
590000000.0	54861927.4	54765974.3	54959048.0
600000000.0	55577077.6	55479943.4	55675831.3
610000000.0	56288980.8	56190695.9	56389430.2
620000000.0	56997808.6	56898292.4	57099905.6
630000000.0	57703703.7	57602791.9	57807306.4
640000000.0	58406681.4	58304251.4	58511282.3
650000000.0	59106492.2	59002726.0	59212558.7
660000000.0	59803523.1	59698269.2	59910637.8
670000000.0	60497506.1	60391049.1	60605859.9
680000000.0	61188625.2	61081046.8	61298366.3
690000000.0	61877060.0	61768566.9	61988104.9
700000000.0	62562705.7	62453413.0	62675188.5
710000000.0	63245544.9	63135481.3	63359946.3
720000000.0	63925808.5	63813855.8	64042107.1
730000000.0	64603630.1	64490186.3	64721571.1
740000000.0	65278542.1	65164211.5	65398311.7
750000000.0	65951598.1	65835221.9	66072560.2
760000000.0	66621937.9	66503949.5	66744362.3
770000000.0	67290125.6	67170652.2	67413757.8
780000000.0	67955739.8	67835186.3	68080785.1
790000000.0	68619458.0	68496861.4	68745313.2
800000000.0	69280546.8	69156730.5	69407887.6
810000000.0	69939339.1	69814375.7	70067657.4
820000000.0	70595680.9	70469907.1	70724653.8
830000000.0	71250001.8	71123063.3	71379417.0
840000000.0	71902141.7	71773909.5	72032409.2
850000000.0	72551951.6	72422269.9	72683685.8
860000000.0	73199793.0	73068612.7	73332866.3
870000000.0	73845553.0	73712997.0	73979981.4
880000000.0	74489320.7	74355325.8	74625290.7
890000000.0	75130993.0	74994675.2	75270977.9
900000000.0	75770794.8	75632663.8	75912030.3
910000000.0	76408762.4	76268707.8	76551098.4
920000000.0	77044896.4	76903053.5	77188222.8
930000000.0	77679510.7	77534880.7	77822964.4
940000000.0	78311507.6	78165105.2	78457394.4
950000000.0	78942085.7	78793369.7	79088594.5
960000000.0	79570767.7	79419350.5	79717593.4
970000000.0	80197346.2	80043477.2	80345860.8
980000000.0	80822317.0	80665771.9	80973429.4
990000000.0	81445320.8	81286256.6	81599340.6
1000000000.0	82066812.3	81904952.5	82222804.3
1010000000.0	82686808.4	82521880.5	82844722.5
1020000000.0	83304443.7	83137073.7	83464318.0
1030000000.0	83920084.5	83750552.3	84082436.4
1040000000.0	84534134.6	84363237.2	84699760.6
1050000000.0	85146193.7	84974260.8	85316419.6
1060000000.0	85757158.3	85584049.3	85931607.9
1070000000.0	86366406.2	86191573.8	86545867.8
1080000000.0	86974153.0	86797432.3	87158313.9
1090000000.0	87581262.9	87400736.5	87768758.6
1100000000.0	88186369.1	88003354.5	88377729.3
1110000000.0	88790510.2	88603910.7	88984827.8
1120000000.0	89392285.1	89202919.6	89589394.6
1130000000.0	89992848.9	89799925.5	90194752.3
1140000000.0	90591429.8	90395268.3	90799397.6
1150000000.0	91188635.4	90990285.0	91401357.1
1160000000.0	91784607.3	91583817.3	92001964.7
1170000000.0	92379411.5	92175258.9	92600995.0
1180000000.0	92972050.7	92764990.9	93198351.8
1190000000.0	93562269.9	93353833.1	93795112.4
1200000000.0	94151906.1	93940935.8	94390216.8
1210000000.0	94740420.9	94526634.3	94984059.5
1220000000.0	95327915.5	95109875.2	95576632.7
1230000000.0	95913630.6	95692741.8	96169836.9
1240000000.0	96497325.1	96275188.7	96760148.7
1250000000.0	97081081.1	96855251.4	97349405.4
1260000000.0	97663443.6	97432903.3	97937641.7
1270000000.0	98245426.7	98008281.0	98524873.9
1280000000.0	98824755.4	98582709.4	99110986.2
1290000000.0	99402727.9	99155780.5	99695937.8
1300000000.0	99980299.7	99727481.8	100279741.1
1310000000.0	100556250.2	100295415.0	100862358.9
1320000000.0	101130248.4	100865281.5	101443324.4
1330000000.0	101702634.4	101434614.5	102022896.8
1340000000.0	102274271.5	102001600.6	102603676.1
1350000000.0	102843634.8	102568067.1	103184752.8
1360000000.0	103413307.6	103133326.3	103762654.3
1370000000.0	103982112.4	103697681.6	104337226.0
1380000000.0	104549607.4	104260054.6	104910991.5
1390000000.0	105115534.7	104821466.9	105484365.5
1400000000.0	105679957.6	105380764.1	106056864.7
1410000000.0	106243968.2	105936027.9	106630641.5
1420000000.0	106807027.1	106492230.3	107199683.9
1430000000.0	107366850.2	107051437.4	107769654.4
1440000000.0	107926241.3	107606131.4	108338628.5
1450000000.0	108483887.1	108158577.4	108906581.1
1460000000.0	109041607.3	108710810.5	109473557.2
1470000000.0	109597281.9	109262594.3	110039566.2
1480000000.0	110152501.4	109812235.6	110604616.9
1490000000.0	110707440.5	110359695.1	111170566.3
1500000000.0	111261162.9	110905986.4	111736024.1
1510000000.0	111812988.1	111450861.6	112300547.5
1520000000.0	112363734.4	111994494.9	112864192.6
1530000000.0	112915226.5	112537576.2	113426931.9
1540000000.0	113463482.7	113080119.7	113988821.1
1550000000.0	114010963.9	113622992.0	114549868.7
1560000000.0	114557567.7	114164775.8	115110083.0
1570000000.0	115103579.5	114705206.6	115669472.1
1580000000.0	115648104.1	115244407.5	116223202.1
1590000000.0	116192308.5	115782537.2	116783034.3
1600000000.0	116734852.2	116319737.0	117342124.9
1610000000.0	117276863.7	116855988.9	117899492.5
1620000000.0	117817739.9	117391187.9	118455067.6
1630000000.0	118358530.1	117924427.6	119009614.7
1640000000.0	118897563.1	118457231.9	119559167.6
1650000000.0	119435684.9	118989004.2	120107847.3
1660000000.0	119974553.4	119519179.3	120655691.1
1670000000.0	120511594.4	120046580.7	121202705.4
1680000000.0	121045440.7	120572887.6	121748896.9
1690000000.0	121578124.6	121095566.4	122294272.0
1700000000.0	122112259.1	121616219.6	122839675.8
1710000000.0	122644019.3	122141147.4	123387685.0
1720000000.0	123175666.6	122665150.4	123935314.9
1730000000.0	123706013.3	123188193.0	124482254.9
1740000000.0	124236424.7	123709105.2	125028511.7
1750000000.0	124766213.7	124228270.8	125574091.9
1760000000.0	125294294.3	124747055.8	126118971.8
1770000000.0	125821140.0	125265645.4	126663153.0
1780000000.0	126346967.5	125781961.8	127203711.3
1790000000.0	126873299.8	126297290.2	127742005.6
1800000000.0	127397237.8	126811635.7	128285354.9
1810000000.0	127920433.9	127325003.6	128829026.9
1820000000.0	128442432.2	127837398.8	129370161.7
1830000000.0	128963913.7	128348829.1	129908410.7
1840000000.0	129485718.8	128859551.8	130442966.8
1850000000.0	130005785.3	129372675.9	130977203.6
1860000000.0	130526220.4	129882376.6	131514200.6
1870000000.0	131045012.2	130389060.3	132050539.7
1880000000.0	131562818.6	130894799.9	132586225.9
1890000000.0	132078778.7	131401132.1	133121264.1
1900000000.0	132593899.0	131907288.6	133655659.2
1910000000.0	133108442.4	132412537.2	134189415.9
1920000000.0	133622184.1	132916907.3	134722539.1
1930000000.0	134137395.8	133420379.7	135255033.2
1940000000.0	134648753.6	133922957.8	135786903.0
1950000000.0	135161526.1	134424646.0	136318152.9
1960000000.0	135672234.8	134925448.4	136848787.4
1970000000.0	136181909.5	135425369.5	137378810.9
1980000000.0	136692446.5	135924424.8	137908227.8
1990000000.0	137200410.6	136422685.2	138437012.2
2000000000.0	137708280.1	136920077.6	138964349.6
2010000000.0	138215186.2	137416606.1	139490494.9
2020000000.0	138721709.5	137912274.8	140016024.2
2030000000.0	139226862.2	138407087.5	140540941.6
2040000000.0	139731000.7	138901048.2	141065250.9
2050000000.0	140235443.8	139394160.7	141588956.0
2060000000.0	140738561.1	139886428.9	142114144.4
2070000000.0	141240855.7	140379312.8	142641282.4
2080000000.0	141742412.9	140871935.1	143167926.3
2090000000.0	142243964.1	141363742.8	143692898.6
2100000000.0	142743751.0	141854739.4	144215417.8
2110000000.0	143243764.9	142344928.5	144737318.5
2120000000.0	143741504.8	142834313.8	145258667.8
2130000000.0	144237797.3	143322898.6	145779469.1
2140000000.0	144734872.8	143810237.8	146299726.0
2150000000.0	145231783.0	144294065.7	146820890.1
2160000000.0	145727966.5	144775875.9	147342648.8
2170000000.0	146223426.5	145256298.4	147863923.0
2180000000.0	146718166.4	145735886.5	148384716.1
2190000000.0	147212366.2	146213974.3	148903468.1
2200000000.0	147706410.2	146690875.7	149421544.6
2210000000.0	148199683.4	147169579.3	149939155.0
2220000000.0	148691705.9	147645761.9	150456303.1
2230000000.0	149182882.8	148121125.8	150972992.5
2240000000.0	149672307.9	148595674.1	151489226.8
2250000000.0	150160819.9	149069409.9	152005009.7
2260000000.0	150648623.3	149542336.5	152520344.8
2270000000.0	151136062.8	150014457.1	153035235.5
2280000000.0	151623127.3	150485774.6	153549685.3
2290000000.0	152109503.1	150956331.7	154063697.7
2300000000.0	152595704.0	151426145.2	154577276.1
2310000000.0	153081687.8	151895165.7	155090423.8
2320000000.0	153565766.0	152363396.2	155603144.2
2330000000.0	154049148.5	152831419.9	156115838.4
2340000000.0	154531473.7	153300641.2	156629751.6
2350000000.0	155012450.5	153769105.3	157143262.3
2360000000.0	155492738.8	154236815.1	157656373.5
2370000000.0	155973443.6	154703773.3	158169088.4
2380000000.0	156455594.8	155169982.8	158681410.1
2390000000.0	156934076.6	155635446.3	159193341.5
2400000000.0	157411574.8	156100166.6	159704885.8
2410000000.0	157888399.4	156564146.4	160216045.8
2420000000.0	158365091.1	157027388.3	160726824.6
2430000000.0	158841133.2	157489895.1	161237225.0
2440000000.0	159316520.6	157951669.4	161747250.0
2450000000.0	159792309.4	158412713.7	162256902.3
2460000000.0	160268287.2	158873030.8	162766184.9
2470000000.0	160743959.3	159332624.9	163275100.4
2480000000.0	161218081.9	159790922.9	163783651.7
2490000000.0	161689664.1	160245871.0	164291841.5
2500000000.0	162160593.2	160700075.5	164799672.5
2510000000.0	162632967.8	161153539.2	165307147.4
2520000000.0	163105560.6	161606264.4	165814268.8
2530000000.0	163576464.4	162058253.8	166321039.4
2540000000.0	164046679.4	162509509.8	166827461.6
2550000000.0	164515835.3	162960035.0	167333538.2
2560000000.0	164983355.4	163409831.7	167839271.6
2570000000.0	165450358.8	163858902.5	168344664.3
2580000000.0	165916645.3	164307249.8	168849718.9
2590000000.0	166383754.0	164754876.0	169354437.7
2600000000.0	166849601.8	165201783.4	169858823.3
2610000000.0	167315947.8	165647974.6	170362878.0
2620000000.0	167782064.1	166093451.7	170866604.2
2630000000.0	168246959.2	166539263.8	171370004.2
2640000000.0	168711314.3	166986148.9	171873080.5
2650000000.0	169175627.4	167432349.8	172375835.3
2660000000.0	169638448.9	167877868.6	172878271.0
2670000000.0	170099187.4	168322707.5	173380389.7
2680000000.0	170559314.8	168766868.7	173880969.3
2690000000.0	171018833.1	169210354.5	174381173.5
2700000000.0	171477744.3	169653167.0	174881035.1
2710000000.0	171936393.9	170095308.3	175380556.1
2720000000.0	172394559.1	170536780.6	175879738.4
2730000000.0	172852391.9	170977586.0	176378584.0
2740000000.0	173309629.5	171417726.7	176877094.8
2750000000.0	173766273.8	171857204.6	177375272.5
2760000000.0	174222326.6	172296021.9	177873091.4
2770000000.0	174677856.2	172734180.7	178370502.0
2780000000.0	175134548.0	173171715.7	178867583.5
2790000000.0	175590122.8	173608633.8	179364337.5
2800000000.0	176043836.1	174044899.9	179860765.9
2810000000.0	176496545.9	174480516.2	180355445.7
2820000000.0	176948674.5	174915484.5	180848573.6
2830000000.0	177400223.8	175349806.9	181341350.2
2840000000.0	177851195.4	175783485.3	181833777.1
2850000000.0	178301591.2	176216521.7	182325855.9
2860000000.0	178750845.0	176648918.0	182817588.2
2870000000.0	179199983.9	177080676.2	183308975.6
2880000000.0	179648556.1	177511798.1	183800019.6
2890000000.0	180097273.8	177942285.7	184290721.9
2900000000.0	180545467.2	178372140.8	184781083.9
2910000000.0	180993802.0	178801365.3	185271107.1
2920000000.0	181442543.1	179229961.1	185760793.1
2930000000.0	181891995.0	179657930.0	186250143.4
2940000000.0	182340916.5	180085273.9	186739159.5
2950000000.0	182789309.3	180511994.5	187227842.8
2960000000.0	183235469.0	180938093.8	187716194.7
2970000000.0	183679086.9	181363573.5	188204216.7
2980000000.0	184125155.4	181788435.4	188691910.2
2990000000.0	184569617.1	182212681.3	189179276.7
3000000000.0	185011741.2	182636312.9	189666317.5
3010000000.0	185453315.7	183059332.1	190155574.0
3020000000.0	185894342.1	183481740.5	190645706.7
3030000000.0	186334821.9	183903539.9	191135559.2
3040000000.0	186774233.0	184324732.0	191625133.0
3050000000.0	187212971.1	184745318.6	192114429.4
3060000000.0	187651226.2	185165301.3	192603449.8
3070000000.0	188089953.7	185584681.9	193092195.8
3080000000.0	188528146.4	186003462.0	193580668.5
3090000000.0	188965805.9	186421643.3	194068869.5
3100000000.0	189402933.5	186839227.5	194556800.0
3110000000.0	189838983.0	187256216.2	195044461.4
3120000000.0	190273750.8	187672611.1	195531855.0
3130000000.0	190707979.0	188088413.8	196018982.1
3140000000.0	191141804.9	188503625.9	196505844.1
3150000000.0	191575851.9	188918249.1	196992442.2
3160000000.0	192009443.2	189332284.9	197478777.7
3170000000.0	192442838.0	189745735.0	197964851.9
3180000000.0	192875712.0	190158601.0	198450666.0
3190000000.0	193308066.5	190570884.4	198936221.3
3200000000.0	193739903.0	190982586.8	199421482.8
3210000000.0	194171222.8	191393709.7	199906479.3
3220000000.0	194602027.3	191804254.8	200391220.3
3230000000.0	195032317.8	192214223.6	200875707.1
3240000000.0	195462095.7	192623617.6	201359940.9
3250000000.0	195891867.8	193032438.3	201843922.9
3260000000.0	196321552.0	193440687.2	202327654.3
3270000000.0	196750735.9	193848365.9	202811136.1
3280000000.0	197179420.9	194255475.9	203294369.6
3290000000.0	197607608.3	194662018.7	203777355.9
3300000000.0	198035299.4	195067995.7	204260096.1
3310000000.0	198461968.9	195473408.4	204742591.3
3320000000.0	198887299.1	195878258.4	205224842.7
3330000000.0	199313280.4	196282547.0	205706851.3
3340000000.0	199738955.3	196686275.8	206188618.2
3350000000.0	200164138.8	197089446.1	206670144.6
3360000000.0	200588832.1	197492059.4	207151431.4
3370000000.0	201013036.5	197894117.2	207632479.7
3380000000.0	201436753.1	198295620.9	208113290.6
3390000000.0	201860480.3	198696571.9	208593865.1
3400000000.0	202284579.2	199096971.5	209074204.3
3410000000.0	202706599.9	199496821.3	209552092.8
3420000000.0	203127805.0	199896122.6	210029363.3
3430000000.0	203548523.5	200294876.8	210506383.9
3440000000.0	203968756.5	200693085.3	210983155.4
3450000000.0	204388505.3	201090749.4	211459563.2
3460000000.0	204807771.0	201487870.5	211935709.9
3470000000.0	205226554.7	201884450.0	212411609.3
3480000000.0	205644373.0	202280489.3	212887262.4
3490000000.0	206061506.8	202675989.7	213361770.8
3500000000.0	206478365.6	203070952.5	213834548.4
3510000000.0	206894748.2	203465379.0	214307050.6
3520000000.0	207310655.7	203859270.7	214779278.3
3530000000.0	207726419.4	204252628.8	215251232.5
3540000000.0	208142754.1	204645454.6	215722913.9
3550000000.0	208558624.5	205037749.4	216194323.3
3560000000.0	208974031.6	205429514.6	216666653.0
3570000000.0	209388138.0	205820751.5	217143578.8
3580000000.0	209801670.1	206211461.3	217620313.4
3590000000.0	210214574.1	206601645.3	218096857.8
3600000000.0	210627406.6	206991304.8	218573213.0
3610000000.0	211039562.2	207380441.1	219049379.9
3620000000.0	211451252.5	207769055.4	219521992.5
3630000000.0	211862478.7	208157149.0	219994110.8
3640000000.0	212273179.4	208544723.2	220465374.5
3650000000.0	212684936.9	208931779.1	220936115.4
3660000000.0	213095435.0	209318318.1	221406609.7
3670000000.0	213504855.6	209704341.4	221878101.2
3680000000.0	213913818.1	210089850.3	222351392.8
3690000000.0	214322323.5	210474845.8	222821417.4
3700000000.0	214730373.0	210859329.3	223289982.0
3710000000.0	215137967.4	211243302.0	223758296.2
3720000000.0	215545108.0	211626765.1	224226360.8
3730000000.0	215951795.5	212009719.8	224694176.4
3740000000.0	216358031.2	212392167.2	225161778.8
3750000000.0	216763815.9	212774108.7	225630088.0
3760000000.0	217169150.7	213155545.3	226098158.0
3770000000.0	217574097.8	213536478.3	226565989.6
3780000000.0	217979210.5	213916908.8	227033583.5
3790000000.0	218382682.5	214296838.0	227500940.5
3800000000.0	218785496.7	214676267.0	227968061.1
3810000000.0	219187858.1	215055197.1	228434946.1
3820000000.0	219589767.8	215433629.4	228901596.2
3830000000.0	219991226.8	215811565.1	229368012.0
3840000000.0	220392235.9	216189005.2	229834194.3
3850000000.0	220793405.8	216565950.9	230300143.7
3860000000.0	221195025.6	216942403.5	230765860.9
3870000000.0	221596208.9	217318363.9	231231346.5
3880000000.0	221996956.6	217693833.3	231699411.9
3890000000.0	222397269.7	218068813.0	232171172.5
3900000000.0	222797149.2	218443303.8	232642773.2
3910000000.0	223197062.3	218817307.1	233114214.9
3920000000.0	223596651.8	219190823.8	233585498.4
3930000000.0	223995812.5	219563855.2	234054500.5
3940000000.0	224394023.5	219936402.2	234519983.3
3950000000.0	224790096.5	220308466.1	234985259.5
3960000000.0	225187005.7	220680047.8	235450182.1
3970000000.0	225582718.1	221051148.4	235914793.9
3980000000.0	225977999.6	221421769.2	236379198.7
3990000000.0	226372788.5	221791911.0	236843397.2
4000000000.0	226766431.2	222161575.1	237304356.1
4010000000.0	227159641.1	222530762.4	237764009.3
4020000000.0	227552419.2	222899474.0	238223419.8
4030000000.0	227944766.3	223267711.0	238682588.1
4040000000.0	228336683.4	223635474.5	239141514.8
4050000000.0	228728171.3	224002765.5	239600200.5
4060000000.0	229119230.9	224369585.0	240058645.7
4070000000.0	229509863.1	224735934.1	240516851.0
4080000000.0	229900068.7	225101813.8	240984419.0
4090000000.0	230289848.7	225467225.1	241455073.9
4100000000.0	230679203.9	225832169.2	241925592.3
4110000000.0	231068135.1	226196647.0	242395974.9
4120000000.0	231456643.3	226560660.6	242861071.8
4130000000.0	231844729.2	226924216.2	243322788.3
4140000000.0	232232816.9	227287308.6	243784310.3
4150000000.0	232620939.0	227649938.7	244245638.2
4160000000.0	233009214.1	228012107.7	244706598.0
4170000000.0	233397785.0	228373816.4	245167256.8
4180000000.0	233785949.6	228735065.9	245627721.1
4190000000.0	234173708.8	229095857.2	246087991.3
4200000000.0	234561063.3	229456191.3	246548068.1
4210000000.0	234948013.9	229815868.8	247007952.1
4220000000.0	235334561.5	230174578.0	247467643.7
4230000000.0	235720706.8	230532829.7	247927143.4
4240000000.0	236106450.6	230890624.7	248386452.0
4250000000.0	236491793.8	231247964.0	248845569.8
4260000000.0	236876737.2	231604848.7	249304497.3
4270000000.0	237258499.3	231961279.7	249763235.3
4280000000.0	237639677.1	232317258.0	250221784.0
4290000000.0	238020442.2	232672784.5	250680144.2
4300000000.0	238400795.7	233027860.2	251138316.2
4310000000.0	238780849.4	233382486.1	251594762.4
4320000000.0	239160894.4	233736663.1	252050105.0
4330000000.0	239540533.4	234090392.2	252505768.1
4340000000.0	239919767.3	234443674.3	252969131.8
4350000000.0	240298596.7	234796510.4	253426820.5
4360000000.0	240677022.6	235148901.5	253884094.3
4370000000.0	241056105.0	235500848.4	254341185.1
4380000000.0	241434889.5	235852352.1	254798093.5
4390000000.0	241813277.5	236203413.5	255254819.9
4400000000.0	242191269.7	236554033.6	255711364.8
4410000000.0	242568866.8	236904213.3	256167728.8
4420000000.0	242946069.7	237253953.5	256623912.3
4430000000.0	243322879.0	237603255.1	257079915.7
4440000000.0	243699295.5	237952119.1	257535739.6
4450000000.0	244075320.0	238300546.3	257991384.4
4460000000.0	244450953.1	238648537.8	258446850.5
4470000000.0	244826195.7	238996094.3	258902138.5
4480000000.0	245201048.5	239343216.8	259357248.7
4490000000.0	245575512.2	239689906.1	259812181.7
4500000000.0	245949587.5	240036163.3	260266937.9
4510000000.0	246323275.2	240381989.2	260721517.7
4520000000.0	246696575.9	240727384.6	261175921.7
4530000000.0	247069490.5	241072350.5	261630150.1
4540000000.0	247442019.6	241416887.7	262084203.6
4550000000.0	247814164.0	241760997.1	262538082.4
4560000000.0	248185924.3	242104679.7	262991787.1
4570000000.0	248557301.3	242447936.2	263445318.1
4580000000.0	248928295.7	242790767.6	263898675.7
4590000000.0	249298908.2	243133174.8	264351860.6
4600000000.0	249669139.5	243475158.5	264804862.5
4610000000.0	250038990.3	243816719.7	265257285.1
4620000000.0	250408461.3	244157859.2	265709533.3
4630000000.0	250777553.2	244498577.8	266161607.4
4640000000.0	251146266.7	244838876.6	266613508.0
4650000000.0	251514602.5	245178756.2	267065235.2
4660000000.0	251882561.2	245518217.5	267516789.7
4670000000.0	252250143.7	245857261.4	267968171.8
4680000000.0	252617350.4	246195888.8	268419381.8
4690000000.0	252984182.3	246534100.4	268870420.2
4700000000.0	253350639.8	246871897.1	269321287.4
4710000000.0	253716723.7	247209279.8	269771983.8
4720000000.0	254082434.7	247546249.2	270222509.8
4730000000.0	254447773.4	247882806.3	270672865.7
4740000000.0	254812740.5	248218951.8	271123052.0
4750000000.0	255177336.8	248554686.5	271573069.0
4760000000.0	255541562.7	248890011.4	272022917.1
4770000000.0	255905419.1	249224927.1	272471484.1
4780000000.0	256268906.5	249559434.5	272910775.4
4790000000.0	256632025.7	249893534.5	273349830.9
4800000000.0	256994777.2	250227227.9	273788650.9
4810000000.0	257357161.8	250560515.3	274229196.8
4820000000.0	257719180.1	250893397.8	274682258.9
4830000000.0	258080832.8	251225876.0	275135181.7
4840000000.0	258442120.4	251557950.8	275587965.6
4850000000.0	258803043.7	251889622.9	276040610.9
4860000000.0	259163603.3	252220893.2	276493118.1
4870000000.0	259523799.7	252551762.4	276945487.4
4880000000.0	259883633.8	252882231.4	277397719.2
4890000000.0	260243106.1	253212300.9	277849814.0
4900000000.0	260602217.2	253541971.8	278301772.0
4910000000.0	260960967.7	253871244.7	278753593.6
4920000000.0	261319358.4	254200120.5	279202154.7
4930000000.0	261677389.8	254528600.0	279649592.0
4940000000.0	262035062.6	254856683.9	280096869.3
4950000000.0	262392377.4	255184373.1	280543987.1
4960000000.0	262749334.7	255511668.2	280990945.5
4970000000.0	263105935.4	255838570.0	281437745.0
4980000000.0	263462142.0	256165079.4	281884385.9
4990000000.0	263817255.7	256491197.0	282330868.5
5000000000.0	264172010.8	256816923.7	282777193.2
5010000000.0	264526408.1	257142260.2	283223360.3
5020000000.0	264880448.1	257467207.3	283669370.1
5030000000.0	265234131.4	257791765.6	284115222.9
5040000000.0	265587458.7	258115936.1	284560919.1
5050000000.0	265940430.5	258439719.3	285006458.9
5060000000.0	266293047.5	258763116.1	285451842.8
5070000000.0	266645310.3	259086127.2	285897071.0
5080000000.0	266997219.5	259408753.4	286342143.8
5090000000.0	267348775.8	259730995.3	286787061.6
5100000000.0	267699979.6	260052853.8	287231824.6
5110000000.0	268050847.1	260374329.6	287676433.2
5120000000.0	268401636.0	260695423.3	288120887.7
5130000000.0	268752075.0	261016135.8	288565188.3
5140000000.0	269102164.8	261336467.7	289009335.4
5150000000.0	269451906.0	261656419.9	289453329.4
5160000000.0	269801299.1	261975992.9	289897170.4
5170000000.0	270150344.7	262295187.6	290340858.8
5180000000.0	270499043.4	262614004.6	290784395.0
5190000000.0	270847395.8	262932444.7	291227779.1
5200000000.0	271195402.5	263250508.6	291671011.4
5210000000.0	271543064.0	263568197.0	292114092.4
5220000000.0	271890381.0	263885510.7	292557022.2
5230000000.0	272237354.0	264202450.2	292999801.2
5240000000.0	272583983.6	264519016.4	293442429.6
5250000000.0	272930270.3	264835210.0	293884907.8
5260000000.0	273276214.8	265151031.5	294327235.9
5270000000.0	273621817.7	265466481.9	294769414.4
5280000000.0	273967079.4	265781561.7	295211443.5
5290000000.0	274312000.5	266096271.6	295653323.4
5300000000.0	274656709.6	266410612.4	296095054.4
5310000000.0	275001499.8	266724584.7	296536636.9
5320000000.0	275345952.6	267038189.2	296978071.0
5330000000.0	275690068.7	267351426.7	297419357.1
5340000000.0	276033848.4	267664297.7	297860495.5
5350000000.0	276377292.5	267976803.1	298301486.3
5360000000.0	276720401.5	268288943.4	298742330.0
5370000000.0	277063175.8	268600719.4	299183026.7
5380000000.0	277405616.1	268912131.7	299623576.7
5390000000.0	277747722.9	269223181.1	300063980.2
5400000000.0	278089347.3	269533868.1	300504237.7
5410000000.0	278430613.6	269844193.5	300944349.2
5420000000.0	278771548.0	270154157.9	301384315.1
5430000000.0	279112150.9	270463762.0	301824135.6
5440000000.0	279452423.0	270773006.5	302263811.0
5450000000.0	279792364.7	271081892.0	302703341.5
5460000000.0	280131976.7	271390419.3	303142727.4
5470000000.0	280471259.4	271698588.9	303581969.0
5480000000.0	280810213.4	272006401.5	304021066.5
5490000000.0	281148839.3	272313857.8	304460020.1
5500000000.0	281487137.5	272620958.4	304898830.1
5510000000.0	281825108.5	272927704.1	305337496.8
5520000000.0	282162753.0	273234095.4	305776020.3
5530000000.0	282500071.4	273540133.0	306214401.1
5540000000.0	282837064.3	273845817.5	306652639.2
5550000000.0	283173732.2	274151149.7	307090734.9
5560000000.0	283510075.6	274456130.1	307528688.5
5570000000.0	283846095.0	274760759.3	307970033.1
5580000000.0	284181791.0	275065038.1	308415359.7
5590000000.0	284517164.0	275368967.1	308860592.6
5600000000.0	284852214.6	275672546.9	309305732.0
5610000000.0	285186943.4	275975778.1	309750778.2
5620000000.0	285521350.7	276278661.4	310195731.6
5630000000.0	285855437.2	276581197.4	310640592.3
5640000000.0	286189203.4	276883386.8	311085360.7
5650000000.0	286522649.6	277185230.1	311530037.0
5660000000.0	286855208.7	277486728.0	311974621.5
5670000000.0	287187006.1	277787881.2	312419114.4
5680000000.0	287518482.7	278088690.2	312863516.0
5690000000.0	287849639.0	278389155.7	313307826.6
5700000000.0	288180475.6	278689278.3	313752046.4
5710000000.0	288510992.8	278989058.6	314196175.6
5720000000.0	288841191.3	279288497.2	314640214.6
5730000000.0	289171071.5	279587594.8	315084163.6
5740000000.0	289500634.0	279886351.9	315528022.8
5750000000.0	289829879.2	280184769.3	315971792.5
5760000000.0	290158807.6	280482847.4	316415473.0
5770000000.0	290487419.8	280780586.9	316859064.4
5780000000.0	290815716.3	281077988.4	317302567.1
5790000000.0	291143697.5	281375052.5	317745981.2
5800000000.0	291471363.9	281671779.9	318189307.1
5810000000.0	291798716.1	281968171.1	318632545.0
5820000000.0	292125754.5	282264226.6	319075695.1
5830000000.0	292452479.7	282559947.2	319518757.6
5840000000.0	292778892.1	282855333.5	319961732.9
5850000000.0	293104992.1	283150385.9	320404621.1
5860000000.0	293430780.4	283445105.2	320847422.4
5870000000.0	293756257.4	283739491.8	321290137.2
5880000000.0	294081423.5	284033546.4	321732765.6
5890000000.0	294406279.3	284327269.7	322175307.9
5900000000.0	294730825.2	284620662.1	322617764.3
5910000000.0	295055061.8	284913724.2	323060135.1
5920000000.0	295379194.0	285206456.7	323502420.4
5930000000.0	295703432.1	285498860.1	323944620.5
5940000000.0	296027363.4	285790935.1	324386735.7
5950000000.0	296350988.5	286082682.1	324828766.1
5960000000.0	296674307.6	286374101.8	325270712.0
5970000000.0	296997321.4	286665194.8	325712573.6
5980000000.0	297320030.2	286955961.6	326154351.2
5990000000.0	297642434.6	287246402.7	326596044.9
6000000000.0	297964535.0	287536518.9	327037654.9
6010000000.0	298286331.9	287826310.6	327479181.6
6020000000.0	298607825.8	288115778.4	327920625.0
6030000000.0	298929017.0	288404922.9	328361985.5
6040000000.0	299249906.2	288693744.6	328803263.3
6050000000.0	299570493.7	288982244.2	329244458.4
6060000000.0	299890780.0	289270422.1	329685571.3
6070000000.0	300210765.6	289558279.0	330126602.1
6080000000.0	300530451.0	289845815.4	330567550.9
6090000000.0	300849836.5	290133031.8	331008418.1
6100000000.0	301168922.6	290419928.9	331449203.7
6110000000.0	301487709.9	290706507.1	331889908.1
6120000000.0	301806198.7	290992767.1	332330531.4
6130000000.0	302124389.5	291278709.4	332771073.9
6140000000.0	302442282.8	291564334.5	333211535.7
6150000000.0	302759879.0	291849662.4	333651917.1
6160000000.0	303077178.5	292135475.5	334092218.2
6170000000.0	303394181.9	292420974.6	334532439.2
6180000000.0	303710889.6	292706160.4	334972580.4
6190000000.0	304027301.9	292991033.3	335412642.0
6200000000.0	304343419.4	293275594.0	335852624.1
6210000000.0	304659906.8	293559842.8	336292527.0
6220000000.0	304976596.2	293843780.4	336732350.8
6230000000.0	305292995.0	294127407.3	337172095.8
6240000000.0	305609103.6	294410724.0	337611762.1
6250000000.0	305924922.5	294693731.1	338051349.9
6260000000.0	306240452.0	294976429.0	338490859.5
6270000000.0	306555692.7	295258818.4	338930291.0
6280000000.0	306870644.9	295540899.8	339369644.6
6290000000.0	307185309.1	295822673.6	339808920.5
6300000000.0	307499685.7	296104140.4	340248118.9
6310000000.0	307813775.1	296385300.7	340687239.9
6320000000.0	308127577.7	296666155.1	341126283.9
6330000000.0	308441094.1	296946704.0	341565250.9
6340000000.0	308754324.5	297226948.0	342004141.1
6350000000.0	309067269.5	297506887.6	342442954.7
6360000000.0	309379929.4	297786523.4	342881692.0
6370000000.0	309692304.6	298065855.8	343320353.0
6380000000.0	310004395.7	298344885.3	343758902.7
6390000000.0	310316203.0	298623612.5	344197298.7
6400000000.0	310627726.9	298902037.8	344635618.5
6410000000.0	310938967.8	299180161.9	345073862.2
6420000000.0	311249926.2	299457985.1	345512030.1
6430000000.0	311560602.4	299735508.1	345950122.2
6440000000.0	311870997.0	300012731.2	346388138.9
6450000000.0	312181110.2	300289655.1	346826080.2
6460000000.0	312490942.5	300566280.2	347263946.3
6470000000.0	312800494.4	300842607.0	347701737.4
6480000000.0	313109766.2	301118636.0	348139453.6
6490000000.0	313418758.3	301394367.8	348577095.3
6500000000.0	313727471.2	301669802.8	349014662.4
6510000000.0	314035905.2	301944941.5	349452155.2
6520000000.0	314344060.8	302219784.5	349881198.1
6530000000.0	314651938.4	302494332.1	350310060.7
6540000000.0	314959538.3	302768585.0	350745947.9
6550000000.0	315266861.0	303042543.6	351184671.8
6560000000.0	315573906.9	303316208.3	351623329.7
6570000000.0	315880676.3	303589579.8	352061921.9
6580000000.0	316187169.8	303862658.4	352500448.5
6590000000.0	316493387.6	304135444.7	352938909.8
6600000000.0	316799330.1	304407939.2	353377305.8
6610000000.0	317104997.9	304680142.3	353815636.8
6620000000.0	317410391.2	304952054.5	354250294.2
6630000000.0	317715510.5	305223676.3	354670397.7
6640000000.0	318020356.2	305495008.2	355090353.4
6650000000.0	318324928.6	305766050.7	355510161.3
6660000000.0	318629228.2	306036804.3	355929821.6
6670000000.0	318933255.3	306307269.4	356349226.0
6680000000.0	319237010.3	306577446.5	356768444.5
6690000000.0	319540493.7	306847336.0	357187515.1
6700000000.0	319843705.8	307116938.6	357606437.8
6710000000.0	320146647.0	307386254.6	358025212.9
6720000000.0	320449317.6	307655284.4	358443840.5
6730000000.0	320751718.2	307924028.7	358862320.7
6740000000.0	321053849.0	308192487.9	359287913.9
6750000000.0	321355710.5	308460662.3	359714070.3
6760000000.0	321657303.0	308728552.6	360140109.8
6770000000.0	321958626.9	308996159.1	360566032.7
6780000000.0	322259682.6	309263482.3	360991839.0
6790000000.0	322560470.5	309530522.8	361417528.9
6800000000.0	322860991.0	309797280.9	361843102.5
6810000000.0	323161244.4	310063757.1	362268560.0
6820000000.0	323461231.2	310329951.9	362693901.5
6830000000.0	323760951.6	310595865.7	363119127.0
6840000000.0	324060406.2	310861499.1	363544236.8
6850000000.0	324359595.1	311126852.4	363969230.9
6860000000.0	324658519.0	311391926.2	364394109.6
6870000000.0	324957178.0	311656720.8	364818872.8
6880000000.0	325255572.6	311921236.8	365243520.8
6890000000.0	325553703.2	312185474.5	365668053.6
6900000000.0	325851570.1	312449434.6	366092471.4
6910000000.0	326149173.7	312713117.3	366516774.4
6920000000.0	326446101.6	312976523.1	366940962.6
6930000000.0	326742108.8	313239652.6	367365036.1
6940000000.0	327037851.7	313502506.1	367788995.1
6950000000.0	327333330.5	313765084.1	368212839.8
6960000000.0	327628545.8	314027387.0	368636570.1
6970000000.0	327923497.8	314289415.3	369060186.3
6980000000.0	328218187.0	314551169.5	369483688.5
6990000000.0	328512613.6	314812650.0	369907076.8
7000000000.0	328806778.2	315073857.2	370330351.3
7010000000.0	329100681.0	315334791.5	370753512.1
7020000000.0	329394322.4	315595453.5	371176559.3
7030000000.0	329687702.7	315855843.5	371599491.5
7040000000.0	329980822.5	316115962.0	372022193.0
7050000000.0	330273681.9	316375809.4	372444780.8
7060000000.0	330566281.5	316635386.2	372867255.2
7070000000.0	330858621.5	316894697.0	373289616.1
7080000000.0	331150702.3	317153751.9	373711863.7
7090000000.0	331442524.2	317412537.4	374133998.1
7100000000.0	331734087.8	317671054.1	374556019.5
7110000000.0	332025393.2	317929302.3	374977927.9
7120000000.0	332316440.9	318187282.5	375399723.5
7130000000.0	332607231.2	318444995.2	375821406.4
7140000000.0	332897764.5	318702440.7	376242976.6
7150000000.0	333188041.1	318959619.5	376664434.4
7160000000.0	333478061.5	319216532.0	377085779.8
7170000000.0	333767825.9	319473178.6	377507013.0
7180000000.0	334057334.7	319729559.8	377928134.0
7190000000.0	334346588.3	319985676.0	378349143.0
7200000000.0	334635587.0	320241527.6	378770040.0
7210000000.0	334924331.2	320497115.1	379190825.2
7220000000.0	335212821.2	320752438.8	379611498.7
7230000000.0	335501057.4	321007499.1	380032060.6
7240000000.0	335789040.2	321262296.6	380452511.0
7250000000.0	336076769.8	321516831.6	380872850.1
7260000000.0	336364246.7	321771104.5	381293077.9
7270000000.0	336651471.2	322025115.7	381713194.5
7280000000.0	336938443.6	322278865.7	382133200.1
7290000000.0	337225164.3	322532354.9	382553094.7
7300000000.0	337511633.7	322785583.6	382972878.5
7310000000.0	337797852.0	323038552.4	383392551.6
7320000000.0	338083819.6	323291261.6	383812114.0
7330000000.0	338369537.0	323543711.6	384231566.0
7340000000.0	338655004.4	323795902.9	384650907.5
7350000000.0	338940222.1	324047835.7	385070095.9
7360000000.0	339225190.5	324299510.7	385489139.6
7370000000.0	339509910.0	324550928.1	385908072.9
7380000000.0	339794380.9	324802088.3	386326895.9
7390000000.0	340078603.5	325052991.9	386745608.7
7400000000.0	340362578.2	325303639.1	387164211.4
7410000000.0	340646305.3	325554030.4	387582704.1
7420000000.0	340929785.2	325804166.1	388001086.9
7430000000.0	341213018.2	326054046.8	388419359.8
7440000000.0	341496004.6	326303672.7	388837523.1
7450000000.0	341778744.7	326553044.4	389255576.8
7460000000.0	342061239.0	326802162.1	389673521.0
7470000000.0	342343487.7	327051026.3	390091355.8
7480000000.0	342625491.2	327299637.3	390509081.3
7490000000.0	342907249.8	327547995.7	390926697.6
7500000000.0	343188763.9	327796101.7	391344204.9
7510000000.0	343470033.7	328043955.8	391761603.1
7520000000.0	343751059.7	328291558.3	392178892.5
7530000000.0	344031842.1	328538909.7	392601272.8
7540000000.0	344312381.2	328786010.4	393025235.2
7550000000.0	344592677.5	329032860.6	393449115.7
7560000000.0	344872731.2	329279460.9	393872914.3
7570000000.0	345152542.7	329525811.7	394296631.3
7580000000.0	345432112.2	329771913.2	394720266.5
7590000000.0	345711440.2	330017765.9	395143820.2
7600000000.0	345990527.0	330262660.4	395567292.5
7610000000.0	346269372.8	330506805.9	395990683.3
7620000000.0	346547978.0	330750702.6	396413993.0
7630000000.0	346826342.9	330994350.8	396837221.4
7640000000.0	347104467.9	331237751.0	397260368.8
7650000000.0	347382353.2	331480903.6	397683435.2
7660000000.0	347659999.3	331723808.8	398106420.7
7670000000.0	347937406.3	331966467.2	398529325.4
7680000000.0	348214574.7	332208879.0	398952149.4
7690000000.0	348491504.8	332451044.7	399374892.8
7700000000.0	348768196.9	332692964.7	399797555.7
7710000000.0	349044651.2	332934639.3	400220138.2
7720000000.0	349320868.2	333176068.9	400642640.4
7730000000.0	349596848.1	333417254.0	401065062.3
7740000000.0	349872591.3	333658194.8	401487404.0
7750000000.0	350148098.1	333898891.8	401909665.7
7760000000.0	350423368.7	334139345.3	402331847.4
7770000000.0	350698403.6	334379555.8	402753949.3
7780000000.0	350973203.0	334619523.5	403175971.4
7790000000.0	351247767.2	334859248.9	403597913.7
7800000000.0	351522096.6	335098732.4	404019776.5
7810000000.0	351796191.4	335337974.3	404441559.8
7820000000.0	352070052.1	335576975.0	404863263.6
7830000000.0	352343678.8	335815734.8	405284888.0
7840000000.0	352617071.9	336054254.2	405706433.2
7850000000.0	352890231.8	336292533.5	406127899.3
7860000000.0	353163158.7	336530573.1	406549286.2
7870000000.0	353435852.9	336768373.4	406970594.2
7880000000.0	353708314.8	337005934.6	407391823.3
7890000000.0	353980544.6	337243257.3	407812973.5
7900000000.0	354252542.7	337480341.7	408228746.0
7910000000.0	354524309.3	337717188.3	408640051.8
7920000000.0	354795844.9	337953797.3	409051245.6
7930000000.0	355067149.6	338190169.2	409462327.5
7940000000.0	355338223.8	338426304.3	409873297.6
7950000000.0	355609067.9	338662202.9	410284156.0
7960000000.0	355879682.0	338897865.6	410694902.8
7970000000.0	356150066.5	339133292.5	411105538.1
7980000000.0	356420221.8	339368484.1	411516061.9
7990000000.0	356690148.0	339603440.7	411926474.4
8000000000.0	356959845.6	339838162.7	412336775.6
8010000000.0	357229314.8	340072650.5	412746965.6
8020000000.0	357498555.9	340306904.3	413157044.6
8030000000.0	357767569.2	340540924.6	413567012.5
8040000000.0	358036355.0	340774711.8	413976869.5
8050000000.0	358304913.7	341008266.1	414386615.7
8060000000.0	358573245.5	341241587.9	414796251.2
8070000000.0	358841350.7	341474677.6	415205776.0
8080000000.0	359109229.6	341707535.6	415615190.2
8090000000.0	359376882.5	341940162.1	416024494.0
8100000000.0	359644309.7	342172557.6	416433687.3
8110000000.0	359911511.6	342404722.4	416842770.4
8120000000.0	360178488.3	342636656.8	417251743.2
8130000000.0	360445240.2	342868361.2	417660605.9
8140000000.0	360711767.6	343099835.9	418069358.5
8150000000.0	360978070.8	343331081.3	418478001.1
8160000000.0	361244150.1	343562097.8	418886533.8
8170000000.0	361510005.7	343792885.6	419294956.7
8180000000.0	361775638.0	344023445.2	419703223.4
8190000000.0	362041047.3	344253776.9	420111251.7
8200000000.0	362306233.8	344483880.9	420519169.8
8210000000.0	362571197.8	344713757.7	420926977.9
8220000000.0	362835939.6	344943407.7	421334676.0
8230000000.0	363100459.6	345172831.0	421742264.3
8240000000.0	363364758.0	345402028.2	422149742.8
8250000000.0	363628835.0	345630999.5	422557111.6
8260000000.0	363892691.0	345859745.3	422964370.8
8270000000.0	364156326.3	346088265.8	423371520.4
8280000000.0	364419741.2	346316561.5	423778560.6
8290000000.0	364682935.8	346544632.8	424185491.4
8300000000.0	364945910.6	346772479.8	424592312.9
8310000000.0	365208665.8	347000103.0	424999025.2
8320000000.0	365471201.7	347227502.7	425405628.4
8330000000.0	365733518.6	347454679.2	425812122.5
8340000000.0	365995616.8	347681632.9	426218507.6
8350000000.0	366257496.4	347908364.0	426624783.9
8360000000.0	366519157.9	348134873.1	427030951.3
8370000000.0	366781102.3	348361160.2	427437010.0
8380000000.0	367042839.9	348587225.9	427842960.0
8390000000.0	367304361.4	348813070.4	428248801.5
8400000000.0	367565667.0	349038694.1	428654534.5
8410000000.0	367826757.0	349264097.3	429060159.0
8420000000.0	368087631.7	349489280.2	429465675.2
8430000000.0	368348291.3	349714243.3	429871083.1
8440000000.0	368608736.2	349938986.9	430276382.9
8450000000.0	368868966.6	350163511.3	430681574.5
8460000000.0	369128982.8	350387816.9	431086658.1
8470000000.0	369388236.9	350611903.8	431491633.8
8480000000.0	369646966.6	350835772.6	431896501.5
8490000000.0	369905481.4	351059423.4	432301261.5
8500000000.0	370163781.5	351282856.7	432705913.8
8510000000.0	370421867.4	351506072.8	433110458.4
8520000000.0	370679739.2	351729071.9	433514895.4
8530000000.0	370937397.2	351951854.4	433919225.0
8540000000.0	371194841.8	352174420.6	434323447.1
8550000000.0	371452073.1	352396770.8	434727561.9
8560000000.0	371709091.4	352619475.5	435131569.4
8570000000.0	371965897.1	352842430.5	435535469.7
8580000000.0	372222518.3	353065171.5	435939262.9
8590000000.0	372479235.6	353287698.6	436342949.1
8600000000.0	372735741.4	353510012.3	436746528.3
8610000000.0	372992036.0	353732112.8	437150000.6
8620000000.0	373248119.7	353954000.5	437553366.1
8630000000.0	373503992.7	354175675.6	437956624.8
8640000000.0	373759655.2	354397138.5	438359776.9
8650000000.0	374015107.6	354618389.5	438762822.3
8660000000.0	374270350.1	354839428.9	439165761.3
8670000000.0	374525383.0	355060257.0	439568593.8
8680000000.0	374780206.6	355280874.0	439971319.9
8690000000.0	375034821.0	355501280.4	440373939.7
8700000000.0	375289226.7	355721476.5	440776453.3
8710000000.0	375543423.7	355941462.4	441178860.8
8720000000.0	375797412.5	356161238.6	441581162.1
8730000000.0	376051193.3	356380805.3	441983357.5
8740000000.0	376304766.3	356600162.9	442385446.8
8750000000.0	376558131.8	356819311.6	442787430.4
8760000000.0	376811290.0	357038251.8	443189308.1
8770000000.0	377064241.3	357256983.7	443591080.1
8780000000.0	377316985.9	357475507.7	443992746.5
8790000000.0	377569524.0	357693824.1	444394307.2
8800000000.0	377821855.9	357911933.1	444795762.5
8810000000.0	378073981.9	358129835.0	445197112.3
8820000000.0	378325902.2	358347530.3	445598356.8
8830000000.0	378577617.1	358565019.1	445999495.9
8840000000.0	378829126.8	358782301.7	446400529.8
8850000000.0	379080431.6	358999378.5	446801458.6
8860000000.0	379331531.8	359216249.8	447202282.3
8870000000.0	379582427.6	359432915.8	447603000.9
8880000000.0	379833119.2	359649376.8	448003614.6
8890000000.0	380083607.0	359865633.2	448404123.5
8900000000.0	380333891.2	360081685.3	448804527.5
8910000000.0	380583972.0	360297533.3	449204826.8
8920000000.0	380833849.7	360513177.4	449605021.4
8930000000.0	381083524.6	360728618.2	450005111.4
8940000000.0	381332996.8	360943855.7	450405096.9
8950000000.0	381582266.7	361158890.3	450804977.9
8960000000.0	381831334.6	361373722.3	451204754.5
8970000000.0	382080200.5	361588352.1	451617001.4
8980000000.0	382328864.9	361802556.4	452033808.6
8990000000.0	382577328.0	362015944.1	452450566.3
9000000000.0	382825904.1	362229129.7	452867274.5
9010000000.0	383074440.9	362442113.4	453283933.4
9020000000.0	383322777.6	362654895.6	453700542.9
9030000000.0	383570914.4	362867476.4	454117103.2
9040000000.0	383818851.6	363079856.3	454533614.3
9050000000.0	384066589.4	363292035.6	454950076.3
9060000000.0	384314128.1	363504014.4	455366489.2
9070000000.0	384561468.0	363715793.1	455782853.1
9080000000.0	384808609.1	363927371.9	456199168.1
9090000000.0	385055551.9	364138751.3	456615434.2
9100000000.0	385302296.6	364349931.3	457031651.6
9110000000.0	385548843.3	364560912.4	457447820.1
9120000000.0	385795192.4	364771694.9	457863940.0
9130000000.0	386041344.1	364982278.9	458280011.3
9140000000.0	386287298.6	365192664.8	458696034.0
9150000000.0	386533056.2	365402852.9	459112008.2
9160000000.0	386778617.1	365612843.4	459527934.0
9170000000.0	387023981.6	365822636.7	459943811.4
9180000000.0	387269149.8	366032233.0	460359640.5
9190000000.0	387514122.2	366241632.6	460775421.4
9200000000.0	387758898.8	366450835.8	461191154.0
9210000000.0	388003479.9	366659842.8	461606838.5
9220000000.0	388247865.8	366868653.9	462022475.0
9230000000.0	388492056.7	367077269.5	462438063.4
9240000000.0	388736052.8	367285689.8	462853603.9
9250000000.0	388979854.5	367493915.1	463269096.5
9260000000.0	389223461.8	367701945.6	463684541.3
9270000000.0	389466875.2	367909781.6	464099938.3
9280000000.0	389710094.7	368117423.5	464515287.6
9290000000.0	389953120.6	368324871.4	464930589.3
9300000000.0	390195953.3	368532125.7	465345843.3
9310000000.0	390438592.8	368739186.6	465761049.8
9320000000.0	390681039.5	368946054.4	466176208.8
9330000000.0	390923293.6	369152729.4	466591320.4
9340000000.0	391165355.3	369359211.9	467006384.7
9350000000.0	391407224.8	369565502.1	467421401.6
9360000000.0	391648529.1	369771600.2	467836371.3
9370000000.0	391889705.8	369977506.7	468251293.8
9380000000.0	392130798.1	370183221.7	468666169.2
9390000000.0	392371699.0	370388745.5	469080997.4
9400000000.0	392612408.6	370594078.4	469495778.7
9410000000.0	392852927.3	370799220.6	469910513.0
9420000000.0	393093255.1	371004172.5	470325200.4
9430000000.0	393333392.4	371208934.2	470739841.0
9440000000.0	393573339.4	371413506.1	471154434.7
9450000000.0	393813096.3	371617888.4	471568981.7
9460000000.0	394053077.5	371822081.4	471977496.1
9470000000.0	394293281.4	372026085.4	472378034.9
9480000000.0	394533296.7	372229900.6	472778485.7
9490000000.0	394773123.7	372433527.3	473178848.6
9500000000.0	395012368.8	372636965.7	473579123.7
9510000000.0	395251195.6	372840216.1	473979310.9
9520000000.0	395489834.2	373043278.9	474379410.5
9530000000.0	395728284.8	373246154.2	474779422.3
9540000000.0	395966547.6	373448842.2	475179346.5
9550000000.0	396204623.0	373651343.4	475579183.1
9560000000.0	396442511.0	373853657.9	475978932.2
9570000000.0	396680211.9	374055785.9	476378593.9
9580000000.0	396917768.7	374257727.9	476778168.1
9590000000.0	397155315.2	374459483.9	477177655.0
9600000000.0	397392675.5	374661054.3	477577054.6
9610000000.0	397629849.8	374862439.4	477976366.9
9620000000.0	397866838.4	375063639.3	478375592.0
9630000000.0	398103641.3	375264654.4	478774730.0
9640000000.0	398340259.0	375465484.9	479173780.9
9650000000.0	398576691.5	375666131.1	479572744.8
9660000000.0	398812939.1	375866593.2	479971621.7
9670000000.0	399049002.1	376066871.5	480370411.7
9680000000.0	399284880.6	376266966.2	480769114.8
9690000000.0	399520574.9	376466877.6	481167731.1
9700000000.0	399756085.2	376666605.9	481566260.6
9710000000.0	399991411.7	376866151.4	481964521.8
9720000000.0	400226554.7	377065514.4	482362418.1
9730000000.0	400461514.3	377264695.1	482760226.5
9740000000.0	400696290.8	377463693.8	483157947.0
9750000000.0	400930884.4	377662510.7	483555579.7
9760000000.0	401165295.3	377861146.0	483953124.6
9770000000.0	401399523.7	378059600.1	484350581.9
9780000000.0	401633569.9	378257873.1	484747951.6
9790000000.0	401867434.1	378455965.3	485145233.6
9800000000.0	402101116.4	378653877.0	485542428.1
9810000000.0	402334617.1	378851608.4	485939535.1
9820000000.0	402567936.5	379049159.8	486336554.8
9830000000.0	402801074.7	379246531.4	486733487.0
9840000000.0	403034031.9	379443723.5	487130331.9
9850000000.0	403266808.4	379640736.3	487527089.5
9860000000.0	403499404.4	379837570.0	487923759.9
9870000000.0	403731820.1	380034225.0	488320343.1
9880000000.0	403964055.7	380230701.4	488716839.2
9890000000.0	404196111.4	380426999.5	489113248.3
9900000000.0	404427987.5	380623119.5	489509570.3
9910000000.0	404659684.1	380819061.7	489905805.3
9920000000.0	404891201.4	381014826.4	490301953.5
9930000000.0	405122539.8	381210413.7	490698014.7
9940000000.0	405353699.3	381405824.0	491100006.4
9950000000.0	405584680.2	381601057.4	491503615.1
9960000000.0	405815482.7	381796114.2	491907156.3
9970000000.0	406046212.4	381990994.7	492310630.0
9980000000.0	406276799.4	382185699.1	492714036.2
9990000000.0	406507208.8	382380227.6	493117375.1
---BOUND_POP---
median_estimated_unobs	lower_ci	upper_ci
352274253.3	305862897.5	671367621.3
