
CondaError: Run 'conda init' before 'conda deactivate'

---FILE SRR32774353_1_uniq.hist ---
---LC_EXTRAP---
TOTAL_READS	EXPECTED_DISTINCT	LOWER_0.95CI	UPPER_0.95CI
0	0	0	0
10000000.0	764426.0	757418.0	770475.2
20000000.0	1140059.0	1129508.8	1148999.5
30000000.0	1442276.0	1428727.1	1453716.8
40000000.0	1707803.5	1691757.8	1721546.8
50000000.0	1949893.0	1931430.9	1965712.9
60000000.0	2174980.0	2154285.7	2192812.2
70000000.0	2387001.0	2364191.4	2406761.0
80000000.0	2588398.5	2563566.9	2610061.1
90000000.0	2781028.5	2754105.5	2804477.7
100000000.0	2966156.5	2937224.2	2991351.6
110000000.0	3144848.5	3113942.3	3171661.7
120000000.0	3317825.5	3285010.7	3346210.9
130000000.0	3485706.5	3451093.5	3515634.0
140000000.0	3649011.5	3612754.7	3680456.5
150000000.0	3808216.0	3770339.0	3841110.5
160000000.0	3963663.0	3924199.5	3997975.4
170000000.0	4115652.0	4074655.2	4151352.5
180000000.0	4264448.5	4221968.8	4301512.4
190000000.0	4410310.5	4366377.4	4448695.0
200000000.0	4553442.0	4508085.1	4593125.4
210000000.0	4694051.0	4647269.7	4734987.8
220000000.0	4832306.0	4784098.2	4874447.0
230000000.0	4968326.0	4918711.7	5011706.5
240000000.0	5102242.5	5051240.2	5146801.1
250000000.0	5234143.5	5181801.3	5279861.1
260000000.0	5364157.5	5310503.3	5411018.2
270000000.0	5492363.5	5437440.4	5540383.1
280000000.0	5618877.0	5562704.6	5668037.7
290000000.0	5743797.5	5686371.0	5794056.7
300000000.0	5867187.5	5808518.4	5918525.9
310000000.0	5989078.0	5929216.0	6041516.0
320000000.0	6109561.5	6048525.6	6163125.4
330000000.0	6228731.5	6166505.3	6283379.8
340000000.0	6346614.1	6283211.1	6402336.2
350000000.0	6463253.9	6398692.1	6520048.0
360000000.0	6578677.5	6512999.0	6636562.2
370000000.0	6692965.3	6626174.1	6751924.0
380000000.0	6806150.8	6738259.0	6866175.7
390000000.0	6918284.6	6849292.4	6979357.0
400000000.0	7029409.1	6959310.9	7091504.9
410000000.0	7139542.5	7068348.6	7202654.6
420000000.0	7248717.3	7176438.0	7312838.9
430000000.0	7356979.1	7283609.3	7422088.8
440000000.0	7464350.0	7389891.3	7530433.7
450000000.0	7570848.6	7495311.1	7637901.2
460000000.0	7676473.5	7599894.4	7744517.5
470000000.0	7781279.8	7703665.5	7850307.4
480000000.0	7885312.4	7806647.3	7955294.3
490000000.0	7988572.1	7908899.5	8059500.7
500000000.0	8091060.2	8010423.5	8162947.7
510000000.0	8192801.1	8111220.2	8265655.5
520000000.0	8293840.7	8211307.7	8367643.2
530000000.0	8394213.2	8310703.1	8468927.5
540000000.0	8493916.7	8409421.3	8569527.1
550000000.0	8592923.0	8507470.9	8669458.8
560000000.0	8691280.0	8604780.0	8768738.6
570000000.0	8789035.4	8701824.0	8867381.7
580000000.0	8886182.4	8797951.4	8965400.9
590000000.0	8982729.6	8893519.5	9062700.6
600000000.0	9078690.4	8988506.4	9159396.5
610000000.0	9174068.9	9082919.8	9255501.0
620000000.0	9268853.1	9176716.0	9351025.5
630000000.0	9363016.6	9269919.9	9445981.1
640000000.0	9456667.6	9362582.1	9540378.2
650000000.0	9549844.8	9454713.5	9634226.9
660000000.0	9642582.4	9546406.0	9727534.3
670000000.0	9734690.7	9637813.9	9820310.9
680000000.0	9826225.3	9728618.7	9912566.1
690000000.0	9917276.6	9818803.0	10004308.1
700000000.0	10007840.9	9908470.7	10095545.2
710000000.0	10097941.2	9997484.7	10186284.8
720000000.0	10187542.2	10086023.9	10276658.7
730000000.0	10276659.7	10174093.8	10366654.3
740000000.0	10365229.3	10261701.8	10456188.5
750000000.0	10453595.7	10349096.3	10545268.8
760000000.0	10541388.4	10436067.9	10633902.1
770000000.0	10628747.0	10522615.3	10721998.8
780000000.0	10715925.1	10608740.4	10809387.0
790000000.0	10802451.4	10694441.8	10896292.1
800000000.0	10888391.3	10779734.7	10982540.8
810000000.0	10974003.9	10864624.5	11068205.5
820000000.0	11059166.5	10949116.8	11153520.2
830000000.0	11143998.0	11033217.4	11238796.9
840000000.0	11228508.0	11116931.7	11323654.5
850000000.0	11312749.7	11200265.0	11408097.9
860000000.0	11396519.4	11283222.6	11491915.6
870000000.0	11479762.7	11365698.9	11575228.4
880000000.0	11562740.6	11447779.7	11659013.5
890000000.0	11645415.3	11529489.6	11741874.6
900000000.0	11727688.0	11610833.1	11824730.2
910000000.0	11809673.2	11691013.2	11907399.3
920000000.0	11891262.6	11770358.8	11989777.0
930000000.0	11972456.3	11850523.9	12071809.8
940000000.0	12053163.6	11930356.7	12153491.0
950000000.0	12133641.9	12009844.0	12234833.1
960000000.0	12213824.4	12089199.5	12315466.6
970000000.0	12293601.9	12167946.7	12396069.8
980000000.0	12373302.9	12246547.3	12476343.2
990000000.0	12452655.4	12324815.6	12556290.4
1000000000.0	12531402.9	12402753.0	12636681.9
1010000000.0	12609789.3	12480362.4	12716120.3
1020000000.0	12687945.4	12557651.1	12794384.4
1030000000.0	12765747.8	12634628.3	12873386.1
1040000000.0	12843506.7	12711253.3	12951671.1
1050000000.0	12920720.9	12787581.0	13030264.4
1060000000.0	12997898.7	12863595.3	13108495.4
1070000000.0	13074556.0	12938228.4	13186081.4
1080000000.0	13151057.3	13014095.2	13263373.9
1090000000.0	13227102.0	13088286.4	13340411.7
1100000000.0	13302840.7	13162965.2	13417072.5
1110000000.0	13378371.0	13237384.9	13493763.9
1120000000.0	13453339.2	13310695.2	13570547.8
1130000000.0	13528166.0	13385145.1	13647046.7
1140000000.0	13603105.7	13458991.4	13722186.8
1150000000.0	13677688.3	13532876.3	13797219.7
1160000000.0	13751634.4	13606499.0	13872043.0
1170000000.0	13825441.5	13679179.4	13946235.0
1180000000.0	13899368.9	13750250.2	14020753.7
1190000000.0	13972887.9	13821934.8	14094976.3
1200000000.0	14046238.8	13892830.0	14170195.1
1210000000.0	14118801.8	13964314.3	14243333.9
1220000000.0	14191007.4	14034886.7	14316169.6
1230000000.0	14263283.8	14104688.1	14389686.2
1240000000.0	14335555.3	14171576.0	14463154.9
1250000000.0	14407080.3	14241169.8	14536384.4
1260000000.0	14478600.0	14310215.2	14608756.1
1270000000.0	14549516.6	14380568.0	14680731.1
1280000000.0	14620493.9	14450291.1	14752456.7
1290000000.0	14691514.8	14519102.4	14823935.0
1300000000.0	14761652.3	14588809.4	14895538.6
1310000000.0	14831907.1	14658370.3	14967100.8
1320000000.0	14901801.7	14726346.4	15038488.4
1330000000.0	14971808.7	14794118.8	15110287.7
1340000000.0	15041605.0	14861289.7	15183406.6
1350000000.0	15111060.0	14928913.4	15254393.6
1360000000.0	15179620.8	14995244.9	15324002.9
1370000000.0	15247893.2	15059778.0	15393271.5
1380000000.0	15315675.2	15126863.3	15462523.1
1390000000.0	15384616.1	15190654.9	15531465.1
1400000000.0	15452618.6	15255634.5	15601025.3
1410000000.0	15520227.1	15321668.0	15670902.1
1420000000.0	15588227.2	15388545.8	15740331.6
1430000000.0	15656215.8	15449959.9	15808492.2
1440000000.0	15723312.0	15512776.3	15876816.0
1450000000.0	15790717.4	15576376.5	15945287.2
1460000000.0	15857599.2	15639697.6	16013527.1
1470000000.0	15924172.5	15702740.5	16081556.9
1480000000.0	15990587.3	15765506.3	16149467.6
1490000000.0	16057185.6	15828261.0	16217099.2
1500000000.0	16123329.2	15890173.1	16284716.5
1510000000.0	16189718.7	15952104.8	16352145.7
1520000000.0	16255595.3	16013704.6	16420237.2
1530000000.0	16321333.7	16075063.4	16489663.0
1540000000.0	16386924.7	16136151.6	16556602.0
1550000000.0	16452407.7	16196970.2	16623312.3
1560000000.0	16517370.2	16257520.1	16689798.4
1570000000.0	16581935.9	16316342.3	16756069.5
1580000000.0	16646429.2	16374733.4	16821988.1
1590000000.0	16710871.2	16432866.5	16887359.0
1600000000.0	16774804.0	16491577.7	16953493.4
1610000000.0	16838588.1	16552995.9	17016935.1
1620000000.0	16902383.5	16614206.9	17081075.2
1630000000.0	16965794.6	16673958.6	17146228.7
1640000000.0	17028906.2	16732443.5	17211199.8
1650000000.0	17092464.7	16790668.0	17275989.4
1660000000.0	17155368.5	16850014.7	17340598.6
1670000000.0	17217902.6	16909781.2	17405028.7
1680000000.0	17280024.1	16969341.8	17469278.1
1690000000.0	17342346.1	17028749.3	17533339.3
1700000000.0	17404557.6	17087971.7	17597221.0
1710000000.0	17466402.8	17146993.6	17661515.5
1720000000.0	17528218.9	17202491.6	17726520.9
1730000000.0	17589808.6	17256987.6	17790609.5
1740000000.0	17651059.0	17311261.2	17853550.6
1750000000.0	17712355.1	17365307.8	17916310.9
1760000000.0	17773402.1	17419118.4	17978898.5
1770000000.0	17834325.9	17472735.6	18041314.2
1780000000.0	17895101.2	17526233.9	18103559.0
1790000000.0	17955324.5	17580296.0	18165630.3
1800000000.0	18015370.1	17635652.4	18228466.4
1810000000.0	18075125.2	17690857.8	18289932.3
1820000000.0	18134780.6	17745881.2	18351219.9
1830000000.0	18194233.7	17800723.0	18412311.6
1840000000.0	18253953.0	17855383.9	18473455.9
1850000000.0	18313008.1	17909865.0	18534536.7
1860000000.0	18372126.4	17964167.1	18595454.1
1870000000.0	18430777.2	18018291.0	18656208.8
1880000000.0	18489646.2	18072237.8	18716789.0
1890000000.0	18548168.0	18126008.2	18777194.2
1900000000.0	18606241.1	18177313.5	18837460.0
1910000000.0	18665279.9	18226658.0	18897583.9
1920000000.0	18723687.8	18275740.5	18957549.6
1930000000.0	18781940.8	18324562.2	19017349.1
1940000000.0	18840096.8	18377128.5	19076982.4
1950000000.0	18897452.5	18429802.8	19136459.5
1960000000.0	18955371.3	18482361.1	19195781.4
1970000000.0	19012887.2	18534806.8	19254948.8
1980000000.0	19070246.5	18587078.7	19314730.0
1990000000.0	19127453.0	18639178.0	19375097.6
2000000000.0	19184691.2	18691105.5	19433860.0
2010000000.0	19241638.9	18742862.3	19492462.2
2020000000.0	19298354.2	18794449.3	19554183.1
2030000000.0	19355237.7	18845867.4	19614571.8
2040000000.0	19411396.8	18897117.6	19676262.1
2050000000.0	19467668.5	18948200.8	19735077.1
2060000000.0	19523669.6	18999118.0	19793154.7
2070000000.0	19580246.8	19049870.0	19850625.2
2080000000.0	19636207.6	19100457.7	19907937.3
2090000000.0	19692434.9	19150882.1	19965099.2
2100000000.0	19747641.9	19201144.0	20022113.6
2110000000.0	19802313.1	19251244.3	20078981.4
2120000000.0	19857899.3	19301183.8	20135703.0
2130000000.0	19912928.8	19350963.5	20192279.4
2140000000.0	19967877.9	19400584.2	20248711.0
2150000000.0	20023356.7	19450046.7	20304998.6
2160000000.0	20078241.8	19499351.9	20361456.2
2170000000.0	20132994.1	19548500.6	20418564.3
2180000000.0	20187744.2	19597493.5	20476307.8
2190000000.0	20242056.7	19646331.7	20533923.8
2200000000.0	20295917.7	19695015.7	20591413.0
2210000000.0	20349396.2	19743546.5	20648775.8
2220000000.0	20403212.5	19791924.9	20706012.8
2230000000.0	20456955.2	19840151.5	20762889.9
2240000000.0	20510864.0	19884971.6	20818669.9
2250000000.0	20564897.3	19933019.3	20874317.7
2260000000.0	20617387.2	19980915.7	20929833.8
2270000000.0	20670369.3	20028661.6	20985482.4
2280000000.0	20723534.7	20076257.5	21043001.0
2290000000.0	20775626.8	20123704.4	21100412.1
2300000000.0	20828576.0	20171002.9	21157716.2
2310000000.0	20881267.2	20218153.8	21214913.8
2320000000.0	20933619.0	20265157.8	21271889.2
2330000000.0	20985781.8	20312015.6	21327827.8
2340000000.0	21037840.6	20358728.0	21383613.3
2350000000.0	21089948.6	20405295.6	21438602.0
2360000000.0	21142024.5	20451656.4	21493452.1
2370000000.0	21194081.8	20497663.6	21548182.3
2380000000.0	21246251.4	20543528.2	21602793.1
2390000000.0	21297765.2	20589250.9	21657285.0
2400000000.0	21348906.2	20634832.5	21712240.9
2410000000.0	21400043.1	20680273.6	21767843.4
2420000000.0	21451525.8	20725574.9	21823334.9
2430000000.0	21502306.4	20770783.5	21878715.9
2440000000.0	21553316.7	20815043.2	21933986.9
2450000000.0	21604199.8	20857388.1	21989148.3
2460000000.0	21654886.6	20899550.2	22044139.2
2470000000.0	21705120.3	20941530.1	22098453.8
2480000000.0	21755492.9	20983328.7	22152634.3
2490000000.0	21805039.3	21024946.7	22206047.8
2500000000.0	21855238.3	21066384.8	22258838.8
2510000000.0	21904433.3	21107643.7	22311508.1
2520000000.0	21953512.8	21148724.1	22364036.5
2530000000.0	22002705.9	21189626.8	22416447.9
2540000000.0	22052202.8	21230352.5	22468742.8
2550000000.0	22101646.7	21270902.0	22520921.7
2560000000.0	22150841.1	21311275.9	22574008.4
2570000000.0	22199554.9	21351474.9	22628294.9
2580000000.0	22248296.0	21391499.9	22680455.4
2590000000.0	22297277.0	21431351.4	22732347.8
2600000000.0	22346457.0	21471030.3	22784106.2
2610000000.0	22394922.2	21510537.2	22835720.7
2620000000.0	22443505.2	21549872.9	22887223.0
2630000000.0	22492107.4	21589038.0	22938613.3
2640000000.0	22540743.2	21628033.3	22989892.2
2650000000.0	22589000.7	21666859.5	23041932.1
2660000000.0	22636812.6	21705517.3	23094733.2
2670000000.0	22684847.5	21744007.4	23147437.7
2680000000.0	22732766.3	21782330.5	23200046.0
2690000000.0	22780789.3	21820487.3	23252558.5
2700000000.0	22829051.9	21858478.6	23303543.3
2710000000.0	22877129.1	21896304.9	23354345.0
2720000000.0	22924241.8	21933967.1	23405039.8
2730000000.0	22971234.8	21971465.8	23455628.1
2740000000.0	23017873.0	22008801.7	23506110.3
2750000000.0	23064583.2	22045975.5	23556486.8
2760000000.0	23111906.6	22087189.6	23607390.6
2770000000.0	23158649.1	22128632.0	23658243.8
2780000000.0	23203936.5	22169958.2	23708995.8
2790000000.0	23250099.8	22211168.7	23759646.9
2800000000.0	23296174.5	22252264.1	23810197.5
2810000000.0	23342290.2	22293244.8	23860648.0
2820000000.0	23388528.5	22334111.3	23910998.7
2830000000.0	23434336.7	22374864.2	23961249.9
2840000000.0	23479613.0	22415504.0	24011402.1
2850000000.0	23524740.3	22456031.0	24061649.4
2860000000.0	23570248.8	22496445.8	24112127.0
2870000000.0	23616198.9	22536749.0	24162507.1
2880000000.0	23661480.9	22576940.9	24212776.1
2890000000.0	23706769.5	22617022.0	24262951.1
2900000000.0	23751981.1	22656992.9	24313032.3
2910000000.0	23796999.5	22696854.0	24363020.0
2920000000.0	23841953.5	22736605.7	24412914.6
2930000000.0	23887121.6	22776248.5	24462716.4
2940000000.0	23932800.9	22815783.0	24512425.7
2950000000.0	23978109.2	22855209.4	24562042.8
2960000000.0	24022889.4	22894528.4	24611568.1
2970000000.0	24068097.9	22933757.8	24661001.8
2980000000.0	24113204.3	22972967.1	24710344.3
2990000000.0	24158209.1	23012071.3	24759595.8
3000000000.0	24202409.0	23051070.7	24808756.8
3010000000.0	24246228.8	23089965.9	24857827.4
3020000000.0	24289945.2	23128757.3	24906807.9
3030000000.0	24333558.4	23163487.7	24955698.8
3040000000.0	24377409.2	23197964.4	25004500.2
3050000000.0	24421265.7	23232313.1	25053260.4
3060000000.0	24465021.5	23266534.4	25102255.3
3070000000.0	24508677.1	23300628.9	25151156.3
3080000000.0	24552232.7	23334597.1	25199955.9
3090000000.0	24595688.8	23368439.7	25248667.3
3100000000.0	24639127.7	23402157.2	25297290.8
3110000000.0	24682644.7	23435750.2	25345826.7
3120000000.0	24726064.0	23469219.3	25394275.3
3130000000.0	24769385.9	23502565.0	25442636.9
3140000000.0	24812369.2	23535788.0	25490911.7
3150000000.0	24854692.3	23568888.9	25539100.0
3160000000.0	24897324.2	23601868.1	25587202.1
3170000000.0	24940139.7	23634726.2	25634458.0
3180000000.0	24982859.3	23667463.9	25680983.8
3190000000.0	25025435.6	23700081.6	25727419.6
3200000000.0	25067819.2	23732125.5	25773765.6
3210000000.0	25110107.5	23763551.3	25820622.4
3220000000.0	25152301.1	23794852.5	25867881.2
3230000000.0	25194400.1	23826029.7	25915055.9
3240000000.0	25236041.4	23857083.5	25962109.9
3250000000.0	25277437.7	23888014.5	26009074.0
3260000000.0	25319285.6	23918823.1	26055954.7
3270000000.0	25361490.6	23949510.1	26102752.3
3280000000.0	25403332.9	23980076.0	26149467.0
3290000000.0	25444656.5	24010521.2	26195094.3
3300000000.0	25486018.2	24040846.5	26240326.8
3310000000.0	25527200.8	24071052.2	26285448.0
3320000000.0	25568263.6	24101139.1	26330475.0
3330000000.0	25609415.2	24131107.6	26375414.6
3340000000.0	25650215.0	24160958.3	26420266.9
3350000000.0	25690725.1	24190691.7	26465032.4
3360000000.0	25731115.9	24220308.5	26509711.2
3370000000.0	25771375.4	24249809.0	26554303.7
3380000000.0	25811777.8	24282479.3	26598810.0
3390000000.0	25852135.8	24315986.1	26643230.6
3400000000.0	25892404.0	24349402.4	26687565.6
3410000000.0	25932582.8	24382728.6	26731815.4
3420000000.0	25972712.0	24415965.1	26775980.1
3430000000.0	26012744.3	24447686.2	26820060.1
3440000000.0	26052674.5	24477389.2	26864055.7
3450000000.0	26092480.9	24507080.2	26907967.0
3460000000.0	26131929.5	24536665.3	26951794.4
3470000000.0	26171289.6	24566145.2	26995538.1
3480000000.0	26210564.9	24595520.3	27039198.4
3490000000.0	26249844.7	24624791.0	27082775.5
3500000000.0	26289198.4	24653958.0	27126269.7
3510000000.0	26328479.9	24684055.8	27169681.3
3520000000.0	26367675.2	24716591.4	27213010.5
3530000000.0	26407089.4	24749042.7	27256257.5
3540000000.0	26446682.8	24781410.0	27299422.6
3550000000.0	26485833.3	24813693.7	27342506.1
3560000000.0	26524899.5	24845894.1	27385508.2
3570000000.0	26563876.7	24878011.6	27428429.2
3580000000.0	26602603.3	24910046.3	27471269.3
3590000000.0	26641314.2	24941998.8	27514028.7
3600000000.0	26680209.6	24973869.2	27556707.8
3610000000.0	26719127.4	25005657.9	27600115.2
3620000000.0	26758192.3	25037365.3	27643920.0
3630000000.0	26797051.1	25068991.6	27687649.3
3640000000.0	26835627.9	25100537.2	27731303.5
3650000000.0	26874115.6	25132002.4	27774882.6
3660000000.0	26912185.2	25163387.4	27818387.0
3670000000.0	26950172.4	25194692.7	27861816.8
3680000000.0	26988077.5	25221222.6	27905172.2
3690000000.0	27025900.8	25247497.2	27948373.2
3700000000.0	27063470.1	25273668.4	27990530.3
3710000000.0	27101302.9	25299736.8	28032610.9
3720000000.0	27138882.4	25325702.7	28074615.0
3730000000.0	27176488.9	25351566.6	28116543.0
3740000000.0	27213799.2	25377328.9	28158395.1
3750000000.0	27251137.2	25402990.2	28200171.5
3760000000.0	27288395.3	25428550.8	28242891.3
3770000000.0	27325573.6	25454011.2	28285821.8
3780000000.0	27362672.6	25479371.8	28328681.2
3790000000.0	27399636.7	25504633.1	28371469.8
3800000000.0	27436633.2	25529795.5	28414187.6
3810000000.0	27473495.5	25554859.5	28456835.0
3820000000.0	27510346.1	25579825.4	28499412.1
3830000000.0	27546968.3	25604693.7	28541919.2
3840000000.0	27583613.0	25629464.8	28584356.3
3850000000.0	27620163.3	25654139.2	28626723.7
3860000000.0	27656636.2	25678717.3	28669021.7
3870000000.0	27693032.0	25703293.7	28711250.3
3880000000.0	27729369.5	25727795.8	28753409.8
3890000000.0	27765762.0	25752203.3	28795500.3
3900000000.0	27802079.0	25776516.4	28837522.1
3910000000.0	27838320.6	25800735.7	28879475.4
3920000000.0	27874494.2	25824861.6	28921360.3
3930000000.0	27910692.1	25848894.4	28963176.9
3940000000.0	27946856.8	25873299.7	29004925.6
3950000000.0	27982978.7	25902710.3	29046606.5
3960000000.0	28018839.8	25932049.3	29088219.7
3970000000.0	28054741.2	25961316.9	29129765.5
3980000000.0	28090569.0	25990513.3	29171244.0
3990000000.0	28126323.6	26019638.9	29212655.4
4000000000.0	28162005.0	26048693.8	29253999.9
4010000000.0	28197613.7	26077678.4	29295277.7
4020000000.0	28233149.7	26106593.0	29336488.9
4030000000.0	28268613.3	26135437.6	29377633.7
4040000000.0	28304004.8	26164212.7	29418712.4
4050000000.0	28339180.5	26192923.1	29459725.0
4060000000.0	28374262.3	26221667.7	29500671.8
4070000000.0	28409699.0	26250343.9	29541321.2
4080000000.0	28444779.9	26278952.0	29581903.4
4090000000.0	28479765.5	26307492.2	29622419.4
4100000000.0	28514680.3	26335964.9	29662869.2
4110000000.0	28549524.4	26364370.2	29703253.1
4120000000.0	28584298.1	26392708.3	29743571.2
4130000000.0	28618980.8	26420979.6	29783823.7
4140000000.0	28653533.4	26449184.2	29824010.8
4150000000.0	28688011.5	26477322.4	29864132.7
4160000000.0	28722254.9	26505394.5	29904189.5
4170000000.0	28756571.5	26533400.6	29944181.4
4180000000.0	28791135.9	26561341.0	29984108.6
4190000000.0	28825621.9	26589216.0	30023971.2
4200000000.0	28859979.3	26617025.7	30063769.4
4210000000.0	28894129.1	26644770.4	30103503.4
4220000000.0	28928210.6	26672450.4	30143173.3
4230000000.0	28962224.1	26700065.8	30182779.3
4240000000.0	28996043.9	26727616.9	30222321.7
4250000000.0	29029755.4	26755103.9	30261800.4
4260000000.0	29063399.2	26782527.0	30301215.8
4270000000.0	29096975.5	26805917.0	30340568.0
4280000000.0	29130484.5	26828293.4	30379857.1
4290000000.0	29164271.6	26850596.4	30419083.3
4300000000.0	29198075.5	26872826.3	30458246.7
4310000000.0	29231550.1	26894983.4	30497347.6
4320000000.0	29264751.1	26917067.9	30536386.1
4330000000.0	29298099.2	26939080.3	30575362.3
4340000000.0	29331558.3	26961020.8	30614276.4
4350000000.0	29364938.0	26982889.8	30653128.7
4360000000.0	29398063.2	27004687.6	30691919.1
4370000000.0	29431123.2	27026414.4	30730647.9
4380000000.0	29464539.1	27048070.6	30769315.3
4390000000.0	29497909.9	27069656.5	30807921.3
4400000000.0	29531216.5	27091172.5	30846466.2
4410000000.0	29564094.1	27112618.7	30884950.2
4420000000.0	29596876.3	27133995.5	30923373.3
4430000000.0	29629594.4	27155303.3	30961735.7
4440000000.0	29662367.6	27176542.3	31000037.6
4450000000.0	29695153.2	27197712.8	31038279.1
4460000000.0	29727875.4	27218815.1	31076460.4
4470000000.0	29760534.6	27239849.5	31114581.6
4480000000.0	29793092.3	27260816.3	31152642.9
4490000000.0	29825457.7	27281715.8	31190644.5
4500000000.0	29857847.7	27302548.3	31228586.4
4510000000.0	29889931.2	27323314.0	31266468.9
4520000000.0	29922064.1	27344013.3	31304292.1
4530000000.0	29954134.9	27364646.5	31342056.1
4540000000.0	29986143.7	27385213.8	31379761.0
4550000000.0	30018090.8	27405715.6	31417407.1
4560000000.0	30049976.4	27426152.0	31454994.5
4570000000.0	30081800.5	27448424.0	31492523.3
4580000000.0	30113464.8	27472115.4	31529993.7
4590000000.0	30145034.1	27495750.1	31567405.8
4600000000.0	30176530.1	27519328.3	31604759.7
4610000000.0	30207965.3	27542850.3	31642055.6
4620000000.0	30239482.4	27566316.3	31679293.7
4630000000.0	30270974.5	27589726.3	31716474.1
4640000000.0	30302406.4	27613080.8	31753596.9
4650000000.0	30333778.5	27636379.8	31790662.3
4660000000.0	30365090.8	27659623.5	31827660.6
4670000000.0	30396343.5	27682812.2	31864596.8
4680000000.0	30427536.8	27705946.0	31901475.9
4690000000.0	30458670.8	27728349.8	31938298.0
4700000000.0	30489745.8	27748102.6	31975063.5
4710000000.0	30520762.0	27767795.4	32011772.3
4720000000.0	30551719.3	27787428.5	32048424.6
4730000000.0	30582618.2	27807002.1	32085020.6
4740000000.0	30613458.6	27826516.5	32121560.3
4750000000.0	30643941.2	27845971.9	32158044.0
4760000000.0	30674314.4	27865368.5	32194463.4
4770000000.0	30704629.0	27884706.8	32230814.5
4780000000.0	30735052.2	27903986.8	32267110.0
4790000000.0	30765271.4	27923216.3	32303349.8
4800000000.0	30795586.4	27942466.4	32339534.3
4810000000.0	30826044.0	27961659.1	32375663.5
4820000000.0	30856444.4	27980794.9	32411737.5
4830000000.0	30886788.0	27999873.7	32447756.5
4840000000.0	30917074.9	28018896.0	32483720.7
4850000000.0	30947555.4	28037862.0	32519630.0
4860000000.0	30977710.7	28056771.8	32555484.8
4870000000.0	31007809.8	28075625.7	32591285.1
4880000000.0	31037852.8	28094424.0	32626031.8
4890000000.0	31067792.8	28113166.9	32660627.8
4900000000.0	31097606.9	28131854.6	32695168.2
4910000000.0	31127365.2	28150487.3	32729653.2
4920000000.0	31157067.9	28169065.2	32764082.9
4930000000.0	31186715.2	28187588.7	32798457.3
4940000000.0	31216307.3	28206057.9	32832776.8
4950000000.0	31245844.3	28227508.5	32867041.3
4960000000.0	31275326.4	28248913.8	32901251.1
4970000000.0	31304803.2	28270270.2	32935406.2
4980000000.0	31334235.3	28291577.8	32969506.9
4990000000.0	31363613.1	28312836.8	33003553.2
5000000000.0	31392717.1	28334047.3	33037545.3
5010000000.0	31421918.1	28355209.6	33071483.3
5020000000.0	31451073.8	28376323.8	33105367.3
5030000000.0	31480175.7	28397390.0	33139197.5
5040000000.0	31509223.8	28418408.5	33172974.0
5050000000.0	31538218.4	28439379.3	33206697.0
5060000000.0	31567159.6	28460302.7	33240366.6
5070000000.0	31596047.5	28481178.8	33273982.8
5080000000.0	31624882.4	28502007.8	33307545.9
5090000000.0	31653664.2	28522789.8	33341056.0
5100000000.0	31682393.3	28542919.7	33374513.2
5110000000.0	31711069.7	28559159.1	33407917.6
5120000000.0	31739693.6	28575344.1	33441269.3
5130000000.0	31768265.2	28591474.8	33474568.6
5140000000.0	31796784.5	28607551.4	33507815.4
5150000000.0	31825251.7	28623574.2	33541010.1
5160000000.0	31853667.0	28639543.5	33574152.5
5170000000.0	31882030.5	28655459.4	33607243.0
5180000000.0	31910342.4	28671322.1	33640276.7
5190000000.0	31938602.8	28687132.0	33673255.3
5200000000.0	31966811.8	28702905.7	33706182.4
5210000000.0	31994969.6	28718708.1	33739057.9
5220000000.0	32023076.4	28734458.5	33772857.3
5230000000.0	32051132.2	28750157.0	33807002.1
5240000000.0	32079137.2	28765803.7	33841097.7
5250000000.0	32107091.6	28781399.0	33875144.1
5260000000.0	32134995.4	28796943.0	33909141.5
5270000000.0	32162848.9	28812436.0	33943089.9
5280000000.0	32190652.1	28832374.2	33976989.6
5290000000.0	32218405.3	28852796.4	34010840.5
5300000000.0	32246108.5	28873174.6	34044642.9
5310000000.0	32273761.9	28893508.8	34078396.8
5320000000.0	32301365.5	28913799.3	34112102.4
5330000000.0	32328919.7	28934046.2	34145759.7
5340000000.0	32356343.0	28954249.6	34179368.8
5350000000.0	32383689.0	28974409.6	34212929.9
5360000000.0	32410985.7	28994526.4	34246443.1
5370000000.0	32438233.4	29014600.2	34279908.4
5380000000.0	32465432.1	29034631.1	34313326.1
5390000000.0	32492582.1	29054619.1	34346696.1
5400000000.0	32519683.3	29074564.6	34380018.6
5410000000.0	32546798.5	29094467.5	34413293.8
5420000000.0	32574135.5	29114328.0	34446521.6
5430000000.0	32601424.5	29134146.3	34479702.3
5440000000.0	32628665.5	29153922.5	34512835.9
5450000000.0	32655858.6	29173656.7	34545922.5
5460000000.0	32683004.0	29193349.1	34578962.2
5470000000.0	32710101.8	29212999.7	34611955.2
5480000000.0	32736988.4	29232627.7	34644901.5
5490000000.0	32763701.2	29252303.1	34677801.3
5500000000.0	32790366.7	29271937.4	34710654.6
5510000000.0	32816978.7	29291530.6	34743461.6
5520000000.0	32843431.2	29311083.0	34776222.3
5530000000.0	32869836.6	29330594.5	34808936.8
5540000000.0	32896249.9	29350065.4	34841605.4
5550000000.0	32922681.2	29369495.8	34874227.9
5560000000.0	32949066.0	29388885.8	34906804.7
5570000000.0	32975404.3	29408235.5	34939335.7
5580000000.0	33001696.4	29427545.1	34971821.0
5590000000.0	33027942.3	29446814.7	35004260.8
5600000000.0	33054142.1	29466044.3	35036655.2
5610000000.0	33080296.1	29485234.2	35069004.2
5620000000.0	33106404.2	29504384.4	35101308.0
5630000000.0	33132466.7	29523495.1	35133566.7
5640000000.0	33158483.6	29542566.5	35165780.3
5650000000.0	33184455.0	29561598.5	35197949.0
5660000000.0	33210381.2	29580591.4	35230072.8
5670000000.0	33236262.1	29599545.2	35262151.8
5680000000.0	33262098.0	29618460.1	35294186.2
5690000000.0	33287889.0	29637336.2	35326176.1
5700000000.0	33313845.3	29656173.7	35358121.5
5710000000.0	33339927.1	29674972.6	35390022.5
5720000000.0	33365964.4	29693733.0	35421879.3
5730000000.0	33391957.4	29712455.2	35453691.9
5740000000.0	33417906.0	29731139.1	35485460.4
5750000000.0	33444108.7	29749784.9	35517185.0
5760000000.0	33470332.8	29768392.8	35548865.6
5770000000.0	33496513.1	29786962.8	35580502.5
5780000000.0	33522621.8	29805495.1	35612095.7
5790000000.0	33548453.3	29823989.8	35643645.3
5800000000.0	33574241.4	29842446.9	35675151.4
5810000000.0	33599985.9	29860866.7	35706614.0
5820000000.0	33625687.2	29879249.1	35738033.4
5830000000.0	33651345.2	29897594.5	35769409.5
5840000000.0	33676935.8	29915902.7	35800742.5
5850000000.0	33702209.7	29934174.0	35832032.4
5860000000.0	33727384.4	29952408.5	35863279.4
5870000000.0	33752516.2	29970606.3	35894483.5
5880000000.0	33777605.2	29988767.5	35925644.9
5890000000.0	33802651.6	30006892.1	35956763.6
5900000000.0	33827655.4	30024980.4	35987500.1
5910000000.0	33852616.8	30043032.4	36017957.4
5920000000.0	33877535.9	30061048.3	36048371.5
5930000000.0	33902412.7	30079028.1	36078742.4
5940000000.0	33927121.8	30096971.9	36109070.3
5950000000.0	33951766.4	30114879.9	36139355.2
5960000000.0	33976369.1	30132752.2	36169597.3
5970000000.0	34000929.9	30150588.8	36199796.6
5980000000.0	34025449.1	30168389.9	36229953.3
5990000000.0	34049926.7	30186155.6	36260067.4
6000000000.0	34074362.8	30203886.0	36290139.0
6010000000.0	34098757.6	30221581.2	36320168.2
6020000000.0	34123111.0	30239241.3	36350155.1
6030000000.0	34147423.3	30256866.4	36380099.9
6040000000.0	34171694.6	30274456.7	36410002.5
6050000000.0	34195924.9	30292012.1	36439863.0
6060000000.0	34220114.4	30309532.8	36469681.7
6070000000.0	34244263.1	30327019.0	36499458.5
6080000000.0	34268371.1	30344470.7	36529193.5
6090000000.0	34292438.7	30361888.1	36558886.9
6100000000.0	34316465.8	30379271.1	36588538.8
6110000000.0	34340452.6	30396620.0	36618149.1
6120000000.0	34364399.1	30413934.8	36647718.0
6130000000.0	34388305.6	30431215.7	36677245.7
6140000000.0	34412172.0	30448462.6	36706732.1
6150000000.0	34435998.5	30465675.9	36736177.4
6160000000.0	34459785.1	30482855.4	36765581.7
6170000000.0	34483532.1	30500001.4	36794945.0
6180000000.0	34507239.4	30517113.9	36824267.5
6190000000.0	34530907.2	30534193.0	36853540.0
6200000000.0	34554555.5	30551238.8	36882760.9
6210000000.0	34578283.4	30568251.5	36911941.2
6220000000.0	34601972.0	30585231.1	36941080.9
6230000000.0	34625621.6	30602177.7	36970180.2
6240000000.0	34649232.1	30619091.4	36999239.1
6250000000.0	34672803.8	30635972.3	37028257.8
6260000000.0	34696336.6	30648331.4	37057236.2
6270000000.0	34719830.7	30660484.3	37086174.6
6280000000.0	34743286.2	30672600.5	37115073.0
6290000000.0	34766703.1	30684680.2	37143931.4
6300000000.0	34789968.0	30696723.5	37172749.9
6310000000.0	34813154.7	30708730.6	37201528.7
6320000000.0	34836303.1	30720701.5	37230267.9
6330000000.0	34859413.3	30732636.5	37258967.4
6340000000.0	34882485.5	30744535.6	37287627.4
6350000000.0	34905519.7	30756399.1	37316248.0
6360000000.0	34928516.1	30768226.9	37344829.3
6370000000.0	34951474.6	30780019.4	37373371.3
6380000000.0	34974395.5	30791776.5	37401874.1
6390000000.0	34997278.8	30803498.5	37430337.8
6400000000.0	35020124.5	30815185.5	37458762.5
6410000000.0	35043230.1	30826837.6	37487148.3
6420000000.0	35066396.6	30838454.9	37515495.2
6430000000.0	35089525.9	30850037.6	37543803.4
6440000000.0	35112618.1	30861585.8	37572072.8
6450000000.0	35135673.2	30873099.6	37600303.7
6460000000.0	35158691.4	30884579.3	37628496.0
6470000000.0	35181672.7	30896024.8	37656649.9
6480000000.0	35204431.0	30907436.3	37684765.5
6490000000.0	35227097.1	30918814.0	37712842.7
6500000000.0	35249726.7	30930158.0	37740881.8
6510000000.0	35272319.8	30941468.4	37768882.7
6520000000.0	35294876.4	30952745.3	37796845.5
6530000000.0	35317396.8	30963988.9	37824770.5
6540000000.0	35339880.9	30975199.3	37852657.5
6550000000.0	35362328.9	30986376.6	37880506.7
6560000000.0	35384740.9	30997520.9	37908318.2
6570000000.0	35407066.2	31008632.4	37936092.0
6580000000.0	35429303.5	31019711.2	37963828.3
6590000000.0	35451505.0	31030757.5	37991527.0
6600000000.0	35473670.9	31041771.2	38019188.4
6610000000.0	35495801.1	31052752.6	38046812.4
6620000000.0	35517895.8	31063701.8	38074399.1
6630000000.0	35539955.1	31074618.9	38101948.7
6640000000.0	35561979.0	31085504.0	38129461.1
6650000000.0	35583967.7	31096357.3	38156936.5
6660000000.0	35605921.2	31107178.8	38184375.0
6670000000.0	35627839.6	31117968.7	38211776.5
6680000000.0	35649723.0	31128727.1	38239141.3
6690000000.0	35671571.5	31139454.1	38266469.3
6700000000.0	35693385.1	31150149.9	38293760.7
6710000000.0	35715164.0	31160814.5	38321015.5
6720000000.0	35736908.3	31171448.1	38348233.8
6730000000.0	35758617.9	31182050.7	38375415.7
6740000000.0	35780293.0	31192622.6	38402561.2
6750000000.0	35801933.7	31203163.8	38429670.4
6760000000.0	35823540.1	31214113.3	38456743.5
6770000000.0	35845112.2	31228318.5	38483780.4
6780000000.0	35866650.2	31242496.2	38510781.2
6790000000.0	35888154.0	31256646.4	38537746.1
6800000000.0	35909623.9	31270769.3	38564675.0
6810000000.0	35931059.8	31284865.0	38591568.1
6820000000.0	35952461.9	31298933.4	38618425.5
6830000000.0	35973830.2	31312974.7	38645247.1
6840000000.0	35995164.8	31326989.0	38672033.1
6850000000.0	36016465.8	31340976.3	38698783.6
6860000000.0	36037733.3	31354936.8	38725498.6
6870000000.0	36058967.3	31368870.4	38752178.2
6880000000.0	36080168.0	31382777.3	38778822.5
6890000000.0	36101335.4	31396657.5	38805431.5
6900000000.0	36122469.5	31410511.2	38832005.3
6910000000.0	36143570.6	31424338.4	38858544.0
6920000000.0	36164672.2	31438139.2	38885047.6
6930000000.0	36185803.0	31451913.6	38911516.3
6940000000.0	36206900.8	31465661.7	38937950.1
6950000000.0	36227965.8	31479383.7	38964349.0
6960000000.0	36248998.1	31493079.5	38990713.1
6970000000.0	36269997.6	31506749.3	39017042.6
6980000000.0	36290964.6	31520393.1	39043337.4
6990000000.0	36311899.0	31534011.0	39069597.7
7000000000.0	36332800.9	31547603.1	39095823.5
7010000000.0	36353670.5	31561169.4	39122014.9
7020000000.0	36374507.8	31574710.1	39148171.9
7030000000.0	36395312.8	31588225.2	39174294.6
7040000000.0	36416085.7	31601714.7	39200383.2
7050000000.0	36436826.5	31615178.8	39226437.6
7060000000.0	36457535.4	31628617.5	39252457.9
7070000000.0	36478212.3	31642030.8	39278444.2
7080000000.0	36498857.3	31655419.0	39304396.5
7090000000.0	36519470.5	31668781.9	39330315.0
7100000000.0	36540052.1	31682119.8	39356199.7
7110000000.0	36560602.0	31695432.6	39382050.6
7120000000.0	36581120.3	31708720.5	39407867.9
7130000000.0	36601607.2	31721983.5	39433651.6
7140000000.0	36622062.7	31735221.6	39459401.7
7150000000.0	36642486.8	31748435.0	39485118.4
7160000000.0	36662879.6	31761623.8	39511151.0
7170000000.0	36683241.3	31774787.9	39537297.4
7180000000.0	36703571.8	31787927.5	39562861.7
7190000000.0	36723900.6	31801042.6	39588295.7
7200000000.0	36744323.3	31814133.3	39613696.6
7210000000.0	36764715.1	31827199.6	39639064.5
7220000000.0	36785075.9	31840241.7	39664399.5
7230000000.0	36805406.0	31853259.6	39689754.2
7240000000.0	36825705.4	31866253.4	39715189.6
7250000000.0	36845974.0	31879223.1	39740592.2
7260000000.0	36866212.1	31892168.8	39765962.1
7270000000.0	36886419.7	31905090.6	39791299.2
7280000000.0	36906596.8	31917988.5	39816603.8
7290000000.0	36926743.6	31930862.6	39841875.8
7300000000.0	36946860.0	31943713.0	39867115.3
7310000000.0	36966946.1	31956575.6	39892322.4
7320000000.0	36987002.1	31969488.1	39917497.1
7330000000.0	37007028.0	31982377.2	39942639.6
7340000000.0	37027023.9	31995242.8	39967749.8
7350000000.0	37046989.7	32008085.0	39992827.8
7360000000.0	37066925.7	32020903.9	40017873.7
7370000000.0	37086831.8	32033699.6	40042887.5
7380000000.0	37106708.2	32046472.1	40067869.4
7390000000.0	37126554.8	32059221.4	40092819.4
7400000000.0	37146371.9	32071947.7	40117737.5
7410000000.0	37166159.3	32084651.0	40142623.7
7420000000.0	37185917.3	32097331.4	40167478.3
7430000000.0	37205645.8	32109988.9	40192301.2
7440000000.0	37225344.9	32122623.6	40217092.4
7450000000.0	37244944.6	32135235.5	40241852.1
7460000000.0	37264438.6	32147824.8	40266580.3
7470000000.0	37283903.4	32160391.4	40291277.1
7480000000.0	37303551.0	32172935.5	40315942.5
7490000000.0	37323209.9	32185457.1	40340576.6
7500000000.0	37342839.8	32197956.2	40365179.5
7510000000.0	37362440.8	32210433.0	40389751.1
7520000000.0	37382012.9	32222887.4	40414291.7
7530000000.0	37401483.5	32235319.6	40438801.1
7540000000.0	37420881.1	32247729.5	40463279.6
7550000000.0	37440250.1	32260117.3	40487727.1
7560000000.0	37459590.5	32272483.1	40512143.7
7570000000.0	37478902.3	32284826.8	40536529.5
7580000000.0	37498185.7	32297148.6	40560884.5
7590000000.0	37517440.7	32309448.4	40585208.8
7600000000.0	37536667.3	32321726.4	40609502.5
7610000000.0	37555865.7	32333982.6	40633765.5
7620000000.0	37574868.0	32346217.1	40657998.0
7630000000.0	37593751.4	32358429.9	40682200.1
7640000000.0	37612606.8	32370621.1	40706371.7
7650000000.0	37631434.1	32382790.8	40730512.9
7660000000.0	37650233.4	32394938.9	40754623.9
7670000000.0	37669007.7	32407065.6	40778704.6
7680000000.0	37687762.8	32419170.9	40802755.1
7690000000.0	37706490.2	32431254.9	40826775.5
7700000000.0	37725189.8	32443317.6	40850765.8
7710000000.0	37743861.8	32455359.1	40874726.2
7720000000.0	37762506.2	32467379.4	40898656.5
7730000000.0	37781123.1	32479378.6	40922556.9
7740000000.0	37799712.5	32491356.8	40946427.5
7750000000.0	37818274.6	32503314.0	40970268.3
7760000000.0	37836809.3	32515250.2	40994079.4
7770000000.0	37855376.2	32527165.6	41017860.8
7780000000.0	37873937.9	32539060.1	41041612.6
7790000000.0	37892472.4	32550933.9	41065334.8
7800000000.0	37910979.8	32562786.9	41089027.6
7810000000.0	37929460.2	32574619.3	41112690.8
7820000000.0	37947960.9	32586431.1	41136324.7
7830000000.0	37966512.1	32598222.3	41159929.2
7840000000.0	37985036.6	32609993.0	41183504.4
7850000000.0	38003534.2	32621743.2	41207050.5
7860000000.0	38022005.1	32633473.1	41230567.3
7870000000.0	38040449.3	32645182.6	41254055.0
7880000000.0	38058866.9	32656871.8	41277513.7
7890000000.0	38077258.0	32668540.8	41300943.3
7900000000.0	38095622.5	32680189.6	41324344.0
7910000000.0	38113960.6	32691818.3	41347715.8
7920000000.0	38132272.3	32703426.9	41371058.7
7930000000.0	38150557.7	32715015.4	41394372.9
7940000000.0	38168816.8	32726584.0	41417658.3
7950000000.0	38187049.7	32738132.7	41440915.0
7960000000.0	38205256.4	32749661.4	41464143.1
7970000000.0	38223437.0	32761170.4	41487342.6
7980000000.0	38241591.6	32772659.6	41510513.6
7990000000.0	38259720.2	32784129.1	41533656.1
8000000000.0	38277822.8	32795578.9	41556770.2
8010000000.0	38295899.6	32807009.1	41579855.9
8020000000.0	38313950.5	32818419.7	41602913.3
8030000000.0	38331975.7	32829810.8	41625942.5
8040000000.0	38349975.2	32841182.5	41648943.4
8050000000.0	38367949.0	32852534.7	41671916.2
8060000000.0	38385926.0	32863867.5	41694860.9
8070000000.0	38403951.0	32875181.1	41717777.5
8080000000.0	38421950.4	32886475.4	41740666.2
8090000000.0	38439924.3	32897750.4	41763526.9
8100000000.0	38457872.8	32909006.3	41786359.7
8110000000.0	38475796.0	32920243.1	41809164.6
8120000000.0	38493693.8	32931460.7	41831941.8
8130000000.0	38511566.4	32942659.4	41854691.2
8140000000.0	38529413.8	32953839.1	41877412.9
8150000000.0	38547236.0	32964999.9	41900107.0
8160000000.0	38565033.2	32976141.8	41922773.5
8170000000.0	38582805.3	32987264.8	41945412.5
8180000000.0	38600552.4	32998369.1	41968024.0
8190000000.0	38618274.6	33009454.6	41990608.0
8200000000.0	38635971.9	33020521.5	42013164.7
8210000000.0	38653644.4	33031569.7	42035694.0
8220000000.0	38671292.1	33042599.3	42058196.1
8230000000.0	38688915.0	33053610.4	42080670.9
8240000000.0	38706513.3	33064603.0	42103118.5
8250000000.0	38724087.0	33075577.1	42125539.0
8260000000.0	38741514.2	33086532.8	42147932.4
8270000000.0	38758847.5	33097470.2	42170298.8
8280000000.0	38776156.4	33108389.2	42192626.6
8290000000.0	38793441.0	33119290.0	42214920.1
8300000000.0	38810701.2	33130172.6	42237186.6
8310000000.0	38827937.2	33141036.9	42259426.3
8320000000.0	38845149.0	33151883.2	42281639.3
8330000000.0	38862336.6	33162711.3	42303825.5
8340000000.0	38879500.1	33173521.5	42325984.9
8350000000.0	38896639.6	33184313.6	42348117.8
8360000000.0	38913755.1	33195087.8	42370224.0
8370000000.0	38930846.6	33205844.1	42392303.7
8380000000.0	38947914.3	33216582.5	42414356.9
8390000000.0	38964958.1	33227303.1	42436383.7
8400000000.0	38981978.0	33238005.9	42458384.0
8410000000.0	38998974.3	33248691.0	42480358.0
8420000000.0	39015946.8	33259358.4	42502305.7
8430000000.0	39032895.7	33270008.2	42524227.1
8440000000.0	39049821.0	33280640.4	42546122.4
8450000000.0	39066722.8	33291255.1	42567991.4
8460000000.0	39083601.0	33301852.2	42589834.3
8470000000.0	39100455.8	33312431.9	42611651.2
8480000000.0	39117287.2	33322994.1	42633442.0
8490000000.0	39134095.3	33333539.0	42655206.9
8500000000.0	39150880.0	33344066.5	42676945.8
8510000000.0	39167641.5	33354576.7	42698658.9
8520000000.0	39184379.8	33365069.7	42720346.1
8530000000.0	39201094.9	33375545.5	42742007.5
8540000000.0	39217786.9	33386004.1	42763643.2
8550000000.0	39234455.9	33396445.6	42785253.2
8560000000.0	39251101.8	33406870.0	42806837.5
8570000000.0	39267724.8	33417277.4	42828396.2
8580000000.0	39284324.8	33427667.8	42849929.4
8590000000.0	39300902.0	33438041.2	42871437.1
8600000000.0	39317456.4	33448397.7	42892919.2
8610000000.0	39333987.9	33458737.4	42914376.0
8620000000.0	39350591.9	33469060.2	42935807.4
8630000000.0	39367188.4	33479366.2	42957213.5
8640000000.0	39383762.2	33489655.5	42978594.3
8650000000.0	39400264.6	33499928.0	42999949.8
8660000000.0	39416700.0	33510183.9	43021280.2
8670000000.0	39433112.9	33520423.2	43042585.4
8680000000.0	39449503.4	33530645.9	43063865.5
8690000000.0	39465871.5	33540852.0	43085120.5
8700000000.0	39482217.2	33551041.7	43106350.5
8710000000.0	39498540.6	33561214.8	43127555.6
8720000000.0	39514841.7	33571371.6	43148735.7
8730000000.0	39531226.4	33581511.9	43169891.0
8740000000.0	39547644.8	33591636.0	43191021.4
8750000000.0	39563907.1	33601743.7	43212127.0
8760000000.0	39580122.9	33611835.1	43233207.9
8770000000.0	39596316.6	33621910.3	43254264.0
8780000000.0	39612488.2	33631969.3	43275295.5
8790000000.0	39628637.8	33642012.2	43296302.4
8800000000.0	39644765.3	33652039.0	43317284.7
8810000000.0	39660870.9	33662049.7	43338242.5
8820000000.0	39676954.6	33672044.3	43359175.8
8830000000.0	39693016.3	33682023.0	43380084.6
8840000000.0	39709056.3	33691985.7	43400969.1
8850000000.0	39725074.5	33701932.5	43421829.2
8860000000.0	39741070.9	33711863.4	43442665.0
8870000000.0	39757045.7	33721778.5	43463476.5
8880000000.0	39772998.8	33731677.7	43484263.8
8890000000.0	39788930.2	33741561.2	43505026.9
8900000000.0	39804840.2	33751429.0	43525765.8
8910000000.0	39820728.6	33761281.1	43546480.7
8920000000.0	39836595.5	33771117.5	43567171.5
8930000000.0	39852441.0	33780938.3	43587838.2
8940000000.0	39868265.2	33790743.6	43608481.0
8950000000.0	39884067.9	33800533.2	43629099.9
8960000000.0	39899849.4	33810307.4	43649694.9
8970000000.0	39915609.6	33820066.2	43670266.0
8980000000.0	39931348.6	33829809.4	43690813.3
8990000000.0	39947066.5	33839537.3	43711336.9
9000000000.0	39962763.2	33849249.9	43731836.8
9010000000.0	39978438.8	33858947.1	43752312.9
9020000000.0	39994093.4	33868629.0	43772765.4
9030000000.0	40009727.0	33878295.7	43793194.3
9040000000.0	40025339.6	33887947.2	43813599.7
9050000000.0	40040931.3	33897583.5	43833981.6
9060000000.0	40056502.1	33907204.6	43854339.9
9070000000.0	40072052.1	33916810.7	43874674.9
9080000000.0	40087581.3	33926401.7	43894986.4
9090000000.0	40103089.8	33935977.6	43915274.6
9100000000.0	40118577.5	33945538.6	43935539.5
9110000000.0	40134044.6	33955084.6	43955781.1
9120000000.0	40149392.9	33964615.6	43975999.4
9130000000.0	40164666.1	33974131.8	43996194.6
9140000000.0	40179974.9	33983633.1	44016366.7
9150000000.0	40195360.3	33993119.6	44036515.6
9160000000.0	40210725.4	34002591.2	44056641.4
9170000000.0	40226070.2	34012048.2	44076744.2
9180000000.0	40241394.7	34021490.4	44096824.1
9190000000.0	40256698.9	34030917.9	44116880.9
9200000000.0	40271982.9	34040330.8	44136914.9
9210000000.0	40287246.8	34049729.1	44156926.0
9220000000.0	40302490.6	34059112.8	44176914.3
9230000000.0	40317714.2	34068481.9	44196879.7
9240000000.0	40332917.8	34077836.5	44216822.4
9250000000.0	40348101.5	34087176.7	44236742.4
9260000000.0	40363265.1	34096502.3	44256639.8
9270000000.0	40378408.8	34105813.6	44276514.4
9280000000.0	40393532.7	34115110.5	44296366.5
9290000000.0	40408636.7	34124393.1	44316196.1
9300000000.0	40423720.9	34133661.3	44336003.1
9310000000.0	40438785.3	34142915.3	44355787.6
9320000000.0	40453830.0	34152155.0	44375549.7
9330000000.0	40468855.0	34161380.4	44395289.4
9340000000.0	40483860.3	34170591.8	44415006.7
9350000000.0	40498846.0	34179788.9	44434701.7
9360000000.0	40513812.2	34188972.0	44454374.4
9370000000.0	40528758.8	34198140.9	44474024.8
9380000000.0	40543685.9	34207295.8	44493653.0
9390000000.0	40558593.6	34216436.7	44513259.1
9400000000.0	40573435.9	34225563.6	44532843.0
9410000000.0	40588248.3	34234676.6	44552404.9
9420000000.0	40603041.5	34243775.6	44571944.6
9430000000.0	40617815.4	34252860.7	44591462.3
9440000000.0	40632570.0	34261932.0	44610958.1
9450000000.0	40647305.4	34270989.4	44630431.9
9460000000.0	40662021.6	34280033.1	44649883.8
9470000000.0	40676718.7	34289063.0	44669313.8
9480000000.0	40691396.7	34298079.1	44688722.0
9490000000.0	40706055.7	34307081.6	44708108.3
9500000000.0	40720695.6	34316070.3	44727473.0
9510000000.0	40735316.6	34325045.5	44746815.8
9520000000.0	40749918.6	34334007.0	44766137.0
9530000000.0	40764501.6	34342955.0	44785436.6
9540000000.0	40779065.9	34351889.4	44804714.5
9550000000.0	40793611.2	34360810.3	44823970.8
9560000000.0	40808137.8	34369717.7	44843205.6
9570000000.0	40822645.6	34378611.6	44862418.9
9580000000.0	40837134.7	34387492.2	44881610.8
9590000000.0	40851605.1	34396359.3	44900781.2
9600000000.0	40866056.8	34405213.1	44919930.1
9610000000.0	40880489.9	34414053.5	44939057.8
9620000000.0	40894904.5	34422880.7	44958164.1
9630000000.0	40909300.5	34431694.5	44977249.1
9640000000.0	40923677.9	34440495.2	44996312.9
9650000000.0	40938036.9	34449282.6	45015355.4
9660000000.0	40952377.5	34458056.8	45034376.8
9670000000.0	40966699.7	34466817.9	45053377.0
9680000000.0	40981003.5	34475565.8	45072356.1
9690000000.0	40995288.9	34484300.7	45091314.1
9700000000.0	41009556.1	34493022.5	45110251.1
9710000000.0	41023805.0	34501731.2	45129167.1
9720000000.0	41038035.7	34510427.0	45148062.1
9730000000.0	41052248.1	34519109.8	45166936.1
9740000000.0	41066442.5	34527779.6	45185789.3
9750000000.0	41080618.7	34536436.5	45204621.6
9760000000.0	41094776.8	34545080.5	45223433.1
9770000000.0	41108916.8	34553711.7	45242223.8
9780000000.0	41123038.9	34562330.0	45260993.7
9790000000.0	41137143.0	34570935.5	45279742.9
9800000000.0	41151229.1	34579528.3	45298471.4
9810000000.0	41165297.3	34588108.3	45317179.2
9820000000.0	41179347.6	34596675.5	45335866.4
9830000000.0	41193380.0	34605230.1	45354533.1
9840000000.0	41207394.7	34613772.1	45373179.1
9850000000.0	41221391.6	34622301.3	45391804.7
9860000000.0	41235370.7	34630818.0	45410409.8
9870000000.0	41249332.1	34639322.1	45428994.4
9880000000.0	41263275.9	34647813.7	45447558.6
9890000000.0	41277202.0	34656292.7	45466102.4
9900000000.0	41291110.5	34664759.3	45484625.8
9910000000.0	41305001.4	34673213.4	45503129.0
9920000000.0	41318874.8	34681655.0	45521611.9
9930000000.0	41332730.7	34690084.2	45540074.5
9940000000.0	41346569.1	34698501.1	45558516.9
9950000000.0	41360390.0	34706905.5	45576939.1
9960000000.0	41374193.6	34715297.7	45595341.2
9970000000.0	41387979.7	34723677.5	45613723.1
9980000000.0	41401748.5	34732045.1	45632085.0
9990000000.0	41415500.0	34740400.4	45650426.8
---BOUND_POP---
median_estimated_unobs	lower_ci	upper_ci
31975420.7	29771627.8	48778807.6
