
CondaError: Run 'conda init' before 'conda deactivate'

---FILE SRR21787462_2_uniq.hist ---
---LC_EXTRAP---
TOTAL_READS	EXPECTED_DISTINCT	LOWER_0.95CI	UPPER_0.95CI
0	0	0	0
10000000.0	1403081.0	1382975.8	1423870.7
20000000.0	2604117.5	2566750.0	2643077.7
30000000.0	3742875.0	3689013.8	3798793.3
40000000.0	4839397.5	4769881.0	4911615.5
50000000.0	5903760.0	5819073.5	5991683.0
60000000.0	6942062.0	6842641.5	7045226.3
70000000.0	7958447.5	7844756.2	8076647.4
80000000.0	8956211.5	8828529.1	9089162.0
90000000.0	9937810.5	9796401.2	10085212.3
100000000.0	10905177.5	10750297.7	11066843.0
110000000.0	11859902.5	11691645.1	12035664.2
120000000.0	12803259.5	12621850.8	12992912.5
130000000.0	13736360.0	13541925.7	13939783.1
140000000.0	14660173.0	14452755.4	14877234.8
150000000.0	15575445.0	15355247.8	15806019.6
160000000.0	16482904.5	16249961.6	16726886.7
170000000.0	17383137.5	17137543.8	17640418.1
180000000.0	18276703.5	18018515.1	18547162.5
190000000.0	19164034.5	18893335.9	19447607.9
200000000.0	20045587.0	19762401.4	20342191.7
210000000.0	20921726.0	20626116.4	21231260.0
220000000.0	21792770.5	21484769.9	22115164.9
230000000.0	22659007.5	22338700.0	22994219.4
240000000.0	23520734.0	23188150.1	23868708.1
250000000.0	24378187.5	24033383.0	24738877.4
260000000.0	25231599.0	24874609.1	25604951.3
270000000.0	26081181.0	25712047.9	26467144.1
280000000.0	26927112.5	26545882.9	27325653.9
290000000.0	27769575.0	27376283.7	28180652.9
300000000.0	28608733.0	28203410.6	29032305.8
310000000.0	29444729.5	29027411.4	29880763.9
320000000.0	30277708.0	29848424.2	30726168.1
330000000.0	31107798.0	30666578.9	31568650.2
340000000.0	31935115.5	31481990.7	32408325.5
350000000.0	32759773.0	32294768.3	33245310.8
360000000.0	33581873.5	33105018.9	34079710.2
370000000.0	34401517.5	33912820.0	34911621.6
380000000.0	35218792.6	34718217.5	35741139.2
390000000.0	36033787.2	35521351.9	36568347.7
400000000.0	36846580.5	36322306.4	37393328.5
410000000.0	37657248.1	37121154.1	38216157.9
420000000.0	38465861.2	37917965.8	39036907.9
430000000.0	39272487.2	38712807.9	39855646.4
440000000.0	40077189.6	39505743.3	40672437.4
450000000.0	40880028.4	40296833.4	41487341.7
460000000.0	41681060.7	41086132.8	42300416.7
470000000.0	42480340.3	41873694.5	43111715.4
480000000.0	43277918.5	42659570.3	43921296.1
490000000.0	44073843.8	43443806.5	44729198.7
500000000.0	44868162.6	44226450.0	45535474.4
510000000.0	45660918.9	45007544.1	46340167.4
520000000.0	46452154.5	45787130.4	47143319.8
530000000.0	47241929.9	46565248.3	47944972.0
540000000.0	48030268.7	47341935.6	48745162.3
550000000.0	48817200.8	48117228.4	49543929.6
560000000.0	49602755.4	48891161.0	50341304.2
570000000.0	50386861.0	49663766.5	51137323.6
580000000.0	51169975.6	50435076.3	51932019.1
590000000.0	51951605.1	51205120.7	52725421.3
600000000.0	52732005.0	51973928.6	53517559.9
610000000.0	53511191.0	52741527.8	54308463.1
620000000.0	54289188.2	53507944.8	55098158.2
630000000.0	55066021.8	54273205.2	55886671.1
640000000.0	55841716.1	55037333.7	56674027.1
650000000.0	56616295.1	55800353.8	57460250.1
660000000.0	57389781.5	56562288.2	58245363.4
670000000.0	58162123.7	57323158.8	59029389.3
680000000.0	58933412.1	58082986.6	59812349.3
690000000.0	59703670.2	58841791.9	60594264.1
700000000.0	60472917.8	59599594.2	61375153.6
710000000.0	61241174.1	60356412.4	62155037.1
720000000.0	62008457.7	61112264.6	62933933.2
730000000.0	62774786.3	61867168.3	63711859.7
740000000.0	63540177.2	62621140.4	64488833.9
750000000.0	64304647.2	63374197.4	65264872.6
760000000.0	65068212.3	64126355.0	66039991.9
770000000.0	65830888.2	64877628.4	66814207.5
780000000.0	66592689.9	65628032.4	67587534.3
790000000.0	67353632.0	66377581.4	68359987.1
800000000.0	68113728.9	67126289.1	69131579.9
810000000.0	68872994.0	67874168.8	69902326.5
820000000.0	69631454.8	68621233.7	70672240.1
830000000.0	70389122.7	69367496.1	71441333.5
840000000.0	71145996.0	70112968.4	72209619.3
850000000.0	71902086.7	70857662.2	72977109.4
860000000.0	72657406.3	71601589.0	73743815.6
870000000.0	73411796.2	72344759.8	74509749.3
880000000.0	74165398.1	73087185.6	75274921.4
890000000.0	74918254.3	73828876.6	76039342.7
900000000.0	75670375.0	74569843.1	76803023.5
910000000.0	76421770.0	75310094.8	77565974.0
920000000.0	77172449.1	76049641.4	78328204.0
930000000.0	77922405.8	76788492.1	79089722.9
940000000.0	78671518.0	77526656.0	79850540.0
950000000.0	79420110.9	78264141.9	80610664.4
960000000.0	80168093.3	79000958.3	81370104.8
970000000.0	80915600.3	79737113.5	82128869.8
980000000.0	81662457.7	80472615.6	82886967.5
990000000.0	82408673.7	81207472.4	83644406.1
1000000000.0	83154256.5	81941691.7	84401193.5
1010000000.0	83898488.0	82675280.8	85157337.2
1020000000.0	84642808.6	83408247.3	85912844.8
1030000000.0	85386513.3	84137888.3	86667723.5
1040000000.0	86129609.4	84865801.8	87421980.4
1050000000.0	86872103.5	85592799.5	88175622.3
1060000000.0	87614327.8	86318870.8	88928656.1
1070000000.0	88356034.1	87044015.5	89681088.1
1080000000.0	89096845.2	87768221.8	90432924.9
1090000000.0	89836772.3	88493855.0	91184172.7
1100000000.0	90576330.7	89222266.2	91935886.8
1110000000.0	91315324.8	89950123.8	92687145.9
1120000000.0	92053760.4	90677433.6	93437881.0
1130000000.0	92791643.3	91404201.3	94188098.7
1140000000.0	93528978.8	92130432.2	94937469.8
1150000000.0	94265653.3	92856131.7	95684976.9
1160000000.0	95002029.5	93581305.1	96431917.5
1170000000.0	95737644.3	94305957.4	97178296.6
1180000000.0	96472861.1	95030093.7	97924119.0
1190000000.0	97206937.1	95753718.7	98669389.3
1200000000.0	97941056.4	96476837.3	99414112.1
1210000000.0	98674661.7	97199454.1	100158291.9
1220000000.0	99407642.4	97921588.7	100901933.0
1230000000.0	100140348.1	98643233.9	101645038.3
1240000000.0	100872438.1	99364391.2	102387547.4
1250000000.0	101604684.7	100085064.9	103129528.3
1260000000.0	102336162.6	100805259.2	103871094.8
1270000000.0	103066832.3	101524980.6	104612647.7
1280000000.0	103795875.0	102244251.7	105353705.8
1290000000.0	104525523.6	102963056.1	106094273.1
1300000000.0	105254695.7	103681397.7	106834353.3
1310000000.0	105982896.5	104399280.2	107573950.3
1320000000.0	106710865.3	105116707.4	108313067.7
1330000000.0	107439097.6	105833682.8	109051709.2
1340000000.0	108165132.8	106550209.9	109789878.4
1350000000.0	108890799.7	107266292.3	110527578.6
1360000000.0	109617379.2	107981933.3	111264942.4
1370000000.0	110343437.6	108697136.2	112001963.5
1380000000.0	111069049.8	109411904.3	112738532.5
1390000000.0	111794003.9	110126240.7	113474652.8
1400000000.0	112518091.3	110840148.7	114210327.4
1410000000.0	113241726.5	111553631.3	114945559.7
1420000000.0	113964912.3	112266691.5	115679447.9
1430000000.0	114686869.5	112979332.2	116412759.6
1440000000.0	115409947.1	113691556.3	117146426.9
1450000000.0	116131801.6	114403366.7	117879657.4
1460000000.0	116853344.3	115114766.2	118612453.9
1470000000.0	117576053.2	115825757.4	119344819.2
1480000000.0	118298373.5	116525783.5	120076756.0
1490000000.0	119019750.6	117236065.3	120808266.9
1500000000.0	119739821.6	117946371.7	121539354.5
1510000000.0	120459474.0	118656267.6	122270021.4
1520000000.0	121178710.1	119362210.9	123000270.1
1530000000.0	121897452.3	120067696.0	123730103.1
1540000000.0	122614109.3	120772725.2	124459522.7
1550000000.0	123326394.6	121476860.9	125188531.4
1560000000.0	124040577.3	122159631.4	125917131.4
1570000000.0	124757583.8	122865467.4	126645325.1
1580000000.0	125474185.9	123570903.1	127373114.8
1590000000.0	126190476.6	124275940.7	128100502.5
1600000000.0	126907289.4	124980582.3	128827490.5
1610000000.0	127623243.6	125684829.8	129554081.0
1620000000.0	128338771.0	126388685.3	130280276.0
1630000000.0	129053926.1	127092123.3	131006077.6
1640000000.0	129769063.1	127795060.9	131731487.8
1650000000.0	130479624.2	128497742.0	132456508.6
1660000000.0	131192751.6	129197142.6	133181142.0
1670000000.0	131906079.1	129897039.9	133905389.9
1680000000.0	132618408.6	130595768.1	134631542.8
1690000000.0	133331839.9	131294065.2	135357472.9
1700000000.0	134046988.9	131991932.8	136083070.9
1710000000.0	134757302.9	132689413.8	136808338.9
1720000000.0	135468900.9	133386625.7	137533278.9
1730000000.0	136181192.9	134083416.6	138257300.0
1740000000.0	136893718.3	134779788.0	138979500.9
1750000000.0	137605910.6	135475452.3	139701340.7
1760000000.0	138317771.4	136170902.1	140422821.2
1770000000.0	139028027.3	136866506.1	141143944.1
1780000000.0	139737611.9	137565827.3	141864711.1
1790000000.0	140447565.5	138264816.6	142586918.1
1800000000.0	141157441.2	138963475.7	143309257.1
1810000000.0	141866981.3	139661806.0	144031283.1
1820000000.0	142574637.3	140359809.2	144752997.9
1830000000.0	143281973.3	141057486.9	145474403.1
1840000000.0	143983305.4	141754840.4	146195500.4
1850000000.0	144686816.5	142451960.9	146916291.3
1860000000.0	145390378.7	143148817.9	147636777.4
1870000000.0	146098494.2	143841476.7	148356960.3
1880000000.0	146807144.4	144531073.4	149076841.6
1890000000.0	147515922.1	145200631.0	149796422.6
1900000000.0	148221905.9	145896280.7	150515705.0
1910000000.0	148921705.6	146591811.5	151234578.7
1920000000.0	149626592.6	147264310.1	151953044.9
1930000000.0	150331148.3	147941944.0	152663586.2
1940000000.0	151035374.1	148632463.5	153372852.1
1950000000.0	151740139.4	149322750.1	154091025.0
1960000000.0	152444812.9	150012680.6	154811079.5
1970000000.0	153149174.9	150702256.3	155530902.6
1980000000.0	153853202.9	151388979.2	156250496.0
1990000000.0	154551276.1	152075890.2	156969861.6
2000000000.0	155252559.3	152768865.1	157689001.0
2010000000.0	155955112.6	153455282.3	158405871.6
2020000000.0	156657469.1	154138549.7	159114754.6
2030000000.0	157359136.8	154821757.9	159823253.8
2040000000.0	158055261.0	155502764.3	160531375.2
2050000000.0	158749721.6	156186146.6	161239119.8
2060000000.0	159447406.0	156868001.4	161946488.7
2070000000.0	160148254.2	157549442.8	162653482.9
2080000000.0	160848801.3	158230486.0	163360103.4
2090000000.0	161547905.7	158911148.0	164066351.1
2100000000.0	162243155.7	159591399.4	164772227.1
2110000000.0	162942747.4	160271241.0	165477732.2
2120000000.0	163643366.0	160950673.6	166182867.5
2130000000.0	164346211.1	161629697.9	166890060.7
2140000000.0	165048332.0	162308557.1	167603784.5
2150000000.0	165746428.8	162989900.2	168317277.1
2160000000.0	166438957.2	163671809.4	169030539.7
2170000000.0	167135491.2	164352950.2	169743573.8
2180000000.0	167832636.6	165033867.6	170456380.5
2190000000.0	168529559.9	165710287.5	171168961.3
2200000000.0	169224481.0	166392903.9	171876653.6
2210000000.0	169915466.9	167073838.9	172575467.9
2220000000.0	170605471.7	167753239.0	173273878.2
2230000000.0	171302577.2	168432307.1	173974792.2
2240000000.0	171995864.4	169111155.3	174682695.8
2250000000.0	172690024.8	169789660.4	175390324.2
2260000000.0	173382350.4	170467823.1	176097678.3
2270000000.0	174077927.9	171145644.2	176804759.0
2280000000.0	174772273.8	171811067.9	177511567.3
2290000000.0	175464263.7	172491188.3	178220579.0
2300000000.0	176154678.2	173171459.3	178931781.4
2310000000.0	176844767.3	173851435.2	179642777.4
2320000000.0	177535536.8	174528310.7	180353567.8
2330000000.0	178230222.4	175203941.4	181064153.7
2340000000.0	178919056.3	175879233.7	181774536.1
2350000000.0	179606667.6	176554188.5	182484631.8
2360000000.0	180294954.5	177228806.4	183194455.0
2370000000.0	180982920.8	177903088.0	183904075.2
2380000000.0	181671934.0	178577034.0	184613493.4
2390000000.0	182363988.6	179250645.2	185322710.4
2400000000.0	183053413.5	179923922.2	186031727.3
2410000000.0	183740657.9	180596865.6	186740544.7
2420000000.0	184427322.0	181269476.1	187449163.7
2430000000.0	185115382.0	181918208.6	188157585.0
2440000000.0	185800318.1	182556755.7	188861080.7
2450000000.0	186486864.1	183194077.8	189561834.5
2460000000.0	187173399.2	183843396.6	190262306.9
2470000000.0	187859632.9	184488063.4	190962498.8
2480000000.0	188542868.8	185124852.0	191662410.7
2490000000.0	189228850.4	185748198.8	192361952.9
2500000000.0	189916118.2	186370862.0	193061046.5
2510000000.0	190604832.9	187000844.6	193759859.0
2520000000.0	191292568.6	187671600.5	194458391.2
2530000000.0	191978490.2	188342053.1	195156643.7
2540000000.0	192662050.0	189012203.1	195854601.0
2550000000.0	193345308.1	189682474.0	196552266.8
2560000000.0	194030069.3	190352815.0	197249654.4
2570000000.0	194715051.2	191022866.1	197954505.0
2580000000.0	195399757.0	191690899.6	198656905.9
2590000000.0	196075620.8	192324866.2	199349920.2
2600000000.0	196758812.1	192958210.6	200042561.5
2610000000.0	197443441.6	193590934.0	200734894.6
2620000000.0	198127803.1	194223037.9	201428425.0
2630000000.0	198813140.3	194854523.2	202123912.4
2640000000.0	199499291.8	195485391.4	202819126.4
2650000000.0	200184302.0	196115643.7	203514067.6
2660000000.0	200868747.6	196769180.5	204206612.9
2670000000.0	201553665.5	197435496.0	204898383.2
2680000000.0	202237062.9	198089035.8	205589856.1
2690000000.0	202915502.3	198753970.1	206281032.0
2700000000.0	203593575.4	199416886.3	206971911.4
2710000000.0	204272683.0	200042112.1	207662437.5
2720000000.0	204949526.5	200695486.6	208352581.1
2730000000.0	205629775.3	201348654.5	209042428.3
2740000000.0	206307887.4	202003696.7	209735210.5
2750000000.0	206991380.7	202659962.1	210423724.4
2760000000.0	207677171.6	203305621.5	211110531.4
2770000000.0	208352808.6	203956977.4	211799292.5
2780000000.0	209029462.0	204608206.0	212497252.4
2790000000.0	209712188.1	205259058.5	213186825.7
2800000000.0	210392354.1	205909535.5	213882680.0
2810000000.0	211072014.2	206559637.4	214578996.5
2820000000.0	211751418.7	207211334.4	215275050.1
2830000000.0	212427399.7	207862687.1	215970853.1
2840000000.0	213104062.4	208513681.5	216666393.9
2850000000.0	213786177.0	209156033.5	217357983.1
2860000000.0	214468050.2	209803818.8	218047491.3
2870000000.0	215141994.2	210451227.9	218736707.5
2880000000.0	215819644.3	211098261.2	219425663.5
2890000000.0	216502457.2	211744919.3	220114359.7
2900000000.0	217183529.8	212391202.6	220808224.5
2910000000.0	217859477.2	213025028.4	221505817.5
2920000000.0	218529908.6	213655728.1	222202282.4
2930000000.0	219207124.1	214285963.8	222892832.1
2940000000.0	219879027.0	214915736.0	223583150.4
2950000000.0	220549684.4	215545527.8	224273237.6
2960000000.0	221223149.8	216175204.1	224963094.3
2970000000.0	221897714.9	216804425.8	225652720.7
2980000000.0	222566063.6	217450844.4	226342117.5
2990000000.0	223237016.7	218076386.1	227034489.2
3000000000.0	223906123.5	218701431.5	227731654.2
3010000000.0	224574599.4	219325981.4	228428662.2
3020000000.0	225248529.6	219950036.5	229125513.6
3030000000.0	225922452.7	220573597.4	229822208.8
3040000000.0	226596695.9	221196664.9	230518748.4
3050000000.0	227269747.2	221819239.7	231215132.8
3060000000.0	227940352.0	222441322.4	231911362.4
3070000000.0	228610252.6	223063806.8	232607437.8
3080000000.0	229280225.7	223687157.8	233303359.2
3090000000.0	229957653.1	224310055.3	233995549.9
3100000000.0	230635064.7	224932499.8	234686380.5
3110000000.0	231309360.1	225569459.0	235371643.8
3120000000.0	231980708.3	226216572.5	236044375.3
3130000000.0	232648557.2	226863394.9	236716778.0
3140000000.0	233316136.7	227509926.3	237388852.3
3150000000.0	233980830.6	228156167.4	238060598.6
3160000000.0	234650489.1	228802118.3	238752015.0
3170000000.0	235320776.5	229447779.5	239443858.1
3180000000.0	235989318.3	230088842.2	240135539.2
3190000000.0	236655798.2	230708586.1	240827058.6
3200000000.0	237321664.7	231327901.6	241518416.7
3210000000.0	237992259.8	231946789.3	242209614.1
3220000000.0	238660074.1	232565249.7	242900651.0
3230000000.0	239328624.0	233183283.3	243604598.2
3240000000.0	239995284.8	233800890.6	244312245.9
3250000000.0	240659458.2	234418072.1	245019809.0
3260000000.0	241327883.1	235034828.3	245712975.7
3270000000.0	241993795.5	235651159.7	246400476.1
3280000000.0	242661370.8	236267066.8	247086317.7
3290000000.0	243328479.0	236882550.2	247762201.4
3300000000.0	243994635.5	237497610.2	248437816.5
3310000000.0	244660548.1	238112247.5	249113163.5
3320000000.0	245328162.2	238726462.5	249802289.4
3330000000.0	245995929.5	239340255.6	250491588.9
3340000000.0	246665661.2	239953627.5	251180669.9
3350000000.0	247329879.3	240566578.5	251869359.6
3360000000.0	247993522.6	241179109.3	252554443.5
3370000000.0	248655462.9	241791220.1	253228536.1
3380000000.0	249316281.1	242402911.6	253907691.7
3390000000.0	249982316.4	243014184.3	254597280.2
3400000000.0	250647273.6	243625038.5	255286732.4
3410000000.0	251309410.3	244235474.9	255976048.8
3420000000.0	251978573.6	244845493.8	256665229.7
3430000000.0	252649994.1	245455095.8	257354275.5
3440000000.0	253312265.8	246064281.3	258043167.4
3450000000.0	253981284.7	246673050.9	258731868.1
3460000000.0	254643948.3	247281404.9	259420434.5
3470000000.0	255301938.2	247889343.9	260108866.9
3480000000.0	255958521.6	248496868.4	260797165.8
3490000000.0	256614832.4	249103978.7	261483698.8
3500000000.0	257278490.3	249710675.5	262173595.9
3510000000.0	257939966.2	250316959.1	262852198.1
3520000000.0	258600490.1	250922830.1	263532138.3
3530000000.0	259264019.0	251528288.8	264209732.2
3540000000.0	259928263.4	252133335.8	264887674.4
3550000000.0	260592124.3	252737971.5	265582951.1
3560000000.0	261260323.3	253342196.5	266265925.3
3570000000.0	261929446.5	253946011.1	266948734.7
3580000000.0	262591913.2	254549415.8	267631379.6
3590000000.0	263250249.4	255152411.1	268313454.9
3600000000.0	263908343.0	255754997.4	268995243.9
3610000000.0	264566194.4	256357175.3	269676865.6
3620000000.0	265223803.8	256958945.1	270358320.3
3630000000.0	265880394.6	257560307.3	271039608.4
3640000000.0	266535096.9	258161262.5	271720730.1
3650000000.0	267189544.0	258761810.9	272401685.7
3660000000.0	267843736.3	259361953.1	273076947.5
3670000000.0	268497673.9	259961689.6	273750725.6
3680000000.0	269155954.3	260561020.7	274427747.2
3690000000.0	269819429.9	261159947.0	275099489.6
3700000000.0	270483000.7	261758468.9	275771521.1
3710000000.0	271142496.5	262356586.8	276444631.6
3720000000.0	271805433.4	262954301.3	277128514.0
3730000000.0	272471365.4	263551612.6	277817806.2
3740000000.0	273129389.7	264148521.3	278507009.0
3750000000.0	273787268.5	264745027.9	279196122.7
3760000000.0	274447246.1	265341132.7	279883324.7
3770000000.0	275102785.9	265936836.3	280562748.6
3780000000.0	275757477.6	266532138.9	281241731.8
3790000000.0	276409285.8	267127041.2	281920426.5
3800000000.0	277061439.4	267721543.6	282597215.2
3810000000.0	277718119.3	268315646.4	283277665.3
3820000000.0	278372234.5	268886921.0	283965403.6
3830000000.0	279024529.5	269455334.4	284655251.4
3840000000.0	279676811.6	270023223.8	285338103.9
3850000000.0	280332124.9	270590589.9	286010817.9
3860000000.0	280985979.2	271157433.7	286683099.6
3870000000.0	281637705.4	271723756.0	287354915.7
3880000000.0	282289344.9	272289557.5	288026532.1
3890000000.0	282940453.1	272854839.2	288700587.9
3900000000.0	283591475.0	273419601.7	289377477.0
3910000000.0	284244379.4	273983846.0	290054206.9
3920000000.0	284898850.2	274547572.8	290727188.7
3930000000.0	285551838.4	275110783.0	291395413.0
3940000000.0	286201022.7	275673477.4	292078672.1
3950000000.0	286851890.9	276252703.7	292760630.8
3960000000.0	287503005.2	276837774.9	293437272.4
3970000000.0	288148414.9	277422437.0	294113760.4
3980000000.0	288797979.3	278006690.5	294790094.8
3990000000.0	289451014.1	278590535.9	295466276.1
4000000000.0	290103843.0	279173973.7	296142304.4
4010000000.0	290753631.6	279757004.3	296818179.9
4020000000.0	291399713.1	280339628.3	297493499.6
4030000000.0	292045551.9	280921846.0	298168500.5
4040000000.0	292694004.3	281503658.0	298843346.2
4050000000.0	293346036.8	282085064.6	299518036.9
4060000000.0	293995757.5	282666066.5	300192572.8
4070000000.0	294642962.3	283246663.9	300874710.6
4080000000.0	295296449.6	283826857.5	301562879.3
4090000000.0	295950024.2	284406647.6	302250970.4
4100000000.0	296604374.2	284986034.7	302938984.0
4110000000.0	297252205.1	285565137.9	303626920.5
4120000000.0	297896724.9	286144738.0	304314715.8
4130000000.0	298542752.6	286723940.5	305001512.4
4140000000.0	299188551.3	287302745.8	305665048.9
4150000000.0	299839608.1	287881154.5	306328145.3
4160000000.0	300485891.0	288459166.8	306991024.6
4170000000.0	301134667.4	289036783.4	307653687.0
4180000000.0	301783234.1	289614004.6	308327950.5
4190000000.0	302429143.6	290190830.8	309007288.2
4200000000.0	303079738.9	290767262.5	309686519.0
4210000000.0	303722509.5	291343300.2	310365643.2
4220000000.0	304369739.3	291918944.3	311038254.2
4230000000.0	305016757.8	292494195.1	311707273.6
4240000000.0	305663565.1	293069053.2	312376117.6
4250000000.0	306310161.7	293643519.0	313049741.2
4260000000.0	306956547.4	294217592.8	313727523.7
4270000000.0	307602722.7	294791275.2	314405186.2
4280000000.0	308247667.0	295364566.6	315082729.0
4290000000.0	308894655.5	295937467.4	315760152.4
4300000000.0	309541241.7	296509978.0	316437456.4
4310000000.0	310182383.1	297082098.9	317114641.3
4320000000.0	310828469.0	297653830.4	317791707.2
4330000000.0	311470542.3	298225173.1	318468654.4
4340000000.0	312113049.4	298796127.3	319145483.0
4350000000.0	312760932.5	299366693.4	319822193.1
4360000000.0	313401829.0	299936871.9	320498338.1
4370000000.0	314044271.8	300502221.9	321174332.7
4380000000.0	314688743.4	301062699.8	321843083.2
4390000000.0	315336948.1	301643880.0	322501672.6
4400000000.0	315981983.7	302211595.8	323160051.0
4410000000.0	316626827.2	302778922.7	323818218.6
4420000000.0	317266114.5	303345860.9	324476175.6
4430000000.0	317907204.7	303912410.9	325145863.8
4440000000.0	318548936.7	304478573.1	325819904.3
4450000000.0	319189794.1	305044348.0	326502406.0
4460000000.0	319827274.7	305609736.0	327189121.5
4470000000.0	320460418.4	306174737.5	327875787.8
4480000000.0	321099695.6	306739352.9	328562405.0
4490000000.0	321740182.3	307303582.6	329248973.3
4500000000.0	322378714.8	307866414.9	329935493.0
4510000000.0	323019697.5	308419202.9	330621751.5
4520000000.0	323650170.6	308971565.6	331289458.9
4530000000.0	324282528.0	309523503.6	331955144.0
4540000000.0	324910634.3	310075017.3	332620666.0
4550000000.0	325542949.3	310626107.3	333286025.0
4560000000.0	326178964.4	311176774.0	333951221.2
4570000000.0	326819143.4	311727018.1	334616254.6
4580000000.0	327460555.7	312276840.0	335290363.4
4590000000.0	328093934.8	312826240.2	335975591.6
4600000000.0	328731721.9	313375219.3	336660766.6
4610000000.0	329371400.2	313923777.7	337345888.4
4620000000.0	330004691.8	314471916.0	338030889.7
4630000000.0	330645477.6	315019634.7	338712487.5
4640000000.0	331278665.0	315566934.3	339380608.4
4650000000.0	331912508.2	316113815.3	340048471.3
4660000000.0	332548528.9	316660278.2	340716192.7
4670000000.0	333184337.5	317206323.5	341383772.7
4680000000.0	333819934.2	317751951.8	342051211.4
4690000000.0	334452170.7	318297163.4	342718509.1
4700000000.0	335085076.1	318841959.0	343385665.8
4710000000.0	335718270.1	319386339.1	344052681.7
4720000000.0	336350338.4	319930304.0	344719556.9
4730000000.0	336977434.4	320473854.4	345386291.6
4740000000.0	337615131.4	321016990.7	346052885.8
4750000000.0	338250761.1	321559713.5	346719339.9
4760000000.0	338878392.2	322102023.2	347385653.7
4770000000.0	339505787.3	322644167.2	348051827.6
4780000000.0	340138439.1	323186058.8	348717861.6
4790000000.0	340772531.3	323727540.3	349383755.9
4800000000.0	341406368.8	324268612.0	350058755.6
4810000000.0	342034283.5	324809274.5	350743392.9
4820000000.0	342661969.3	325349528.2	351428947.9
4830000000.0	343289426.5	325889373.6	352114464.7
4840000000.0	343916911.2	326428811.3	352799943.6
4850000000.0	344545127.9	326967841.7	353485384.6
4860000000.0	345175503.4	327506465.2	354170787.8
4870000000.0	345805870.2	328044682.4	354848852.2
4880000000.0	346441107.6	328582493.8	355519838.0
4890000000.0	347076319.9	329119899.8	356190715.0
4900000000.0	347710832.1	329656900.9	356861483.3
4910000000.0	348346175.0	330193497.6	357532143.1
4920000000.0	348980817.9	330729690.4	358202694.6
4930000000.0	349615271.4	331265479.7	358873137.7
4940000000.0	350249535.4	331800866.0	359548719.2
4950000000.0	350880088.4	332335849.8	360225782.4
4960000000.0	351509285.6	332870431.7	360902772.9
4970000000.0	352130967.6	333404611.9	361579692.8
4980000000.0	352760978.2	333938391.1	362256542.5
4990000000.0	353386475.8	334471769.7	362933321.9
5000000000.0	354011753.5	335004748.1	363610031.3
5010000000.0	354636811.6	335537326.9	364286670.8
5020000000.0	355261650.2	336069506.4	364963240.5
5030000000.0	355886269.5	336601287.3	365639740.6
5040000000.0	356510669.5	337132669.9	366316171.2
5050000000.0	357135319.0	337663654.7	366992532.4
5060000000.0	357769747.2	338194242.1	367660107.7
5070000000.0	358393298.8	338724432.7	368326616.4
5080000000.0	359016084.0	339254226.9	368993008.9
5090000000.0	359638646.9	339783625.2	369659285.2
5100000000.0	360260987.8	340312627.9	370325445.5
5110000000.0	360883106.6	340841235.7	370991489.9
5120000000.0	361505003.7	341369448.9	371661037.6
5130000000.0	362126679.1	341897268.1	372343009.0
5140000000.0	362748133.0	342424693.6	373023733.0
5150000000.0	363375027.9	342951725.9	373694746.2
5160000000.0	363999110.8	343478365.5	374372998.8
5170000000.0	364619809.9	344004612.8	375051185.8
5180000000.0	365241054.7	344530468.4	375729307.1
5190000000.0	365867108.0	345055932.5	376407362.9
5200000000.0	366492061.2	345581005.8	377085191.6
5210000000.0	367115212.3	346105688.7	377765005.1
5220000000.0	367738154.9	346629981.5	378446258.4
5230000000.0	368367943.8	347153884.8	379127397.9
5240000000.0	368994388.9	347677399.1	379808490.8
5250000000.0	369613838.1	348200524.6	380489537.1
5260000000.0	370231767.7	348723262.0	381160620.0
5270000000.0	370849865.0	349245611.7	381830357.1
5280000000.0	371471696.1	349767574.0	382504729.4
5290000000.0	372087868.0	350289149.5	383181958.0
5300000000.0	372703692.9	350810338.6	383859048.7
5310000000.0	373319291.4	351331141.8	384536074.2
5320000000.0	373944339.6	351851559.4	385213034.5
5330000000.0	374573638.4	352371592.0	385889929.9
5340000000.0	375190874.1	352891239.9	386566760.3
5350000000.0	375807891.8	353410503.6	387243525.9
5360000000.0	376425347.2	353929383.6	387920226.8
5370000000.0	377043312.6	354447880.3	388596863.0
5380000000.0	377661065.7	354965994.1	389273434.6
5390000000.0	378278606.9	355483725.5	389949941.8
5400000000.0	378895936.1	356001075.0	390626384.6
5410000000.0	379513053.6	356518042.8	391302763.1
5420000000.0	380129959.4	357034629.6	391979077.4
5430000000.0	380746653.8	357550835.6	392654722.3
5440000000.0	381367048.8	358066661.4	393328837.1
5450000000.0	381987759.7	358582107.5	394002888.8
5460000000.0	382608274.9	359097174.1	394676877.5
5470000000.0	383225704.3	359611861.8	395350803.4
5480000000.0	383838355.6	360126170.9	396024666.5
5490000000.0	384449506.7	360640102.0	396698466.9
5500000000.0	385060432.3	361153655.5	397372204.8
5510000000.0	385671132.6	361666831.7	398045553.9
5520000000.0	386283896.2	362179631.1	398713116.9
5530000000.0	386898457.3	362692054.2	399375818.1
5540000000.0	387523116.2	363204101.3	400038405.7
5550000000.0	388150565.2	363715772.9	400700879.8
5560000000.0	388774693.7	364227069.4	401363240.5
5570000000.0	389391076.5	364737991.3	402025487.8
5580000000.0	390006863.2	365248538.9	402687621.9
5590000000.0	390616287.2	365758712.7	403349642.8
5600000000.0	391225488.2	366268513.1	404011550.7
5610000000.0	391838832.3	366777940.6	404673345.5
5620000000.0	392453051.9	367286995.5	405335027.4
5630000000.0	393068198.8	367795678.3	405996596.5
5640000000.0	393683664.0	368303989.4	406658052.8
5650000000.0	394298930.4	368811929.1	407319396.5
5660000000.0	394913998.2	369319498.1	407980627.6
5670000000.0	395528933.7	369826696.6	408641746.2
5680000000.0	396146046.8	370333525.0	409302752.4
5690000000.0	396762970.7	370839983.8	409963646.2
5700000000.0	397379705.5	371346073.5	410624427.8
5710000000.0	397996251.3	371851794.3	411285097.2
5720000000.0	398612608.3	372357146.8	411945654.5
5730000000.0	399227204.1	372862131.3	412606099.8
5740000000.0	399836592.5	373366748.3	413266361.4
5750000000.0	400445771.1	373870998.1	413926399.0
5760000000.0	401054740.0	374374881.2	414586324.2
5770000000.0	401666720.7	374878398.0	415246137.0
5780000000.0	402284819.5	375381549.0	415905837.6
5790000000.0	402896148.5	375884334.4	416565425.9
5800000000.0	403505097.6	376386754.7	417224902.1
5810000000.0	404115272.0	376888810.4	417884266.3
5820000000.0	404725244.2	377390501.8	418543518.6
5830000000.0	405335014.4	377891829.4	419202659.0
5840000000.0	405944582.6	378392793.5	419861687.5
5850000000.0	406553949.0	378893394.5	420524212.7
5860000000.0	407159648.9	379393632.9	421188842.9
5870000000.0	407762549.0	379893509.1	421853395.1
5880000000.0	408365229.3	380393023.4	422517869.4
5890000000.0	408967689.9	380892176.4	423182265.9
5900000000.0	409569931.0	381395343.2	423848963.6
5910000000.0	410176854.6	381899291.7	424523636.5
5920000000.0	410785029.3	382402890.5	425198264.5
5930000000.0	411393004.9	382906139.8	425872847.5
5940000000.0	412000781.3	383409040.2	426547385.8
5950000000.0	412608358.7	383911592.0	427221879.3
5960000000.0	413212963.2	384413795.5	427896328.2
5970000000.0	413816954.5	384915651.1	428570732.5
5980000000.0	414420736.7	385417159.2	429245092.3
5990000000.0	415024309.9	385918320.2	429919407.7
6000000000.0	415627674.2	386419134.4	430593678.8
6010000000.0	416230829.7	386919602.2	431267905.6
6020000000.0	416833776.6	387419724.0	431942088.3
6030000000.0	417436515.1	387919500.1	432616226.8
6040000000.0	418039045.1	388418930.9	433290321.3
6050000000.0	418641366.9	388918016.8	433964371.9
6060000000.0	419243014.8	389416758.2	434638378.6
6070000000.0	419844409.0	389915155.3	435312341.6
6080000000.0	420445593.1	390413208.7	435986260.8
6090000000.0	421046567.1	390910918.5	436660136.3
6100000000.0	421649976.4	391408285.3	437333968.3
6110000000.0	422253922.6	391905309.4	438007756.8
6120000000.0	422853964.1	392401991.1	438681501.9
6130000000.0	423452983.3	392898330.8	439355203.6
6140000000.0	424051789.8	393394328.8	440028862.1
6150000000.0	424650383.8	393889985.6	440702477.4
6160000000.0	425248916.0	394385301.4	441367578.8
6170000000.0	425850251.5	394880276.7	442029157.0
6180000000.0	426451384.3	395374911.8	442700691.4
6190000000.0	427052314.5	395869207.1	443374665.0
6200000000.0	427653042.4	396363162.9	444048607.0
6210000000.0	428253567.9	396856779.5	444722517.3
6220000000.0	428852795.0	397350057.4	445396396.1
6230000000.0	429451457.3	397842996.9	446070243.4
6240000000.0	430052179.4	398335598.3	446744059.5
6250000000.0	430653364.7	398827862.1	447417844.2
6260000000.0	431254353.7	399319788.5	448091597.9
6270000000.0	431855146.5	399811378.0	448765320.5
6280000000.0	432455743.1	400302630.8	449439012.1
6290000000.0	433056143.7	400793547.3	450112672.9
6300000000.0	433656348.4	401284127.9	450786303.0
6310000000.0	434256357.3	401774373.0	451459902.4
6320000000.0	434856170.5	402264282.8	452133032.4
6330000000.0	435455788.2	402753857.8	452785184.3
6340000000.0	436052293.1	403243098.3	453435081.9
6350000000.0	436647381.9	403732004.6	454084858.0
6360000000.0	437242263.7	404220577.1	454734512.7
6370000000.0	437836938.6	404708816.1	455384045.9
6380000000.0	438431808.6	405196722.0	456033457.9
6390000000.0	439028503.3	405684295.2	456682445.9
6400000000.0	439629846.7	406171535.9	457331215.7
6410000000.0	440233315.2	406658444.6	457979862.7
6420000000.0	440836604.0	407145021.6	458628386.9
6430000000.0	441435303.6	407631267.2	459276788.4
6440000000.0	442031222.7	408117181.7	459925067.3
6450000000.0	442626942.0	408602765.6	460573223.7
6460000000.0	443224912.5	409088019.2	461221257.6
6470000000.0	443822631.3	409572942.7	461869169.1
6480000000.0	444421087.6	410057536.6	462516958.3
6490000000.0	445014779.1	410541801.2	463164625.2
6500000000.0	445608268.1	411025736.9	463812170.0
6510000000.0	446199342.3	411509343.9	464469514.0
6520000000.0	446783292.3	411992622.6	465137408.8
6530000000.0	447367282.3	412475573.4	465805248.1
6540000000.0	447955643.2	412958196.6	466473032.1
6550000000.0	448547326.0	413440492.6	467140760.7
6560000000.0	449144541.6	413922461.6	467808434.1
6570000000.0	449746937.4	414404104.1	468476052.3
6580000000.0	450349162.0	414885420.3	469143615.3
6590000000.0	450951215.7	415366410.6	469811123.2
6600000000.0	451553098.6	415847075.4	470478576.0
6610000000.0	452152215.4	416327414.9	471145973.9
6620000000.0	452746904.7	416807429.6	471813316.8
6630000000.0	453341402.4	417287119.7	472480604.8
6640000000.0	453935708.4	417766485.5	473147837.9
6650000000.0	454529823.0	418245527.5	473815016.3
6660000000.0	455122055.0	418724246.0	474482139.9
6670000000.0	455713531.2	419202641.2	475149208.9
6680000000.0	456304810.4	419679746.6	475816223.2
6690000000.0	456895892.8	420153355.0	476483182.9
6700000000.0	457486778.4	420626638.7	477150088.1
6710000000.0	458077467.4	421099598.0	477816938.8
6720000000.0	458661510.2	421572233.3	478476181.2
6730000000.0	459241935.3	422044544.9	479130640.5
6740000000.0	459822346.1	422516533.2	479785004.5
6750000000.0	460417024.9	422988198.5	480439215.8
6760000000.0	461016009.8	423459541.1	481092998.7
6770000000.0	461603534.1	423930561.3	481746685.2
6780000000.0	462195957.4	424401259.6	482400275.3
6790000000.0	462788194.7	424871636.2	483053769.0
6800000000.0	463383929.9	425341691.4	483707166.5
6810000000.0	463980313.6	425811425.7	484360467.7
6820000000.0	464571342.4	426280839.3	485013672.7
6830000000.0	465159062.0	426749932.6	485666781.6
6840000000.0	465746586.4	427218705.9	486319794.4
6850000000.0	466330457.9	427687159.5	486972711.2
6860000000.0	466909382.7	428155293.8	487641045.3
6870000000.0	467491499.1	428623109.1	488291739.0
6880000000.0	468076907.3	429090605.7	488942330.0
6890000000.0	468669683.7	429557783.9	489592818.5
6900000000.0	469266486.7	430024644.2	490243204.5
6910000000.0	469863121.0	430491186.8	490893488.0
6920000000.0	470454777.3	430957412.0	491543918.5
6930000000.0	471043689.3	431423320.2	492196644.6
6940000000.0	471625846.1	431888911.7	492849276.9
6950000000.0	472211251.2	432354186.8	493501815.4
6960000000.0	472799331.7	432819145.9	494154260.3
6970000000.0	473389172.4	433283789.3	494806515.1
6980000000.0	473984554.4	433748117.3	495458371.0
6990000000.0	474578524.4	434212130.2	496110132.2
7000000000.0	475166994.9	434675828.4	496761798.7
7010000000.0	475765071.4	435139212.1	497413370.6
7020000000.0	476358371.1	435602281.8	498064848.0
7030000000.0	476939504.7	436065037.7	498716230.9
7040000000.0	477518976.9	436527480.1	499367519.3
7050000000.0	478098244.4	436989609.4	500018713.3
7060000000.0	478677307.5	437451425.9	500669813.0
7070000000.0	479256166.2	437912930.0	501320818.3
7080000000.0	479834820.8	438374121.9	501971729.3
7090000000.0	480413271.2	438835001.9	502622546.2
7100000000.0	480996962.2	439295570.4	503273268.8
7110000000.0	481580705.0	439755827.7	503923897.3
7120000000.0	482164257.9	440215774.2	504574431.8
7130000000.0	482747620.8	440675410.0	505224872.2
7140000000.0	483336141.1	441134735.7	505875218.6
7150000000.0	483925114.0	441593751.4	506525471.0
7160000000.0	484513911.7	442052457.5	507175629.6
7170000000.0	485102534.4	442510854.3	507825694.3
7180000000.0	485690982.1	442968942.1	508475665.2
7190000000.0	486279254.9	443426721.3	509125542.3
7200000000.0	486867352.9	443884192.2	509790110.2
7210000000.0	487455276.2	444341355.0	510461026.3
7220000000.0	488038459.0	444798210.1	511131911.0
7230000000.0	488619282.0	445254757.8	511802764.4
7240000000.0	489199914.7	445710998.4	512473586.5
7250000000.0	489780681.2	446166932.2	513144377.4
7260000000.0	490373344.5	446622559.6	513815137.1
7270000000.0	490959924.1	447077880.9	514485865.6
7280000000.0	491531132.3	447532896.3	515156563.1
7290000000.0	492101584.3	447987606.1	515827229.4
7300000000.0	492676337.3	448442010.8	516497864.8
7310000000.0	493259594.5	448896110.6	517168469.1
7320000000.0	493830853.6	449349905.8	517839042.4
7330000000.0	494401425.0	449803396.7	518509584.8
7340000000.0	494975071.0	450256583.6	519180096.3
7350000000.0	495554869.8	450709466.9	519850577.0
7360000000.0	496138584.6	451162046.8	520521026.8
7370000000.0	496720277.9	451614323.6	521191445.8
7380000000.0	497299637.5	452066297.8	521861834.1
7390000000.0	497878412.1	452517969.5	522532191.7
7400000000.0	498456442.8	452969339.0	523189747.2
7410000000.0	499034286.0	453420406.8	523843204.2
7420000000.0	499611941.9	453871173.0	524496586.9
7430000000.0	500189410.7	454321638.1	525149895.1
7440000000.0	500766692.4	454771802.2	525803129.1
7450000000.0	501343787.1	455221665.8	526456288.8
7460000000.0	501920561.4	455671229.0	527109374.2
7470000000.0	502493928.7	456120492.3	527762385.5
7480000000.0	503067101.6	456569455.8	528415322.6
7490000000.0	503640882.5	457018120.0	529068185.6
7500000000.0	504215956.5	457466485.1	529720974.6
7510000000.0	504790841.1	457914551.4	530373689.5
7520000000.0	505365536.5	458362319.3	531026330.5
7530000000.0	505940042.7	458809789.0	531678897.5
7540000000.0	506514359.9	459256960.8	532331390.7
7550000000.0	507091623.4	459703835.0	532986943.0
7560000000.0	507672545.3	460150411.9	533650599.3
7570000000.0	508253295.3	460596691.9	534314211.3
7580000000.0	508833873.8	461042675.2	534977779.1
7590000000.0	509407333.1	461488362.1	535641302.6
7600000000.0	509977171.3	461933753.0	536306152.5
7610000000.0	510546814.0	462378848.0	536974702.1
7620000000.0	511116261.4	462823647.6	537642741.5
7630000000.0	511685513.4	463268152.0	538310646.4
7640000000.0	512254570.3	463712361.5	538978525.4
7650000000.0	512823432.1	464156276.4	539646378.7
7660000000.0	513392099.0	464599897.0	540314206.1
7670000000.0	513961039.6	465043223.6	540982007.8
7680000000.0	514527803.9	465486256.4	541649783.9
7690000000.0	515094370.6	465928995.9	542317534.3
7700000000.0	515660739.6	466371442.3	542985259.1
7710000000.0	516232473.6	466813595.8	543652958.3
7720000000.0	516809368.8	467255456.8	544320632.1
7730000000.0	517386089.7	467697025.5	544988280.3
7740000000.0	517962636.6	468138302.3	545655903.1
7750000000.0	518539009.4	468579287.5	546323500.6
7760000000.0	519115208.2	469019981.3	546972449.0
7770000000.0	519691233.3	469460384.0	547617972.5
7780000000.0	520267084.5	469900495.9	548263404.5
7790000000.0	520842586.1	470340317.4	548908745.0
7800000000.0	521412738.0	470779848.6	549556492.4
7810000000.0	521982704.9	471219089.9	550219012.5
7820000000.0	522552486.9	471658041.6	550881489.2
7830000000.0	523122084.1	472096704.0	551543922.6
7840000000.0	523692595.8	472535077.3	552206312.7
7850000000.0	524264626.5	472973161.9	552868659.6
7860000000.0	524836478.5	473410958.0	553530963.3
7870000000.0	525408152.0	473848465.9	554193223.7
7880000000.0	525979647.0	474285685.9	554855441.0
7890000000.0	526550963.6	474722618.3	555517615.2
7900000000.0	527122102.0	475159263.4	556179746.3
7910000000.0	527693062.2	475595621.4	556841834.3
7920000000.0	528263844.4	476031692.7	557503879.3
7930000000.0	528834448.5	476467477.6	558165881.3
7940000000.0	529404874.7	476902976.2	558827840.4
7950000000.0	529975123.1	477338189.0	559489756.4
7960000000.0	530545193.7	477773116.1	560151629.6
7970000000.0	531115086.8	478207757.9	560813459.9
7980000000.0	531684802.3	478642114.7	561475247.3
7990000000.0	532253901.2	479076186.7	562136992.0
8000000000.0	532818591.2	479509974.2	562798693.8
8010000000.0	533383094.4	479943477.5	563460352.9
8020000000.0	533947410.7	480376696.9	564121969.2
8030000000.0	534512182.1	480809632.6	564783542.8
8040000000.0	535077122.6	481242285.0	565445073.8
8050000000.0	535642352.8	481674654.3	566106562.1
8060000000.0	536209458.4	482106740.8	566768007.9
8070000000.0	536776385.2	482538544.8	567429411.0
8080000000.0	537343133.3	482970066.6	568090771.6
8090000000.0	537909702.6	483401306.3	568752089.6
8100000000.0	538476093.3	483832264.5	569413365.2
8110000000.0	539043446.8	484262941.2	570074598.3
8120000000.0	539612189.8	484693336.7	570735788.9
8130000000.0	540183596.8	485123451.5	571396937.2
8140000000.0	540756402.9	485553285.6	572058043.0
8150000000.0	541327084.0	485982839.5	572719106.6
8160000000.0	541892261.1	486412113.3	573380127.7
8170000000.0	542457260.3	486841107.4	574041106.6
8180000000.0	543022081.8	487269822.1	574702043.2
8190000000.0	543586725.6	487698257.5	575362937.6
8200000000.0	544159809.1	488126414.0	576023789.8
8210000000.0	544733096.5	488554291.9	576684599.8
8220000000.0	545296252.0	488981891.4	577345367.6
8230000000.0	545859228.0	489409212.8	578006093.3
8240000000.0	546422024.6	489836256.4	578666776.8
8250000000.0	546985172.6	490263022.4	579327418.4
8260000000.0	547553338.0	490689511.1	579988017.8
8270000000.0	548117902.6	491115722.9	580648575.3
8280000000.0	548682293.1	491541657.9	581309090.7
8290000000.0	549246509.6	491967316.4	581969564.2
8300000000.0	549808367.6	492392698.8	582629995.7
8310000000.0	550373077.4	492817805.2	583290385.3
8320000000.0	550940704.2	493242636.0	583950733.1
8330000000.0	551500482.4	493667191.4	584611038.9
8340000000.0	552058974.9	494091471.6	585271303.0
8350000000.0	552617283.9	494515477.1	585933928.3
8360000000.0	553175409.2	494939207.9	586598147.9
8370000000.0	553733351.1	495362664.5	587262343.6
8380000000.0	554291109.7	495785847.0	587926515.6
8390000000.0	554848685.0	496208755.8	588590663.9
8400000000.0	555406077.1	496631391.0	589254788.5
8410000000.0	555963286.2	497053753.0	589918889.4
8420000000.0	556520312.3	497475842.1	590582966.7
8430000000.0	557077155.5	497897658.4	591247020.4
8440000000.0	557633815.9	498319202.3	591911050.5
8450000000.0	558190293.6	498740474.0	592575057.1
8460000000.0	558746588.7	499161473.8	593239040.2
8470000000.0	559302701.4	499582202.0	593902999.9
8480000000.0	559858631.6	500002658.8	594566936.2
8490000000.0	560414379.5	500422844.5	595230849.1
8500000000.0	560969945.2	500842759.3	595894738.6
8510000000.0	561525328.7	501262403.6	596558604.9
8520000000.0	562077482.2	501681777.5	597222447.8
8530000000.0	562631109.4	502100881.4	597886267.6
8540000000.0	563189740.5	502519715.5	598550064.1
8550000000.0	563745043.6	502938280.0	599213837.4
8560000000.0	564305253.9	503356575.3	599877571.2
8570000000.0	564860411.4	503774601.5	600541087.4
8580000000.0	565414793.4	504192359.1	601204579.9
8590000000.0	565968994.5	504609848.1	601868048.8
8600000000.0	566523014.9	505027068.9	602531493.9
8610000000.0	567076854.7	505444021.7	603194915.5
8620000000.0	567630514.0	505860706.8	603858313.4
8630000000.0	568183992.8	506277124.4	604521687.9
8640000000.0	568736104.2	506693274.9	605185038.7
8650000000.0	569286629.0	507109158.4	605848366.1
8660000000.0	569836969.0	507524775.3	606511670.0
8670000000.0	570390288.6	507940125.7	607174950.5
8680000000.0	570944236.1	508355210.0	607838207.7
8690000000.0	571498006.1	508770028.4	608501441.4
8700000000.0	572051598.8	509184581.1	609164651.8
8710000000.0	572605014.2	509598868.4	609827746.4
8720000000.0	573157197.2	510012890.6	610490630.8
8730000000.0	573708876.6	510426648.0	611153491.3
8740000000.0	574260376.6	510840140.7	611816328.0
8750000000.0	574809504.0	511253369.0	612479141.1
8760000000.0	575357180.4	511666333.3	613141930.4
8770000000.0	575904671.8	512079033.7	613804696.0
8780000000.0	576452184.8	512491470.4	614467438.0
8790000000.0	577002929.2	512903643.9	615130156.4
8800000000.0	577555435.2	513315554.2	615792851.2
8810000000.0	578107765.9	513727201.7	616455522.5
8820000000.0	578659921.5	514138586.6	617118170.2
8830000000.0	579211902.0	514549709.2	617780794.5
8840000000.0	579766422.7	514960569.7	618443395.3
8850000000.0	580318346.7	515371168.3	619105972.7
8860000000.0	580869845.3	515781505.4	619768526.7
8870000000.0	581421169.3	516191581.2	620431057.3
8880000000.0	581972318.7	516601395.8	621093064.1
8890000000.0	582523293.6	517010949.7	621754955.7
8900000000.0	583074094.2	517420242.9	622416821.5
8910000000.0	583624720.5	517829275.9	623047334.6
8920000000.0	584175172.7	518238048.7	623669065.0
8930000000.0	584725450.7	518646561.8	624290630.2
8940000000.0	585275554.7	519054815.2	624912030.5
8950000000.0	585825484.7	519462809.4	625532899.8
8960000000.0	586375240.9	519870544.4	626153510.5
8970000000.0	586928281.5	520278020.6	626773955.2
8980000000.0	587481593.3	520685238.2	627425050.0
8990000000.0	588034738.3	521092197.5	628082114.0
9000000000.0	588587716.6	521498898.7	628739136.5
9010000000.0	589140528.1	521905342.1	629396117.6
9020000000.0	589693173.1	522311527.8	630053057.2
9030000000.0	590245651.6	522717456.2	630709955.3
9040000000.0	590797963.6	523123127.5	631366812.1
9050000000.0	591350109.2	523528542.0	632023627.4
9060000000.0	591902088.6	523933699.8	632680401.4
9070000000.0	592453901.8	524338601.2	633337134.0
9080000000.0	593005548.9	524743246.5	633993825.2
9090000000.0	593557029.9	525147636.0	634650475.2
9100000000.0	594108345.0	525551769.8	635307083.8
9110000000.0	594657525.1	525955648.2	635963651.2
9120000000.0	595205987.4	526359271.4	636620177.4
9130000000.0	595754279.6	526762639.7	637276662.2
9140000000.0	596302401.9	527165753.4	637933105.9
9150000000.0	596850354.3	527568612.7	638589508.4
9160000000.0	597398136.9	527971217.7	639234535.3
9170000000.0	597945749.9	528373568.8	639877846.8
9180000000.0	598493193.2	528775666.3	640521091.2
9190000000.0	599040467.0	529177510.2	641164268.6
9200000000.0	599587571.4	529579101.0	641807379.0
9210000000.0	600134506.4	529980438.8	642450422.5
9220000000.0	600681272.1	530381523.8	643093399.0
9230000000.0	601227868.7	530782356.3	643736308.6
9240000000.0	601774296.1	531182936.6	644379151.4
9250000000.0	602318406.7	531583264.9	645021927.2
9260000000.0	602862967.6	531983341.4	645664636.3
9270000000.0	603408901.1	532383166.3	646307278.5
9280000000.0	603954666.2	532782739.9	646949854.0
9290000000.0	604500263.0	533182062.5	647592362.7
9300000000.0	605047309.3	533581134.2	648234804.6
9310000000.0	605594364.9	533979955.4	648877179.9
9320000000.0	606139637.3	534378526.2	649519488.5
9330000000.0	606684546.4	534776846.9	650161730.5
9340000000.0	607229287.2	535174917.7	650803905.8
9350000000.0	607773859.8	535572738.9	651446014.5
9360000000.0	608318264.2	535970310.6	652088056.7
9370000000.0	608862500.6	536367633.2	652730032.3
9380000000.0	609407634.9	536764706.9	653371941.4
9390000000.0	609953149.1	537161531.8	654013784.0
9400000000.0	610497661.9	537558108.3	654655560.1
9410000000.0	611040585.7	537954436.5	655297269.8
9420000000.0	611583340.8	538350516.8	655938913.1
9430000000.0	612125927.6	538746349.2	656580490.0
9440000000.0	612668345.9	539141934.2	657222000.5
9450000000.0	613210596.0	539537271.8	657863444.7
9460000000.0	613752677.8	539932362.4	658504822.5
9470000000.0	614294591.5	540327206.2	659146134.1
9480000000.0	614836337.1	540721803.3	659787379.4
9490000000.0	615377914.8	541116154.1	660428558.4
9500000000.0	615919324.5	541510258.8	661069671.2
9510000000.0	616460566.5	541904117.5	661710717.9
9520000000.0	617003660.3	542297730.6	662351698.3
9530000000.0	617556363.7	542691098.2	662992612.7
9540000000.0	618108919.0	543084220.6	663633460.9
9550000000.0	618658959.3	543477098.0	664274243.0
9560000000.0	619201675.4	543869730.7	664914959.0
9570000000.0	619744227.6	544262118.8	665555609.0
9580000000.0	620286616.0	544654262.7	666196193.0
9590000000.0	620828840.6	545046162.4	666836711.0
9600000000.0	621370901.6	545437818.4	667477163.0
9610000000.0	621912799.0	545829230.7	668117549.0
9620000000.0	622451784.6	546220399.7	668757869.1
9630000000.0	622989085.7	546611325.5	669398123.4
9640000000.0	623526216.8	547002008.4	670038311.7
9650000000.0	624061208.0	547392448.5	670678434.2
9660000000.0	624593501.8	547782646.2	671318490.9
9670000000.0	625125619.2	548172601.7	671958481.8
9680000000.0	625657560.2	548562315.2	672598406.8
9690000000.0	626189325.0	548951786.8	673238266.2
9700000000.0	626720913.5	549341016.9	673878059.8
9710000000.0	627256906.2	549730005.7	674517787.6
9720000000.0	627794135.0	550118753.3	675157449.8
9730000000.0	628332998.6	550507260.0	675797046.4
9740000000.0	628871011.2	550895526.1	676436577.3
9750000000.0	629406288.3	551283551.8	677076042.5
9760000000.0	629941396.5	551671337.2	677715442.2
9770000000.0	630476336.1	552058882.6	678354776.3
9780000000.0	631011107.1	552446188.3	678994044.9
9790000000.0	631550471.4	552833254.4	679633247.9
9800000000.0	632090346.1	553220081.2	680272385.5
9810000000.0	632630060.5	553606668.9	680911457.6
9820000000.0	633169614.7	553993017.7	681550464.2
9830000000.0	633709008.8	554379127.9	682189405.3
9840000000.0	634248242.8	554764999.6	682828281.1
9850000000.0	634787316.8	555150633.1	683467091.5
9860000000.0	635326230.9	555536028.6	684105836.5
9870000000.0	635864985.1	555921186.4	684744516.2
9880000000.0	636403579.6	556306106.6	685383130.6
9890000000.0	636942014.4	556690789.5	686021679.7
9900000000.0	637480289.6	557075235.3	686660163.5
9910000000.0	638018405.3	557459444.1	687298582.0
9920000000.0	638556361.4	557843416.4	687936935.4
9930000000.0	639094158.2	558227152.1	688575223.5
9940000000.0	639636508.9	558610651.7	689213446.4
9950000000.0	640178993.2	558993915.2	689851604.2
9960000000.0	640720860.0	559376942.9	690489696.9
9970000000.0	641261432.4	559759735.1	691127724.4
9980000000.0	641801851.8	560142291.9	691765686.9
9990000000.0	642342118.2	560524613.6	692403584.2
---BOUND_POP---
median_estimated_unobs	lower_ci	upper_ci
1243682830.3	1059066456.3	2566682450.0
