2026-02-18 20:19:16,870 - distributed.nanny - INFO -         Start Nanny at: 'tcp://10.18.22.86:38723'
2026-02-18 20:19:17,875 - distributed.worker - INFO -       Start worker at:    tcp://10.18.22.86:39885
2026-02-18 20:19:17,875 - distributed.worker - INFO -          Listening to:    tcp://10.18.22.86:39885
2026-02-18 20:19:17,875 - distributed.worker - INFO -           Worker name:             SLURMCluster-8
2026-02-18 20:19:17,875 - distributed.worker - INFO -          dashboard at:          10.18.22.86:36639
2026-02-18 20:19:17,875 - distributed.worker - INFO - Waiting to connect to:    tcp://10.18.22.87:44865
2026-02-18 20:19:17,875 - distributed.worker - INFO - -------------------------------------------------
2026-02-18 20:19:17,875 - distributed.worker - INFO -               Threads:                          3
2026-02-18 20:19:17,875 - distributed.worker - INFO -                Memory:                  29.80 GiB
2026-02-18 20:19:17,875 - distributed.worker - INFO -       Local Directory: /tmp/tmp.U3O2JoqqDy/dask-scratch-space/worker-yo4ztm91
2026-02-18 20:19:17,875 - distributed.worker - INFO - -------------------------------------------------
2026-02-18 20:19:17,885 - distributed.worker - INFO - Starting Worker plugin shuffle
2026-02-18 20:19:17,885 - distributed.worker - INFO -         Registered to:    tcp://10.18.22.87:44865
2026-02-18 20:19:17,885 - distributed.worker - INFO - -------------------------------------------------
2026-02-18 20:19:17,885 - distributed.core - INFO - Starting established connection to tcp://10.18.22.87:44865
scMPRAforge: WARNING: 17792/34684 cells (51.297%) have ≥1 multi-transfection event.
scMPRAforge: WARNING: Multi-transfections exceed threshold of 2.000%!
scMPRAforge: WARNING: 17865/34657 cells (51.548%) have ≥1 multi-transfection event.
scMPRAforge: WARNING: Multi-transfections exceed threshold of 2.000%!
scMPRAforge: WARNING: 18332/34884 cells (52.551%) have ≥1 multi-transfection event.
scMPRAforge: WARNING: Multi-transfections exceed threshold of 2.000%!
scMPRAforge: WARNING: 17896/34778 cells (51.458%) have ≥1 multi-transfection event.
scMPRAforge: WARNING: Multi-transfections exceed threshold of 2.000%!
scMPRAforge: WARNING: 18129/34661 cells (52.304%) have ≥1 multi-transfection event.
scMPRAforge: WARNING: Multi-transfections exceed threshold of 2.000%!
scMPRAforge: WARNING: 18074/34699 cells (52.088%) have ≥1 multi-transfection event.
scMPRAforge: WARNING: Multi-transfections exceed threshold of 2.000%!
scMPRAforge: WARNING: 18049/34735 cells (51.962%) have ≥1 multi-transfection event.
scMPRAforge: WARNING: Multi-transfections exceed threshold of 2.000%!
scMPRAforge: WARNING: 17806/34662 cells (51.370%) have ≥1 multi-transfection event.
scMPRAforge: WARNING: Multi-transfections exceed threshold of 2.000%!
scMPRAforge: WARNING: 17834/34680 cells (51.424%) have ≥1 multi-transfection event.
scMPRAforge: WARNING: Multi-transfections exceed threshold of 2.000%!
scMPRAforge: WARNING: 18193/34723 cells (52.395%) have ≥1 multi-transfection event.
scMPRAforge: WARNING: Multi-transfections exceed threshold of 2.000%!
scMPRAforge: WARNING: 17729/34698 cells (51.095%) have ≥1 multi-transfection event.
scMPRAforge: WARNING: Multi-transfections exceed threshold of 2.000%!
scMPRAforge: WARNING: 17970/34806 cells (51.629%) have ≥1 multi-transfection event.
scMPRAforge: WARNING: Multi-transfections exceed threshold of 2.000%!
scMPRAforge: WARNING: 17798/34701 cells (51.290%) have ≥1 multi-transfection event.
scMPRAforge: WARNING: Multi-transfections exceed threshold of 2.000%!
scMPRAforge: WARNING: 18255/34843 cells (52.392%) have ≥1 multi-transfection event.
scMPRAforge: WARNING: Multi-transfections exceed threshold of 2.000%!
scMPRAforge: WARNING: 17541/34724 cells (50.515%) have ≥1 multi-transfection event.
scMPRAforge: WARNING: Multi-transfections exceed threshold of 2.000%!
scMPRAforge: WARNING: 18219/34781 cells (52.382%) have ≥1 multi-transfection event.
scMPRAforge: WARNING: Multi-transfections exceed threshold of 2.000%!
2026-02-18 20:59:09,919 - distributed.core - INFO - Event loop was unresponsive in Worker for 3.78s.  This is often caused by long-running GIL-holding functions or moving large chunks of data. This can cause timeouts and instability.
2026-02-18 20:59:13,137 - distributed.core - INFO - Event loop was unresponsive in Worker for 3.22s.  This is often caused by long-running GIL-holding functions or moving large chunks of data. This can cause timeouts and instability.
2026-02-18 20:59:17,350 - distributed.core - INFO - Event loop was unresponsive in Worker for 4.21s.  This is often caused by long-running GIL-holding functions or moving large chunks of data. This can cause timeouts and instability.
2026-02-18 20:59:33,213 - distributed.core - INFO - Event loop was unresponsive in Worker for 6.24s.  This is often caused by long-running GIL-holding functions or moving large chunks of data. This can cause timeouts and instability.
2026-02-18 20:59:36,371 - distributed.core - INFO - Event loop was unresponsive in Worker for 3.16s.  This is often caused by long-running GIL-holding functions or moving large chunks of data. This can cause timeouts and instability.
2026-02-18 20:59:53,017 - distributed.core - INFO - Event loop was unresponsive in Worker for 3.42s.  This is often caused by long-running GIL-holding functions or moving large chunks of data. This can cause timeouts and instability.
2026-02-18 20:59:59,054 - distributed.core - INFO - Event loop was unresponsive in Worker for 6.04s.  This is often caused by long-running GIL-holding functions or moving large chunks of data. This can cause timeouts and instability.
2026-02-18 21:00:21,416 - distributed.core - INFO - Event loop was unresponsive in Worker for 8.10s.  This is often caused by long-running GIL-holding functions or moving large chunks of data. This can cause timeouts and instability.
2026-02-18 21:00:38,845 - distributed.core - INFO - Event loop was unresponsive in Worker for 3.69s.  This is often caused by long-running GIL-holding functions or moving large chunks of data. This can cause timeouts and instability.
2026-02-18 21:00:42,994 - distributed.core - INFO - Event loop was unresponsive in Worker for 3.72s.  This is often caused by long-running GIL-holding functions or moving large chunks of data. This can cause timeouts and instability.
2026-02-18 21:00:56,124 - distributed.core - INFO - Event loop was unresponsive in Worker for 3.66s.  This is often caused by long-running GIL-holding functions or moving large chunks of data. This can cause timeouts and instability.
2026-02-18 21:27:23,303 - distributed.core - INFO - Connection to tcp://10.18.22.87:44865 has been closed.
2026-02-18 21:27:23,341 - distributed.worker - INFO - Stopping worker at tcp://10.18.22.86:39885. Reason: worker-handle-scheduler-connection-broken
2026-02-18 21:27:23,342 - distributed.nanny - INFO - Closing Nanny gracefully at 'tcp://10.18.22.86:38723'. Reason: worker-handle-scheduler-connection-broken
2026-02-18 21:27:23,342 - distributed.worker - INFO - Removing Worker plugin shuffle
2026-02-18 21:27:23,344 - distributed.nanny - INFO - Worker closed
2026-02-18 21:27:26,493 - distributed.nanny - INFO - Closing Nanny at 'tcp://10.18.22.86:38723'. Reason: nanny-close-gracefully
2026-02-18 21:27:26,494 - distributed.nanny - INFO - Nanny at 'tcp://10.18.22.86:38723' closed.
2026-02-18 21:27:26,494 - distributed.dask_worker - INFO - End worker
