2026-02-18 20:19:17,417 - distributed.nanny - INFO -         Start Nanny at: 'tcp://10.18.22.17:33201'
2026-02-18 20:19:18,090 - distributed.worker - INFO -       Start worker at:    tcp://10.18.22.17:37795
2026-02-18 20:19:18,090 - distributed.worker - INFO -          Listening to:    tcp://10.18.22.17:37795
2026-02-18 20:19:18,090 - distributed.worker - INFO -           Worker name:             SLURMCluster-7
2026-02-18 20:19:18,090 - distributed.worker - INFO -          dashboard at:          10.18.22.17:41005
2026-02-18 20:19:18,090 - distributed.worker - INFO - Waiting to connect to:    tcp://10.18.22.87:44865
2026-02-18 20:19:18,090 - distributed.worker - INFO - -------------------------------------------------
2026-02-18 20:19:18,090 - distributed.worker - INFO -               Threads:                          3
2026-02-18 20:19:18,090 - distributed.worker - INFO -                Memory:                  29.80 GiB
2026-02-18 20:19:18,090 - distributed.worker - INFO -       Local Directory: /tmp/tmp.U3O2JoqqDy/dask-scratch-space/worker-9ag2t09j
2026-02-18 20:19:18,090 - distributed.worker - INFO - -------------------------------------------------
2026-02-18 20:19:18,098 - distributed.worker - INFO - Starting Worker plugin shuffle
2026-02-18 20:19:18,099 - distributed.worker - INFO -         Registered to:    tcp://10.18.22.87:44865
2026-02-18 20:19:18,099 - distributed.worker - INFO - -------------------------------------------------
2026-02-18 20:19:18,099 - distributed.core - INFO - Starting established connection to tcp://10.18.22.87:44865
2026-02-18 20:19:49,091 - distributed.core - INFO - Event loop was unresponsive in Worker for 3.05s.  This is often caused by long-running GIL-holding functions or moving large chunks of data. This can cause timeouts and instability.
scMPRAforge: WARNING: 18063/34765 cells (51.957%) have ≥1 multi-transfection event.
scMPRAforge: WARNING: Multi-transfections exceed threshold of 2.000%!
scMPRAforge: WARNING: 18126/34777 cells (52.121%) have ≥1 multi-transfection event.
scMPRAforge: WARNING: Multi-transfections exceed threshold of 2.000%!
scMPRAforge: WARNING: 18026/34697 cells (51.953%) have ≥1 multi-transfection event.
scMPRAforge: WARNING: Multi-transfections exceed threshold of 2.000%!
scMPRAforge: WARNING: 17928/34764 cells (51.571%) have ≥1 multi-transfection event.
scMPRAforge: WARNING: Multi-transfections exceed threshold of 2.000%!
scMPRAforge: WARNING: 18043/34722 cells (51.964%) have ≥1 multi-transfection event.
scMPRAforge: WARNING: Multi-transfections exceed threshold of 2.000%!
scMPRAforge: WARNING: 17595/34706 cells (50.697%) have ≥1 multi-transfection event.
scMPRAforge: WARNING: Multi-transfections exceed threshold of 2.000%!
scMPRAforge: WARNING: 18015/34780 cells (51.797%) have ≥1 multi-transfection event.
scMPRAforge: WARNING: Multi-transfections exceed threshold of 2.000%!
scMPRAforge: WARNING: 17744/34819 cells (50.961%) have ≥1 multi-transfection event.
scMPRAforge: WARNING: Multi-transfections exceed threshold of 2.000%!
scMPRAforge: WARNING: 18002/34689 cells (51.895%) have ≥1 multi-transfection event.
scMPRAforge: WARNING: Multi-transfections exceed threshold of 2.000%!
scMPRAforge: WARNING: 17847/34742 cells (51.370%) have ≥1 multi-transfection event.
scMPRAforge: WARNING: Multi-transfections exceed threshold of 2.000%!
scMPRAforge: WARNING: 18248/34784 cells (52.461%) have ≥1 multi-transfection event.
scMPRAforge: WARNING: Multi-transfections exceed threshold of 2.000%!
scMPRAforge: WARNING: 17928/34725 cells (51.629%) have ≥1 multi-transfection event.
scMPRAforge: WARNING: Multi-transfections exceed threshold of 2.000%!
scMPRAforge: WARNING: 18185/34792 cells (52.268%) have ≥1 multi-transfection event.
scMPRAforge: WARNING: Multi-transfections exceed threshold of 2.000%!
scMPRAforge: WARNING: 18045/34807 cells (51.843%) have ≥1 multi-transfection event.
scMPRAforge: WARNING: Multi-transfections exceed threshold of 2.000%!
scMPRAforge: WARNING: 17870/34776 cells (51.386%) have ≥1 multi-transfection event.
scMPRAforge: WARNING: Multi-transfections exceed threshold of 2.000%!
scMPRAforge: WARNING: 18077/34735 cells (52.043%) have ≥1 multi-transfection event.
scMPRAforge: WARNING: Multi-transfections exceed threshold of 2.000%!
scMPRAforge: WARNING: 18073/34742 cells (52.021%) have ≥1 multi-transfection event.
scMPRAforge: WARNING: Multi-transfections exceed threshold of 2.000%!
2026-02-18 20:59:15,315 - distributed.core - INFO - Event loop was unresponsive in Worker for 8.99s.  This is often caused by long-running GIL-holding functions or moving large chunks of data. This can cause timeouts and instability.
2026-02-18 20:59:18,483 - distributed.core - INFO - Event loop was unresponsive in Worker for 3.17s.  This is often caused by long-running GIL-holding functions or moving large chunks of data. This can cause timeouts and instability.
2026-02-18 20:59:38,636 - distributed.core - INFO - Event loop was unresponsive in Worker for 8.35s.  This is often caused by long-running GIL-holding functions or moving large chunks of data. This can cause timeouts and instability.
2026-02-18 20:59:54,540 - distributed.core - INFO - Event loop was unresponsive in Worker for 4.19s.  This is often caused by long-running GIL-holding functions or moving large chunks of data. This can cause timeouts and instability.
2026-02-18 20:59:59,525 - distributed.core - INFO - Event loop was unresponsive in Worker for 4.99s.  This is often caused by long-running GIL-holding functions or moving large chunks of data. This can cause timeouts and instability.
2026-02-18 21:00:18,242 - distributed.core - INFO - Event loop was unresponsive in Worker for 6.99s.  This is often caused by long-running GIL-holding functions or moving large chunks of data. This can cause timeouts and instability.
2026-02-18 21:00:23,631 - distributed.core - INFO - Event loop was unresponsive in Worker for 5.39s.  This is often caused by long-running GIL-holding functions or moving large chunks of data. This can cause timeouts and instability.
2026-02-18 21:00:44,854 - distributed.core - INFO - Event loop was unresponsive in Worker for 7.91s.  This is often caused by long-running GIL-holding functions or moving large chunks of data. This can cause timeouts and instability.
2026-02-18 21:00:57,416 - distributed.core - INFO - Event loop was unresponsive in Worker for 3.75s.  This is often caused by long-running GIL-holding functions or moving large chunks of data. This can cause timeouts and instability.
2026-02-18 21:01:04,548 - distributed.core - INFO - Event loop was unresponsive in Worker for 6.34s.  This is often caused by long-running GIL-holding functions or moving large chunks of data. This can cause timeouts and instability.
2026-02-18 21:27:23,303 - distributed.worker - ERROR - Failed to communicate with scheduler during heartbeat.
Traceback (most recent call last):
  File "/home/mcn26/.conda/envs/env_tzinb/lib/python3.10/site-packages/tornado/iostream.py", line 861, in _read_to_buffer
    bytes_read = self.read_from_fd(buf)
  File "/home/mcn26/.conda/envs/env_tzinb/lib/python3.10/site-packages/tornado/iostream.py", line 1113, in read_from_fd
    return self.socket.recv_into(buf, len(buf))
ConnectionResetError: [Errno 104] Connection reset by peer

The above exception was the direct cause of the following exception:

Traceback (most recent call last):
  File "/home/mcn26/.conda/envs/env_tzinb/lib/python3.10/site-packages/distributed/worker.py", line 1273, in heartbeat
    response = await retry_operation(
  File "/home/mcn26/.conda/envs/env_tzinb/lib/python3.10/site-packages/distributed/utils_comm.py", line 416, in retry_operation
    return await retry(
  File "/home/mcn26/.conda/envs/env_tzinb/lib/python3.10/site-packages/distributed/utils_comm.py", line 395, in retry
    return await coro()
  File "/home/mcn26/.conda/envs/env_tzinb/lib/python3.10/site-packages/distributed/core.py", line 1259, in send_recv_from_rpc
    return await send_recv(comm=comm, op=key, **kwargs)
  File "/home/mcn26/.conda/envs/env_tzinb/lib/python3.10/site-packages/distributed/core.py", line 1018, in send_recv
    response = await comm.read(deserializers=deserializers)
  File "/home/mcn26/.conda/envs/env_tzinb/lib/python3.10/site-packages/distributed/comm/tcp.py", line 237, in read
    convert_stream_closed_error(self, e)
  File "/home/mcn26/.conda/envs/env_tzinb/lib/python3.10/site-packages/distributed/comm/tcp.py", line 143, in convert_stream_closed_error
    raise CommClosedError(f"in {obj}: {exc.__class__.__name__}: {exc}") from exc
distributed.comm.core.CommClosedError: in <TCP (closed) ConnectionPool.heartbeat_worker local=tcp://10.18.22.17:35146 remote=tcp://10.18.22.87:44865>: ConnectionResetError: [Errno 104] Connection reset by peer
2026-02-18 21:27:23,343 - distributed.core - INFO - Connection to tcp://10.18.22.87:44865 has been closed.
2026-02-18 21:27:23,343 - distributed.worker - INFO - Stopping worker at tcp://10.18.22.17:37795. Reason: worker-handle-scheduler-connection-broken
2026-02-18 21:27:23,344 - distributed.nanny - INFO - Closing Nanny gracefully at 'tcp://10.18.22.17:33201'. Reason: worker-handle-scheduler-connection-broken
2026-02-18 21:27:23,345 - distributed.worker - INFO - Removing Worker plugin shuffle
2026-02-18 21:27:23,346 - distributed.nanny - INFO - Worker closed
2026-02-18 21:27:25,990 - distributed.nanny - INFO - Closing Nanny at 'tcp://10.18.22.17:33201'. Reason: nanny-close-gracefully
2026-02-18 21:27:25,991 - distributed.nanny - INFO - Nanny at 'tcp://10.18.22.17:33201' closed.
2026-02-18 21:27:25,991 - distributed.dask_worker - INFO - End worker
