2026-02-18 20:19:16,619 - distributed.nanny - INFO -         Start Nanny at: 'tcp://10.18.22.17:34879'
2026-02-18 20:19:17,330 - distributed.worker - INFO -       Start worker at:    tcp://10.18.22.17:33595
2026-02-18 20:19:17,330 - distributed.worker - INFO -          Listening to:    tcp://10.18.22.17:33595
2026-02-18 20:19:17,330 - distributed.worker - INFO -           Worker name:            SLURMCluster-11
2026-02-18 20:19:17,330 - distributed.worker - INFO -          dashboard at:          10.18.22.17:46659
2026-02-18 20:19:17,330 - distributed.worker - INFO - Waiting to connect to:    tcp://10.18.22.87:44865
2026-02-18 20:19:17,330 - distributed.worker - INFO - -------------------------------------------------
2026-02-18 20:19:17,330 - distributed.worker - INFO -               Threads:                          3
2026-02-18 20:19:17,330 - distributed.worker - INFO -                Memory:                  29.80 GiB
2026-02-18 20:19:17,330 - distributed.worker - INFO -       Local Directory: /tmp/tmp.U3O2JoqqDy/dask-scratch-space/worker-wbn4d6iq
2026-02-18 20:19:17,330 - distributed.worker - INFO - -------------------------------------------------
2026-02-18 20:19:17,338 - distributed.worker - INFO - Starting Worker plugin shuffle
2026-02-18 20:19:17,339 - distributed.worker - INFO -         Registered to:    tcp://10.18.22.87:44865
2026-02-18 20:19:17,339 - distributed.worker - INFO - -------------------------------------------------
2026-02-18 20:19:17,339 - distributed.core - INFO - Starting established connection to tcp://10.18.22.87:44865
2026-02-18 20:19:49,092 - distributed.core - INFO - Event loop was unresponsive in Worker for 3.09s.  This is often caused by long-running GIL-holding functions or moving large chunks of data. This can cause timeouts and instability.
scMPRAforge: WARNING: 18158/34813 cells (52.159%) have ≥1 multi-transfection event.
scMPRAforge: WARNING: Multi-transfections exceed threshold of 2.000%!
scMPRAforge: WARNING: 17940/34814 cells (51.531%) have ≥1 multi-transfection event.
scMPRAforge: WARNING: Multi-transfections exceed threshold of 2.000%!
scMPRAforge: WARNING: 18276/34794 cells (52.526%) have ≥1 multi-transfection event.
scMPRAforge: WARNING: Multi-transfections exceed threshold of 2.000%!
scMPRAforge: WARNING: 18085/34718 cells (52.091%) have ≥1 multi-transfection event.
scMPRAforge: WARNING: Multi-transfections exceed threshold of 2.000%!
scMPRAforge: WARNING: 18405/34618 cells (53.166%) have ≥1 multi-transfection event.
scMPRAforge: WARNING: Multi-transfections exceed threshold of 2.000%!
scMPRAforge: WARNING: 18165/34808 cells (52.186%) have ≥1 multi-transfection event.
scMPRAforge: WARNING: Multi-transfections exceed threshold of 2.000%!
scMPRAforge: WARNING: 18308/34760 cells (52.670%) have ≥1 multi-transfection event.
scMPRAforge: WARNING: Multi-transfections exceed threshold of 2.000%!
scMPRAforge: WARNING: 17723/34769 cells (50.974%) have ≥1 multi-transfection event.
scMPRAforge: WARNING: Multi-transfections exceed threshold of 2.000%!
scMPRAforge: WARNING: 17817/34702 cells (51.343%) have ≥1 multi-transfection event.
scMPRAforge: WARNING: Multi-transfections exceed threshold of 2.000%!
scMPRAforge: WARNING: 18034/34689 cells (51.988%) have ≥1 multi-transfection event.
scMPRAforge: WARNING: Multi-transfections exceed threshold of 2.000%!
scMPRAforge: WARNING: 18106/34738 cells (52.122%) have ≥1 multi-transfection event.
scMPRAforge: WARNING: Multi-transfections exceed threshold of 2.000%!
scMPRAforge: WARNING: 17676/34681 cells (50.967%) have ≥1 multi-transfection event.
scMPRAforge: WARNING: Multi-transfections exceed threshold of 2.000%!
scMPRAforge: WARNING: 18241/34835 cells (52.364%) have ≥1 multi-transfection event.
scMPRAforge: WARNING: Multi-transfections exceed threshold of 2.000%!
scMPRAforge: WARNING: 18085/34742 cells (52.055%) have ≥1 multi-transfection event.
scMPRAforge: WARNING: Multi-transfections exceed threshold of 2.000%!
scMPRAforge: WARNING: 18102/34677 cells (52.202%) have ≥1 multi-transfection event.
scMPRAforge: WARNING: Multi-transfections exceed threshold of 2.000%!
scMPRAforge: WARNING: 17984/34761 cells (51.736%) have ≥1 multi-transfection event.
scMPRAforge: WARNING: Multi-transfections exceed threshold of 2.000%!
scMPRAforge: WARNING: 18195/34722 cells (52.402%) have ≥1 multi-transfection event.
scMPRAforge: WARNING: Multi-transfections exceed threshold of 2.000%!
scMPRAforge: WARNING: 18062/34743 cells (51.987%) have ≥1 multi-transfection event.
scMPRAforge: WARNING: Multi-transfections exceed threshold of 2.000%!
2026-02-18 20:59:12,587 - distributed.core - INFO - Event loop was unresponsive in Worker for 6.18s.  This is often caused by long-running GIL-holding functions or moving large chunks of data. This can cause timeouts and instability.
2026-02-18 20:59:18,020 - distributed.core - INFO - Event loop was unresponsive in Worker for 5.43s.  This is often caused by long-running GIL-holding functions or moving large chunks of data. This can cause timeouts and instability.
2026-02-18 20:59:31,354 - distributed.core - INFO - Event loop was unresponsive in Worker for 3.11s.  This is often caused by long-running GIL-holding functions or moving large chunks of data. This can cause timeouts and instability.
2026-02-18 20:59:39,474 - distributed.core - INFO - Event loop was unresponsive in Worker for 8.12s.  This is often caused by long-running GIL-holding functions or moving large chunks of data. This can cause timeouts and instability.
2026-02-18 20:59:54,995 - distributed.core - INFO - Event loop was unresponsive in Worker for 6.16s.  This is often caused by long-running GIL-holding functions or moving large chunks of data. This can cause timeouts and instability.
2026-02-18 21:00:14,301 - distributed.core - INFO - Event loop was unresponsive in Worker for 3.31s.  This is often caused by long-running GIL-holding functions or moving large chunks of data. This can cause timeouts and instability.
2026-02-18 21:00:22,596 - distributed.core - INFO - Event loop was unresponsive in Worker for 6.81s.  This is often caused by long-running GIL-holding functions or moving large chunks of data. This can cause timeouts and instability.
2026-02-18 21:00:35,161 - distributed.core - INFO - Event loop was unresponsive in Worker for 3.62s.  This is often caused by long-running GIL-holding functions or moving large chunks of data. This can cause timeouts and instability.
2026-02-18 21:00:41,454 - distributed.core - INFO - Event loop was unresponsive in Worker for 6.29s.  This is often caused by long-running GIL-holding functions or moving large chunks of data. This can cause timeouts and instability.
2026-02-18 21:00:56,296 - distributed.core - INFO - Event loop was unresponsive in Worker for 5.94s.  This is often caused by long-running GIL-holding functions or moving large chunks of data. This can cause timeouts and instability.
2026-02-18 21:27:23,304 - distributed.core - INFO - Connection to tcp://10.18.22.87:44865 has been closed.
2026-02-18 21:27:23,312 - distributed.worker - INFO - Stopping worker at tcp://10.18.22.17:33595. Reason: worker-handle-scheduler-connection-broken
2026-02-18 21:27:23,313 - distributed.nanny - INFO - Closing Nanny gracefully at 'tcp://10.18.22.17:34879'. Reason: worker-handle-scheduler-connection-broken
2026-02-18 21:27:23,313 - distributed.worker - INFO - Removing Worker plugin shuffle
2026-02-18 21:27:23,315 - distributed.nanny - INFO - Worker closed
2026-02-18 21:27:25,928 - distributed.nanny - INFO - Closing Nanny at 'tcp://10.18.22.17:34879'. Reason: nanny-close-gracefully
2026-02-18 21:27:25,928 - distributed.nanny - INFO - Nanny at 'tcp://10.18.22.17:34879' closed.
2026-02-18 21:27:25,928 - distributed.dask_worker - INFO - End worker
