2026-02-18 20:19:17,994 - distributed.nanny - INFO -         Start Nanny at: 'tcp://10.18.22.40:37931'
2026-02-18 20:19:19,268 - distributed.worker - INFO -       Start worker at:    tcp://10.18.22.40:41425
2026-02-18 20:19:19,268 - distributed.worker - INFO -          Listening to:    tcp://10.18.22.40:41425
2026-02-18 20:19:19,268 - distributed.worker - INFO -           Worker name:             SLURMCluster-2
2026-02-18 20:19:19,268 - distributed.worker - INFO -          dashboard at:          10.18.22.40:32901
2026-02-18 20:19:19,268 - distributed.worker - INFO - Waiting to connect to:    tcp://10.18.22.87:44865
2026-02-18 20:19:19,268 - distributed.worker - INFO - -------------------------------------------------
2026-02-18 20:19:19,268 - distributed.worker - INFO -               Threads:                          3
2026-02-18 20:19:19,268 - distributed.worker - INFO -                Memory:                  29.80 GiB
2026-02-18 20:19:19,268 - distributed.worker - INFO -       Local Directory: /tmp/tmp.U3O2JoqqDy/dask-scratch-space/worker-incszneg
2026-02-18 20:19:19,268 - distributed.worker - INFO - -------------------------------------------------
2026-02-18 20:19:19,290 - distributed.worker - INFO - Starting Worker plugin shuffle
2026-02-18 20:19:19,290 - distributed.worker - INFO -         Registered to:    tcp://10.18.22.87:44865
2026-02-18 20:19:19,290 - distributed.worker - INFO - -------------------------------------------------
2026-02-18 20:19:19,290 - distributed.core - INFO - Starting established connection to tcp://10.18.22.87:44865
2026-02-18 20:19:58,018 - distributed.core - INFO - Event loop was unresponsive in Worker for 10.79s.  This is often caused by long-running GIL-holding functions or moving large chunks of data. This can cause timeouts and instability.
scMPRAforge: WARNING: 17998/34648 cells (51.945%) have ≥1 multi-transfection event.
scMPRAforge: WARNING: Multi-transfections exceed threshold of 2.000%!
scMPRAforge: WARNING: 17876/34713 cells (51.497%) have ≥1 multi-transfection event.
scMPRAforge: WARNING: Multi-transfections exceed threshold of 2.000%!
scMPRAforge: WARNING: 17935/34685 cells (51.708%) have ≥1 multi-transfection event.
scMPRAforge: WARNING: Multi-transfections exceed threshold of 2.000%!
scMPRAforge: WARNING: 18015/34750 cells (51.842%) have ≥1 multi-transfection event.
scMPRAforge: WARNING: Multi-transfections exceed threshold of 2.000%!
scMPRAforge: WARNING: 18026/34703 cells (51.944%) have ≥1 multi-transfection event.
scMPRAforge: WARNING: Multi-transfections exceed threshold of 2.000%!
scMPRAforge: WARNING: 18295/34769 cells (52.619%) have ≥1 multi-transfection event.
scMPRAforge: WARNING: Multi-transfections exceed threshold of 2.000%!
scMPRAforge: WARNING: 17845/34724 cells (51.391%) have ≥1 multi-transfection event.
scMPRAforge: WARNING: Multi-transfections exceed threshold of 2.000%!
scMPRAforge: WARNING: 18075/34812 cells (51.922%) have ≥1 multi-transfection event.
scMPRAforge: WARNING: Multi-transfections exceed threshold of 2.000%!
scMPRAforge: WARNING: 17912/34700 cells (51.620%) have ≥1 multi-transfection event.
scMPRAforge: WARNING: Multi-transfections exceed threshold of 2.000%!
scMPRAforge: WARNING: 17554/34756 cells (50.506%) have ≥1 multi-transfection event.
scMPRAforge: WARNING: Multi-transfections exceed threshold of 2.000%!
scMPRAforge: WARNING: 17991/34688 cells (51.865%) have ≥1 multi-transfection event.
scMPRAforge: WARNING: Multi-transfections exceed threshold of 2.000%!
scMPRAforge: WARNING: 18013/34796 cells (51.767%) have ≥1 multi-transfection event.
scMPRAforge: WARNING: Multi-transfections exceed threshold of 2.000%!
scMPRAforge: WARNING: 17581/34743 cells (50.603%) have ≥1 multi-transfection event.
scMPRAforge: WARNING: Multi-transfections exceed threshold of 2.000%!
scMPRAforge: WARNING: 18020/34745 cells (51.864%) have ≥1 multi-transfection event.
scMPRAforge: WARNING: Multi-transfections exceed threshold of 2.000%!
scMPRAforge: WARNING: 17958/34746 cells (51.684%) have ≥1 multi-transfection event.
scMPRAforge: WARNING: Multi-transfections exceed threshold of 2.000%!
scMPRAforge: WARNING: 17773/34643 cells (51.303%) have ≥1 multi-transfection event.
scMPRAforge: WARNING: Multi-transfections exceed threshold of 2.000%!
scMPRAforge: WARNING: 17949/34766 cells (51.628%) have ≥1 multi-transfection event.
scMPRAforge: WARNING: Multi-transfections exceed threshold of 2.000%!
2026-02-18 20:59:16,433 - distributed.core - INFO - Event loop was unresponsive in Worker for 7.63s.  This is often caused by long-running GIL-holding functions or moving large chunks of data. This can cause timeouts and instability.
2026-02-18 20:59:36,049 - distributed.core - INFO - Event loop was unresponsive in Worker for 7.73s.  This is often caused by long-running GIL-holding functions or moving large chunks of data. This can cause timeouts and instability.
2026-02-18 20:59:54,522 - distributed.core - INFO - Event loop was unresponsive in Worker for 3.72s.  This is often caused by long-running GIL-holding functions or moving large chunks of data. This can cause timeouts and instability.
2026-02-18 21:00:22,769 - distributed.core - INFO - Event loop was unresponsive in Worker for 9.65s.  This is often caused by long-running GIL-holding functions or moving large chunks of data. This can cause timeouts and instability.
2026-02-18 21:00:42,251 - distributed.core - INFO - Event loop was unresponsive in Worker for 7.22s.  This is often caused by long-running GIL-holding functions or moving large chunks of data. This can cause timeouts and instability.
2026-02-18 21:00:47,045 - distributed.core - INFO - Event loop was unresponsive in Worker for 4.79s.  This is often caused by long-running GIL-holding functions or moving large chunks of data. This can cause timeouts and instability.
2026-02-18 21:00:55,858 - distributed.core - INFO - Event loop was unresponsive in Worker for 3.35s.  This is often caused by long-running GIL-holding functions or moving large chunks of data. This can cause timeouts and instability.
2026-02-18 21:27:23,303 - distributed.worker - ERROR - Failed to communicate with scheduler during heartbeat.
Traceback (most recent call last):
  File "/home/mcn26/.conda/envs/env_tzinb/lib/python3.10/site-packages/tornado/iostream.py", line 861, in _read_to_buffer
    bytes_read = self.read_from_fd(buf)
  File "/home/mcn26/.conda/envs/env_tzinb/lib/python3.10/site-packages/tornado/iostream.py", line 1113, in read_from_fd
    return self.socket.recv_into(buf, len(buf))
ConnectionResetError: [Errno 104] Connection reset by peer

The above exception was the direct cause of the following exception:

Traceback (most recent call last):
  File "/home/mcn26/.conda/envs/env_tzinb/lib/python3.10/site-packages/distributed/worker.py", line 1273, in heartbeat
    response = await retry_operation(
  File "/home/mcn26/.conda/envs/env_tzinb/lib/python3.10/site-packages/distributed/utils_comm.py", line 416, in retry_operation
    return await retry(
  File "/home/mcn26/.conda/envs/env_tzinb/lib/python3.10/site-packages/distributed/utils_comm.py", line 395, in retry
    return await coro()
  File "/home/mcn26/.conda/envs/env_tzinb/lib/python3.10/site-packages/distributed/core.py", line 1259, in send_recv_from_rpc
    return await send_recv(comm=comm, op=key, **kwargs)
  File "/home/mcn26/.conda/envs/env_tzinb/lib/python3.10/site-packages/distributed/core.py", line 1018, in send_recv
    response = await comm.read(deserializers=deserializers)
  File "/home/mcn26/.conda/envs/env_tzinb/lib/python3.10/site-packages/distributed/comm/tcp.py", line 237, in read
    convert_stream_closed_error(self, e)
  File "/home/mcn26/.conda/envs/env_tzinb/lib/python3.10/site-packages/distributed/comm/tcp.py", line 143, in convert_stream_closed_error
    raise CommClosedError(f"in {obj}: {exc.__class__.__name__}: {exc}") from exc
distributed.comm.core.CommClosedError: in <TCP (closed) ConnectionPool.heartbeat_worker local=tcp://10.18.22.40:47810 remote=tcp://10.18.22.87:44865>: ConnectionResetError: [Errno 104] Connection reset by peer
2026-02-18 21:27:23,329 - distributed.core - INFO - Connection to tcp://10.18.22.87:44865 has been closed.
2026-02-18 21:27:23,329 - distributed.worker - INFO - Stopping worker at tcp://10.18.22.40:41425. Reason: worker-handle-scheduler-connection-broken
2026-02-18 21:27:23,330 - distributed.nanny - INFO - Closing Nanny gracefully at 'tcp://10.18.22.40:37931'. Reason: worker-handle-scheduler-connection-broken
2026-02-18 21:27:23,330 - distributed.worker - INFO - Removing Worker plugin shuffle
2026-02-18 21:27:23,336 - distributed.nanny - INFO - Worker closed
2026-02-18 21:27:26,150 - distributed.nanny - INFO - Closing Nanny at 'tcp://10.18.22.40:37931'. Reason: nanny-close-gracefully
2026-02-18 21:27:26,150 - distributed.nanny - INFO - Nanny at 'tcp://10.18.22.40:37931' closed.
2026-02-18 21:27:26,151 - distributed.dask_worker - INFO - End worker
