2026-02-18 20:19:16,525 - distributed.nanny - INFO -         Start Nanny at: 'tcp://10.18.22.15:41301'
2026-02-18 20:19:17,228 - distributed.worker - INFO -       Start worker at:    tcp://10.18.22.15:45159
2026-02-18 20:19:17,228 - distributed.worker - INFO -          Listening to:    tcp://10.18.22.15:45159
2026-02-18 20:19:17,228 - distributed.worker - INFO -           Worker name:            SLURMCluster-26
2026-02-18 20:19:17,228 - distributed.worker - INFO -          dashboard at:          10.18.22.15:36025
2026-02-18 20:19:17,228 - distributed.worker - INFO - Waiting to connect to:    tcp://10.18.22.87:44865
2026-02-18 20:19:17,228 - distributed.worker - INFO - -------------------------------------------------
2026-02-18 20:19:17,228 - distributed.worker - INFO -               Threads:                          3
2026-02-18 20:19:17,228 - distributed.worker - INFO -                Memory:                  29.80 GiB
2026-02-18 20:19:17,228 - distributed.worker - INFO -       Local Directory: /tmp/tmp.U3O2JoqqDy/dask-scratch-space/worker-2_1irtp7
2026-02-18 20:19:17,228 - distributed.worker - INFO - -------------------------------------------------
2026-02-18 20:19:17,237 - distributed.worker - INFO - Starting Worker plugin shuffle
2026-02-18 20:19:17,237 - distributed.worker - INFO -         Registered to:    tcp://10.18.22.87:44865
2026-02-18 20:19:17,237 - distributed.worker - INFO - -------------------------------------------------
2026-02-18 20:19:17,237 - distributed.core - INFO - Starting established connection to tcp://10.18.22.87:44865
2026-02-18 20:19:49,066 - distributed.core - INFO - Event loop was unresponsive in Worker for 3.09s.  This is often caused by long-running GIL-holding functions or moving large chunks of data. This can cause timeouts and instability.
scMPRAforge: WARNING: 17925/34808 cells (51.497%) have ≥1 multi-transfection event.
scMPRAforge: WARNING: Multi-transfections exceed threshold of 2.000%!
scMPRAforge: WARNING: 18111/34743 cells (52.128%) have ≥1 multi-transfection event.
scMPRAforge: WARNING: Multi-transfections exceed threshold of 2.000%!
scMPRAforge: WARNING: 18013/34676 cells (51.947%) have ≥1 multi-transfection event.
scMPRAforge: WARNING: Multi-transfections exceed threshold of 2.000%!
scMPRAforge: WARNING: 18054/34793 cells (51.890%) have ≥1 multi-transfection event.
scMPRAforge: WARNING: Multi-transfections exceed threshold of 2.000%!
scMPRAforge: WARNING: 18263/34750 cells (52.555%) have ≥1 multi-transfection event.
scMPRAforge: WARNING: Multi-transfections exceed threshold of 2.000%!
scMPRAforge: WARNING: 17788/34721 cells (51.231%) have ≥1 multi-transfection event.
scMPRAforge: WARNING: Multi-transfections exceed threshold of 2.000%!
scMPRAforge: WARNING: 17954/34787 cells (51.611%) have ≥1 multi-transfection event.
scMPRAforge: WARNING: Multi-transfections exceed threshold of 2.000%!
scMPRAforge: WARNING: 18102/34726 cells (52.128%) have ≥1 multi-transfection event.
scMPRAforge: WARNING: Multi-transfections exceed threshold of 2.000%!
scMPRAforge: WARNING: 17700/34711 cells (50.992%) have ≥1 multi-transfection event.
scMPRAforge: WARNING: Multi-transfections exceed threshold of 2.000%!
scMPRAforge: WARNING: 18124/34742 cells (52.167%) have ≥1 multi-transfection event.
scMPRAforge: WARNING: Multi-transfections exceed threshold of 2.000%!
scMPRAforge: WARNING: 17839/34780 cells (51.291%) have ≥1 multi-transfection event.
scMPRAforge: WARNING: Multi-transfections exceed threshold of 2.000%!
scMPRAforge: WARNING: 17966/34709 cells (51.762%) have ≥1 multi-transfection event.
scMPRAforge: WARNING: Multi-transfections exceed threshold of 2.000%!
scMPRAforge: WARNING: 17956/34728 cells (51.705%) have ≥1 multi-transfection event.
scMPRAforge: WARNING: Multi-transfections exceed threshold of 2.000%!
scMPRAforge: WARNING: 18053/34778 cells (51.909%) have ≥1 multi-transfection event.
scMPRAforge: WARNING: Multi-transfections exceed threshold of 2.000%!
scMPRAforge: WARNING: 18280/34694 cells (52.689%) have ≥1 multi-transfection event.
scMPRAforge: WARNING: Multi-transfections exceed threshold of 2.000%!
scMPRAforge: WARNING: 17837/34688 cells (51.421%) have ≥1 multi-transfection event.
scMPRAforge: WARNING: Multi-transfections exceed threshold of 2.000%!
scMPRAforge: WARNING: 18009/34834 cells (51.699%) have ≥1 multi-transfection event.
scMPRAforge: WARNING: Multi-transfections exceed threshold of 2.000%!
2026-02-18 20:59:10,789 - distributed.core - INFO - Event loop was unresponsive in Worker for 4.18s.  This is often caused by long-running GIL-holding functions or moving large chunks of data. This can cause timeouts and instability.
2026-02-18 20:59:16,953 - distributed.core - INFO - Event loop was unresponsive in Worker for 6.16s.  This is often caused by long-running GIL-holding functions or moving large chunks of data. This can cause timeouts and instability.
2026-02-18 20:59:37,554 - distributed.core - INFO - Event loop was unresponsive in Worker for 8.15s.  This is often caused by long-running GIL-holding functions or moving large chunks of data. This can cause timeouts and instability.
2026-02-18 20:59:55,249 - distributed.core - INFO - Event loop was unresponsive in Worker for 3.20s.  This is often caused by long-running GIL-holding functions or moving large chunks of data. This can cause timeouts and instability.
2026-02-18 21:00:03,105 - distributed.core - INFO - Event loop was unresponsive in Worker for 7.86s.  This is often caused by long-running GIL-holding functions or moving large chunks of data. This can cause timeouts and instability.
2026-02-18 21:00:18,073 - distributed.core - INFO - Event loop was unresponsive in Worker for 4.25s.  This is often caused by long-running GIL-holding functions or moving large chunks of data. This can cause timeouts and instability.
2026-02-18 21:00:24,649 - distributed.core - INFO - Event loop was unresponsive in Worker for 6.58s.  This is often caused by long-running GIL-holding functions or moving large chunks of data. This can cause timeouts and instability.
2026-02-18 21:00:42,171 - distributed.core - INFO - Event loop was unresponsive in Worker for 7.76s.  This is often caused by long-running GIL-holding functions or moving large chunks of data. This can cause timeouts and instability.
2026-02-18 21:00:46,190 - distributed.core - INFO - Event loop was unresponsive in Worker for 4.02s.  This is often caused by long-running GIL-holding functions or moving large chunks of data. This can cause timeouts and instability.
2026-02-18 21:27:23,303 - distributed.core - INFO - Connection to tcp://10.18.22.87:44865 has been closed.
2026-02-18 21:27:23,313 - distributed.worker - INFO - Stopping worker at tcp://10.18.22.15:45159. Reason: worker-handle-scheduler-connection-broken
2026-02-18 21:27:23,314 - distributed.worker - ERROR - Failed to communicate with scheduler during heartbeat.
Traceback (most recent call last):
  File "/home/mcn26/.conda/envs/env_tzinb/lib/python3.10/site-packages/tornado/iostream.py", line 861, in _read_to_buffer
    bytes_read = self.read_from_fd(buf)
  File "/home/mcn26/.conda/envs/env_tzinb/lib/python3.10/site-packages/tornado/iostream.py", line 1113, in read_from_fd
    return self.socket.recv_into(buf, len(buf))
ConnectionResetError: [Errno 104] Connection reset by peer

The above exception was the direct cause of the following exception:

Traceback (most recent call last):
  File "/home/mcn26/.conda/envs/env_tzinb/lib/python3.10/site-packages/distributed/worker.py", line 1273, in heartbeat
    response = await retry_operation(
  File "/home/mcn26/.conda/envs/env_tzinb/lib/python3.10/site-packages/distributed/utils_comm.py", line 416, in retry_operation
    return await retry(
  File "/home/mcn26/.conda/envs/env_tzinb/lib/python3.10/site-packages/distributed/utils_comm.py", line 395, in retry
    return await coro()
  File "/home/mcn26/.conda/envs/env_tzinb/lib/python3.10/site-packages/distributed/core.py", line 1259, in send_recv_from_rpc
    return await send_recv(comm=comm, op=key, **kwargs)
  File "/home/mcn26/.conda/envs/env_tzinb/lib/python3.10/site-packages/distributed/core.py", line 1018, in send_recv
    response = await comm.read(deserializers=deserializers)
  File "/home/mcn26/.conda/envs/env_tzinb/lib/python3.10/site-packages/distributed/comm/tcp.py", line 237, in read
    convert_stream_closed_error(self, e)
  File "/home/mcn26/.conda/envs/env_tzinb/lib/python3.10/site-packages/distributed/comm/tcp.py", line 143, in convert_stream_closed_error
    raise CommClosedError(f"in {obj}: {exc.__class__.__name__}: {exc}") from exc
distributed.comm.core.CommClosedError: in <TCP (closed) ConnectionPool.heartbeat_worker local=tcp://10.18.22.15:57018 remote=tcp://10.18.22.87:44865>: ConnectionResetError: [Errno 104] Connection reset by peer
2026-02-18 21:27:23,315 - distributed.nanny - INFO - Closing Nanny gracefully at 'tcp://10.18.22.15:41301'. Reason: worker-handle-scheduler-connection-broken
2026-02-18 21:27:23,315 - distributed.worker - INFO - Removing Worker plugin shuffle
2026-02-18 21:27:23,317 - distributed.nanny - INFO - Worker closed
2026-02-18 21:27:26,150 - distributed.nanny - INFO - Closing Nanny at 'tcp://10.18.22.15:41301'. Reason: nanny-close-gracefully
2026-02-18 21:27:26,151 - distributed.nanny - INFO - Nanny at 'tcp://10.18.22.15:41301' closed.
2026-02-18 21:27:26,151 - distributed.dask_worker - INFO - End worker
