2026-02-18 20:19:16,525 - distributed.nanny - INFO -         Start Nanny at: 'tcp://10.18.22.15:37359'
2026-02-18 20:19:17,228 - distributed.worker - INFO -       Start worker at:    tcp://10.18.22.15:44959
2026-02-18 20:19:17,228 - distributed.worker - INFO -          Listening to:    tcp://10.18.22.15:44959
2026-02-18 20:19:17,228 - distributed.worker - INFO -           Worker name:            SLURMCluster-12
2026-02-18 20:19:17,228 - distributed.worker - INFO -          dashboard at:          10.18.22.15:33165
2026-02-18 20:19:17,228 - distributed.worker - INFO - Waiting to connect to:    tcp://10.18.22.87:44865
2026-02-18 20:19:17,228 - distributed.worker - INFO - -------------------------------------------------
2026-02-18 20:19:17,228 - distributed.worker - INFO -               Threads:                          3
2026-02-18 20:19:17,228 - distributed.worker - INFO -                Memory:                  29.80 GiB
2026-02-18 20:19:17,228 - distributed.worker - INFO -       Local Directory: /tmp/tmp.U3O2JoqqDy/dask-scratch-space/worker-5r8qqwvo
2026-02-18 20:19:17,228 - distributed.worker - INFO - -------------------------------------------------
2026-02-18 20:19:17,237 - distributed.worker - INFO - Starting Worker plugin shuffle
2026-02-18 20:19:17,237 - distributed.worker - INFO -         Registered to:    tcp://10.18.22.87:44865
2026-02-18 20:19:17,237 - distributed.worker - INFO - -------------------------------------------------
2026-02-18 20:19:17,237 - distributed.core - INFO - Starting established connection to tcp://10.18.22.87:44865
scMPRAforge: WARNING: 18051/34756 cells (51.936%) have ≥1 multi-transfection event.
scMPRAforge: WARNING: Multi-transfections exceed threshold of 2.000%!
scMPRAforge: WARNING: 17959/34785 cells (51.629%) have ≥1 multi-transfection event.
scMPRAforge: WARNING: Multi-transfections exceed threshold of 2.000%!
scMPRAforge: WARNING: 17990/34667 cells (51.894%) have ≥1 multi-transfection event.
scMPRAforge: WARNING: Multi-transfections exceed threshold of 2.000%!
scMPRAforge: WARNING: 18212/34677 cells (52.519%) have ≥1 multi-transfection event.
scMPRAforge: WARNING: Multi-transfections exceed threshold of 2.000%!
scMPRAforge: WARNING: 18016/34731 cells (51.873%) have ≥1 multi-transfection event.
scMPRAforge: WARNING: Multi-transfections exceed threshold of 2.000%!
scMPRAforge: WARNING: 18029/34676 cells (51.993%) have ≥1 multi-transfection event.
scMPRAforge: WARNING: Multi-transfections exceed threshold of 2.000%!
scMPRAforge: WARNING: 18251/34708 cells (52.584%) have ≥1 multi-transfection event.
scMPRAforge: WARNING: Multi-transfections exceed threshold of 2.000%!
scMPRAforge: WARNING: 17983/34685 cells (51.847%) have ≥1 multi-transfection event.
scMPRAforge: WARNING: Multi-transfections exceed threshold of 2.000%!
scMPRAforge: WARNING: 17908/34687 cells (51.627%) have ≥1 multi-transfection event.
scMPRAforge: WARNING: Multi-transfections exceed threshold of 2.000%!
scMPRAforge: WARNING: 18007/34805 cells (51.737%) have ≥1 multi-transfection event.
scMPRAforge: WARNING: Multi-transfections exceed threshold of 2.000%!
scMPRAforge: WARNING: 18153/34694 cells (52.323%) have ≥1 multi-transfection event.
scMPRAforge: WARNING: Multi-transfections exceed threshold of 2.000%!
scMPRAforge: WARNING: 18140/34727 cells (52.236%) have ≥1 multi-transfection event.
scMPRAforge: WARNING: Multi-transfections exceed threshold of 2.000%!
scMPRAforge: WARNING: 17838/34720 cells (51.377%) have ≥1 multi-transfection event.
scMPRAforge: WARNING: Multi-transfections exceed threshold of 2.000%!
scMPRAforge: WARNING: 18128/34706 cells (52.233%) have ≥1 multi-transfection event.
scMPRAforge: WARNING: Multi-transfections exceed threshold of 2.000%!
scMPRAforge: WARNING: 17701/34743 cells (50.948%) have ≥1 multi-transfection event.
scMPRAforge: WARNING: Multi-transfections exceed threshold of 2.000%!
scMPRAforge: WARNING: 18084/34658 cells (52.178%) have ≥1 multi-transfection event.
scMPRAforge: WARNING: Multi-transfections exceed threshold of 2.000%!
scMPRAforge: WARNING: 17952/34737 cells (51.680%) have ≥1 multi-transfection event.
scMPRAforge: WARNING: Multi-transfections exceed threshold of 2.000%!
2026-02-18 20:59:19,465 - distributed.core - INFO - Event loop was unresponsive in Worker for 12.30s.  This is often caused by long-running GIL-holding functions or moving large chunks of data. This can cause timeouts and instability.
2026-02-18 20:59:37,476 - distributed.core - INFO - Event loop was unresponsive in Worker for 8.00s.  This is often caused by long-running GIL-holding functions or moving large chunks of data. This can cause timeouts and instability.
2026-02-18 20:59:55,451 - distributed.core - INFO - Event loop was unresponsive in Worker for 3.70s.  This is often caused by long-running GIL-holding functions or moving large chunks of data. This can cause timeouts and instability.
2026-02-18 21:00:03,798 - distributed.core - INFO - Event loop was unresponsive in Worker for 8.35s.  This is often caused by long-running GIL-holding functions or moving large chunks of data. This can cause timeouts and instability.
2026-02-18 21:00:20,103 - distributed.core - INFO - Event loop was unresponsive in Worker for 5.26s.  This is often caused by long-running GIL-holding functions or moving large chunks of data. This can cause timeouts and instability.
2026-02-18 21:00:23,553 - distributed.core - INFO - Event loop was unresponsive in Worker for 3.45s.  This is often caused by long-running GIL-holding functions or moving large chunks of data. This can cause timeouts and instability.
2026-02-18 21:00:40,204 - distributed.core - INFO - Event loop was unresponsive in Worker for 4.67s.  This is often caused by long-running GIL-holding functions or moving large chunks of data. This can cause timeouts and instability.
2026-02-18 21:00:44,615 - distributed.core - INFO - Event loop was unresponsive in Worker for 4.41s.  This is often caused by long-running GIL-holding functions or moving large chunks of data. This can cause timeouts and instability.
2026-02-18 21:00:56,533 - distributed.core - INFO - Event loop was unresponsive in Worker for 3.70s.  This is often caused by long-running GIL-holding functions or moving large chunks of data. This can cause timeouts and instability.
2026-02-18 21:27:23,304 - distributed.worker - ERROR - Failed to communicate with scheduler during heartbeat.
Traceback (most recent call last):
  File "/home/mcn26/.conda/envs/env_tzinb/lib/python3.10/site-packages/tornado/iostream.py", line 861, in _read_to_buffer
    bytes_read = self.read_from_fd(buf)
  File "/home/mcn26/.conda/envs/env_tzinb/lib/python3.10/site-packages/tornado/iostream.py", line 1113, in read_from_fd
    return self.socket.recv_into(buf, len(buf))
ConnectionResetError: [Errno 104] Connection reset by peer

The above exception was the direct cause of the following exception:

Traceback (most recent call last):
  File "/home/mcn26/.conda/envs/env_tzinb/lib/python3.10/site-packages/distributed/worker.py", line 1273, in heartbeat
    response = await retry_operation(
  File "/home/mcn26/.conda/envs/env_tzinb/lib/python3.10/site-packages/distributed/utils_comm.py", line 416, in retry_operation
    return await retry(
  File "/home/mcn26/.conda/envs/env_tzinb/lib/python3.10/site-packages/distributed/utils_comm.py", line 395, in retry
    return await coro()
  File "/home/mcn26/.conda/envs/env_tzinb/lib/python3.10/site-packages/distributed/core.py", line 1259, in send_recv_from_rpc
    return await send_recv(comm=comm, op=key, **kwargs)
  File "/home/mcn26/.conda/envs/env_tzinb/lib/python3.10/site-packages/distributed/core.py", line 1018, in send_recv
    response = await comm.read(deserializers=deserializers)
  File "/home/mcn26/.conda/envs/env_tzinb/lib/python3.10/site-packages/distributed/comm/tcp.py", line 237, in read
    convert_stream_closed_error(self, e)
  File "/home/mcn26/.conda/envs/env_tzinb/lib/python3.10/site-packages/distributed/comm/tcp.py", line 143, in convert_stream_closed_error
    raise CommClosedError(f"in {obj}: {exc.__class__.__name__}: {exc}") from exc
distributed.comm.core.CommClosedError: in <TCP (closed) ConnectionPool.heartbeat_worker local=tcp://10.18.22.15:57016 remote=tcp://10.18.22.87:44865>: ConnectionResetError: [Errno 104] Connection reset by peer
2026-02-18 21:27:23,314 - distributed.core - INFO - Connection to tcp://10.18.22.87:44865 has been closed.
2026-02-18 21:27:23,315 - distributed.worker - INFO - Stopping worker at tcp://10.18.22.15:44959. Reason: worker-handle-scheduler-connection-broken
2026-02-18 21:27:23,316 - distributed.nanny - INFO - Closing Nanny gracefully at 'tcp://10.18.22.15:37359'. Reason: worker-handle-scheduler-connection-broken
2026-02-18 21:27:23,316 - distributed.worker - INFO - Removing Worker plugin shuffle
2026-02-18 21:27:23,337 - distributed.nanny - INFO - Worker closed
2026-02-18 21:27:26,150 - distributed.nanny - INFO - Closing Nanny at 'tcp://10.18.22.15:37359'. Reason: nanny-close-gracefully
2026-02-18 21:27:26,150 - distributed.nanny - INFO - Nanny at 'tcp://10.18.22.15:37359' closed.
2026-02-18 21:27:26,151 - distributed.dask_worker - INFO - End worker
