2026-02-18 20:19:16,871 - distributed.nanny - INFO -         Start Nanny at: 'tcp://10.18.22.86:45729'
2026-02-18 20:19:17,875 - distributed.worker - INFO -       Start worker at:    tcp://10.18.22.86:36677
2026-02-18 20:19:17,875 - distributed.worker - INFO -          Listening to:    tcp://10.18.22.86:36677
2026-02-18 20:19:17,875 - distributed.worker - INFO -           Worker name:            SLURMCluster-14
2026-02-18 20:19:17,875 - distributed.worker - INFO -          dashboard at:          10.18.22.86:34789
2026-02-18 20:19:17,875 - distributed.worker - INFO - Waiting to connect to:    tcp://10.18.22.87:44865
2026-02-18 20:19:17,875 - distributed.worker - INFO - -------------------------------------------------
2026-02-18 20:19:17,875 - distributed.worker - INFO -               Threads:                          3
2026-02-18 20:19:17,875 - distributed.worker - INFO -                Memory:                  29.80 GiB
2026-02-18 20:19:17,875 - distributed.worker - INFO -       Local Directory: /tmp/tmp.U3O2JoqqDy/dask-scratch-space/worker-aeuvuw55
2026-02-18 20:19:17,875 - distributed.worker - INFO - -------------------------------------------------
2026-02-18 20:19:17,886 - distributed.worker - INFO - Starting Worker plugin shuffle
2026-02-18 20:19:17,887 - distributed.worker - INFO -         Registered to:    tcp://10.18.22.87:44865
2026-02-18 20:19:17,887 - distributed.worker - INFO - -------------------------------------------------
2026-02-18 20:19:17,887 - distributed.core - INFO - Starting established connection to tcp://10.18.22.87:44865
2026-02-18 20:19:47,320 - distributed.core - INFO - Event loop was unresponsive in Worker for 3.19s.  This is often caused by long-running GIL-holding functions or moving large chunks of data. This can cause timeouts and instability.
scMPRAforge: WARNING: 18038/34706 cells (51.974%) have ≥1 multi-transfection event.
scMPRAforge: WARNING: Multi-transfections exceed threshold of 2.000%!
scMPRAforge: WARNING: 17874/34693 cells (51.520%) have ≥1 multi-transfection event.
scMPRAforge: WARNING: Multi-transfections exceed threshold of 2.000%!
scMPRAforge: WARNING: 18377/34713 cells (52.940%) have ≥1 multi-transfection event.
scMPRAforge: WARNING: Multi-transfections exceed threshold of 2.000%!
scMPRAforge: WARNING: 17860/34716 cells (51.446%) have ≥1 multi-transfection event.
scMPRAforge: WARNING: Multi-transfections exceed threshold of 2.000%!
scMPRAforge: WARNING: 18011/34821 cells (51.725%) have ≥1 multi-transfection event.
scMPRAforge: WARNING: Multi-transfections exceed threshold of 2.000%!
scMPRAforge: WARNING: 17979/34750 cells (51.738%) have ≥1 multi-transfection event.
scMPRAforge: WARNING: Multi-transfections exceed threshold of 2.000%!
scMPRAforge: WARNING: 18143/34876 cells (52.021%) have ≥1 multi-transfection event.
scMPRAforge: WARNING: Multi-transfections exceed threshold of 2.000%!
scMPRAforge: WARNING: 18081/34680 cells (52.137%) have ≥1 multi-transfection event.
scMPRAforge: WARNING: Multi-transfections exceed threshold of 2.000%!
scMPRAforge: WARNING: 18202/34747 cells (52.384%) have ≥1 multi-transfection event.
scMPRAforge: WARNING: Multi-transfections exceed threshold of 2.000%!
scMPRAforge: WARNING: 18045/34769 cells (51.900%) have ≥1 multi-transfection event.
scMPRAforge: WARNING: Multi-transfections exceed threshold of 2.000%!
scMPRAforge: WARNING: 17604/34705 cells (50.725%) have ≥1 multi-transfection event.
scMPRAforge: WARNING: Multi-transfections exceed threshold of 2.000%!
scMPRAforge: WARNING: 17866/34721 cells (51.456%) have ≥1 multi-transfection event.
scMPRAforge: WARNING: Multi-transfections exceed threshold of 2.000%!
scMPRAforge: WARNING: 17932/34760 cells (51.588%) have ≥1 multi-transfection event.
scMPRAforge: WARNING: Multi-transfections exceed threshold of 2.000%!
scMPRAforge: WARNING: 17797/34749 cells (51.216%) have ≥1 multi-transfection event.
scMPRAforge: WARNING: Multi-transfections exceed threshold of 2.000%!
scMPRAforge: WARNING: 17956/34782 cells (51.624%) have ≥1 multi-transfection event.
scMPRAforge: WARNING: Multi-transfections exceed threshold of 2.000%!
scMPRAforge: WARNING: 17912/34736 cells (51.566%) have ≥1 multi-transfection event.
scMPRAforge: WARNING: Multi-transfections exceed threshold of 2.000%!
scMPRAforge: WARNING: 18219/34737 cells (52.448%) have ≥1 multi-transfection event.
scMPRAforge: WARNING: Multi-transfections exceed threshold of 2.000%!
2026-02-18 20:59:16,309 - distributed.core - INFO - Event loop was unresponsive in Worker for 8.98s.  This is often caused by long-running GIL-holding functions or moving large chunks of data. This can cause timeouts and instability.
2026-02-18 20:59:35,379 - distributed.core - INFO - Event loop was unresponsive in Worker for 4.07s.  This is often caused by long-running GIL-holding functions or moving large chunks of data. This can cause timeouts and instability.
2026-02-18 21:00:01,400 - distributed.core - INFO - Event loop was unresponsive in Worker for 8.47s.  This is often caused by long-running GIL-holding functions or moving large chunks of data. This can cause timeouts and instability.
2026-02-18 21:00:22,686 - distributed.core - INFO - Event loop was unresponsive in Worker for 8.23s.  This is often caused by long-running GIL-holding functions or moving large chunks of data. This can cause timeouts and instability.
2026-02-18 21:00:37,977 - distributed.core - INFO - Event loop was unresponsive in Worker for 4.49s.  This is often caused by long-running GIL-holding functions or moving large chunks of data. This can cause timeouts and instability.
2026-02-18 21:00:42,425 - distributed.core - INFO - Event loop was unresponsive in Worker for 4.45s.  This is often caused by long-running GIL-holding functions or moving large chunks of data. This can cause timeouts and instability.
2026-02-18 21:00:57,653 - distributed.core - INFO - Event loop was unresponsive in Worker for 5.70s.  This is often caused by long-running GIL-holding functions or moving large chunks of data. This can cause timeouts and instability.
2026-02-18 21:27:23,303 - distributed.core - INFO - Connection to tcp://10.18.22.87:44865 has been closed.
2026-02-18 21:27:23,341 - distributed.worker - INFO - Stopping worker at tcp://10.18.22.86:36677. Reason: worker-handle-scheduler-connection-broken
2026-02-18 21:27:23,342 - distributed.nanny - INFO - Closing Nanny gracefully at 'tcp://10.18.22.86:45729'. Reason: worker-handle-scheduler-connection-broken
2026-02-18 21:27:23,342 - distributed.worker - INFO - Removing Worker plugin shuffle
2026-02-18 21:27:23,356 - distributed.nanny - INFO - Worker closed
2026-02-18 21:27:26,149 - distributed.nanny - INFO - Closing Nanny at 'tcp://10.18.22.86:45729'. Reason: nanny-close-gracefully
2026-02-18 21:27:26,149 - distributed.nanny - INFO - Nanny at 'tcp://10.18.22.86:45729' closed.
2026-02-18 21:27:26,149 - distributed.dask_worker - INFO - End worker
