2026-02-18 20:19:17,483 - distributed.nanny - INFO -         Start Nanny at: 'tcp://10.18.22.83:39033'
2026-02-18 20:19:18,161 - distributed.worker - INFO -       Start worker at:    tcp://10.18.22.83:33433
2026-02-18 20:19:18,161 - distributed.worker - INFO -          Listening to:    tcp://10.18.22.83:33433
2026-02-18 20:19:18,161 - distributed.worker - INFO -           Worker name:            SLURMCluster-22
2026-02-18 20:19:18,161 - distributed.worker - INFO -          dashboard at:          10.18.22.83:35865
2026-02-18 20:19:18,161 - distributed.worker - INFO - Waiting to connect to:    tcp://10.18.22.87:44865
2026-02-18 20:19:18,161 - distributed.worker - INFO - -------------------------------------------------
2026-02-18 20:19:18,161 - distributed.worker - INFO -               Threads:                          3
2026-02-18 20:19:18,161 - distributed.worker - INFO -                Memory:                  29.80 GiB
2026-02-18 20:19:18,161 - distributed.worker - INFO -       Local Directory: /tmp/tmp.U3O2JoqqDy/dask-scratch-space/worker-5xybut8a
2026-02-18 20:19:18,161 - distributed.worker - INFO - -------------------------------------------------
2026-02-18 20:19:18,170 - distributed.worker - INFO - Starting Worker plugin shuffle
2026-02-18 20:19:18,170 - distributed.worker - INFO -         Registered to:    tcp://10.18.22.87:44865
2026-02-18 20:19:18,170 - distributed.worker - INFO - -------------------------------------------------
2026-02-18 20:19:18,170 - distributed.core - INFO - Starting established connection to tcp://10.18.22.87:44865
2026-02-18 20:19:47,174 - distributed.core - INFO - Event loop was unresponsive in Worker for 3.16s.  This is often caused by long-running GIL-holding functions or moving large chunks of data. This can cause timeouts and instability.
scMPRAforge: WARNING: 17675/34675 cells (50.973%) have ≥1 multi-transfection event.
scMPRAforge: WARNING: Multi-transfections exceed threshold of 2.000%!
scMPRAforge: WARNING: 18078/34744 cells (52.032%) have ≥1 multi-transfection event.
scMPRAforge: WARNING: Multi-transfections exceed threshold of 2.000%!
scMPRAforge: WARNING: 17892/34588 cells (51.729%) have ≥1 multi-transfection event.
scMPRAforge: WARNING: Multi-transfections exceed threshold of 2.000%!
scMPRAforge: WARNING: 17787/34822 cells (51.080%) have ≥1 multi-transfection event.
scMPRAforge: WARNING: Multi-transfections exceed threshold of 2.000%!
scMPRAforge: WARNING: 18173/34639 cells (52.464%) have ≥1 multi-transfection event.
scMPRAforge: WARNING: Multi-transfections exceed threshold of 2.000%!
scMPRAforge: WARNING: 17797/34785 cells (51.163%) have ≥1 multi-transfection event.
scMPRAforge: WARNING: Multi-transfections exceed threshold of 2.000%!
scMPRAforge: WARNING: 17845/34726 cells (51.388%) have ≥1 multi-transfection event.
scMPRAforge: WARNING: Multi-transfections exceed threshold of 2.000%!
scMPRAforge: WARNING: 17897/34680 cells (51.606%) have ≥1 multi-transfection event.
scMPRAforge: WARNING: Multi-transfections exceed threshold of 2.000%!
scMPRAforge: WARNING: 18036/34734 cells (51.926%) have ≥1 multi-transfection event.
scMPRAforge: WARNING: Multi-transfections exceed threshold of 2.000%!
scMPRAforge: WARNING: 17687/34737 cells (50.917%) have ≥1 multi-transfection event.
scMPRAforge: WARNING: Multi-transfections exceed threshold of 2.000%!
scMPRAforge: WARNING: 17783/34819 cells (51.073%) have ≥1 multi-transfection event.
scMPRAforge: WARNING: Multi-transfections exceed threshold of 2.000%!
scMPRAforge: WARNING: 18223/34790 cells (52.380%) have ≥1 multi-transfection event.
scMPRAforge: WARNING: Multi-transfections exceed threshold of 2.000%!
scMPRAforge: WARNING: 17745/34682 cells (51.165%) have ≥1 multi-transfection event.
scMPRAforge: WARNING: Multi-transfections exceed threshold of 2.000%!
scMPRAforge: WARNING: 18178/34720 cells (52.356%) have ≥1 multi-transfection event.
scMPRAforge: WARNING: Multi-transfections exceed threshold of 2.000%!
scMPRAforge: WARNING: 17802/34716 cells (51.279%) have ≥1 multi-transfection event.
scMPRAforge: WARNING: Multi-transfections exceed threshold of 2.000%!
scMPRAforge: WARNING: 18025/34726 cells (51.906%) have ≥1 multi-transfection event.
scMPRAforge: WARNING: Multi-transfections exceed threshold of 2.000%!
scMPRAforge: WARNING: 18130/34800 cells (52.098%) have ≥1 multi-transfection event.
scMPRAforge: WARNING: Multi-transfections exceed threshold of 2.000%!
2026-02-18 20:59:16,560 - distributed.core - INFO - Event loop was unresponsive in Worker for 9.36s.  This is often caused by long-running GIL-holding functions or moving large chunks of data. This can cause timeouts and instability.
2026-02-18 20:59:30,201 - distributed.core - INFO - Event loop was unresponsive in Worker for 3.47s.  This is often caused by long-running GIL-holding functions or moving large chunks of data. This can cause timeouts and instability.
2026-02-18 20:59:36,799 - distributed.core - INFO - Event loop was unresponsive in Worker for 5.90s.  This is often caused by long-running GIL-holding functions or moving large chunks of data. This can cause timeouts and instability.
2026-02-18 20:59:51,955 - distributed.core - INFO - Event loop was unresponsive in Worker for 3.76s.  This is often caused by long-running GIL-holding functions or moving large chunks of data. This can cause timeouts and instability.
2026-02-18 21:00:00,664 - distributed.core - INFO - Event loop was unresponsive in Worker for 5.79s.  This is often caused by long-running GIL-holding functions or moving large chunks of data. This can cause timeouts and instability.
2026-02-18 21:00:22,957 - distributed.core - INFO - Event loop was unresponsive in Worker for 7.96s.  This is often caused by long-running GIL-holding functions or moving large chunks of data. This can cause timeouts and instability.
2026-02-18 21:00:38,848 - distributed.core - INFO - Event loop was unresponsive in Worker for 5.43s.  This is often caused by long-running GIL-holding functions or moving large chunks of data. This can cause timeouts and instability.
2026-02-18 21:00:45,459 - distributed.core - INFO - Event loop was unresponsive in Worker for 6.61s.  This is often caused by long-running GIL-holding functions or moving large chunks of data. This can cause timeouts and instability.
2026-02-18 21:01:01,903 - distributed.core - INFO - Event loop was unresponsive in Worker for 6.64s.  This is often caused by long-running GIL-holding functions or moving large chunks of data. This can cause timeouts and instability.
2026-02-18 21:01:07,351 - distributed.core - INFO - Event loop was unresponsive in Worker for 5.45s.  This is often caused by long-running GIL-holding functions or moving large chunks of data. This can cause timeouts and instability.
2026-02-18 21:27:23,303 - distributed.worker - ERROR - Failed to communicate with scheduler during heartbeat.
Traceback (most recent call last):
  File "/home/mcn26/.conda/envs/env_tzinb/lib/python3.10/site-packages/tornado/iostream.py", line 861, in _read_to_buffer
    bytes_read = self.read_from_fd(buf)
  File "/home/mcn26/.conda/envs/env_tzinb/lib/python3.10/site-packages/tornado/iostream.py", line 1113, in read_from_fd
    return self.socket.recv_into(buf, len(buf))
ConnectionResetError: [Errno 104] Connection reset by peer

The above exception was the direct cause of the following exception:

Traceback (most recent call last):
  File "/home/mcn26/.conda/envs/env_tzinb/lib/python3.10/site-packages/distributed/worker.py", line 1273, in heartbeat
    response = await retry_operation(
  File "/home/mcn26/.conda/envs/env_tzinb/lib/python3.10/site-packages/distributed/utils_comm.py", line 416, in retry_operation
    return await retry(
  File "/home/mcn26/.conda/envs/env_tzinb/lib/python3.10/site-packages/distributed/utils_comm.py", line 395, in retry
    return await coro()
  File "/home/mcn26/.conda/envs/env_tzinb/lib/python3.10/site-packages/distributed/core.py", line 1259, in send_recv_from_rpc
    return await send_recv(comm=comm, op=key, **kwargs)
  File "/home/mcn26/.conda/envs/env_tzinb/lib/python3.10/site-packages/distributed/core.py", line 1018, in send_recv
    response = await comm.read(deserializers=deserializers)
  File "/home/mcn26/.conda/envs/env_tzinb/lib/python3.10/site-packages/distributed/comm/tcp.py", line 237, in read
    convert_stream_closed_error(self, e)
  File "/home/mcn26/.conda/envs/env_tzinb/lib/python3.10/site-packages/distributed/comm/tcp.py", line 143, in convert_stream_closed_error
    raise CommClosedError(f"in {obj}: {exc.__class__.__name__}: {exc}") from exc
distributed.comm.core.CommClosedError: in <TCP (closed) ConnectionPool.heartbeat_worker local=tcp://10.18.22.83:49770 remote=tcp://10.18.22.87:44865>: ConnectionResetError: [Errno 104] Connection reset by peer
2026-02-18 21:27:23,336 - distributed.core - INFO - Connection to tcp://10.18.22.87:44865 has been closed.
2026-02-18 21:27:23,336 - distributed.worker - INFO - Stopping worker at tcp://10.18.22.83:33433. Reason: worker-handle-scheduler-connection-broken
2026-02-18 21:27:23,337 - distributed.nanny - INFO - Closing Nanny gracefully at 'tcp://10.18.22.83:39033'. Reason: worker-handle-scheduler-connection-broken
2026-02-18 21:27:23,337 - distributed.worker - INFO - Removing Worker plugin shuffle
2026-02-18 21:27:23,350 - distributed.nanny - INFO - Worker closed
2026-02-18 21:27:26,121 - distributed.nanny - INFO - Closing Nanny at 'tcp://10.18.22.83:39033'. Reason: nanny-close-gracefully
2026-02-18 21:27:26,121 - distributed.nanny - INFO - Nanny at 'tcp://10.18.22.83:39033' closed.
2026-02-18 21:27:26,121 - distributed.dask_worker - INFO - End worker
