2026-02-18 20:19:16,625 - distributed.nanny - INFO -         Start Nanny at: 'tcp://10.18.22.81:46379'
2026-02-18 20:19:17,414 - distributed.worker - INFO -       Start worker at:    tcp://10.18.22.81:33903
2026-02-18 20:19:17,414 - distributed.worker - INFO -          Listening to:    tcp://10.18.22.81:33903
2026-02-18 20:19:17,414 - distributed.worker - INFO -           Worker name:            SLURMCluster-20
2026-02-18 20:19:17,414 - distributed.worker - INFO -          dashboard at:          10.18.22.81:43251
2026-02-18 20:19:17,414 - distributed.worker - INFO - Waiting to connect to:    tcp://10.18.22.87:44865
2026-02-18 20:19:17,414 - distributed.worker - INFO - -------------------------------------------------
2026-02-18 20:19:17,414 - distributed.worker - INFO -               Threads:                          3
2026-02-18 20:19:17,414 - distributed.worker - INFO -                Memory:                  29.80 GiB
2026-02-18 20:19:17,414 - distributed.worker - INFO -       Local Directory: /tmp/tmp.U3O2JoqqDy/dask-scratch-space/worker-zf9oz893
2026-02-18 20:19:17,414 - distributed.worker - INFO - -------------------------------------------------
2026-02-18 20:19:17,426 - distributed.worker - INFO - Starting Worker plugin shuffle
2026-02-18 20:19:17,426 - distributed.worker - INFO -         Registered to:    tcp://10.18.22.87:44865
2026-02-18 20:19:17,426 - distributed.worker - INFO - -------------------------------------------------
2026-02-18 20:19:17,426 - distributed.core - INFO - Starting established connection to tcp://10.18.22.87:44865
scMPRAforge: WARNING: 18008/34771 cells (51.790%) have ≥1 multi-transfection event.
scMPRAforge: WARNING: Multi-transfections exceed threshold of 2.000%!
scMPRAforge: WARNING: 18079/34750 cells (52.026%) have ≥1 multi-transfection event.
scMPRAforge: WARNING: Multi-transfections exceed threshold of 2.000%!
scMPRAforge: WARNING: 17894/34707 cells (51.557%) have ≥1 multi-transfection event.
scMPRAforge: WARNING: Multi-transfections exceed threshold of 2.000%!
scMPRAforge: WARNING: 17986/34734 cells (51.782%) have ≥1 multi-transfection event.
scMPRAforge: WARNING: Multi-transfections exceed threshold of 2.000%!
scMPRAforge: WARNING: 18042/34740 cells (51.934%) have ≥1 multi-transfection event.
scMPRAforge: WARNING: Multi-transfections exceed threshold of 2.000%!
scMPRAforge: WARNING: 18227/34792 cells (52.388%) have ≥1 multi-transfection event.
scMPRAforge: WARNING: Multi-transfections exceed threshold of 2.000%!
scMPRAforge: WARNING: 17989/34759 cells (51.754%) have ≥1 multi-transfection event.
scMPRAforge: WARNING: Multi-transfections exceed threshold of 2.000%!
scMPRAforge: WARNING: 17737/34617 cells (51.238%) have ≥1 multi-transfection event.
scMPRAforge: WARNING: Multi-transfections exceed threshold of 2.000%!
scMPRAforge: WARNING: 17818/34720 cells (51.319%) have ≥1 multi-transfection event.
scMPRAforge: WARNING: Multi-transfections exceed threshold of 2.000%!
scMPRAforge: WARNING: 18056/34742 cells (51.972%) have ≥1 multi-transfection event.
scMPRAforge: WARNING: Multi-transfections exceed threshold of 2.000%!
scMPRAforge: WARNING: 17953/34700 cells (51.738%) have ≥1 multi-transfection event.
scMPRAforge: WARNING: Multi-transfections exceed threshold of 2.000%!
scMPRAforge: WARNING: 18101/34660 cells (52.224%) have ≥1 multi-transfection event.
scMPRAforge: WARNING: Multi-transfections exceed threshold of 2.000%!
scMPRAforge: WARNING: 17996/34587 cells (52.031%) have ≥1 multi-transfection event.
scMPRAforge: WARNING: Multi-transfections exceed threshold of 2.000%!
scMPRAforge: WARNING: 18172/34608 cells (52.508%) have ≥1 multi-transfection event.
scMPRAforge: WARNING: Multi-transfections exceed threshold of 2.000%!
scMPRAforge: WARNING: 18096/34681 cells (52.178%) have ≥1 multi-transfection event.
scMPRAforge: WARNING: Multi-transfections exceed threshold of 2.000%!
scMPRAforge: WARNING: 17947/34742 cells (51.658%) have ≥1 multi-transfection event.
scMPRAforge: WARNING: Multi-transfections exceed threshold of 2.000%!
2026-02-18 20:59:16,117 - distributed.core - INFO - Event loop was unresponsive in Worker for 7.60s.  This is often caused by long-running GIL-holding functions or moving large chunks of data. This can cause timeouts and instability.
2026-02-18 20:59:36,365 - distributed.core - INFO - Event loop was unresponsive in Worker for 6.22s.  This is often caused by long-running GIL-holding functions or moving large chunks of data. This can cause timeouts and instability.
2026-02-18 20:59:40,622 - distributed.core - INFO - Event loop was unresponsive in Worker for 3.84s.  This is often caused by long-running GIL-holding functions or moving large chunks of data. This can cause timeouts and instability.
2026-02-18 20:59:59,564 - distributed.core - INFO - Event loop was unresponsive in Worker for 6.09s.  This is often caused by long-running GIL-holding functions or moving large chunks of data. This can cause timeouts and instability.
2026-02-18 21:00:26,807 - distributed.core - INFO - Event loop was unresponsive in Worker for 7.72s.  This is often caused by long-running GIL-holding functions or moving large chunks of data. This can cause timeouts and instability.
2026-02-18 21:00:41,662 - distributed.core - INFO - Event loop was unresponsive in Worker for 3.98s.  This is often caused by long-running GIL-holding functions or moving large chunks of data. This can cause timeouts and instability.
2026-02-18 21:00:50,186 - distributed.core - INFO - Event loop was unresponsive in Worker for 8.52s.  This is often caused by long-running GIL-holding functions or moving large chunks of data. This can cause timeouts and instability.
2026-02-18 21:27:23,303 - distributed.core - INFO - Connection to tcp://10.18.22.87:44865 has been closed.
2026-02-18 21:27:23,311 - distributed.worker - INFO - Stopping worker at tcp://10.18.22.81:33903. Reason: worker-handle-scheduler-connection-broken
2026-02-18 21:27:23,312 - distributed.nanny - INFO - Closing Nanny gracefully at 'tcp://10.18.22.81:46379'. Reason: worker-handle-scheduler-connection-broken
2026-02-18 21:27:23,313 - distributed.worker - INFO - Removing Worker plugin shuffle
2026-02-18 21:27:23,314 - distributed.nanny - INFO - Worker closed
2026-02-18 21:27:25,315 - distributed.nanny - ERROR - Worker process died unexpectedly
2026-02-18 21:27:26,283 - distributed.nanny - INFO - Closing Nanny at 'tcp://10.18.22.81:46379'. Reason: nanny-close-gracefully
2026-02-18 21:27:26,284 - distributed.nanny - INFO - Nanny at 'tcp://10.18.22.81:46379' closed.
2026-02-18 21:27:26,284 - distributed.dask_worker - INFO - End worker
