2026-02-18 20:19:17,994 - distributed.nanny - INFO -         Start Nanny at: 'tcp://10.18.22.40:36591'
2026-02-18 20:19:19,268 - distributed.worker - INFO -       Start worker at:    tcp://10.18.22.40:38405
2026-02-18 20:19:19,268 - distributed.worker - INFO -          Listening to:    tcp://10.18.22.40:38405
2026-02-18 20:19:19,268 - distributed.worker - INFO -           Worker name:            SLURMCluster-25
2026-02-18 20:19:19,268 - distributed.worker - INFO -          dashboard at:          10.18.22.40:40469
2026-02-18 20:19:19,268 - distributed.worker - INFO - Waiting to connect to:    tcp://10.18.22.87:44865
2026-02-18 20:19:19,268 - distributed.worker - INFO - -------------------------------------------------
2026-02-18 20:19:19,268 - distributed.worker - INFO -               Threads:                          3
2026-02-18 20:19:19,268 - distributed.worker - INFO -                Memory:                  29.80 GiB
2026-02-18 20:19:19,268 - distributed.worker - INFO -       Local Directory: /tmp/tmp.U3O2JoqqDy/dask-scratch-space/worker-gk4pjyug
2026-02-18 20:19:19,268 - distributed.worker - INFO - -------------------------------------------------
2026-02-18 20:19:19,291 - distributed.worker - INFO - Starting Worker plugin shuffle
2026-02-18 20:19:19,291 - distributed.worker - INFO -         Registered to:    tcp://10.18.22.87:44865
2026-02-18 20:19:19,291 - distributed.worker - INFO - -------------------------------------------------
2026-02-18 20:19:19,291 - distributed.core - INFO - Starting established connection to tcp://10.18.22.87:44865
2026-02-18 20:19:57,940 - distributed.core - INFO - Event loop was unresponsive in Worker for 10.75s.  This is often caused by long-running GIL-holding functions or moving large chunks of data. This can cause timeouts and instability.
scMPRAforge: WARNING: 18018/34757 cells (51.840%) have ≥1 multi-transfection event.
scMPRAforge: WARNING: Multi-transfections exceed threshold of 2.000%!
scMPRAforge: WARNING: 17888/34632 cells (51.652%) have ≥1 multi-transfection event.
scMPRAforge: WARNING: Multi-transfections exceed threshold of 2.000%!
scMPRAforge: WARNING: 17933/34592 cells (51.841%) have ≥1 multi-transfection event.
scMPRAforge: WARNING: Multi-transfections exceed threshold of 2.000%!
scMPRAforge: WARNING: 17694/34668 cells (51.038%) have ≥1 multi-transfection event.
scMPRAforge: WARNING: Multi-transfections exceed threshold of 2.000%!
scMPRAforge: WARNING: 18452/34803 cells (53.018%) have ≥1 multi-transfection event.
scMPRAforge: WARNING: Multi-transfections exceed threshold of 2.000%!
scMPRAforge: WARNING: 18056/34802 cells (51.882%) have ≥1 multi-transfection event.
scMPRAforge: WARNING: Multi-transfections exceed threshold of 2.000%!
scMPRAforge: WARNING: 17925/34766 cells (51.559%) have ≥1 multi-transfection event.
scMPRAforge: WARNING: Multi-transfections exceed threshold of 2.000%!
scMPRAforge: WARNING: 17919/34748 cells (51.568%) have ≥1 multi-transfection event.
scMPRAforge: WARNING: Multi-transfections exceed threshold of 2.000%!
scMPRAforge: WARNING: 18020/34690 cells (51.946%) have ≥1 multi-transfection event.
scMPRAforge: WARNING: Multi-transfections exceed threshold of 2.000%!
scMPRAforge: WARNING: 17907/34765 cells (51.509%) have ≥1 multi-transfection event.
scMPRAforge: WARNING: Multi-transfections exceed threshold of 2.000%!
scMPRAforge: WARNING: 17789/34714 cells (51.244%) have ≥1 multi-transfection event.
scMPRAforge: WARNING: Multi-transfections exceed threshold of 2.000%!
scMPRAforge: WARNING: 17895/34775 cells (51.459%) have ≥1 multi-transfection event.
scMPRAforge: WARNING: Multi-transfections exceed threshold of 2.000%!
scMPRAforge: WARNING: 17837/34646 cells (51.484%) have ≥1 multi-transfection event.
scMPRAforge: WARNING: Multi-transfections exceed threshold of 2.000%!
scMPRAforge: WARNING: 18118/34733 cells (52.164%) have ≥1 multi-transfection event.
scMPRAforge: WARNING: Multi-transfections exceed threshold of 2.000%!
scMPRAforge: WARNING: 17904/34728 cells (51.555%) have ≥1 multi-transfection event.
scMPRAforge: WARNING: Multi-transfections exceed threshold of 2.000%!
scMPRAforge: WARNING: 18130/34821 cells (52.066%) have ≥1 multi-transfection event.
scMPRAforge: WARNING: Multi-transfections exceed threshold of 2.000%!
scMPRAforge: WARNING: 17809/34798 cells (51.178%) have ≥1 multi-transfection event.
scMPRAforge: WARNING: Multi-transfections exceed threshold of 2.000%!
2026-02-18 20:59:16,719 - distributed.core - INFO - Event loop was unresponsive in Worker for 8.74s.  This is often caused by long-running GIL-holding functions or moving large chunks of data. This can cause timeouts and instability.
2026-02-18 20:59:31,878 - distributed.core - INFO - Event loop was unresponsive in Worker for 3.34s.  This is often caused by long-running GIL-holding functions or moving large chunks of data. This can cause timeouts and instability.
2026-02-18 20:59:40,307 - distributed.core - INFO - Event loop was unresponsive in Worker for 6.64s.  This is often caused by long-running GIL-holding functions or moving large chunks of data. This can cause timeouts and instability.
2026-02-18 20:59:57,297 - distributed.core - INFO - Event loop was unresponsive in Worker for 4.83s.  This is often caused by long-running GIL-holding functions or moving large chunks of data. This can cause timeouts and instability.
2026-02-18 21:00:19,074 - distributed.core - INFO - Event loop was unresponsive in Worker for 5.30s.  This is often caused by long-running GIL-holding functions or moving large chunks of data. This can cause timeouts and instability.
2026-02-18 21:00:24,003 - distributed.core - INFO - Event loop was unresponsive in Worker for 4.93s.  This is often caused by long-running GIL-holding functions or moving large chunks of data. This can cause timeouts and instability.
2026-02-18 21:00:45,907 - distributed.core - INFO - Event loop was unresponsive in Worker for 10.38s.  This is often caused by long-running GIL-holding functions or moving large chunks of data. This can cause timeouts and instability.
2026-02-18 21:00:56,633 - distributed.core - INFO - Event loop was unresponsive in Worker for 3.78s.  This is often caused by long-running GIL-holding functions or moving large chunks of data. This can cause timeouts and instability.
2026-02-18 21:27:23,303 - distributed.worker - ERROR - Failed to communicate with scheduler during heartbeat.
Traceback (most recent call last):
  File "/home/mcn26/.conda/envs/env_tzinb/lib/python3.10/site-packages/tornado/iostream.py", line 861, in _read_to_buffer
    bytes_read = self.read_from_fd(buf)
  File "/home/mcn26/.conda/envs/env_tzinb/lib/python3.10/site-packages/tornado/iostream.py", line 1113, in read_from_fd
    return self.socket.recv_into(buf, len(buf))
ConnectionResetError: [Errno 104] Connection reset by peer

The above exception was the direct cause of the following exception:

Traceback (most recent call last):
  File "/home/mcn26/.conda/envs/env_tzinb/lib/python3.10/site-packages/distributed/worker.py", line 1273, in heartbeat
    response = await retry_operation(
  File "/home/mcn26/.conda/envs/env_tzinb/lib/python3.10/site-packages/distributed/utils_comm.py", line 416, in retry_operation
    return await retry(
  File "/home/mcn26/.conda/envs/env_tzinb/lib/python3.10/site-packages/distributed/utils_comm.py", line 395, in retry
    return await coro()
  File "/home/mcn26/.conda/envs/env_tzinb/lib/python3.10/site-packages/distributed/core.py", line 1259, in send_recv_from_rpc
    return await send_recv(comm=comm, op=key, **kwargs)
  File "/home/mcn26/.conda/envs/env_tzinb/lib/python3.10/site-packages/distributed/core.py", line 1018, in send_recv
    response = await comm.read(deserializers=deserializers)
  File "/home/mcn26/.conda/envs/env_tzinb/lib/python3.10/site-packages/distributed/comm/tcp.py", line 237, in read
    convert_stream_closed_error(self, e)
  File "/home/mcn26/.conda/envs/env_tzinb/lib/python3.10/site-packages/distributed/comm/tcp.py", line 143, in convert_stream_closed_error
    raise CommClosedError(f"in {obj}: {exc.__class__.__name__}: {exc}") from exc
distributed.comm.core.CommClosedError: in <TCP (closed) ConnectionPool.heartbeat_worker local=tcp://10.18.22.40:47832 remote=tcp://10.18.22.87:44865>: ConnectionResetError: [Errno 104] Connection reset by peer
2026-02-18 21:27:23,326 - distributed.core - INFO - Connection to tcp://10.18.22.87:44865 has been closed.
2026-02-18 21:27:23,326 - distributed.worker - INFO - Stopping worker at tcp://10.18.22.40:38405. Reason: worker-handle-scheduler-connection-broken
2026-02-18 21:27:23,327 - distributed.nanny - INFO - Closing Nanny gracefully at 'tcp://10.18.22.40:36591'. Reason: worker-handle-scheduler-connection-broken
2026-02-18 21:27:23,328 - distributed.worker - INFO - Removing Worker plugin shuffle
2026-02-18 21:27:23,329 - distributed.nanny - INFO - Worker closed
2026-02-18 21:27:26,143 - distributed.nanny - INFO - Closing Nanny at 'tcp://10.18.22.40:36591'. Reason: nanny-close-gracefully
2026-02-18 21:27:26,143 - distributed.nanny - INFO - Nanny at 'tcp://10.18.22.40:36591' closed.
2026-02-18 21:27:26,143 - distributed.dask_worker - INFO - End worker
