2026-02-18 20:19:17,994 - distributed.nanny - INFO -         Start Nanny at: 'tcp://10.18.22.40:40073'
2026-02-18 20:19:19,268 - distributed.worker - INFO -       Start worker at:    tcp://10.18.22.40:37623
2026-02-18 20:19:19,268 - distributed.worker - INFO -          Listening to:    tcp://10.18.22.40:37623
2026-02-18 20:19:19,268 - distributed.worker - INFO -           Worker name:             SLURMCluster-4
2026-02-18 20:19:19,268 - distributed.worker - INFO -          dashboard at:          10.18.22.40:37627
2026-02-18 20:19:19,268 - distributed.worker - INFO - Waiting to connect to:    tcp://10.18.22.87:44865
2026-02-18 20:19:19,268 - distributed.worker - INFO - -------------------------------------------------
2026-02-18 20:19:19,268 - distributed.worker - INFO -               Threads:                          3
2026-02-18 20:19:19,268 - distributed.worker - INFO -                Memory:                  29.80 GiB
2026-02-18 20:19:19,268 - distributed.worker - INFO -       Local Directory: /tmp/tmp.U3O2JoqqDy/dask-scratch-space/worker-9xogxm70
2026-02-18 20:19:19,268 - distributed.worker - INFO - -------------------------------------------------
2026-02-18 20:19:19,290 - distributed.worker - INFO - Starting Worker plugin shuffle
2026-02-18 20:19:19,291 - distributed.worker - INFO -         Registered to:    tcp://10.18.22.87:44865
2026-02-18 20:19:19,291 - distributed.worker - INFO - -------------------------------------------------
2026-02-18 20:19:19,291 - distributed.core - INFO - Starting established connection to tcp://10.18.22.87:44865
2026-02-18 20:19:57,940 - distributed.core - INFO - Event loop was unresponsive in Worker for 10.77s.  This is often caused by long-running GIL-holding functions or moving large chunks of data. This can cause timeouts and instability.
scMPRAforge: WARNING: 17769/34753 cells (51.129%) have ≥1 multi-transfection event.
scMPRAforge: WARNING: Multi-transfections exceed threshold of 2.000%!
scMPRAforge: WARNING: 17948/34708 cells (51.711%) have ≥1 multi-transfection event.
scMPRAforge: WARNING: Multi-transfections exceed threshold of 2.000%!
scMPRAforge: WARNING: 17976/34683 cells (51.829%) have ≥1 multi-transfection event.
scMPRAforge: WARNING: Multi-transfections exceed threshold of 2.000%!
scMPRAforge: WARNING: 17869/34719 cells (51.467%) have ≥1 multi-transfection event.
scMPRAforge: WARNING: Multi-transfections exceed threshold of 2.000%!
scMPRAforge: WARNING: 18022/34679 cells (51.968%) have ≥1 multi-transfection event.
scMPRAforge: WARNING: Multi-transfections exceed threshold of 2.000%!
scMPRAforge: WARNING: 18106/34764 cells (52.083%) have ≥1 multi-transfection event.
scMPRAforge: WARNING: Multi-transfections exceed threshold of 2.000%!
scMPRAforge: WARNING: 18155/34742 cells (52.257%) have ≥1 multi-transfection event.
scMPRAforge: WARNING: Multi-transfections exceed threshold of 2.000%!
scMPRAforge: WARNING: 17954/34736 cells (51.687%) have ≥1 multi-transfection event.
scMPRAforge: WARNING: Multi-transfections exceed threshold of 2.000%!
scMPRAforge: WARNING: 17867/34756 cells (51.407%) have ≥1 multi-transfection event.
scMPRAforge: WARNING: Multi-transfections exceed threshold of 2.000%!
scMPRAforge: WARNING: 17968/34760 cells (51.692%) have ≥1 multi-transfection event.
scMPRAforge: WARNING: Multi-transfections exceed threshold of 2.000%!
scMPRAforge: WARNING: 18143/34783 cells (52.161%) have ≥1 multi-transfection event.
scMPRAforge: WARNING: Multi-transfections exceed threshold of 2.000%!
scMPRAforge: WARNING: 17947/34729 cells (51.677%) have ≥1 multi-transfection event.
scMPRAforge: WARNING: Multi-transfections exceed threshold of 2.000%!
scMPRAforge: WARNING: 18187/34699 cells (52.414%) have ≥1 multi-transfection event.
scMPRAforge: WARNING: Multi-transfections exceed threshold of 2.000%!
scMPRAforge: WARNING: 18254/34814 cells (52.433%) have ≥1 multi-transfection event.
scMPRAforge: WARNING: Multi-transfections exceed threshold of 2.000%!
scMPRAforge: WARNING: 18001/34736 cells (51.822%) have ≥1 multi-transfection event.
scMPRAforge: WARNING: Multi-transfections exceed threshold of 2.000%!
scMPRAforge: WARNING: 17998/34755 cells (51.785%) have ≥1 multi-transfection event.
scMPRAforge: WARNING: Multi-transfections exceed threshold of 2.000%!
scMPRAforge: WARNING: 18131/34848 cells (52.029%) have ≥1 multi-transfection event.
scMPRAforge: WARNING: Multi-transfections exceed threshold of 2.000%!
2026-02-18 20:59:12,723 - distributed.core - INFO - Event loop was unresponsive in Worker for 5.34s.  This is often caused by long-running GIL-holding functions or moving large chunks of data. This can cause timeouts and instability.
2026-02-18 20:59:16,522 - distributed.core - INFO - Event loop was unresponsive in Worker for 3.80s.  This is often caused by long-running GIL-holding functions or moving large chunks of data. This can cause timeouts and instability.
2026-02-18 20:59:31,852 - distributed.core - INFO - Event loop was unresponsive in Worker for 3.31s.  This is often caused by long-running GIL-holding functions or moving large chunks of data. This can cause timeouts and instability.
2026-02-18 20:59:40,601 - distributed.core - INFO - Event loop was unresponsive in Worker for 6.64s.  This is often caused by long-running GIL-holding functions or moving large chunks of data. This can cause timeouts and instability.
2026-02-18 20:59:59,031 - distributed.core - INFO - Event loop was unresponsive in Worker for 7.04s.  This is often caused by long-running GIL-holding functions or moving large chunks of data. This can cause timeouts and instability.
2026-02-18 21:00:20,172 - distributed.core - INFO - Event loop was unresponsive in Worker for 6.59s.  This is often caused by long-running GIL-holding functions or moving large chunks of data. This can cause timeouts and instability.
2026-02-18 21:00:38,797 - distributed.core - INFO - Event loop was unresponsive in Worker for 3.78s.  This is often caused by long-running GIL-holding functions or moving large chunks of data. This can cause timeouts and instability.
2026-02-18 21:00:45,221 - distributed.core - INFO - Event loop was unresponsive in Worker for 5.00s.  This is often caused by long-running GIL-holding functions or moving large chunks of data. This can cause timeouts and instability.
2026-02-18 21:27:23,303 - distributed.worker - ERROR - Failed to communicate with scheduler during heartbeat.
Traceback (most recent call last):
  File "/home/mcn26/.conda/envs/env_tzinb/lib/python3.10/site-packages/tornado/iostream.py", line 861, in _read_to_buffer
    bytes_read = self.read_from_fd(buf)
  File "/home/mcn26/.conda/envs/env_tzinb/lib/python3.10/site-packages/tornado/iostream.py", line 1113, in read_from_fd
    return self.socket.recv_into(buf, len(buf))
ConnectionResetError: [Errno 104] Connection reset by peer

The above exception was the direct cause of the following exception:

Traceback (most recent call last):
  File "/home/mcn26/.conda/envs/env_tzinb/lib/python3.10/site-packages/distributed/worker.py", line 1273, in heartbeat
    response = await retry_operation(
  File "/home/mcn26/.conda/envs/env_tzinb/lib/python3.10/site-packages/distributed/utils_comm.py", line 416, in retry_operation
    return await retry(
  File "/home/mcn26/.conda/envs/env_tzinb/lib/python3.10/site-packages/distributed/utils_comm.py", line 395, in retry
    return await coro()
  File "/home/mcn26/.conda/envs/env_tzinb/lib/python3.10/site-packages/distributed/core.py", line 1259, in send_recv_from_rpc
    return await send_recv(comm=comm, op=key, **kwargs)
  File "/home/mcn26/.conda/envs/env_tzinb/lib/python3.10/site-packages/distributed/core.py", line 1018, in send_recv
    response = await comm.read(deserializers=deserializers)
  File "/home/mcn26/.conda/envs/env_tzinb/lib/python3.10/site-packages/distributed/comm/tcp.py", line 237, in read
    convert_stream_closed_error(self, e)
  File "/home/mcn26/.conda/envs/env_tzinb/lib/python3.10/site-packages/distributed/comm/tcp.py", line 143, in convert_stream_closed_error
    raise CommClosedError(f"in {obj}: {exc.__class__.__name__}: {exc}") from exc
distributed.comm.core.CommClosedError: in <TCP (closed) ConnectionPool.heartbeat_worker local=tcp://10.18.22.40:47822 remote=tcp://10.18.22.87:44865>: ConnectionResetError: [Errno 104] Connection reset by peer
2026-02-18 21:27:23,331 - distributed.core - INFO - Connection to tcp://10.18.22.87:44865 has been closed.
2026-02-18 21:27:23,331 - distributed.worker - INFO - Stopping worker at tcp://10.18.22.40:37623. Reason: worker-handle-scheduler-connection-broken
2026-02-18 21:27:23,332 - distributed.nanny - INFO - Closing Nanny gracefully at 'tcp://10.18.22.40:40073'. Reason: worker-handle-scheduler-connection-broken
2026-02-18 21:27:23,333 - distributed.worker - INFO - Removing Worker plugin shuffle
2026-02-18 21:27:23,346 - distributed.nanny - INFO - Worker closed
2026-02-18 21:27:25,347 - distributed.nanny - ERROR - Worker process died unexpectedly
2026-02-18 21:27:26,148 - distributed.nanny - INFO - Closing Nanny at 'tcp://10.18.22.40:40073'. Reason: nanny-close-gracefully
2026-02-18 21:27:26,148 - distributed.nanny - INFO - Nanny at 'tcp://10.18.22.40:40073' closed.
2026-02-18 21:27:26,148 - distributed.dask_worker - INFO - End worker
