2026-02-18 20:19:16,871 - distributed.nanny - INFO -         Start Nanny at: 'tcp://10.18.22.86:35427'
2026-02-18 20:19:17,875 - distributed.worker - INFO -       Start worker at:    tcp://10.18.22.86:46533
2026-02-18 20:19:17,875 - distributed.worker - INFO -          Listening to:    tcp://10.18.22.86:46533
2026-02-18 20:19:17,875 - distributed.worker - INFO -           Worker name:            SLURMCluster-28
2026-02-18 20:19:17,875 - distributed.worker - INFO -          dashboard at:          10.18.22.86:38047
2026-02-18 20:19:17,875 - distributed.worker - INFO - Waiting to connect to:    tcp://10.18.22.87:44865
2026-02-18 20:19:17,875 - distributed.worker - INFO - -------------------------------------------------
2026-02-18 20:19:17,875 - distributed.worker - INFO -               Threads:                          3
2026-02-18 20:19:17,875 - distributed.worker - INFO -                Memory:                  29.80 GiB
2026-02-18 20:19:17,875 - distributed.worker - INFO -       Local Directory: /tmp/tmp.U3O2JoqqDy/dask-scratch-space/worker-kdoqzdl9
2026-02-18 20:19:17,875 - distributed.worker - INFO - -------------------------------------------------
2026-02-18 20:19:17,885 - distributed.worker - INFO - Starting Worker plugin shuffle
2026-02-18 20:19:17,885 - distributed.worker - INFO -         Registered to:    tcp://10.18.22.87:44865
2026-02-18 20:19:17,885 - distributed.worker - INFO - -------------------------------------------------
2026-02-18 20:19:17,885 - distributed.core - INFO - Starting established connection to tcp://10.18.22.87:44865
scMPRAforge: WARNING: 18043/34739 cells (51.939%) have ≥1 multi-transfection event.
scMPRAforge: WARNING: Multi-transfections exceed threshold of 2.000%!
scMPRAforge: WARNING: 17839/34694 cells (51.418%) have ≥1 multi-transfection event.
scMPRAforge: WARNING: Multi-transfections exceed threshold of 2.000%!
scMPRAforge: WARNING: 18083/34814 cells (51.942%) have ≥1 multi-transfection event.
scMPRAforge: WARNING: Multi-transfections exceed threshold of 2.000%!
scMPRAforge: WARNING: 18047/34751 cells (51.932%) have ≥1 multi-transfection event.
scMPRAforge: WARNING: Multi-transfections exceed threshold of 2.000%!
scMPRAforge: WARNING: 17832/34709 cells (51.376%) have ≥1 multi-transfection event.
scMPRAforge: WARNING: Multi-transfections exceed threshold of 2.000%!
scMPRAforge: WARNING: 17928/34672 cells (51.707%) have ≥1 multi-transfection event.
scMPRAforge: WARNING: Multi-transfections exceed threshold of 2.000%!
scMPRAforge: WARNING: 18012/34715 cells (51.885%) have ≥1 multi-transfection event.
scMPRAforge: WARNING: Multi-transfections exceed threshold of 2.000%!
scMPRAforge: WARNING: 17997/34762 cells (51.772%) have ≥1 multi-transfection event.
scMPRAforge: WARNING: Multi-transfections exceed threshold of 2.000%!
scMPRAforge: WARNING: 18147/34695 cells (52.304%) have ≥1 multi-transfection event.
scMPRAforge: WARNING: Multi-transfections exceed threshold of 2.000%!
scMPRAforge: WARNING: 17891/34710 cells (51.544%) have ≥1 multi-transfection event.
scMPRAforge: WARNING: Multi-transfections exceed threshold of 2.000%!
scMPRAforge: WARNING: 18152/34858 cells (52.074%) have ≥1 multi-transfection event.
scMPRAforge: WARNING: Multi-transfections exceed threshold of 2.000%!
scMPRAforge: WARNING: 18129/34690 cells (52.260%) have ≥1 multi-transfection event.
scMPRAforge: WARNING: Multi-transfections exceed threshold of 2.000%!
scMPRAforge: WARNING: 18072/34717 cells (52.055%) have ≥1 multi-transfection event.
scMPRAforge: WARNING: Multi-transfections exceed threshold of 2.000%!
scMPRAforge: WARNING: 17980/34768 cells (51.714%) have ≥1 multi-transfection event.
scMPRAforge: WARNING: Multi-transfections exceed threshold of 2.000%!
scMPRAforge: WARNING: 18103/34780 cells (52.050%) have ≥1 multi-transfection event.
scMPRAforge: WARNING: Multi-transfections exceed threshold of 2.000%!
scMPRAforge: WARNING: 18055/34800 cells (51.882%) have ≥1 multi-transfection event.
scMPRAforge: WARNING: Multi-transfections exceed threshold of 2.000%!
scMPRAforge: WARNING: 18083/34755 cells (52.030%) have ≥1 multi-transfection event.
scMPRAforge: WARNING: Multi-transfections exceed threshold of 2.000%!
2026-02-18 20:59:15,615 - distributed.core - INFO - Event loop was unresponsive in Worker for 7.31s.  This is often caused by long-running GIL-holding functions or moving large chunks of data. This can cause timeouts and instability.
2026-02-18 20:59:30,777 - distributed.core - INFO - Event loop was unresponsive in Worker for 3.71s.  This is often caused by long-running GIL-holding functions or moving large chunks of data. This can cause timeouts and instability.
2026-02-18 20:59:39,458 - distributed.core - INFO - Event loop was unresponsive in Worker for 8.68s.  This is often caused by long-running GIL-holding functions or moving large chunks of data. This can cause timeouts and instability.
2026-02-18 20:59:51,938 - distributed.core - INFO - Event loop was unresponsive in Worker for 3.34s.  This is often caused by long-running GIL-holding functions or moving large chunks of data. This can cause timeouts and instability.
2026-02-18 20:59:56,837 - distributed.core - INFO - Event loop was unresponsive in Worker for 4.90s.  This is often caused by long-running GIL-holding functions or moving large chunks of data. This can cause timeouts and instability.
2026-02-18 21:00:00,695 - distributed.core - INFO - Event loop was unresponsive in Worker for 3.86s.  This is often caused by long-running GIL-holding functions or moving large chunks of data. This can cause timeouts and instability.
2026-02-18 21:00:15,908 - distributed.core - INFO - Event loop was unresponsive in Worker for 4.91s.  This is often caused by long-running GIL-holding functions or moving large chunks of data. This can cause timeouts and instability.
2026-02-18 21:00:19,781 - distributed.core - INFO - Event loop was unresponsive in Worker for 3.87s.  This is often caused by long-running GIL-holding functions or moving large chunks of data. This can cause timeouts and instability.
2026-02-18 21:00:41,283 - distributed.core - INFO - Event loop was unresponsive in Worker for 6.06s.  This is often caused by long-running GIL-holding functions or moving large chunks of data. This can cause timeouts and instability.
2026-02-18 21:00:58,736 - distributed.core - INFO - Event loop was unresponsive in Worker for 4.36s.  This is often caused by long-running GIL-holding functions or moving large chunks of data. This can cause timeouts and instability.
2026-02-18 21:27:23,303 - distributed.core - INFO - Connection to tcp://10.18.22.87:44865 has been closed.
2026-02-18 21:27:23,342 - distributed.worker - INFO - Stopping worker at tcp://10.18.22.86:46533. Reason: worker-handle-scheduler-connection-broken
2026-02-18 21:27:23,343 - distributed.nanny - INFO - Closing Nanny gracefully at 'tcp://10.18.22.86:35427'. Reason: worker-handle-scheduler-connection-broken
2026-02-18 21:27:23,343 - distributed.worker - INFO - Removing Worker plugin shuffle
2026-02-18 21:27:23,344 - distributed.nanny - INFO - Worker closed
2026-02-18 21:27:26,148 - distributed.nanny - INFO - Closing Nanny at 'tcp://10.18.22.86:35427'. Reason: nanny-close-gracefully
2026-02-18 21:27:26,148 - distributed.nanny - INFO - Nanny at 'tcp://10.18.22.86:35427' closed.
2026-02-18 21:27:26,148 - distributed.dask_worker - INFO - End worker
