2026-02-18 20:19:17,583 - distributed.nanny - INFO -         Start Nanny at: 'tcp://10.18.22.41:40841'
2026-02-18 20:19:18,679 - distributed.worker - INFO -       Start worker at:    tcp://10.18.22.41:33221
2026-02-18 20:19:18,679 - distributed.worker - INFO -          Listening to:    tcp://10.18.22.41:33221
2026-02-18 20:19:18,679 - distributed.worker - INFO -           Worker name:             SLURMCluster-9
2026-02-18 20:19:18,679 - distributed.worker - INFO -          dashboard at:          10.18.22.41:34457
2026-02-18 20:19:18,679 - distributed.worker - INFO - Waiting to connect to:    tcp://10.18.22.87:44865
2026-02-18 20:19:18,679 - distributed.worker - INFO - -------------------------------------------------
2026-02-18 20:19:18,679 - distributed.worker - INFO -               Threads:                          3
2026-02-18 20:19:18,679 - distributed.worker - INFO -                Memory:                  29.80 GiB
2026-02-18 20:19:18,679 - distributed.worker - INFO -       Local Directory: /tmp/tmp.U3O2JoqqDy/dask-scratch-space/worker-73dl0gth
2026-02-18 20:19:18,679 - distributed.worker - INFO - -------------------------------------------------
2026-02-18 20:19:18,697 - distributed.worker - INFO - Starting Worker plugin shuffle
2026-02-18 20:19:18,698 - distributed.worker - INFO -         Registered to:    tcp://10.18.22.87:44865
2026-02-18 20:19:18,698 - distributed.worker - INFO - -------------------------------------------------
2026-02-18 20:19:18,698 - distributed.core - INFO - Starting established connection to tcp://10.18.22.87:44865
2026-02-18 20:19:55,670 - distributed.core - INFO - Event loop was unresponsive in Worker for 8.43s.  This is often caused by long-running GIL-holding functions or moving large chunks of data. This can cause timeouts and instability.
scMPRAforge: WARNING: 17790/34905 cells (50.967%) have ≥1 multi-transfection event.
scMPRAforge: WARNING: Multi-transfections exceed threshold of 2.000%!
scMPRAforge: WARNING: 18005/34753 cells (51.808%) have ≥1 multi-transfection event.
scMPRAforge: WARNING: Multi-transfections exceed threshold of 2.000%!
scMPRAforge: WARNING: 18024/34644 cells (52.026%) have ≥1 multi-transfection event.
scMPRAforge: WARNING: Multi-transfections exceed threshold of 2.000%!
scMPRAforge: WARNING: 18116/34749 cells (52.134%) have ≥1 multi-transfection event.
scMPRAforge: WARNING: Multi-transfections exceed threshold of 2.000%!
scMPRAforge: WARNING: 17883/34657 cells (51.600%) have ≥1 multi-transfection event.
scMPRAforge: WARNING: Multi-transfections exceed threshold of 2.000%!
scMPRAforge: WARNING: 18112/34727 cells (52.155%) have ≥1 multi-transfection event.
scMPRAforge: WARNING: Multi-transfections exceed threshold of 2.000%!
scMPRAforge: WARNING: 17819/34824 cells (51.169%) have ≥1 multi-transfection event.
scMPRAforge: WARNING: Multi-transfections exceed threshold of 2.000%!
scMPRAforge: WARNING: 17815/34735 cells (51.288%) have ≥1 multi-transfection event.
scMPRAforge: WARNING: Multi-transfections exceed threshold of 2.000%!
scMPRAforge: WARNING: 18101/34697 cells (52.169%) have ≥1 multi-transfection event.
scMPRAforge: WARNING: Multi-transfections exceed threshold of 2.000%!
scMPRAforge: WARNING: 18133/34689 cells (52.273%) have ≥1 multi-transfection event.
scMPRAforge: WARNING: Multi-transfections exceed threshold of 2.000%!
scMPRAforge: WARNING: 17900/34830 cells (51.392%) have ≥1 multi-transfection event.
scMPRAforge: WARNING: Multi-transfections exceed threshold of 2.000%!
scMPRAforge: WARNING: 17826/34817 cells (51.199%) have ≥1 multi-transfection event.
scMPRAforge: WARNING: Multi-transfections exceed threshold of 2.000%!
scMPRAforge: WARNING: 18039/34774 cells (51.875%) have ≥1 multi-transfection event.
scMPRAforge: WARNING: Multi-transfections exceed threshold of 2.000%!
scMPRAforge: WARNING: 18245/34677 cells (52.614%) have ≥1 multi-transfection event.
scMPRAforge: WARNING: Multi-transfections exceed threshold of 2.000%!
scMPRAforge: WARNING: 17741/34701 cells (51.125%) have ≥1 multi-transfection event.
scMPRAforge: WARNING: Multi-transfections exceed threshold of 2.000%!
scMPRAforge: WARNING: 18143/34730 cells (52.240%) have ≥1 multi-transfection event.
scMPRAforge: WARNING: Multi-transfections exceed threshold of 2.000%!
scMPRAforge: WARNING: 18114/34655 cells (52.270%) have ≥1 multi-transfection event.
scMPRAforge: WARNING: Multi-transfections exceed threshold of 2.000%!
2026-02-18 20:59:09,238 - distributed.core - INFO - Event loop was unresponsive in Worker for 3.06s.  This is often caused by long-running GIL-holding functions or moving large chunks of data. This can cause timeouts and instability.
2026-02-18 20:59:16,685 - distributed.core - INFO - Event loop was unresponsive in Worker for 7.45s.  This is often caused by long-running GIL-holding functions or moving large chunks of data. This can cause timeouts and instability.
2026-02-18 20:59:40,411 - distributed.core - INFO - Event loop was unresponsive in Worker for 7.51s.  This is often caused by long-running GIL-holding functions or moving large chunks of data. This can cause timeouts and instability.
2026-02-18 20:59:52,658 - distributed.core - INFO - Event loop was unresponsive in Worker for 3.72s.  This is often caused by long-running GIL-holding functions or moving large chunks of data. This can cause timeouts and instability.
2026-02-18 21:00:00,937 - distributed.core - INFO - Event loop was unresponsive in Worker for 7.54s.  This is often caused by long-running GIL-holding functions or moving large chunks of data. This can cause timeouts and instability.
2026-02-18 21:00:13,679 - distributed.core - INFO - Event loop was unresponsive in Worker for 3.77s.  This is often caused by long-running GIL-holding functions or moving large chunks of data. This can cause timeouts and instability.
2026-02-18 21:00:20,301 - distributed.core - INFO - Event loop was unresponsive in Worker for 6.25s.  This is often caused by long-running GIL-holding functions or moving large chunks of data. This can cause timeouts and instability.
2026-02-18 21:00:35,139 - distributed.core - INFO - Event loop was unresponsive in Worker for 3.73s.  This is often caused by long-running GIL-holding functions or moving large chunks of data. This can cause timeouts and instability.
2026-02-18 21:00:41,940 - distributed.core - INFO - Event loop was unresponsive in Worker for 5.37s.  This is often caused by long-running GIL-holding functions or moving large chunks of data. This can cause timeouts and instability.
2026-02-18 21:01:04,822 - distributed.core - INFO - Event loop was unresponsive in Worker for 6.32s.  This is often caused by long-running GIL-holding functions or moving large chunks of data. This can cause timeouts and instability.
2026-02-18 21:27:23,303 - distributed.core - INFO - Connection to tcp://10.18.22.87:44865 has been closed.
2026-02-18 21:27:23,304 - distributed.worker - INFO - Stopping worker at tcp://10.18.22.41:33221. Reason: worker-handle-scheduler-connection-broken
2026-02-18 21:27:23,305 - distributed.nanny - INFO - Closing Nanny gracefully at 'tcp://10.18.22.41:40841'. Reason: worker-handle-scheduler-connection-broken
2026-02-18 21:27:23,305 - distributed.worker - INFO - Removing Worker plugin shuffle
2026-02-18 21:27:23,306 - distributed.nanny - INFO - Worker closed
2026-02-18 21:27:25,307 - distributed.nanny - ERROR - Worker process died unexpectedly
2026-02-18 21:27:26,097 - distributed.nanny - INFO - Closing Nanny at 'tcp://10.18.22.41:40841'. Reason: nanny-close-gracefully
2026-02-18 21:27:26,097 - distributed.nanny - INFO - Nanny at 'tcp://10.18.22.41:40841' closed.
2026-02-18 21:27:26,097 - distributed.dask_worker - INFO - End worker
