2026-02-18 20:19:16,524 - distributed.nanny - INFO -         Start Nanny at: 'tcp://10.18.22.15:38013'
2026-02-18 20:19:17,227 - distributed.worker - INFO -       Start worker at:    tcp://10.18.22.15:43243
2026-02-18 20:19:17,227 - distributed.worker - INFO -          Listening to:    tcp://10.18.22.15:43243
2026-02-18 20:19:17,227 - distributed.worker - INFO -           Worker name:            SLURMCluster-17
2026-02-18 20:19:17,227 - distributed.worker - INFO -          dashboard at:          10.18.22.15:35007
2026-02-18 20:19:17,227 - distributed.worker - INFO - Waiting to connect to:    tcp://10.18.22.87:44865
2026-02-18 20:19:17,227 - distributed.worker - INFO - -------------------------------------------------
2026-02-18 20:19:17,227 - distributed.worker - INFO -               Threads:                          3
2026-02-18 20:19:17,227 - distributed.worker - INFO -                Memory:                  29.80 GiB
2026-02-18 20:19:17,227 - distributed.worker - INFO -       Local Directory: /tmp/tmp.U3O2JoqqDy/dask-scratch-space/worker-fjjosxob
2026-02-18 20:19:17,227 - distributed.worker - INFO - -------------------------------------------------
2026-02-18 20:19:17,236 - distributed.worker - INFO - Starting Worker plugin shuffle
2026-02-18 20:19:17,236 - distributed.worker - INFO -         Registered to:    tcp://10.18.22.87:44865
2026-02-18 20:19:17,236 - distributed.worker - INFO - -------------------------------------------------
2026-02-18 20:19:17,236 - distributed.core - INFO - Starting established connection to tcp://10.18.22.87:44865
scMPRAforge: WARNING: 17862/34799 cells (51.329%) have ≥1 multi-transfection event.
scMPRAforge: WARNING: Multi-transfections exceed threshold of 2.000%!
scMPRAforge: WARNING: 17993/34627 cells (51.962%) have ≥1 multi-transfection event.
scMPRAforge: WARNING: Multi-transfections exceed threshold of 2.000%!
scMPRAforge: WARNING: 18120/34743 cells (52.154%) have ≥1 multi-transfection event.
scMPRAforge: WARNING: Multi-transfections exceed threshold of 2.000%!
scMPRAforge: WARNING: 18061/34783 cells (51.925%) have ≥1 multi-transfection event.
scMPRAforge: WARNING: Multi-transfections exceed threshold of 2.000%!
scMPRAforge: WARNING: 17877/34644 cells (51.602%) have ≥1 multi-transfection event.
scMPRAforge: WARNING: Multi-transfections exceed threshold of 2.000%!
scMPRAforge: WARNING: 17886/34755 cells (51.463%) have ≥1 multi-transfection event.
scMPRAforge: WARNING: Multi-transfections exceed threshold of 2.000%!
scMPRAforge: WARNING: 17964/34800 cells (51.621%) have ≥1 multi-transfection event.
scMPRAforge: WARNING: Multi-transfections exceed threshold of 2.000%!
scMPRAforge: WARNING: 18126/34811 cells (52.070%) have ≥1 multi-transfection event.
scMPRAforge: WARNING: Multi-transfections exceed threshold of 2.000%!
scMPRAforge: WARNING: 18183/34785 cells (52.273%) have ≥1 multi-transfection event.
scMPRAforge: WARNING: Multi-transfections exceed threshold of 2.000%!
scMPRAforge: WARNING: 17845/34537 cells (51.669%) have ≥1 multi-transfection event.
scMPRAforge: WARNING: Multi-transfections exceed threshold of 2.000%!
scMPRAforge: WARNING: 18064/34682 cells (52.085%) have ≥1 multi-transfection event.
scMPRAforge: WARNING: Multi-transfections exceed threshold of 2.000%!
scMPRAforge: WARNING: 17972/34852 cells (51.567%) have ≥1 multi-transfection event.
scMPRAforge: WARNING: Multi-transfections exceed threshold of 2.000%!
scMPRAforge: WARNING: 17787/34728 cells (51.218%) have ≥1 multi-transfection event.
scMPRAforge: WARNING: Multi-transfections exceed threshold of 2.000%!
scMPRAforge: WARNING: 18058/34709 cells (52.027%) have ≥1 multi-transfection event.
scMPRAforge: WARNING: Multi-transfections exceed threshold of 2.000%!
scMPRAforge: WARNING: 18020/34716 cells (51.907%) have ≥1 multi-transfection event.
scMPRAforge: WARNING: Multi-transfections exceed threshold of 2.000%!
scMPRAforge: WARNING: 17794/34736 cells (51.226%) have ≥1 multi-transfection event.
scMPRAforge: WARNING: Multi-transfections exceed threshold of 2.000%!
scMPRAforge: WARNING: 17947/34763 cells (51.627%) have ≥1 multi-transfection event.
scMPRAforge: WARNING: Multi-transfections exceed threshold of 2.000%!
2026-02-18 20:59:16,232 - distributed.core - INFO - Event loop was unresponsive in Worker for 8.37s.  This is often caused by long-running GIL-holding functions or moving large chunks of data. This can cause timeouts and instability.
2026-02-18 20:59:31,585 - distributed.core - INFO - Event loop was unresponsive in Worker for 3.74s.  This is often caused by long-running GIL-holding functions or moving large chunks of data. This can cause timeouts and instability.
2026-02-18 20:59:36,009 - distributed.core - INFO - Event loop was unresponsive in Worker for 3.65s.  This is often caused by long-running GIL-holding functions or moving large chunks of data. This can cause timeouts and instability.
2026-02-18 20:59:53,522 - distributed.core - INFO - Event loop was unresponsive in Worker for 3.64s.  This is often caused by long-running GIL-holding functions or moving large chunks of data. This can cause timeouts and instability.
2026-02-18 20:59:58,289 - distributed.core - INFO - Event loop was unresponsive in Worker for 4.77s.  This is often caused by long-running GIL-holding functions or moving large chunks of data. This can cause timeouts and instability.
2026-02-18 21:00:20,854 - distributed.core - INFO - Event loop was unresponsive in Worker for 3.55s.  This is often caused by long-running GIL-holding functions or moving large chunks of data. This can cause timeouts and instability.
2026-02-18 21:00:40,923 - distributed.core - INFO - Event loop was unresponsive in Worker for 5.53s.  This is often caused by long-running GIL-holding functions or moving large chunks of data. This can cause timeouts and instability.
2026-02-18 21:27:23,303 - distributed.core - INFO - Connection to tcp://10.18.22.87:44865 has been closed.
2026-02-18 21:27:23,313 - distributed.worker - INFO - Stopping worker at tcp://10.18.22.15:43243. Reason: worker-handle-scheduler-connection-broken
2026-02-18 21:27:23,313 - distributed.worker - ERROR - Failed to communicate with scheduler during heartbeat.
Traceback (most recent call last):
  File "/home/mcn26/.conda/envs/env_tzinb/lib/python3.10/site-packages/tornado/iostream.py", line 861, in _read_to_buffer
    bytes_read = self.read_from_fd(buf)
  File "/home/mcn26/.conda/envs/env_tzinb/lib/python3.10/site-packages/tornado/iostream.py", line 1113, in read_from_fd
    return self.socket.recv_into(buf, len(buf))
ConnectionResetError: [Errno 104] Connection reset by peer

The above exception was the direct cause of the following exception:

Traceback (most recent call last):
  File "/home/mcn26/.conda/envs/env_tzinb/lib/python3.10/site-packages/distributed/worker.py", line 1273, in heartbeat
    response = await retry_operation(
  File "/home/mcn26/.conda/envs/env_tzinb/lib/python3.10/site-packages/distributed/utils_comm.py", line 416, in retry_operation
    return await retry(
  File "/home/mcn26/.conda/envs/env_tzinb/lib/python3.10/site-packages/distributed/utils_comm.py", line 395, in retry
    return await coro()
  File "/home/mcn26/.conda/envs/env_tzinb/lib/python3.10/site-packages/distributed/core.py", line 1259, in send_recv_from_rpc
    return await send_recv(comm=comm, op=key, **kwargs)
  File "/home/mcn26/.conda/envs/env_tzinb/lib/python3.10/site-packages/distributed/core.py", line 1018, in send_recv
    response = await comm.read(deserializers=deserializers)
  File "/home/mcn26/.conda/envs/env_tzinb/lib/python3.10/site-packages/distributed/comm/tcp.py", line 237, in read
    convert_stream_closed_error(self, e)
  File "/home/mcn26/.conda/envs/env_tzinb/lib/python3.10/site-packages/distributed/comm/tcp.py", line 143, in convert_stream_closed_error
    raise CommClosedError(f"in {obj}: {exc.__class__.__name__}: {exc}") from exc
distributed.comm.core.CommClosedError: in <TCP (closed) ConnectionPool.heartbeat_worker local=tcp://10.18.22.15:57008 remote=tcp://10.18.22.87:44865>: ConnectionResetError: [Errno 104] Connection reset by peer
2026-02-18 21:27:23,315 - distributed.nanny - INFO - Closing Nanny gracefully at 'tcp://10.18.22.15:38013'. Reason: worker-handle-scheduler-connection-broken
2026-02-18 21:27:23,315 - distributed.worker - INFO - Removing Worker plugin shuffle
2026-02-18 21:27:23,333 - distributed.nanny - INFO - Worker closed
2026-02-18 21:27:26,539 - distributed.nanny - INFO - Closing Nanny at 'tcp://10.18.22.15:38013'. Reason: nanny-close-gracefully
2026-02-18 21:27:26,540 - distributed.nanny - INFO - Nanny at 'tcp://10.18.22.15:38013' closed.
2026-02-18 21:27:26,540 - distributed.dask_worker - INFO - End worker
