2026-02-18 20:19:16,625 - distributed.nanny - INFO -         Start Nanny at: 'tcp://10.18.22.81:34897'
2026-02-18 20:19:17,414 - distributed.worker - INFO -       Start worker at:    tcp://10.18.22.81:37683
2026-02-18 20:19:17,414 - distributed.worker - INFO -          Listening to:    tcp://10.18.22.81:37683
2026-02-18 20:19:17,414 - distributed.worker - INFO -           Worker name:            SLURMCluster-15
2026-02-18 20:19:17,414 - distributed.worker - INFO -          dashboard at:          10.18.22.81:43113
2026-02-18 20:19:17,414 - distributed.worker - INFO - Waiting to connect to:    tcp://10.18.22.87:44865
2026-02-18 20:19:17,414 - distributed.worker - INFO - -------------------------------------------------
2026-02-18 20:19:17,414 - distributed.worker - INFO -               Threads:                          3
2026-02-18 20:19:17,414 - distributed.worker - INFO -                Memory:                  29.80 GiB
2026-02-18 20:19:17,414 - distributed.worker - INFO -       Local Directory: /tmp/tmp.U3O2JoqqDy/dask-scratch-space/worker-ss9zlfk1
2026-02-18 20:19:17,415 - distributed.worker - INFO - -------------------------------------------------
2026-02-18 20:19:17,427 - distributed.worker - INFO - Starting Worker plugin shuffle
2026-02-18 20:19:17,427 - distributed.worker - INFO -         Registered to:    tcp://10.18.22.87:44865
2026-02-18 20:19:17,427 - distributed.worker - INFO - -------------------------------------------------
2026-02-18 20:19:17,427 - distributed.core - INFO - Starting established connection to tcp://10.18.22.87:44865
scMPRAforge: WARNING: 18160/34742 cells (52.271%) have ≥1 multi-transfection event.
scMPRAforge: WARNING: Multi-transfections exceed threshold of 2.000%!
scMPRAforge: WARNING: 17885/34780 cells (51.423%) have ≥1 multi-transfection event.
scMPRAforge: WARNING: Multi-transfections exceed threshold of 2.000%!
scMPRAforge: WARNING: 18068/34689 cells (52.086%) have ≥1 multi-transfection event.
scMPRAforge: WARNING: Multi-transfections exceed threshold of 2.000%!
scMPRAforge: WARNING: 17904/34802 cells (51.445%) have ≥1 multi-transfection event.
scMPRAforge: WARNING: Multi-transfections exceed threshold of 2.000%!
scMPRAforge: WARNING: 18145/34879 cells (52.023%) have ≥1 multi-transfection event.
scMPRAforge: WARNING: Multi-transfections exceed threshold of 2.000%!
scMPRAforge: WARNING: 17787/34780 cells (51.141%) have ≥1 multi-transfection event.
scMPRAforge: WARNING: Multi-transfections exceed threshold of 2.000%!
scMPRAforge: WARNING: 18020/34690 cells (51.946%) have ≥1 multi-transfection event.
scMPRAforge: WARNING: Multi-transfections exceed threshold of 2.000%!
scMPRAforge: WARNING: 18063/34710 cells (52.040%) have ≥1 multi-transfection event.
scMPRAforge: WARNING: Multi-transfections exceed threshold of 2.000%!
scMPRAforge: WARNING: 17964/34677 cells (51.804%) have ≥1 multi-transfection event.
scMPRAforge: WARNING: Multi-transfections exceed threshold of 2.000%!
scMPRAforge: WARNING: 18144/34788 cells (52.156%) have ≥1 multi-transfection event.
scMPRAforge: WARNING: Multi-transfections exceed threshold of 2.000%!
scMPRAforge: WARNING: 17947/34763 cells (51.627%) have ≥1 multi-transfection event.
scMPRAforge: WARNING: Multi-transfections exceed threshold of 2.000%!
scMPRAforge: WARNING: 17950/34779 cells (51.612%) have ≥1 multi-transfection event.
scMPRAforge: WARNING: Multi-transfections exceed threshold of 2.000%!
scMPRAforge: WARNING: 17805/34614 cells (51.439%) have ≥1 multi-transfection event.
scMPRAforge: WARNING: Multi-transfections exceed threshold of 2.000%!
scMPRAforge: WARNING: 18124/34685 cells (52.253%) have ≥1 multi-transfection event.
scMPRAforge: WARNING: Multi-transfections exceed threshold of 2.000%!
scMPRAforge: WARNING: 18092/34738 cells (52.081%) have ≥1 multi-transfection event.
scMPRAforge: WARNING: Multi-transfections exceed threshold of 2.000%!
scMPRAforge: WARNING: 18092/34761 cells (52.047%) have ≥1 multi-transfection event.
scMPRAforge: WARNING: Multi-transfections exceed threshold of 2.000%!
2026-02-18 20:59:15,204 - distributed.core - INFO - Event loop was unresponsive in Worker for 7.39s.  This is often caused by long-running GIL-holding functions or moving large chunks of data. This can cause timeouts and instability.
2026-02-18 20:59:33,739 - distributed.core - INFO - Event loop was unresponsive in Worker for 3.47s.  This is often caused by long-running GIL-holding functions or moving large chunks of data. This can cause timeouts and instability.
2026-02-18 20:59:39,598 - distributed.core - INFO - Event loop was unresponsive in Worker for 5.86s.  This is often caused by long-running GIL-holding functions or moving large chunks of data. This can cause timeouts and instability.
2026-02-18 20:59:59,422 - distributed.core - INFO - Event loop was unresponsive in Worker for 8.83s.  This is often caused by long-running GIL-holding functions or moving large chunks of data. This can cause timeouts and instability.
2026-02-18 21:00:16,476 - distributed.core - INFO - Event loop was unresponsive in Worker for 3.89s.  This is often caused by long-running GIL-holding functions or moving large chunks of data. This can cause timeouts and instability.
2026-02-18 21:00:23,133 - distributed.core - INFO - Event loop was unresponsive in Worker for 5.85s.  This is often caused by long-running GIL-holding functions or moving large chunks of data. This can cause timeouts and instability.
2026-02-18 21:00:38,244 - distributed.core - INFO - Event loop was unresponsive in Worker for 3.79s.  This is often caused by long-running GIL-holding functions or moving large chunks of data. This can cause timeouts and instability.
2026-02-18 21:00:46,460 - distributed.core - INFO - Event loop was unresponsive in Worker for 7.83s.  This is often caused by long-running GIL-holding functions or moving large chunks of data. This can cause timeouts and instability.
2026-02-18 21:27:23,303 - distributed.core - INFO - Connection to tcp://10.18.22.87:44865 has been closed.
2026-02-18 21:27:23,313 - distributed.worker - INFO - Stopping worker at tcp://10.18.22.81:37683. Reason: worker-handle-scheduler-connection-broken
2026-02-18 21:27:23,314 - distributed.nanny - INFO - Closing Nanny gracefully at 'tcp://10.18.22.81:34897'. Reason: worker-handle-scheduler-connection-broken
2026-02-18 21:27:23,314 - distributed.worker - INFO - Removing Worker plugin shuffle
2026-02-18 21:27:23,338 - distributed.nanny - INFO - Worker closed
2026-02-18 21:27:26,281 - distributed.nanny - INFO - Closing Nanny at 'tcp://10.18.22.81:34897'. Reason: nanny-close-gracefully
2026-02-18 21:27:26,281 - distributed.nanny - INFO - Nanny at 'tcp://10.18.22.81:34897' closed.
2026-02-18 21:27:26,282 - distributed.dask_worker - INFO - End worker
