2026-02-18 20:19:16,625 - distributed.nanny - INFO -         Start Nanny at: 'tcp://10.18.22.81:43997'
2026-02-18 20:19:17,414 - distributed.worker - INFO -       Start worker at:    tcp://10.18.22.81:33209
2026-02-18 20:19:17,414 - distributed.worker - INFO -          Listening to:    tcp://10.18.22.81:33209
2026-02-18 20:19:17,414 - distributed.worker - INFO -           Worker name:            SLURMCluster-29
2026-02-18 20:19:17,414 - distributed.worker - INFO -          dashboard at:          10.18.22.81:39301
2026-02-18 20:19:17,414 - distributed.worker - INFO - Waiting to connect to:    tcp://10.18.22.87:44865
2026-02-18 20:19:17,414 - distributed.worker - INFO - -------------------------------------------------
2026-02-18 20:19:17,414 - distributed.worker - INFO -               Threads:                          3
2026-02-18 20:19:17,414 - distributed.worker - INFO -                Memory:                  29.80 GiB
2026-02-18 20:19:17,414 - distributed.worker - INFO -       Local Directory: /tmp/tmp.U3O2JoqqDy/dask-scratch-space/worker-i5ruqcn2
2026-02-18 20:19:17,414 - distributed.worker - INFO - -------------------------------------------------
2026-02-18 20:19:17,427 - distributed.worker - INFO - Starting Worker plugin shuffle
2026-02-18 20:19:17,427 - distributed.worker - INFO -         Registered to:    tcp://10.18.22.87:44865
2026-02-18 20:19:17,427 - distributed.worker - INFO - -------------------------------------------------
2026-02-18 20:19:17,427 - distributed.core - INFO - Starting established connection to tcp://10.18.22.87:44865
scMPRAforge: WARNING: 17933/34756 cells (51.597%) have ≥1 multi-transfection event.
scMPRAforge: WARNING: Multi-transfections exceed threshold of 2.000%!
scMPRAforge: WARNING: 18086/34753 cells (52.042%) have ≥1 multi-transfection event.
scMPRAforge: WARNING: Multi-transfections exceed threshold of 2.000%!
scMPRAforge: WARNING: 17989/34757 cells (51.756%) have ≥1 multi-transfection event.
scMPRAforge: WARNING: Multi-transfections exceed threshold of 2.000%!
scMPRAforge: WARNING: 17836/34570 cells (51.594%) have ≥1 multi-transfection event.
scMPRAforge: WARNING: Multi-transfections exceed threshold of 2.000%!
scMPRAforge: WARNING: 18143/34721 cells (52.254%) have ≥1 multi-transfection event.
scMPRAforge: WARNING: Multi-transfections exceed threshold of 2.000%!
scMPRAforge: WARNING: 18174/34731 cells (52.328%) have ≥1 multi-transfection event.
scMPRAforge: WARNING: Multi-transfections exceed threshold of 2.000%!
scMPRAforge: WARNING: 18193/34659 cells (52.491%) have ≥1 multi-transfection event.
scMPRAforge: WARNING: Multi-transfections exceed threshold of 2.000%!
scMPRAforge: WARNING: 17818/34753 cells (51.270%) have ≥1 multi-transfection event.
scMPRAforge: WARNING: Multi-transfections exceed threshold of 2.000%!
scMPRAforge: WARNING: 18067/34779 cells (51.948%) have ≥1 multi-transfection event.
scMPRAforge: WARNING: Multi-transfections exceed threshold of 2.000%!
scMPRAforge: WARNING: 18181/34683 cells (52.420%) have ≥1 multi-transfection event.
scMPRAforge: WARNING: Multi-transfections exceed threshold of 2.000%!
scMPRAforge: WARNING: 17974/34698 cells (51.801%) have ≥1 multi-transfection event.
scMPRAforge: WARNING: Multi-transfections exceed threshold of 2.000%!
scMPRAforge: WARNING: 18297/34693 cells (52.740%) have ≥1 multi-transfection event.
scMPRAforge: WARNING: Multi-transfections exceed threshold of 2.000%!
scMPRAforge: WARNING: 18159/34783 cells (52.207%) have ≥1 multi-transfection event.
scMPRAforge: WARNING: Multi-transfections exceed threshold of 2.000%!
scMPRAforge: WARNING: 18111/34640 cells (52.283%) have ≥1 multi-transfection event.
scMPRAforge: WARNING: Multi-transfections exceed threshold of 2.000%!
scMPRAforge: WARNING: 17770/34811 cells (51.047%) have ≥1 multi-transfection event.
scMPRAforge: WARNING: Multi-transfections exceed threshold of 2.000%!
scMPRAforge: WARNING: 17871/34640 cells (51.591%) have ≥1 multi-transfection event.
scMPRAforge: WARNING: Multi-transfections exceed threshold of 2.000%!
2026-02-18 20:59:15,242 - distributed.core - INFO - Event loop was unresponsive in Worker for 7.70s.  This is often caused by long-running GIL-holding functions or moving large chunks of data. This can cause timeouts and instability.
2026-02-18 20:59:41,426 - distributed.core - INFO - Event loop was unresponsive in Worker for 8.19s.  This is often caused by long-running GIL-holding functions or moving large chunks of data. This can cause timeouts and instability.
2026-02-18 20:59:57,776 - distributed.core - INFO - Event loop was unresponsive in Worker for 5.50s.  This is often caused by long-running GIL-holding functions or moving large chunks of data. This can cause timeouts and instability.
2026-02-18 21:00:03,832 - distributed.core - INFO - Event loop was unresponsive in Worker for 6.06s.  This is often caused by long-running GIL-holding functions or moving large chunks of data. This can cause timeouts and instability.
2026-02-18 21:00:23,515 - distributed.core - INFO - Event loop was unresponsive in Worker for 8.88s.  This is often caused by long-running GIL-holding functions or moving large chunks of data. This can cause timeouts and instability.
2026-02-18 21:00:42,789 - distributed.core - INFO - Event loop was unresponsive in Worker for 5.12s.  This is often caused by long-running GIL-holding functions or moving large chunks of data. This can cause timeouts and instability.
2026-02-18 21:00:47,914 - distributed.core - INFO - Event loop was unresponsive in Worker for 5.12s.  This is often caused by long-running GIL-holding functions or moving large chunks of data. This can cause timeouts and instability.
2026-02-18 21:27:23,303 - distributed.core - INFO - Connection to tcp://10.18.22.87:44865 has been closed.
2026-02-18 21:27:23,315 - distributed.worker - INFO - Stopping worker at tcp://10.18.22.81:33209. Reason: worker-handle-scheduler-connection-broken
2026-02-18 21:27:23,316 - distributed.nanny - INFO - Closing Nanny gracefully at 'tcp://10.18.22.81:43997'. Reason: worker-handle-scheduler-connection-broken
2026-02-18 21:27:23,317 - distributed.worker - INFO - Removing Worker plugin shuffle
2026-02-18 21:27:23,318 - distributed.nanny - INFO - Worker closed
2026-02-18 21:27:25,319 - distributed.nanny - ERROR - Worker process died unexpectedly
2026-02-18 21:27:26,279 - distributed.nanny - INFO - Closing Nanny at 'tcp://10.18.22.81:43997'. Reason: nanny-close-gracefully
2026-02-18 21:27:26,280 - distributed.nanny - INFO - Nanny at 'tcp://10.18.22.81:43997' closed.
2026-02-18 21:27:26,280 - distributed.dask_worker - INFO - End worker
