2026-02-18 20:19:16,625 - distributed.nanny - INFO -         Start Nanny at: 'tcp://10.18.22.81:33167'
2026-02-18 20:19:17,414 - distributed.worker - INFO -       Start worker at:    tcp://10.18.22.81:38905
2026-02-18 20:19:17,414 - distributed.worker - INFO -          Listening to:    tcp://10.18.22.81:38905
2026-02-18 20:19:17,414 - distributed.worker - INFO -           Worker name:            SLURMCluster-18
2026-02-18 20:19:17,414 - distributed.worker - INFO -          dashboard at:          10.18.22.81:34719
2026-02-18 20:19:17,414 - distributed.worker - INFO - Waiting to connect to:    tcp://10.18.22.87:44865
2026-02-18 20:19:17,414 - distributed.worker - INFO - -------------------------------------------------
2026-02-18 20:19:17,414 - distributed.worker - INFO -               Threads:                          3
2026-02-18 20:19:17,414 - distributed.worker - INFO -                Memory:                  29.80 GiB
2026-02-18 20:19:17,414 - distributed.worker - INFO -       Local Directory: /tmp/tmp.U3O2JoqqDy/dask-scratch-space/worker-wfsw15gd
2026-02-18 20:19:17,414 - distributed.worker - INFO - -------------------------------------------------
2026-02-18 20:19:17,425 - distributed.worker - INFO - Starting Worker plugin shuffle
2026-02-18 20:19:17,425 - distributed.worker - INFO -         Registered to:    tcp://10.18.22.87:44865
2026-02-18 20:19:17,425 - distributed.worker - INFO - -------------------------------------------------
2026-02-18 20:19:17,426 - distributed.core - INFO - Starting established connection to tcp://10.18.22.87:44865
2026-02-18 20:19:47,522 - distributed.core - INFO - Event loop was unresponsive in Worker for 3.53s.  This is often caused by long-running GIL-holding functions or moving large chunks of data. This can cause timeouts and instability.
scMPRAforge: WARNING: 17935/34770 cells (51.582%) have ≥1 multi-transfection event.
scMPRAforge: WARNING: Multi-transfections exceed threshold of 2.000%!
scMPRAforge: WARNING: 18208/34733 cells (52.423%) have ≥1 multi-transfection event.
scMPRAforge: WARNING: Multi-transfections exceed threshold of 2.000%!
scMPRAforge: WARNING: 17811/34719 cells (51.300%) have ≥1 multi-transfection event.
scMPRAforge: WARNING: Multi-transfections exceed threshold of 2.000%!
scMPRAforge: WARNING: 18082/34724 cells (52.073%) have ≥1 multi-transfection event.
scMPRAforge: WARNING: Multi-transfections exceed threshold of 2.000%!
scMPRAforge: WARNING: 18123/34747 cells (52.157%) have ≥1 multi-transfection event.
scMPRAforge: WARNING: Multi-transfections exceed threshold of 2.000%!
scMPRAforge: WARNING: 18111/34743 cells (52.128%) have ≥1 multi-transfection event.
scMPRAforge: WARNING: Multi-transfections exceed threshold of 2.000%!
scMPRAforge: WARNING: 17885/34771 cells (51.437%) have ≥1 multi-transfection event.
scMPRAforge: WARNING: Multi-transfections exceed threshold of 2.000%!
scMPRAforge: WARNING: 18096/34717 cells (52.124%) have ≥1 multi-transfection event.
scMPRAforge: WARNING: Multi-transfections exceed threshold of 2.000%!
scMPRAforge: WARNING: 18031/34758 cells (51.876%) have ≥1 multi-transfection event.
scMPRAforge: WARNING: Multi-transfections exceed threshold of 2.000%!
scMPRAforge: WARNING: 18145/34696 cells (52.297%) have ≥1 multi-transfection event.
scMPRAforge: WARNING: Multi-transfections exceed threshold of 2.000%!
scMPRAforge: WARNING: 17718/34699 cells (51.062%) have ≥1 multi-transfection event.
scMPRAforge: WARNING: Multi-transfections exceed threshold of 2.000%!
scMPRAforge: WARNING: 18088/34690 cells (52.142%) have ≥1 multi-transfection event.
scMPRAforge: WARNING: Multi-transfections exceed threshold of 2.000%!
scMPRAforge: WARNING: 17891/34834 cells (51.361%) have ≥1 multi-transfection event.
scMPRAforge: WARNING: Multi-transfections exceed threshold of 2.000%!
scMPRAforge: WARNING: 18338/34788 cells (52.714%) have ≥1 multi-transfection event.
scMPRAforge: WARNING: Multi-transfections exceed threshold of 2.000%!
scMPRAforge: WARNING: 18238/34738 cells (52.502%) have ≥1 multi-transfection event.
scMPRAforge: WARNING: Multi-transfections exceed threshold of 2.000%!
scMPRAforge: WARNING: 18081/34650 cells (52.182%) have ≥1 multi-transfection event.
scMPRAforge: WARNING: Multi-transfections exceed threshold of 2.000%!
2026-02-18 20:59:15,375 - distributed.core - INFO - Event loop was unresponsive in Worker for 7.64s.  This is often caused by long-running GIL-holding functions or moving large chunks of data. This can cause timeouts and instability.
2026-02-18 20:59:19,655 - distributed.core - INFO - Event loop was unresponsive in Worker for 4.28s.  This is often caused by long-running GIL-holding functions or moving large chunks of data. This can cause timeouts and instability.
2026-02-18 20:59:38,227 - distributed.core - INFO - Event loop was unresponsive in Worker for 6.95s.  This is often caused by long-running GIL-holding functions or moving large chunks of data. This can cause timeouts and instability.
2026-02-18 21:00:05,526 - distributed.core - INFO - Event loop was unresponsive in Worker for 10.74s.  This is often caused by long-running GIL-holding functions or moving large chunks of data. This can cause timeouts and instability.
2026-02-18 21:00:27,239 - distributed.core - INFO - Event loop was unresponsive in Worker for 8.08s.  This is often caused by long-running GIL-holding functions or moving large chunks of data. This can cause timeouts and instability.
2026-02-18 21:00:40,744 - distributed.core - INFO - Event loop was unresponsive in Worker for 3.02s.  This is often caused by long-running GIL-holding functions or moving large chunks of data. This can cause timeouts and instability.
2026-02-18 21:00:50,132 - distributed.core - INFO - Event loop was unresponsive in Worker for 8.35s.  This is often caused by long-running GIL-holding functions or moving large chunks of data. This can cause timeouts and instability.
2026-02-18 21:27:23,304 - distributed.core - INFO - Connection to tcp://10.18.22.87:44865 has been closed.
2026-02-18 21:27:23,314 - distributed.worker - INFO - Stopping worker at tcp://10.18.22.81:38905. Reason: worker-handle-scheduler-connection-broken
2026-02-18 21:27:23,315 - distributed.nanny - INFO - Closing Nanny gracefully at 'tcp://10.18.22.81:33167'. Reason: worker-handle-scheduler-connection-broken
2026-02-18 21:27:23,315 - distributed.worker - INFO - Removing Worker plugin shuffle
2026-02-18 21:27:23,317 - distributed.nanny - INFO - Worker closed
2026-02-18 21:27:26,282 - distributed.nanny - INFO - Closing Nanny at 'tcp://10.18.22.81:33167'. Reason: nanny-close-gracefully
2026-02-18 21:27:26,282 - distributed.nanny - INFO - Nanny at 'tcp://10.18.22.81:33167' closed.
2026-02-18 21:27:26,282 - distributed.dask_worker - INFO - End worker
