2026-02-18 20:19:16,625 - distributed.nanny - INFO -         Start Nanny at: 'tcp://10.18.22.81:39053'
2026-02-18 20:19:17,414 - distributed.worker - INFO -       Start worker at:    tcp://10.18.22.81:36543
2026-02-18 20:19:17,414 - distributed.worker - INFO -          Listening to:    tcp://10.18.22.81:36543
2026-02-18 20:19:17,414 - distributed.worker - INFO -           Worker name:            SLURMCluster-27
2026-02-18 20:19:17,414 - distributed.worker - INFO -          dashboard at:          10.18.22.81:43333
2026-02-18 20:19:17,414 - distributed.worker - INFO - Waiting to connect to:    tcp://10.18.22.87:44865
2026-02-18 20:19:17,414 - distributed.worker - INFO - -------------------------------------------------
2026-02-18 20:19:17,414 - distributed.worker - INFO -               Threads:                          3
2026-02-18 20:19:17,414 - distributed.worker - INFO -                Memory:                  29.80 GiB
2026-02-18 20:19:17,414 - distributed.worker - INFO -       Local Directory: /tmp/tmp.U3O2JoqqDy/dask-scratch-space/worker-2hsn0cui
2026-02-18 20:19:17,414 - distributed.worker - INFO - -------------------------------------------------
2026-02-18 20:19:17,426 - distributed.worker - INFO - Starting Worker plugin shuffle
2026-02-18 20:19:17,426 - distributed.worker - INFO -         Registered to:    tcp://10.18.22.87:44865
2026-02-18 20:19:17,426 - distributed.worker - INFO - -------------------------------------------------
2026-02-18 20:19:17,426 - distributed.core - INFO - Starting established connection to tcp://10.18.22.87:44865
scMPRAforge: WARNING: 17754/34862 cells (50.927%) have ≥1 multi-transfection event.
scMPRAforge: WARNING: Multi-transfections exceed threshold of 2.000%!
scMPRAforge: WARNING: 18000/34757 cells (51.788%) have ≥1 multi-transfection event.
scMPRAforge: WARNING: Multi-transfections exceed threshold of 2.000%!
scMPRAforge: WARNING: 18277/34752 cells (52.593%) have ≥1 multi-transfection event.
scMPRAforge: WARNING: Multi-transfections exceed threshold of 2.000%!
scMPRAforge: WARNING: 17640/34667 cells (50.884%) have ≥1 multi-transfection event.
scMPRAforge: WARNING: Multi-transfections exceed threshold of 2.000%!
scMPRAforge: WARNING: 17876/34876 cells (51.256%) have ≥1 multi-transfection event.
scMPRAforge: WARNING: Multi-transfections exceed threshold of 2.000%!
scMPRAforge: WARNING: 18298/34789 cells (52.597%) have ≥1 multi-transfection event.
scMPRAforge: WARNING: Multi-transfections exceed threshold of 2.000%!
scMPRAforge: WARNING: 17862/34700 cells (51.476%) have ≥1 multi-transfection event.
scMPRAforge: WARNING: Multi-transfections exceed threshold of 2.000%!
scMPRAforge: WARNING: 17876/34848 cells (51.297%) have ≥1 multi-transfection event.
scMPRAforge: WARNING: Multi-transfections exceed threshold of 2.000%!
scMPRAforge: WARNING: 17837/34722 cells (51.371%) have ≥1 multi-transfection event.
scMPRAforge: WARNING: Multi-transfections exceed threshold of 2.000%!
scMPRAforge: WARNING: 18076/34658 cells (52.155%) have ≥1 multi-transfection event.
scMPRAforge: WARNING: Multi-transfections exceed threshold of 2.000%!
scMPRAforge: WARNING: 17912/34737 cells (51.565%) have ≥1 multi-transfection event.
scMPRAforge: WARNING: Multi-transfections exceed threshold of 2.000%!
scMPRAforge: WARNING: 18411/34875 cells (52.791%) have ≥1 multi-transfection event.
scMPRAforge: WARNING: Multi-transfections exceed threshold of 2.000%!
scMPRAforge: WARNING: 18131/34693 cells (52.261%) have ≥1 multi-transfection event.
scMPRAforge: WARNING: Multi-transfections exceed threshold of 2.000%!
scMPRAforge: WARNING: 17749/34636 cells (51.244%) have ≥1 multi-transfection event.
scMPRAforge: WARNING: Multi-transfections exceed threshold of 2.000%!
scMPRAforge: WARNING: 18224/34637 cells (52.614%) have ≥1 multi-transfection event.
scMPRAforge: WARNING: Multi-transfections exceed threshold of 2.000%!
2026-02-18 20:59:18,581 - distributed.core - INFO - Event loop was unresponsive in Worker for 10.46s.  This is often caused by long-running GIL-holding functions or moving large chunks of data. This can cause timeouts and instability.
2026-02-18 20:59:33,373 - distributed.core - INFO - Event loop was unresponsive in Worker for 3.91s.  This is often caused by long-running GIL-holding functions or moving large chunks of data. This can cause timeouts and instability.
2026-02-18 20:59:42,083 - distributed.core - INFO - Event loop was unresponsive in Worker for 5.07s.  This is often caused by long-running GIL-holding functions or moving large chunks of data. This can cause timeouts and instability.
2026-02-18 20:59:59,637 - distributed.core - INFO - Event loop was unresponsive in Worker for 8.63s.  This is often caused by long-running GIL-holding functions or moving large chunks of data. This can cause timeouts and instability.
2026-02-18 21:00:21,227 - distributed.core - INFO - Event loop was unresponsive in Worker for 7.28s.  This is often caused by long-running GIL-holding functions or moving large chunks of data. This can cause timeouts and instability.
2026-02-18 21:00:26,832 - distributed.core - INFO - Event loop was unresponsive in Worker for 5.60s.  This is often caused by long-running GIL-holding functions or moving large chunks of data. This can cause timeouts and instability.
2026-02-18 21:00:39,924 - distributed.core - INFO - Event loop was unresponsive in Worker for 3.98s.  This is often caused by long-running GIL-holding functions or moving large chunks of data. This can cause timeouts and instability.
2026-02-18 21:00:45,041 - distributed.core - INFO - Event loop was unresponsive in Worker for 5.12s.  This is often caused by long-running GIL-holding functions or moving large chunks of data. This can cause timeouts and instability.
2026-02-18 21:27:23,304 - distributed.core - INFO - Connection to tcp://10.18.22.87:44865 has been closed.
2026-02-18 21:27:23,313 - distributed.worker - INFO - Stopping worker at tcp://10.18.22.81:36543. Reason: worker-handle-scheduler-connection-broken
2026-02-18 21:27:23,315 - distributed.nanny - INFO - Closing Nanny gracefully at 'tcp://10.18.22.81:39053'. Reason: worker-handle-scheduler-connection-broken
2026-02-18 21:27:23,315 - distributed.worker - INFO - Removing Worker plugin shuffle
2026-02-18 21:27:23,322 - distributed.nanny - INFO - Worker closed
2026-02-18 21:27:25,323 - distributed.nanny - ERROR - Worker process died unexpectedly
2026-02-18 21:27:26,280 - distributed.nanny - INFO - Closing Nanny at 'tcp://10.18.22.81:39053'. Reason: nanny-close-gracefully
2026-02-18 21:27:26,280 - distributed.nanny - INFO - Nanny at 'tcp://10.18.22.81:39053' closed.
2026-02-18 21:27:26,280 - distributed.dask_worker - INFO - End worker
