STACK DUMP @ 20251030-004509 (pid=3077066)
  thread name='MainThread' ident=22953865860672 native_id=3077066
  thread name='faulthandler-rotator' ident=22950836098816 native_id=3077077
--------------------------------------------------------------------------------
Current thread 0x000014dfa86ed700 (most recent call first):
  File "/nfs/roberts/project/pi_skr2/mcn26/tabula-rasa/notebooks/object_creation/orthos/speedtest.py", line 83 in _worker
  File "/home/mcn26/.conda/envs/env_tensorzinb_redo/lib/python3.10/threading.py", line 953 in run
  File "/home/mcn26/.conda/envs/env_tensorzinb_redo/lib/python3.10/threading.py", line 1016 in _bootstrap_inner
  File "/home/mcn26/.conda/envs/env_tensorzinb_redo/lib/python3.10/threading.py", line 973 in _bootstrap

Thread 0x000014e05d055640 (most recent call first):
  File "/home/mcn26/.conda/envs/env_tensorzinb_redo/lib/python3.10/site-packages/numpy/core/fromnumeric.py", line 88 in _wrapreduction
  File "/home/mcn26/.conda/envs/env_tensorzinb_redo/lib/python3.10/site-packages/numpy/core/fromnumeric.py", line 2810 in max
  File "/home/mcn26/.conda/envs/env_tensorzinb_redo/lib/python3.10/site-packages/statsmodels/base/data.py", line 132 in _handle_constant
  File "/home/mcn26/.conda/envs/env_tensorzinb_redo/lib/python3.10/site-packages/statsmodels/base/data.py", line 88 in __init__
  File "/home/mcn26/.conda/envs/env_tensorzinb_redo/lib/python3.10/site-packages/statsmodels/base/data.py", line 675 in handle_data
  File "/home/mcn26/.conda/envs/env_tensorzinb_redo/lib/python3.10/site-packages/statsmodels/base/model.py", line 135 in _handle_data
  File "/home/mcn26/.conda/envs/env_tensorzinb_redo/lib/python3.10/site-packages/statsmodels/base/model.py", line 95 in __init__
  File "/home/mcn26/.conda/envs/env_tensorzinb_redo/lib/python3.10/site-packages/statsmodels/base/model.py", line 270 in __init__
  File "/home/mcn26/.conda/envs/env_tensorzinb_redo/lib/python3.10/site-packages/statsmodels/discrete/discrete_model.py", line 185 in __init__
  File "/home/mcn26/.conda/envs/env_tensorzinb_redo/lib/python3.10/site-packages/statsmodels/discrete/discrete_model.py", line 935 in __init__
  File "/home/mcn26/.conda/envs/env_tensorzinb_redo/lib/python3.10/site-packages/tensorzinb/tensorzinb.py", line 483 in _poisson_init_each
  File "/home/mcn26/.conda/envs/env_tensorzinb_redo/lib/python3.10/site-packages/tensorzinb/tensorzinb.py", line 550 in _poisson_init
  File "/home/mcn26/.conda/envs/env_tensorzinb_redo/lib/python3.10/site-packages/tensorzinb/tensorzinb.py", line 266 in fit
  File "/home/mcn26/.conda/envs/env_tensorzinb_redo/lib/python3.10/site-packages/tensorzinb/tensorzinb.py", line 595 in _nb_init
  File "/home/mcn26/.conda/envs/env_tensorzinb_redo/lib/python3.10/site-packages/tensorzinb/tensorzinb.py", line 268 in fit
  File "/nfs/roberts/project/pi_skr2/mcn26/tabula-rasa/notebooks/object_creation/orthos/scMPRAforge/core.py", line 1277 in _tensorzinb_fit
  File "/nfs/roberts/project/pi_skr2/mcn26/tabula-rasa/notebooks/object_creation/orthos/scMPRAforge/core.py", line 1266 in tensorzinb_fit
  File "/nfs/roberts/project/pi_skr2/mcn26/tabula-rasa/notebooks/object_creation/orthos/speedtest.py", line 91 in <module>
